BASE 14 37 9
PP -2 oo 257 -3/2
PP -2 oo 255 7/2
PP -2 oo 252 1
PP -2 oo 247 -2
PP -2 oo 232 -1
PP -2 oo 212 -1
PP -2 oo 184 -2
PP -2 oo 175 -2
PP -2 oo 148 -1
PP -2 oo 144 -1
PP -2 oo 75 -2
PP -2 oo 73 -3/2
PP -2 oo 72 1/2
PP -2 oo 71 2
PP -2 oo 67 1
PP -2 oo 66 3/2
PP -2 oo 63 -1
PP -2 oo 61 -1/2
PP -2 oo 60 1/4
PP -2 oo 59 1
PP -2 oo 58 1
PP -2 oo 57 1/4
PP -2 oo 56 -1/2
PP -2 oo 55 1/2
PP -2 oo 54 1
PP -2 oo 53 1
PP -2 oo 52 3/2
PP -2 oo 51 -2
PP -2 oo 50 -9/4
PP -2 oo 49 -1
PP -2 oo 48 5/2
PP -2 oo 47 1/2
PP -2 oo 46 2
PP -2 oo 45 -1/2
PP -2 oo 42 -5/2
PP -2 oo 41 5/2
PP -2 oo 39 -3/4
PP -2 oo 38 1
PP -2 oo 37 1
PP -2 oo 35 -3/2
PP -2 oo 34 -3/2
PP -2 oo 33 -3/2
PP -2 oo 32 1/4
PP -2 oo 31 1/2
PP -2 oo 29 -3/2
PP -2 oo 28 -1
PP -2 oo 27 1/2
PP -2 oo 26 -2
PP -2 oo 24 1/2
PP -2 oo 23 -7/4
PP -2 oo 22 1/4
PP -2 oo 20 -1
PP -2 oo 18 -5/2
PP -2 oo 17 3/2
PP -2 oo 16 -1
PP -2 oo 15 3/4
PP -2 oo 14 -1
PP -2 oo 13 1
PP -2 oo 12 -9/2
PP -2 oo 10 3/2
PP -2 oo 9 1
PP -2 oo 8 -1/4
PP -2 oo 7 1
PP -2 oo 6 1/2
PP -2 oo 5 -1
PP -2 oo 4 -1
PP -2 oo 3 5/2
PP -2 oo 2 -5/4
PP -2 oo 1 -1
VERD -2 oo 257 69 4 0 NONINTEGRAL
PP -1 oo 257 -9/2
PP -1 oo 255 5/2
PP -1 oo 252 1
PP -1 oo 247 -3
PP -1 oo 232 -2
PP -1 oo 212 -2
PP -1 oo 184 -4
PP -1 oo 176 1
PP -1 oo 175 -2
PP -1 oo 148 -3
PP -1 oo 75 -1
PP -1 oo 73 -3/2
PP -1 oo 72 3/2
PP -1 oo 71 4
PP -1 oo 66 9/2
PP -1 oo 64 -1
PP -1 oo 63 -3
PP -1 oo 61 -3/2
PP -1 oo 60 3/4
PP -1 oo 59 3
PP -1 oo 58 2
PP -1 oo 57 3/4
PP -1 oo 56 -3/2
PP -1 oo 55 3/2
PP -1 oo 54 3
PP -1 oo 53 2
PP -1 oo 52 9/2
PP -1 oo 51 -6
PP -1 oo 50 -27/4
PP -1 oo 49 -1
PP -1 oo 48 1/2
PP -1 oo 47 3/2
PP -1 oo 46 4
PP -1 oo 45 -3/2
PP -1 oo 42 -15/2
PP -1 oo 41 5/2
PP -1 oo 40 2
PP -1 oo 39 -9/4
PP -1 oo 37 3
PP -1 oo 35 -9/2
PP -1 oo 34 -5/2
PP -1 oo 33 -1/2
PP -1 oo 32 3/4
PP -1 oo 31 3/2
PP -1 oo 29 -9/2
PP -1 oo 28 1
PP -1 oo 27 3/2
PP -1 oo 26 -3
PP -1 oo 24 3/2
PP -1 oo 23 -21/4
PP -1 oo 22 3/4
PP -1 oo 20 -3
PP -1 oo 18 -15/2
PP -1 oo 17 9/2
PP -1 oo 16 -1
PP -1 oo 15 9/4
PP -1 oo 14 -3
PP -1 oo 13 3
PP -1 oo 12 -9/2
PP -1 oo 10 5/2
PP -1 oo 8 -3/4
PP -1 oo 7 1
PP -1 oo 6 3/2
PP -1 oo 5 -3
PP -1 oo 4 -1
PP -1 oo 3 5/2
PP -1 oo 2 -15/4
VERD -1 oo 257 67 4 1 NONINTEGRAL
PP 8 oo 518 2
PP 8 oo 517 -5/3
PP 8 oo 516 -1/2
PP 8 oo 511 -10/3
PP 8 oo 508 20/3
PP 8 oo 490 4/3
PP 8 oo 480 -14/3
PP 8 oo 471 -7/3
PP 8 oo 455 10/3
PP 8 oo 448 2/3
PP 8 oo 441 -10/3
PP 8 oo 407 -1/3
PP 8 oo 400 14/3
PP 8 oo 380 8/3
PP 8 oo 359 -14/3
PP 8 oo 259 2
PP 8 oo 75 11/3
PP 8 oo 73 5/3
PP 8 oo 72 -5/6
PP 8 oo 71 5/3
PP 8 oo 68 1
PP 8 oo 66 1/2
PP 8 oo 64 -6
PP 8 oo 63 -28/3
PP 8 oo 61 -5/6
PP 8 oo 60 1
PP 8 oo 59 13/6
PP 8 oo 57 1/2
PP 8 oo 56 -4/3
PP 8 oo 55 5/6
PP 8 oo 54 -1/3
PP 8 oo 51 -4/3
PP 8 oo 50 -7/3
PP 8 oo 49 -14/3
PP 8 oo 48 -31/3
PP 8 oo 47 -4/3
PP 8 oo 45 -5/6
PP 8 oo 44 -8
PP 8 oo 42 -8/3
PP 8 oo 41 2/3
PP 8 oo 40 -1
PP 8 oo 39 -3/2
PP 8 oo 38 -4
PP 8 oo 34 -7/3
PP 8 oo 33 -17/3
PP 8 oo 32 -3/2
PP 8 oo 31 1/3
PP 8 oo 30 14/3
PP 8 oo 29 -1/2
PP 8 oo 28 38/3
PP 8 oo 27 -11/3
PP 8 oo 26 -13/3
PP 8 oo 25 -14/3
PP 8 oo 24 5/6
PP 8 oo 23 -3/2
PP 8 oo 22 1
PP 8 oo 20 -8/3
PP 8 oo 19 -1/2
PP 8 oo 18 -3
PP 8 oo 17 3/2
PP 8 oo 16 -4
PP 8 oo 15 -2/3
PP 8 oo 14 -5/3
PP 8 oo 13 -1/3
PP 8 oo 12 1
PP 8 oo 11 8
PP 8 oo 10 11/3
PP 8 oo 9 10/3
PP 8 oo 8 -1/6
PP 8 oo 7 20/3
PP 8 oo 6 -5/3
PP 8 oo 5 -13/6
PP 8 oo 4 -22/3
PP 8 oo 3 -8
PP 8 oo 2 1/6
PP 8 oo 1 -2
VERD 8 oo 518 76 6 1 NONINTEGRAL
PP 9 oo 259 2
PP 9 oo 258 -10
PP 9 oo 257 -61/2
PP 9 oo 256 2
PP 9 oo 252 6
PP 9 oo 247 -14
PP 9 oo 232 -12
PP 9 oo 231 -4
PP 9 oo 212 -10
PP 9 oo 184 -20
PP 9 oo 176 6
PP 9 oo 175 -10
PP 9 oo 148 -20
PP 9 oo 147 2
PP 9 oo 144 2
PP 9 oo 75 -2
PP 9 oo 74 2
PP 9 oo 73 -6
PP 9 oo 72 21/2
PP 9 oo 71 18
PP 9 oo 66 61/2
PP 9 oo 64 -8
PP 9 oo 63 -16
PP 9 oo 61 -21/2
PP 9 oo 60 27/4
PP 9 oo 59 21
PP 9 oo 58 12
PP 9 oo 57 23/4
PP 9 oo 56 -21/2
PP 9 oo 55 21/2
PP 9 oo 54 20
PP 9 oo 53 10
PP 9 oo 52 59/2
PP 9 oo 51 -38
PP 9 oo 50 -183/4
PP 9 oo 49 -6
PP 9 oo 48 -12
PP 9 oo 47 8
PP 9 oo 46 20
PP 9 oo 45 -21/2
PP 9 oo 44 -4
PP 9 oo 43 1
PP 9 oo 42 -101/2
PP 9 oo 41 14
PP 9 oo 40 24
PP 9 oo 39 -65/4
PP 9 oo 38 -12
PP 9 oo 37 20
PP 9 oo 35 -59/2
PP 9 oo 34 -22
PP 9 oo 33 8
PP 9 oo 32 19/4
PP 9 oo 31 21/2
PP 9 oo 29 -59/2
PP 9 oo 28 10
PP 9 oo 27 20
PP 9 oo 26 -26
PP 9 oo 24 21/2
PP 9 oo 23 -141/4
PP 9 oo 22 23/4
PP 9 oo 20 -21
PP 9 oo 18 -103/2
PP 9 oo 17 61/2
PP 9 oo 16 -8
PP 9 oo 15 61/4
PP 9 oo 14 -21
PP 9 oo 13 19
PP 9 oo 12 -14
PP 9 oo 11 -2
PP 9 oo 10 22
PP 9 oo 9 -2
PP 9 oo 8 -11/4
PP 9 oo 6 21/2
PP 9 oo 5 -21
PP 9 oo 4 -8
PP 9 oo 3 24
PP 9 oo 2 -99/4
VERD 9 oo 259 77 4 2 NONINTEGRAL
PP 10 oo 518 2
PP 10 oo 517 18
PP 10 oo 516 -41
PP 10 oo 511 -14
PP 10 oo 508 28
PP 10 oo 490 -16
PP 10 oo 480 -26
PP 10 oo 471 25
PP 10 oo 455 64
PP 10 oo 448 16
PP 10 oo 441 12
PP 10 oo 407 29
PP 10 oo 400 -1
PP 10 oo 380 22
PP 10 oo 308 -26
PP 10 oo 77 26
PP 10 oo 75 15
PP 10 oo 74 2
PP 10 oo 73 31
PP 10 oo 72 -15
PP 10 oo 71 5
PP 10 oo 68 82
PP 10 oo 66 41
PP 10 oo 64 -12
PP 10 oo 63 52
PP 10 oo 61 -14
PP 10 oo 60 -1
PP 10 oo 59 69
PP 10 oo 57 -41
PP 10 oo 56 -55
PP 10 oo 55 14
PP 10 oo 54 27
PP 10 oo 52 1
PP 10 oo 51 -56
PP 10 oo 50 -56
PP 10 oo 49 -24
PP 10 oo 48 9
PP 10 oo 47 -34
PP 10 oo 45 -14
PP 10 oo 44 -39
PP 10 oo 43 1
PP 10 oo 42 -111
PP 10 oo 41 -37
PP 10 oo 40 -140
PP 10 oo 39 -43
PP 10 oo 38 17
PP 10 oo 36 -2
PP 10 oo 35 -1
PP 10 oo 34 104
PP 10 oo 33 -36
PP 10 oo 32 -42
PP 10 oo 31 -27
PP 10 oo 30 26
PP 10 oo 29 -42
PP 10 oo 28 -10
PP 10 oo 27 -88
PP 10 oo 26 123
PP 10 oo 25 1
PP 10 oo 24 14
PP 10 oo 23 -42
PP 10 oo 20 -110
PP 10 oo 19 -41
PP 10 oo 18 -83
PP 10 oo 17 123
PP 10 oo 16 19
PP 10 oo 15 -28
PP 10 oo 14 -28
PP 10 oo 13 28
PP 10 oo 12 95
PP 10 oo 11 39
PP 10 oo 10 -66
PP 10 oo 9 -10
PP 10 oo 8 15
PP 10 oo 6 -29
PP 10 oo 5 -69
PP 10 oo 4 32
PP 10 oo 3 9
PP 10 oo 2 -14
PP 10 oo 1 -51
VERD 10 oo 518 79 1 2 INTEGRAL
PP 11 oo 518 2
PP 11 oo 517 -22/3
PP 11 oo 516 4
PP 11 oo 511 -22/3
PP 11 oo 508 44/3
PP 11 oo 490 10/3
PP 11 oo 480 -32/3
PP 11 oo 471 -22/3
PP 11 oo 455 10/3
PP 11 oo 448 2/3
PP 11 oo 441 -22/3
PP 11 oo 407 -10/3
PP 11 oo 400 32/3
PP 11 oo 380 20/3
PP 11 oo 359 -32/3
PP 11 oo 259 2
PP 11 oo 75 38/3
PP 11 oo 74 2
PP 11 oo 73 -2/3
PP 11 oo 72 8/3
PP 11 oo 71 2/3
PP 11 oo 68 -8
PP 11 oo 66 -4
PP 11 oo 64 -14
PP 11 oo 63 -70/3
PP 11 oo 61 2/3
PP 11 oo 60 2
PP 11 oo 59 -16/3
PP 11 oo 57 6
PP 11 oo 56 14/3
PP 11 oo 55 -2/3
PP 11 oo 54 -10/3
PP 11 oo 51 14/3
PP 11 oo 50 8/3
PP 11 oo 49 -20/3
PP 11 oo 48 -28
PP 11 oo 47 -8/3
PP 11 oo 45 2/3
PP 11 oo 44 -18
PP 11 oo 42 28/3
PP 11 oo 41 -2/3
PP 11 oo 40 22/3
PP 11 oo 39 2
PP 11 oo 38 -12
PP 11 oo 37 2
PP 11 oo 36 -2
PP 11 oo 34 -6
PP 11 oo 33 -8
PP 11 oo 32 4
PP 11 oo 31 10/3
PP 11 oo 30 32/3
PP 11 oo 29 4
PP 11 oo 28 92/3
PP 11 oo 27 -20/3
PP 11 oo 26 -62/3
PP 11 oo 25 -32/3
PP 11 oo 24 -2/3
PP 11 oo 23 2
PP 11 oo 22 2
PP 11 oo 20 28/3
PP 11 oo 19 4
PP 11 oo 18 6
PP 11 oo 17 -12
PP 11 oo 16 -10
PP 11 oo 15 10/3
PP 11 oo 14 4/3
PP 11 oo 13 -10/3
PP 11 oo 12 22/3
PP 11 oo 11 18
PP 11 oo 10 22/3
PP 11 oo 9 28/3
PP 11 oo 8 -2/3
PP 11 oo 7 32/3
PP 11 oo 6 4/3
PP 11 oo 5 16/3
PP 11 oo 4 -52/3
PP 11 oo 3 -74/3
PP 11 oo 2 2/3
VERD 11 oo 518 78 3 1 NONINTEGRAL
PP 12 oo 257 -30
PP 12 oo 256 2
PP 12 oo 255 8
PP 12 oo 252 6
PP 12 oo 247 -14
PP 12 oo 232 -13
PP 12 oo 231 -4
PP 12 oo 212 -10
PP 12 oo 184 -20
PP 12 oo 176 6
PP 12 oo 175 -10
PP 12 oo 148 -20
PP 12 oo 147 2
PP 12 oo 144 2
PP 12 oo 75 1
PP 12 oo 74 2
PP 12 oo 73 -6
PP 12 oo 72 12
PP 12 oo 71 18
PP 12 oo 66 30
PP 12 oo 64 -8
PP 12 oo 63 -16
PP 12 oo 61 -10
PP 12 oo 60 6
PP 12 oo 59 20
PP 12 oo 58 13
PP 12 oo 57 6
PP 12 oo 56 -10
PP 12 oo 55 10
PP 12 oo 54 20
PP 12 oo 53 10
PP 12 oo 52 30
PP 12 oo 51 -40
PP 12 oo 50 -46
PP 12 oo 49 -4
PP 12 oo 48 -7
PP 12 oo 47 8
PP 12 oo 46 20
PP 12 oo 45 -10
PP 12 oo 44 -4
PP 12 oo 42 -50
PP 12 oo 41 1
PP 12 oo 40 6
PP 12 oo 39 -16
PP 12 oo 38 -4
PP 12 oo 37 22
PP 12 oo 36 1
PP 12 oo 35 -30
PP 12 oo 34 -12
PP 12 oo 32 6
PP 12 oo 31 10
PP 12 oo 29 -30
PP 12 oo 28 12
PP 12 oo 26 -15
PP 12 oo 24 10
PP 12 oo 23 -36
PP 12 oo 22 6
PP 12 oo 20 -20
PP 12 oo 18 -50
PP 12 oo 17 30
PP 12 oo 16 -8
PP 12 oo 15 16
PP 12 oo 14 -20
PP 12 oo 13 20
PP 12 oo 12 -9
PP 12 oo 11 -2
PP 12 oo 10 13
PP 12 oo 9 -3
PP 12 oo 8 -4
PP 12 oo 7 -2
PP 12 oo 6 10
PP 12 oo 5 -20
PP 12 oo 4 -7
PP 12 oo 3 1
PP 12 oo 2 -26
PP 12 oo 1 1
VERD 12 oo 257 76 1 1 INTEGRAL
PP 13 oo 259 2
PP 13 oo 258 -5
PP 13 oo 257 -49/2
PP 13 oo 256 4
PP 13 oo 252 4
PP 13 oo 247 -6
PP 13 oo 232 -9
PP 13 oo 231 -6
PP 13 oo 212 -6
PP 13 oo 184 -10
PP 13 oo 176 6
PP 13 oo 175 -6
PP 13 oo 148 -14
PP 13 oo 144 2
PP 13 oo 75 1
PP 13 oo 73 -3
PP 13 oo 72 17/2
PP 13 oo 71 10
PP 13 oo 66 49/2
PP 13 oo 64 -6
PP 13 oo 63 -6
PP 13 oo 61 -17/2
PP 13 oo 60 19/4
PP 13 oo 59 17
PP 13 oo 58 9
PP 13 oo 57 15/4
PP 13 oo 56 -17/2
PP 13 oo 55 17/2
PP 13 oo 54 16
PP 13 oo 53 6
PP 13 oo 52 47/2
PP 13 oo 51 -32
PP 13 oo 50 -143/4
PP 13 oo 49 -2
PP 13 oo 48 -9
PP 13 oo 47 5
PP 13 oo 46 10
PP 13 oo 45 -17/2
PP 13 oo 44 -4
PP 13 oo 43 -1
PP 13 oo 42 -81/2
PP 13 oo 41 -1
PP 13 oo 40 8
PP 13 oo 39 -49/4
PP 13 oo 38 -9
PP 13 oo 37 16
PP 13 oo 36 1
PP 13 oo 35 -47/2
PP 13 oo 34 -12
PP 13 oo 33 6
PP 13 oo 32 11/4
PP 13 oo 31 17/2
PP 13 oo 29 -47/2
PP 13 oo 28 10
PP 13 oo 27 3
PP 13 oo 26 -14
PP 13 oo 24 17/2
PP 13 oo 23 -109/4
PP 13 oo 22 15/4
PP 13 oo 20 -17
PP 13 oo 18 -79/2
PP 13 oo 17 49/2
PP 13 oo 16 -4
PP 13 oo 15 45/4
PP 13 oo 14 -17
PP 13 oo 13 15
PP 13 oo 12 2
PP 13 oo 11 -2
PP 13 oo 10 11
PP 13 oo 9 -3
PP 13 oo 8 -19/4
PP 13 oo 7 -6
PP 13 oo 6 17/2
PP 13 oo 5 -17
PP 13 oo 4 -5
PP 13 oo 3 4
PP 13 oo 2 -83/4
PP 13 oo 1 1
VERD 13 oo 259 78 4 2 NONINTEGRAL
PP 14 oo 518 2
PP 14 oo 517 23/3
PP 14 oo 516 -23
PP 14 oo 511 -8
PP 14 oo 508 16
PP 14 oo 490 -8
PP 14 oo 480 -14
PP 14 oo 471 13
PP 14 oo 455 34
PP 14 oo 448 10
PP 14 oo 441 6
PP 14 oo 407 15
PP 14 oo 380 12
PP 14 oo 308 -14
PP 14 oo 77 14
PP 14 oo 75 9
PP 14 oo 73 49/3
PP 14 oo 72 -7
PP 14 oo 71 3
PP 14 oo 68 46
PP 14 oo 66 23
PP 14 oo 64 -6
PP 14 oo 63 26
PP 14 oo 61 -8
PP 14 oo 59 39
PP 14 oo 57 -22
PP 14 oo 56 -31
PP 14 oo 55 8
PP 14 oo 54 15
PP 14 oo 52 1
PP 14 oo 51 -34
PP 14 oo 50 -33
PP 14 oo 49 -12
PP 14 oo 48 5/3
PP 14 oo 47 -62/3
PP 14 oo 45 -8
PP 14 oo 44 -22
PP 14 oo 43 -1
PP 14 oo 42 -63
PP 14 oo 41 -62/3
PP 14 oo 40 -223/3
PP 14 oo 39 -24
PP 14 oo 38 8
PP 14 oo 37 2
PP 14 oo 35 -1
PP 14 oo 34 167/3
PP 14 oo 33 -59/3
PP 14 oo 32 -23
PP 14 oo 31 -15
PP 14 oo 30 14
PP 14 oo 29 -24
PP 14 oo 28 -4
PP 14 oo 27 -49
PP 14 oo 26 187/3
PP 14 oo 24 8
PP 14 oo 23 -25
PP 14 oo 22 1
PP 14 oo 20 -62
PP 14 oo 19 -23
PP 14 oo 18 -47
PP 14 oo 17 69
PP 14 oo 16 10
PP 14 oo 15 -15
PP 14 oo 14 -16
PP 14 oo 13 16
PP 14 oo 12 161/3
PP 14 oo 11 22
PP 14 oo 10 -107/3
PP 14 oo 9 -6
PP 14 oo 8 6
PP 14 oo 6 -17
PP 14 oo 5 -39
PP 14 oo 4 16
PP 14 oo 3 -4/3
PP 14 oo 2 -9
PP 14 oo 1 -28
VERD 14 oo 518 76 3 2 NONINTEGRAL
BASEVERD 14 37 oo:NONINTEGRAL all:NONINTEGRAL
DONE
