X_0^6(35), M = 420, |L^v/L| = 88200
M0MultiplierExact: 68 words selected of 1152 total, 24 classes
  wi=1 W=1 depth=33
  fallback wi=1 point0: default Im(z)=1.31000 -> using preimage
  fallback wi=1 point1: default Im(z)=1.73000 -> using preimage
  wi=2 W=420 depth=1
  fallback wi=2 point0: default Im(z)=0.722878 -> using preimage
  fallback wi=2 point1: default Im(z)=0.521430 -> using preimage
  wi=212 W=420 depth=1
  wi=421 W=420 depth=1
  fallback wi=421 point0: default Im(z)=7.45069E-6 -> using preimage
  fallback wi=421 point1: default Im(z)=9.88082E-6 -> using preimage
  wi=422 W=210 depth=211
  wi=474 W=210 depth=211
  wi=526 W=210 depth=211
  wi=527 W=140 depth=1
  wi=597 W=140 depth=1
  wi=666 W=140 depth=1
  wi=667 W=105 depth=106
  wi=719 W=105 depth=106
  wi=771 W=105 depth=106
  wi=772 W=84 depth=1
  wi=814 W=84 depth=1
  wi=855 W=84 depth=1
  wi=856 W=70 depth=141
  wi=873 W=70 depth=141
  wi=890 W=70 depth=141
  wi=891 W=60 depth=481
  word 20/68 (wi=891), 6 fallbacks so far
  wi=921 W=60 depth=481
  wi=950 W=60 depth=481
  wi=951 W=42 depth=43
  wi=961 W=42 depth=43
  wi=971 W=42 depth=43
  wi=972 W=35 depth=596
  wi=989 W=35 depth=596
  wi=1006 W=35 depth=596
  wi=1007 W=30 depth=241
  wi=1014 W=30 depth=241
  wi=1021 W=30 depth=241
  wi=1022 W=28 depth=1
  wi=1036 W=28 depth=1
  wi=1049 W=28 depth=1
  wi=1050 W=21 depth=22
  wi=1060 W=21 depth=22
  wi=1070 W=21 depth=22
  wi=1071 W=20 depth=161
  wi=1081 W=20 depth=161
  wi=1090 W=20 depth=161
  word 40/68 (wi=1090), 6 fallbacks so far
  wi=1091 W=15 depth=121
  wi=1098 W=15 depth=121
  wi=1105 W=15 depth=121
  wi=1106 W=14 depth=29
  wi=1109 W=14 depth=29
  wi=1112 W=14 depth=29
  wi=1113 W=12 depth=385
  wi=1119 W=12 depth=385
  wi=1124 W=12 depth=385
  wi=1125 W=10 depth=81
  wi=1127 W=10 depth=81
  wi=1129 W=10 depth=81
  wi=1130 W=7 depth=120
  wi=1133 W=7 depth=120
  wi=1136 W=7 depth=120
  wi=1137 W=6 depth=193
  wi=1138 W=6 depth=193
  wi=1139 W=6 depth=193
  wi=1140 W=5 depth=86
  wi=1142 W=5 depth=86
  word 60/68 (wi=1142), 6 fallbacks so far
  wi=1144 W=5 depth=86
  wi=1145 W=4 depth=129
  wi=1147 W=4 depth=129
  wi=1148 W=4 depth=129
  wi=1149 W=3 depth=97
  wi=1150 W=3 depth=97
  wi=1151 W=3 depth=97
  wi=1152 W=2 depth=65
M0MultiplierExact: a0 table done, 6 fallback points of 136

	(1/2) c_eta(0) at the 8 cosets supported at { 5 }: 0
	(1/2) c_eta(0) at the 96 cosets supported at { 5, 7 }: 0
	(1/2) c_eta(0) at the 12 cosets supported at { 7 }: 0
	(1/2) c_eta(0) at the 8 cosets supported at { 5 }: 0
	(1/2) c_eta(0) at the 96 cosets supported at { 5, 7 }: 0
	(1/2) c_eta(0) at the 12 cosets supported at { 7 }: 0
	(1/2) c_eta(0) at the 8 cosets supported at { 5 }: 0
	(1/2) c_eta(0) at the 96 cosets supported at { 5, 7 }: 0
	(1/2) c_eta(0) at the 12 cosets supported at { 7 }: 0
	(1/2) c_eta(0) at the 8 cosets supported at { 5 }: 0
	(1/2) c_eta(0) at the 96 cosets supported at { 5, 7 }: 0
	(1/2) c_eta(0) at the 12 cosets supported at { 7 }: 0
2687.940 s
form 1: [ <5, 0>, <7, 0> ]
form 2: [ <5, 0>, <7, 0> ]
form 3: [ <5, 0>, <7, 0> ]
form 4: [ <5, 0>, <7, 0> ]
