id     D_N        g  #W  Qmax   DN     bound primes                   terms
94     1_30       3  1   1      30     53    [ 7, 11, 13, 17, 19, 23, 29, 31, 
37, 41, 43, 47, 53 ] 4342
136    1_38       4  1   1      38     53    [ 3, 5, 7, 11, 13, 17, 23, 29, 31, 
37, 41, 43, 47, 53 ] 25820
153    1_42       5  1   1      42     37    [ 5, 11, 13, 17, 19, 23, 29, 31, 37
] 49151
154    1_42       3  2   2      42     53    [ 5, 11, 13, 17, 19, 23, 29, 31, 
37, 41, 43, 47, 53 ] 7388
232    1_58       6  1   1      58     29    [ 3, 5, 7, 11, 13, 17, 19, 23 ] 
55924
239    1_60       7  1   1      60     23    [ 7, 11, 13, 17, 19, 23 ] 243497
242    1_60       4  2   12     60     53    [ 7, 11, 13, 17, 19, 23, 29, 31, 
37, 41, 43, 47, 53 ] 34116
276    1_66       5  2   22     66     37    [ 5, 7, 13, 17, 19, 23, 29, 31, 37 
] 58970
346    1_78       6  2   2      78     29    [ 5, 7, 11, 17, 19, 23, 29 ] 171144
354    1_78       3  4   78     78     53    [ 5, 7, 11, 17, 19, 23, 29, 31, 37,
41, 43, 47, 53 ] 7683
467    1_102      7  2   2      102    23    [ 5, 7, 11, 13, 19, 23 ] 347469
582    1_120      5  4   40     120    37    [ 7, 11, 13, 17, 19, 23, 29, 31, 37
] 96570
785    1_165      4  4   55     165    53    [ 2, 7, 13, 17, 19, 23, 29, 31, 37,
41, 43, 47, 53 ] 49424
976    1_210      3  8   105    210    53    [ 11, 13, 17, 19, 23, 29, 31, 37, 
41, 43, 47, 53 ] 13544
977    1_210      5  8   30     210    37    [ 11, 13, 17, 19, 23, 29, 31, 37 ] 
191102
979    1_210      4  8   210    210    53    [ 11, 13, 17, 19, 23, 29, 31, 37, 
41, 43, 47, 53 ] 79383
1071   1_240      6  4   80     240    24    [ 7, 11, 13, 17, 19, 23 ] 84227
1217   1_330      7  8   165    330    13    [ 7, 13 ]                52462
1219   1_330      6  8   330    330    19    [ 7, 13, 17, 19 ]        87469
1330   1_420      3  16  420    420    53    [ 11, 13, 17, 19, 23, 29, 31, 37, 
41, 43, 47, 53 ] 20316
1370   1_504      7  8   504    504    11    [ 5, 11 ]                23346
1371   1_506      6  8   506    506    17    [ 3, 5, 7, 13, 17 ]      40840
1387   1_510      3  16  510    510    53    [ 7, 11, 13, 19, 23, 29, 31, 37, 
41, 43, 47, 53 ] 20350
1416   1_595      5  8   595    595    31    [ 2, 3, 11, 13, 19, 23, 29, 31 ] 
74445
1434   1_630      5  16  630    630    30    [ 11, 13, 17, 19, 23, 29 ] 98423
1435   1_660      7  16  660    660    11    [ 7 ]                    8088
1436   1_690      6  16  690    690    17    [ 7, 11, 13, 17 ]        82736
2107   6_85       7  2   2      510    23    [ 7, 11, 13, 19, 23 ]    346515
2108   6_85       5  2   34     510    37    [ 7, 11, 13, 19, 23, 29, 31, 37 ] 
54961
2122   6_85       4  4   10     510    53    [ 7, 11, 13, 19, 23, 29, 31, 37, 
41, 43, 47, 53 ] 63977
2123   6_85       3  4   170    510    53    [ 7, 11, 13, 19, 23, 29, 31, 37, 
41, 43, 47, 53 ] 7952
2131   6_85       5  4   170    510    37    [ 7, 11, 13, 19, 23, 29, 31, 37 ] 
76728
2169   6_85       3  8   255    510    53    [ 7, 11, 13, 19, 23, 29, 31, 37, 
41, 43, 47, 53 ] 10353
2174   6_89       4  2   178    534    53    [ 5, 7, 11, 13, 17, 19, 23, 29, 31,
37, 41, 43, 47, 53 ] 28512
2176   6_89       3  2   534    534    53    [ 5, 7, 11, 13, 17, 19, 23, 29, 31,
37, 41, 43, 47, 53 ] 4554
2273   6_95       6  4   30     570    28    [ 7, 11, 13, 17, 23 ]    85397
2325   6_97       6  2   291    582    19    [ 5, 7, 11, 13, 17, 19 ] 33384
2420   6_115      7  4   138    690    14    [ 7, 11, 13 ]            45077
2586   6_133      4  8   399    798    53    [ 5, 11, 13, 17, 23, 29, 31, 37, 
41, 43, 47, 53 ] 60316
3853   6_505      3  16  3030   3030   53    [ 7, 11, 13, 17, 19, 23, 29, 31, 
37, 41, 43, 47, 53 ] 18608
3854   6_511      4  16  3066   3066   48    [ 5, 11, 13, 17, 19, 23, 29, 31, 
37, 41, 43, 47 ] 86243
3870   6_595      7  16  714    3570   11    [ 11 ]                   40704
3871   6_595      6  16  3570   3570   12    [ 11 ]                   9789
3881   6_595      5  16  3570   3570   21    [ 11, 13, 19 ]           20058
3980   6_1045     5  32  6270   6270   19    [ 7, 13, 17 ]            24075
3984   6_1265     6  32  7590   7590   11    [ 7 ]                    4204
5362   10_357     3  32  3570   3570   53    [ 11, 13, 19, 23, 29, 31, 37, 41, 
43, 47, 53 ] 27794
6260   14_195     3  32  2730   2730   53    [ 11, 17, 19, 23, 29, 31, 37, 41, 
43, 47, 53 ] 28891
7060   15_182     4  32  2730   2730   50    [ 11, 17, 19, 23, 29, 31, 37, 41, 
43, 47 ] 140063
7296   21_20      7  4   20     420    18    [ 11, 13, 17 ]           115409
9325   35_66      5  32  2310   2310   23    [ 13, 17, 19, 23 ]       82629
9755   39_38      4  16  1482   1482   53    [ 5, 7, 11, 17, 23, 29, 31, 37, 41,
43, 47, 53 ] 107677
10192  55_42      6  32  2310   2310   13    [ 13 ]                   30709
10667  65_42      7  32  2730   2730   9     []                       0
12521  210_17     6  8   1190   3570   15    [ 11, 13 ]               16079
12522  210_17     7  8   595    3570   11    [ 11 ]                   19225
12548  210_17     5  8   1785   3570   24    [ 11, 13, 19, 23 ]       19693
12563  210_17     4  8   3570   3570   46    [ 11, 13, 19, 23, 29, 31, 37, 41, 
43 ] 35860
12610  210_17     3  8   3570   3570   53    [ 11, 13, 19, 23, 29, 31, 37, 41, 
43, 47, 53 ] 7756
13029  210_73     4  32  15330  15330  32    [ 11, 13, 17, 19, 23, 29, 31 ] 
39240
16896  1365_4     7  32  5460   5460   8     []                       0
18378  30030_1    3  64  30030  30030  53    [ 17, 19, 23, 29, 31, 37, 41, 43, 
47, 53 ] 36951
18379  39270_1    5  64  39270  39270  13    [ 13 ]                   10582
63 curves, total term count 3768204
