Magma V2.29-7     Thu Aug 20 2026 23:25:58 on LR43Q9LVQJ [Seed = 3594247981]
Type ? for help.  Type <Ctrl>-D to quit.

Loading file "p53fit2.m"

===== X0^15(2)  (kappa*m = -r) =====
  r=2    b_true=4     locs=[ <2, 1/2>, <3, 0>, <5, 2> ]
        V1=0            V2=0            V3=0            V4=0           
        ratios: [ 0, 0, 0, 0 ]
  r=10   b_true=-4    locs=[ <2, 1/2>, <3, 2>, <5, 6/5> ]
        V1=5/4          V2=4/5          V3=6/5          V4=3/5         
        ratios: [ -16/5, -5, -10/3, -20/3 ]
  r=30   b_true=0     locs=[ <2, 1/2>, <3, 4/3>, <5, 6/5> ]
        V1=5/4          V2=4/5          V3=4/5          V4=4/5         
        ratios: [ 0, 0, 0, 0 ]

===== X0^6(5)  (kappa*m = -r) =====
  r=10   b_true=-6    locs=[ <2, 3/2>, <3, 2>, <5, 4/5> ]
        V1=5/2          V2=8/5          V3=12/5         V4=6/5         
        ratios: [ -12/5, -15/4, -5/2, -5 ]
  r=15   b_true=-2    locs=[ <2, -1/2>, <3, 4/3>, <5, 4/5> ]
        V1=-5/12        V2=-4/15        V3=-8/15        V4=-8/15       
        ratios: [ 24/5, 15/2, 15/4, 15/4 ]
  r=30   b_true=-6    locs=[ <2, 3/2>, <3, 4/3>, <5, 4/5> ]
        V1=5/2          V2=8/5          V3=8/5          V4=8/5         
        ratios: [ -12/5, -15/4, -15/4, -15/4 ]

===== X0^10(3)  (kappa*m = -r) =====
  r=3    b_true=-2    locs=[ <2, 5/6>, <3, 2/3>, <5, 2> ]
        V1=25/48        V2=1/3          V3=10/9         V4=5/27        
        ratios: [ -96/25, -6, -9/5, -54/5 ]
  r=12   b_true=-2    locs=[ <2, 1/4>, <3, 2/3>, <5, 2> ]
        V1=5/16         V2=1/5          V3=1/3          V4=1/9         
        ratios: [ -32/5, -10, -6, -18 ]
  r=30   b_true=-6    locs=[ <2, 3/2>, <3, 2/3>, <5, 6/5> ]
        V1=15/8         V2=6/5          V3=6/5          V4=6/5         
        ratios: [ -16/5, -5, -5, -5 ]

Total time: 0.170 seconds, Total memory usage: 32.09MB
