Magma V2.29-7     Thu Aug 20 2026 23:24:34 on LR43Q9LVQJ [Seed = 3209868821]
Type ? for help.  Type <Ctrl>-D to quit.

Loading file "p53fit.m"

===== X0^15(2) =====
r     b_true  A: code       B: 5.3 at p|D C: B, no zeta D: bp only   
2     4       5/8           5/8           8/15          8/5          
      ratios: [ 32/5, 32/5, 15/2, 5/2 ]
10    -4      0             0             0             0            
      ratios: [ P=0, P=0, P=0, P=0 ]
30    0       5/4           5/4           16/15         8/5          
      ratios: [ 0, 0, 0, 0 ]

===== X0^6(5) =====
r     b_true  A: code       B: 5.3 at p|D C: B, no zeta D: bp only   
10    -6      0             0             0             0            
      ratios: [ P=0, P=0, P=0, P=0 ]
15    -2      5/4           5/4           5/6           2            
      ratios: [ -8/5, -8/5, -12/5, -1 ]
30    -6      5/2           5/2           5/3           2            
      ratios: [ -12/5, -12/5, -18/5, -3 ]

===== X0^10(3) =====
r     b_true  A: code       B: 5.3 at p|D C: B, no zeta D: bp only   
3     -2      15/16         15/16         27/40         3/5          
      ratios: [ -32/15, -32/15, -80/27, -10/3 ]
12    -2      15/16         5/8           9/20          2/5          
      ratios: [ -32/15, -16/5, -40/9, -5 ]
30    -6      15/8          15/8          27/20         9/5          
      ratios: [ -16/5, -16/5, -40/9, -10/3 ]

Total time: 0.210 seconds, Total memory usage: 32.09MB
