Magma V2.29-4     Sun Jun 14 2026 11:04:13 on MacBook-Pro-222 [Seed = 660836331]

+-------------------------------------------------------------------+
|       This copy of Magma has been made available through a        |
|                   generous initiative of the                      |
|                                                                   |
|                         Simons Foundation                         |
|                                                                   |
| covering U.S. Colleges, Universities, Nonprofit Research entities,|
|               and their students, faculty, and staff              |
+-------------------------------------------------------------------+

Type ? for help.  Type <Ctrl>-D to quit.

Loading startup file "/Users/sachihashimoto/.magmarc"

Loading file "ratpts_table10.m"
Table 10 driver: 228 (D,N) groups, sorted by D*N ascending.
Loaded 18379 candidate curves. Running single group #15.

==== D=6 N=29 (D*N=174) ====
  computed 1 cover equations (targets-restricted) in 173.550 s
  [D=6 N=29 W=<{ 3, 29 }>] model y^2 = -1/4*x^5 - 467/2304*x^4 + 83/1152*x^3 + 85/2304*x^2 - 1/96*x
  [D=6 N=29 W=<{ 3, 29 }>] Jac splits (dims [ 1, 1 ]) => BIELLIPTIC
  ---- group (D=6,N=29) done in 252.350 s ----

DONE.

Total time: 252.890 seconds, Total memory usage: 1202.31MB
