FIBRECORR d -240 form -2 adds 4 log 2
FIBRECORR d -240 form -1 adds 8 log 2
FIBRECORR d -240 form 9 adds 4 log 2
FIBRECORR d -240 form 10 adds 4 log 2
FIBRECORR d -240 form 11 adds 8 log 2
FIBRECORR d -240 form 12 adds 8 log 2
FIBRECORR d -240 form 13 adds 8 log 2
FIBRECORR d -240 form 15 adds 4 log 2
FIBRECORR d -48 form -1 adds 4 log 2
FIBRECORR d -48 form 9 adds -8 log 2
FIBRECORR d -48 form 10 adds -8 log 2
FIBRECORR d -48 form 12 adds -8 log 2
FIBRECORR d -48 form 13 adds 4 log 2
FIBRECORR d -48 form 14 adds -8 log 2
KEYS [ 11, 12, 13, 14, 15, 9, -1, 10, -2 ]  sIndex 7 sTildeIndex 9
DISCS [ -12, -15, -40, -60, -120, -7, -52, -28, -240, -48, -88, -132 ]
RAW row 1: [
Logoo,
4Log2-Log3+2Log5,
Log0,
4Log2-4Log3+3Log5,
Log0,
4Log2-2Log3+Log5+Log7,
8Log2-2Log3+Log5,
4Log2+Log5,
8Log2-4Log3+3Log5+2Log7,
4Log2+Log5,
11Log2-2Log3+Log5,
8Log2-Log3+Log5
]
RAW row 2: [
Logoo,
Log0,
Log0,
Log0,
Log0,
2Log2-3Log3+2Log5+Log7,
2Log2-3Log3+2Log5+Log13,
2Log2-Log3+2Log5+Log7,
8Log2-5Log3+5Log5+2Log7,
-4Log2+2Log5,
5Log2-3Log3+2Log5+2Log7+Log11,
2Log2+2Log5+Log11
]
RAW row 3: [
Logoo,
4Log2-Log3+2Log5,
Log0,
4Log2-2Log3+Log5,
7Log2-Log3+Log5,
4Log2-Log3+Log5,
6Log2-Log3+Log5,
4Log2+Log3+Log5,
8Log2-2Log3+3Log5,
6Log2-Log3+Log5,
8Log2-Log3+Log5,
6Log2-Log3+Log5
]
RAW row 4: [
Logoo,
Log0,
-6Log2-Log3+2Log5,
Log0,
-6Log2+3Log5,
-2Log2-Log3+Log5,
-6Log2-Log3+Log5+Log13,
-2Log2-Log3+Log5+Log7,
-Log3+2Log5,
-8Log2+Log5,
-6Log2-Log3+Log5+2Log7+Log11,
-6Log2+Log3+Log5+Log11
]
RAW row 5: [
Logoo,
2Log2,
5Log2-Log3,
2Log2-2Log3+2Log5,
Log0,
2Log2-Log3+Log7,
4Log2-Log3,
2Log2-Log3,
4Log2-2Log3+2Log7,
2Log2+Log3,
5Log2-Log3,
4Log2
]
RAW row 6: [
Logoo,
Log0,
-Log2-2Log3+2Log5,
Log0,
Log0,
-2Log3+Log5+Log7,
-2Log2-2Log3+Log5+Log13,
-2Log3+Log5+Log7,
4Log2-3Log3+2Log5+2Log7,
-6Log2+Log3+Log5,
-Log2-2Log3+Log5+2Log7+Log11,
-2Log2+Log3+Log5+Log11
]
RAW row 7: [
Logoo,
4Log2-Log3+2Log5,
Log0,
4Log2-2Log3+Log5,
7Log2-Log3+Log5,
4Log2-Log3+Log5,
6Log2-Log3+Log5,
4Log2+Log3+Log5,
8Log2-2Log3+3Log5,
6Log2-Log3+Log5,
8Log2-Log3+Log5,
6Log2-Log3+Log5
]
RAW row 8: [
Logoo,
Log0,
Log0,
Log0,
-Log2-Log3+4Log5,
-2Log3+2Log5,
-2Log2-2Log3+2Log5+Log13,
2Log5+Log7,
4Log2-3Log3+5Log5,
-6Log2-Log3+2Log5,
-2Log3+2Log5+2Log7+Log11,
-2Log2+2Log5+Log11
]
RAW row 9: [
Logoo,
2Log2,
5Log2-Log3,
2Log2-2Log3+2Log5,
Log0,
2Log2-Log3+Log7,
4Log2-Log3,
2Log2-Log3,
4Log2-2Log3+2Log7,
2Log2+Log3,
5Log2-Log3,
4Log2
]
RED row 1: [
Logoo,
-Log3+Log5,
Log0,
-4Log3+2Log5,
Log0,
-2Log3+Log7,
4Log2-2Log3,
0,
4Log2-4Log3+2Log5+2Log7,
0,
7Log2-2Log3,
4Log2-Log3
]
RED row 2: [
Logoo,
Log0,
Log0,
Log0,
Log0,
-3Log3+Log7,
-3Log3+Log13,
-Log3+Log7,
6Log2-5Log3+3Log5+2Log7,
-6Log2,
3Log2-3Log3+2Log7+Log11,
Log11
]
RED row 3: [
Logoo,
Log5,
Log0,
-Log3,
3Log2,
0,
2Log2,
2Log3,
4Log2-Log3+2Log5,
2Log2,
4Log2,
2Log2
]
RED row 4: [
Logoo,
Log0,
-6Log2-Log3+Log5,
Log0,
-6Log2+2Log5,
-2Log2-Log3,
-6Log2-Log3+Log13,
-2Log2-Log3+Log7,
-Log3+Log5,
-8Log2,
-6Log2-Log3+2Log7+Log11,
-6Log2+Log3+Log11
]
RED row 5: [
Logoo,
0,
3Log2-Log3,
-2Log3+2Log5,
Log0,
-Log3+Log7,
2Log2-Log3,
-Log3,
2Log2-2Log3+2Log7,
Log3,
3Log2-Log3,
2Log2
]
RED row 6: [
Logoo,
Log0,
-Log2-3Log3+Log5,
Log0,
Log0,
-3Log3+Log7,
-2Log2-3Log3+Log13,
-3Log3+Log7,
4Log2-4Log3+Log5+2Log7,
-6Log2,
-Log2-3Log3+2Log7+Log11,
-2Log2+Log11
]
RED row 7: [
Logoo,
Log5,
Log0,
-Log3,
3Log2,
0,
2Log2,
2Log3,
4Log2-Log3+2Log5,
2Log2,
4Log2,
2Log2
]
RED row 8: [
Logoo,
Log0,
Log0,
Log0,
-Log2-Log3+2Log5,
-2Log3,
-2Log2-2Log3+Log13,
Log7,
4Log2-3Log3+3Log5,
-6Log2-Log3,
-2Log3+2Log7+Log11,
-2Log2+Log11
]
RED row 9: [
Logoo,
0,
3Log2-Log3,
-2Log3+2Log5,
Log0,
-Log3+Log7,
2Log2-Log3,
-Log3,
2Log2-2Log3+2Log7,
Log3,
3Log2-Log3,
2Log2
]
ValuesAtCMPoints failed: find_signs_hauptmodul: no choice of signs satisfies s/scale + stilde/scale_tilde = 1 at discriminant(s) [ -240, -48 ].  The Hauptmodul values there are inconsistent with those at the normalising points.
  ds     = [ -12, -15, -40, -60, -120, -7, -52, -28, -240, -48, -88, -132 ]
  s      = [* Infinity, 5, 0, 1/3, 8, 1, 4, 9, 400/3, 4, 16, 4 *]
  stilde = [* Infinity, 1, 8/3, 25/9, 0, 7/3, 4/3, 1/3, 196/9, 3, 8/3, 4 *]
  degs   = [ 1, 1, 1, 1, 1, 1, 1, 1, 1, 1, 1, 1 ]
