KEYS [ 11, 12, 13, 14, 15, 9, -1, 10, -2 ]  sIndex 7 sTildeIndex 9
DISCS [ -12, -15, -40, -60, -120, -7, -52, -28, -240, -48, -88, -132 ]
RAW row 1: [
Logoo,
4Log2-Log3+2Log5,
Log0,
4Log2-4Log3+3Log5,
Log0,
4Log2-2Log3+Log5+Log7,
8Log2-2Log3+Log5,
4Log2+Log5,
4Log2-4Log3+3Log5+2Log7,
4Log2+Log5,
11Log2-2Log3+Log5,
8Log2-Log3+Log5
]
RAW row 2: [
Logoo,
Log0,
Log0,
Log0,
Log0,
2Log2-3Log3+2Log5+Log7,
2Log2-3Log3+2Log5+Log13,
2Log2-Log3+2Log5+Log7,
2Log2-5Log3+5Log5+2Log7,
4Log2+2Log5,
5Log2-3Log3+2Log5+2Log7+Log11,
2Log2+2Log5+Log11
]
RAW row 3: [
Logoo,
4Log2-Log3+2Log5,
Log0,
4Log2-2Log3+Log5,
7Log2-Log3+Log5,
4Log2-Log3+Log5,
6Log2-Log3+Log5,
4Log2+Log3+Log5,
4Log2-2Log3+3Log5,
4/3Log2-Log3+Log5,
8Log2-Log3+Log5,
6Log2-Log3+Log5
]
RAW row 4: [
Logoo,
Log0,
-6Log2-Log3+2Log5,
Log0,
-6Log2+3Log5,
-2Log2-Log3+Log5,
-6Log2-Log3+Log5+Log13,
-2Log2-Log3+Log5+Log7,
-2Log2-Log3+2Log5,
Log5,
-6Log2-Log3+Log5+2Log7+Log11,
-6Log2+Log3+Log5+Log11
]
RAW row 5: [
Logoo,
2Log2,
5Log2-Log3,
2Log2-2Log3+2Log5,
Log0,
2Log2-Log3+Log7,
4Log2-Log3,
2Log2-Log3,
2Log2-2Log3+2Log7,
2Log2+Log3,
5Log2-Log3,
4Log2
]
RAW row 6: [
Logoo,
Log0,
-Log2-2Log3+2Log5,
Log0,
Log0,
-2Log3+Log5+Log7,
-2Log2-2Log3+Log5+Log13,
-2Log3+Log5+Log7,
-3Log3+2Log5+2Log7,
2Log2+Log3+Log5,
-Log2-2Log3+Log5+2Log7+Log11,
-2Log2+Log3+Log5+Log11
]
RAW row 7: [
Logoo,
4Log2-Log3+2Log5,
Log0,
4Log2-2Log3+Log5,
7Log2-Log3+Log5,
4Log2-Log3+Log5,
6Log2-Log3+Log5,
4Log2+Log3+Log5,
4Log2-2Log3+3Log5,
4/3Log2-Log3+Log5,
8Log2-Log3+Log5,
6Log2-Log3+Log5
]
RAW row 8: [
Logoo,
Log0,
Log0,
Log0,
-Log2-Log3+4Log5,
-2Log3+2Log5,
-2Log2-2Log3+2Log5+Log13,
2Log5+Log7,
-3Log3+5Log5,
2Log2-Log3+2Log5,
-2Log3+2Log5+2Log7+Log11,
-2Log2+2Log5+Log11
]
RAW row 9: [
Logoo,
2Log2,
5Log2-Log3,
2Log2-2Log3+2Log5,
Log0,
2Log2-Log3+Log7,
4Log2-Log3,
2Log2-Log3,
2Log2-2Log3+2Log7,
2Log2+Log3,
5Log2-Log3,
4Log2
]
RED row 1: [
Logoo,
-Log3+Log5,
Log0,
-4Log3+2Log5,
Log0,
-2Log3+Log7,
4Log2-2Log3,
0,
-4Log3+2Log5+2Log7,
0,
7Log2-2Log3,
4Log2-Log3
]
RED row 2: [
Logoo,
Log0,
Log0,
Log0,
Log0,
-3Log3+Log7,
-3Log3+Log13,
-Log3+Log7,
-5Log3+3Log5+2Log7,
2Log2,
3Log2-3Log3+2Log7+Log11,
Log11
]
RED row 3: [
Logoo,
8/3Log2+Log5,
Log0,
8/3Log2-Log3,
17/3Log2,
8/3Log2,
14/3Log2,
8/3Log2+2Log3,
8/3Log2-Log3+2Log5,
0,
20/3Log2,
14/3Log2
]
RED row 4: [
Logoo,
Log0,
-6Log2-Log3+Log5,
Log0,
-6Log2+2Log5,
-2Log2-Log3,
-6Log2-Log3+Log13,
-2Log2-Log3+Log7,
-2Log2-Log3+Log5,
0,
-6Log2-Log3+2Log7+Log11,
-6Log2+Log3+Log11
]
RED row 5: [
Logoo,
0,
3Log2-Log3,
-2Log3+2Log5,
Log0,
-Log3+Log7,
2Log2-Log3,
-Log3,
-2Log3+2Log7,
Log3,
3Log2-Log3,
2Log2
]
RED row 6: [
Logoo,
Log0,
-Log2-3Log3+Log5,
Log0,
Log0,
-3Log3+Log7,
-2Log2-3Log3+Log13,
-3Log3+Log7,
-4Log3+Log5+2Log7,
2Log2,
-Log2-3Log3+2Log7+Log11,
-2Log2+Log11
]
RED row 7: [
Logoo,
8/3Log2+Log5,
Log0,
8/3Log2-Log3,
17/3Log2,
8/3Log2,
14/3Log2,
8/3Log2+2Log3,
8/3Log2-Log3+2Log5,
0,
20/3Log2,
14/3Log2
]
RED row 8: [
Logoo,
Log0,
Log0,
Log0,
-Log2-Log3+2Log5,
-2Log3,
-2Log2-2Log3+Log13,
Log7,
-3Log3+3Log5,
2Log2-Log3,
-2Log3+2Log7+Log11,
-2Log2+Log11
]
RED row 9: [
Logoo,
0,
3Log2-Log3,
-2Log3+2Log5,
Log0,
-Log3+Log7,
2Log2-Log3,
-Log3,
-2Log3+2Log7,
Log3,
3Log2-Log3,
2Log2
]
ValuesAtCMPoints failed: Runtime error in 'RationalNumber': s does not represent a rational number!

