
=== 2*H (fundamental d),  det -4
   mu = (0/2, 0/2): Q = 0      ISOTROPIC   alphas [ 2, 3, 4, 5, 6 ]
      (1-X)G = -8*X^8 + X^7 + X^6 + X^5 + X^4 + X^3 + X^2 + X + 1
   mu = (1/2, 0/2): Q = 0      ISOTROPIC   alphas [ 1, 1, 1, 1, 1 ]
      (1-X)G = -X^8 + 1
   mu = (0/2, 1/2): Q = 0      ISOTROPIC   alphas [ 1, 1, 1, 1, 1 ]
      (1-X)G = -X^8 + 1
   mu = (1/2, 1/2): Q = 1/2    anisotropic   alphas [ 0, 0, 0, 0, 0 ]
      (1-X)G = -X + 1

=== 2*diag(1,3)  u1+u2=0 (4),  det 12
   mu = (0/2, 0/2): Q = 0      ISOTROPIC   alphas [ 1, 2, 1, 2, 1 ]
      (1-X)G = -X^8 - X^7 + X^6 - X^5 + X^4 - X^3 + X^2 + 1
   mu = (1/2, 0/2): Q = 1/4    anisotropic   alphas [ 0, 0, 0, 0, 0 ]
      (1-X)G = -X + 1
   mu = (0/2, 1/2): Q = 3/4    anisotropic   alphas [ 0, 0, 0, 0, 0 ]
      (1-X)G = -X + 1
   mu = (1/2, 1/2): Q = 1      ISOTROPIC   alphas [ 0, 0, 0, 0, 0 ]
      (1-X)G = -X + 1

=== 2*diag(1,-1) u1+u2=0 (4),  det -4
   mu = (0/2, 0/2): Q = 0      ISOTROPIC   alphas [ 1, 2, 3, 4, 5 ]
      (1-X)G = -7*X^8 + X^7 + X^6 + X^5 + X^4 + X^3 + X^2 + 1
   mu = (1/2, 0/2): Q = 1/4    anisotropic   alphas [ 0, 0, 0, 0, 0 ]
      (1-X)G = -X + 1
   mu = (0/2, 1/2): Q = -1/4   anisotropic   alphas [ 0, 0, 0, 0, 0 ]
      (1-X)G = -X + 1
   mu = (1/2, 1/2): Q = 0      ISOTROPIC   alphas [ 2, 2, 2, 2, 2 ]
      (1-X)G = -2*X^8 + X + 1

=== 2*diag(1,1)  u1+u2=2 (4),  det 4
   mu = (0/2, 0/2): Q = 0      ISOTROPIC   alphas [ 1, 1, 1, 1, 1 ]
      (1-X)G = -X^8 + 1
   mu = (1/2, 0/2): Q = 1/4    anisotropic   alphas [ 0, 0, 0, 0, 0 ]
      (1-X)G = -X + 1
   mu = (0/2, 1/2): Q = 1/4    anisotropic   alphas [ 0, 0, 0, 0, 0 ]
      (1-X)G = -X + 1
   mu = (1/2, 1/2): Q = 1/2    anisotropic   alphas [ 0, 0, 0, 0, 0 ]
      (1-X)G = -X + 1
