
== X_0^15(4)/W_15 (genus 0) -> X_0^15(1)^* (genus 0): need R = 10
  d = -60   points 2   star points 1   stab 2  e=1 fixers [ 15 ]       |H| = 2  
contributes 3
  d = -15   points 2   star points 1   stab 2  e=1 fixers [ 15 ]       |H| = 1  
contributes 0
  d = -12   points 2   star points 1   stab 2  e=1 fixers [ 3 ]        |H| = 2  
contributes 3
  d = -3    points 2   star points 1   stab 2  e=3 fixers [ 3 ]        |H| = 3  
contributes 4
  total R = 10   (Riemann-Hurwitz OK)

== X_0^21(4)/W_21 (genus 1) -> X_0^21(1)^* (genus 0): need R = 12
  d = -84   points 4   star points 2   stab 2  e=1 fixers [ 21 ]       |H| = 2  
contributes 6
  d = -28   points 2   star points 1   stab 2  e=1 fixers [ 7 ]        |H| = 2  
contributes 3
  d = -7    points 2   star points 1   stab 2  e=1 fixers [ 7 ]        |H| = 1  
contributes 0
  d = -4    points 4   star points 1   stab 1  e=2 fixers []           |H| = 2  
contributes 3
  total R = 12   (Riemann-Hurwitz OK)

== X_0^33(4)/W_33 (genus 3) -> X_0^33(1)^* (genus 0): need R = 16
  d = -132  points 4   star points 2   stab 2  e=1 fixers [ 33 ]       |H| = 2  
contributes 6
  d = -12   points 2   star points 1   stab 2  e=1 fixers [ 3 ]        |H| = 2  
contributes 3
  d = -4    points 4   star points 1   stab 1  e=2 fixers []           |H| = 2  
contributes 3
  d = -3    points 2   star points 1   stab 2  e=3 fixers [ 3 ]        |H| = 3  
contributes 4
  total R = 16   (Riemann-Hurwitz OK)
