base      g_top  g_bot  deg   elliptic bot (2,3) elliptic top (2,3) R       g 
pred  verdict
15_4      5      1      6     0, 2               0, 0               8       5   
OK
21_4      7      1      6     4, 0               0, 0               12      7   
OK
33_4      11     1      6     4, 2               0, 0               20      11  
OK
15_8      9      3      4     0, 0               0, 0               0       9   
OK
10_9      5      0      12    0, 4               0, 0               32      5   
OK
14_9      7      1      12    2, 0               0, 0               12      7   
OK
22_9      11     0      12    2, 4               0, 0               44      11  
OK
6_25      5      0      30    2, 2               4, 0               68      5   
OK
6_49      9      0      56    2, 2               0, 4               128     9   
OK
10_3      1      0      4     0, 4               0, 4               8       1   
OK
14_3      3      1      4     2, 0               0, 0               4       3   
OK
