synthetic critical values: [
1/3800569647242573630312938151772743823351337189376*(-3926296714953816534430549\
36708577073*r^23 - 9256770938772866443094805303776432693*r^22 - 
189500495743481770628174510977738881685*r^21 - 
2586225248771287076156495081578419616025*r^20 - 
30344998251577140111211151201699642706941*r^19 - 
287197736409844223110168258270941642060633*r^18 - 
2366260042048826679157129293500177200059185*r^17 - 
16637217826094732998660618645841043826904757*r^16 - 
102704294631119789486770086043297836825379299*r^15 - 
552362107081463385538531873694521862335652807*r^14 - 
2619585246247175945939882152616173043189735935*r^13 - 
10906081231585480892644086904464226499843853355*r^12 - 
40103176288001316049249826563358578426269228175*r^11 - 
129726281975269997320617500335816547912743581155*r^10 - 
369316935951554721851176818233944350484114965547*r^9 - 
917835913759837175844172332582497112496473933047*r^8 - 
1972460723232226693173597855083726130372887242656*r^7 - 
3593679220926978258499939073509180201617586562824*r^6 - 
5789616473950084281842492933585325355551948749904*r^5 - 
8578778189735343853587840847397885381540700575056*r^4 - 
12805172633806796997667358763915880041044666624384*r^3 - 
15913304452773344950930134549073360395473227641984*r^2 - 
23655071957644330272700824391019394247852683336960*r - 
24741645252030060140594493573437463751734160971520),
1/125418798359004929800326959008500546170594127249408*(-47887930070765677810884\
5953030887143*r^23 - 3546703601766188237653578856898123827*r^22 - 
48926469087741731394258849620743258307*r^21 + 
583236073892730360966417440233335911857*r^20 + 
13773197770740546714668636772160726168709*r^19 + 
243856535207899293368971273704918523052305*r^18 + 
2690790059695777941934313023878072351080185*r^17 + 
25242786810918360422079856324091431051252013*r^16 + 
190347854244072852375176253019422823381256219*r^15 + 
1241099230265204287122334460682182246936933839*r^14 + 
6865432524159150257933441878858532424675902839*r^13 + 
33052898054086526550076500410403977804103474803*r^12 + 
137186725174811959275541554986501076037351178599*r^11 + 
496560187224388434795034744436453678328680401867*r^10 + 
1556577433880378798233864546735811038963291562947*r^9 + 
4225810492541313379416217779216176497430304198175*r^8 + 
9792636040172570983644660404035804438498247389216*r^7 + 
18814389993244383141347636359049000258863112885704*r^6 + 
28322717523933354172114029448412064402762900117200*r^5 + 
37134047163399130963183269616783297929388015955152*r^4 + 
48007067608105404106211010976311075354259325683072*r^3 + 
54011843632935442247850284162910859234590330495104*r^2 - 
33084761819659587217826087011220546230024847596288*r - 
85312771154179348351689200465979379102711747477760),
1/125418798359004929800326959008500546170594127249408*(478879300707656778108845\
953030887143*r^23 + 18481744230786023555353334982522684751*r^22 + 
377497362926178108383653484384483598635*r^21 + 
6145755579972006380179511723072295386627*r^20 + 
74806710169173095329734697627028252155051*r^19 + 
784847784485473116896685460646660364520907*r^18 + 
6776576482767059165135675747108663262655967*r^17 + 
51389052575756604178305097101922891748964295*r^16 + 
333330525049772870550328862538001607173295269*r^15 + 
1908606568757205535865335932102132836291760005*r^14 + 
9498504600414390113616093488420823274073970593*r^13 + 
41737498755749063595660842831273099974231723273*r^12 + 
160209894596393255273682322650621020562948516233*r^11 + 
542048218579440094199072270742698530351604544329*r^10 + 
1600455896919910106026461970647429555091495188581*r^9 + 
4121176422810110127930575893978880271907057079933*r^8 + 
9136888637126155553648048401240145814396136065536*r^7 + 
16961410457847317596392269908397359799093934363608*r^6 + 
25979952272356660760969451041534118967933673723824*r^5 + 
38233445615340741720340846423782342422391183101552*r^4 + 
53941142162452687872144434924725108375298243977856*r^3 + 
59126523960873704229381605400396863214571345064320*r^2 + 
111821012791198315684293712500525438026486113086208*r + 
58286915183869847869540872987309055875208428289280),
1/3800569647242573630312938151772743823351337189376*(39262967149538165344305493\
6708577073*r^23 + 8804193950014689615285721784818112665*r^22 + 
179543801990801880416374673560655841069*r^21 + 
2382316410775385962788436622084309576677*r^20 + 
27660758617034302473501959250209067606221*r^19 + 
256024878237317786435451387533015009103869*r^18 + 
2079370146822680100155008421652094302673241*r^17 + 
14315040874983370435012589754143640105686081*r^16 + 
86835252834336585761754779511254672263120163*r^15 + 
456916476808057027266178225428330496177207539*r^14 + 
2123708363684341389226259868759222870500345831*r^13 + 
8639705570681372100349015897140678688379150383*r^12 + 
31091157507055703487152133301627605802017722271*r^11 + 
98253299981214587351099105936448299164856158543*r^10 + 
273649259260636876267530560131421908240030518531*r^9 + 
664896916324945554409421009152343877062008439771*r^8 + 
1398838763314083464770788497348091274224572592512*r^7 + 
2509564055742381266447214641162320805921918464360*r^6 + 
4144081025577659586900569282374834950379325300176*r^5 + 
6294914772197771954087110058289835673911027876368*r^4 + 
9715832943789885119535375554793571443179285725568*r^3 + 
12484869071142764754650380319882217290953176867456*r^2 + 
21269124958506793046444229679222276314626584382720*r + 
5521243353548293134767132636171187932472665463552)
]
dimension of the solution set: 0
number of degree-3 maps with these critical values: 1
the synthetic map recovered: true
