ANNPROBE BASE 74_7
PROBEANN key 1 anndim 2 ncols 94 rank 92 rank_t 93 nds 93
PROBEANN_RAM [ <-56, 1>, <-259, 1>, <-2072, 1>, <-19, -8> ]
PROBEANN_PHI [ 2, -2, 0, 0, 2, -1, 2, -2, 1, 2, 1, -2, 6, -2, -3, 2, -4, 2, 0, 
1, -2, -2, 0, -1, -6, 2, -6, -2, 0, -4, 0, -1, -4, 2, 0, -8, 6, 6, 2, -2, 0, 0, 
-2, 6, -2, 1, 0, 0, -8, -2, 4, 2, 2, 2, 4, 4, 2, 2, 0, 4, -2, 0, 4, 4, 6, 10, 
-6, -2, 2, 5, 2, -8, -4, 0, 0, -1, -8, -2, -4, -2, 0, 4, 2, -6, 2, 0, -4, -3, 
-2, -8, -8, 2, -2, 0 ]
PROBEANN_GCD 1
PROBEANN_VAL -20
PROBEANN_PARITY EVEN
PROBEANN_PHI [ 0, 0, 2, -1, 2, -1, 2, 0, -2, -2, 2, 2, -2, 6, -2, -6, -4, -4, 0,
-1, -2, 0, -4, 4, 4, 0, 0, 0, 2, -8, 0, 1, 3, -2, -2, -2, 1, 2, 3, -2, 4, 2, -6,
-2, 1, 0, 0, -2, -2, 2, -1, 4, 0, 4, 4, 0, 2, -4, -1, 2, -2, -4, -2, 0, 4, 2, 
-4, -2, 4, 4, 0, -2, -4, 6, -5, 0, -2, -2, 10, 4, 0, 2, -2, 4, -2, 2, 0, -7, 0, 
8, -4, -4, -2, 0 ]
PROBEANN_GCD 1
PROBEANN_VAL -8
PROBEANN_PARITY EVEN
ANNPROBE RESULT 74_7 OBSTRUCTED time 1061.830s
ANNPROBE DONE 74_7
