ANNPROBE BASE 166_3
PROBEANN key 1 anndim 2 ncols 101 rank 99 rank_t 100 nds 100
PROBEANN_RAM [ <-1992, 1>, <-996, 1>, <-3, -5> ]
PROBEANN_PHI [ 1, 0, -2, 0, 0, 2, 0, -3, -2, 1, 0, -2, 2, 2, -1, 0, 2, -2, -4, 
2, -1, -4, 4, 2, 2, -2, -2, -2, 3, 0, -1, -2, 0, -4, -2, 0, 0, -2, 6, 2, 1, 0, 
3, -2, -2, 0, -6, -2, 6, 4, -6, -2, -2, 0, -4, 0, 3, 0, 0, 4, -2, 4, -4, -6, -4,
6, 4, 1, -2, 4, -4, 2, 10, 1, 0, 2, 0, -2, 8, 8, -5, 0, 0, -4, -3, -2, 0, 0, 4, 
4, -8, 2, 2, 0, 0, 0, 4, -4, 2, -1, 0 ]
PROBEANN_GCD 1
PROBEANN_VAL -36
PROBEANN_PARITY EVEN
PROBEANN_PHI [ 0, 2, 0, 0, 1, 2, -2, -1, 0, -1, -4, 0, -2, -1, 3, 2, 2, 3, -2, 
2, 0, -2, 0, 0, -4, -8, -1, -4, 3, 0, -1, 0, 0, -4, -5, -2, -2, -2, 2, 6, -3, 
-2, 0, 4, 0, 4, 4, 0, 0, 0, 2, 4, 2, -2, 6, -2, 2, 0, -2, 0, 2, 5, 4, 2, 2, 8, 
-4, -2, 0, 0, -4, 2, 0, 3, 2, -6, 0, -2, 4, 6, -4, -8, -2, -4, 1, -2, -2, 1, -2,
-2, -8, 4, 0, 2, 0, -2, 5, -2, -2, -4, 0 ]
PROBEANN_GCD 1
PROBEANN_VAL -4
PROBEANN_PARITY EVEN
ANNPROBE RESULT 166_3 OBSTRUCTED time 976.970s
ANNPROBE DONE 166_3
