--- N=2 ---
  mu=0,   m=0 : W coeffs [Fraction(1, 1), Fraction(1, 1), Fraction(1, 1), Fraction(1, 1)]   (paper: 1,(N-1),(N-1),... = 1,1,1,...)
  mu=(1, 0), m=0 : W coeffs [Fraction(1, 1), Fraction(0, 1), Fraction(0, 1), Fraction(0, 1)]
  mu=(1, 0), m=1 : W coeffs [Fraction(1, 1), Fraction(0, 1), Fraction(0, 1), Fraction(0, 1)]
  mu=(1, 0), m=2 : W coeffs [Fraction(1, 1), Fraction(0, 1), Fraction(0, 1), Fraction(0, 1)]
  mu=(1, 0), m=3 : W coeffs [Fraction(1, 1), Fraction(0, 1), Fraction(0, 1), Fraction(0, 1)]
  mu=(0, 1), m=0 : W coeffs [Fraction(1, 1), Fraction(0, 1), Fraction(0, 1), Fraction(0, 1)]
  mu=(0, 1), m=1 : W coeffs [Fraction(1, 1), Fraction(0, 1), Fraction(0, 1), Fraction(0, 1)]
  mu=(0, 1), m=2 : W coeffs [Fraction(1, 1), Fraction(0, 1), Fraction(0, 1), Fraction(0, 1)]
  mu=(0, 1), m=3 : W coeffs [Fraction(1, 1), Fraction(0, 1), Fraction(0, 1), Fraction(0, 1)]
--- N=3 ---
  mu=0,   m=0 : W coeffs [Fraction(1, 1), Fraction(2, 1), Fraction(2, 1), Fraction(2, 1)]   (paper: 1,(N-1),(N-1),... = 1,2,2,...)
  mu=(1, 0), m=0 : W coeffs [Fraction(1, 1), Fraction(0, 1), Fraction(0, 1), Fraction(0, 1)]
  mu=(1, 0), m=1 : W coeffs [Fraction(1, 1), Fraction(0, 1), Fraction(0, 1), Fraction(0, 1)]
  mu=(1, 0), m=2 : W coeffs [Fraction(1, 1), Fraction(0, 1), Fraction(0, 1), Fraction(0, 1)]
  mu=(1, 0), m=3 : W coeffs [Fraction(1, 1), Fraction(0, 1), Fraction(0, 1), Fraction(0, 1)]
  mu=(0, 1), m=0 : W coeffs [Fraction(1, 1), Fraction(0, 1), Fraction(0, 1), Fraction(0, 1)]
  mu=(0, 1), m=1 : W coeffs [Fraction(1, 1), Fraction(0, 1), Fraction(0, 1), Fraction(0, 1)]
  mu=(0, 1), m=2 : W coeffs [Fraction(1, 1), Fraction(0, 1), Fraction(0, 1), Fraction(0, 1)]
  mu=(0, 1), m=3 : W coeffs [Fraction(1, 1), Fraction(0, 1), Fraction(0, 1), Fraction(0, 1)]
  mu=(2, 0), m=0 : W coeffs [Fraction(1, 1), Fraction(0, 1), Fraction(0, 1), Fraction(0, 1)]
  mu=(2, 0), m=1 : W coeffs [Fraction(1, 1), Fraction(0, 1), Fraction(0, 1), Fraction(0, 1)]
  mu=(2, 0), m=2 : W coeffs [Fraction(1, 1), Fraction(0, 1), Fraction(0, 1), Fraction(0, 1)]
  mu=(2, 0), m=3 : W coeffs [Fraction(1, 1), Fraction(0, 1), Fraction(0, 1), Fraction(0, 1)]
--- N=5 ---
  mu=0,   m=0 : W coeffs [Fraction(1, 1), Fraction(4, 1), Fraction(4, 1), Fraction(4, 1)]   (paper: 1,(N-1),(N-1),... = 1,4,4,...)
  mu=(1, 0), m=0 : W coeffs [Fraction(1, 1), Fraction(0, 1), Fraction(0, 1), Fraction(0, 1)]
  mu=(1, 0), m=1 : W coeffs [Fraction(1, 1), Fraction(0, 1), Fraction(0, 1), Fraction(0, 1)]
  mu=(1, 0), m=2 : W coeffs [Fraction(1, 1), Fraction(0, 1), Fraction(0, 1), Fraction(0, 1)]
  mu=(1, 0), m=3 : W coeffs [Fraction(1, 1), Fraction(0, 1), Fraction(0, 1), Fraction(0, 1)]
  mu=(0, 1), m=0 : W coeffs [Fraction(1, 1), Fraction(0, 1), Fraction(0, 1), Fraction(0, 1)]
  mu=(0, 1), m=1 : W coeffs [Fraction(1, 1), Fraction(0, 1), Fraction(0, 1), Fraction(0, 1)]
  mu=(0, 1), m=2 : W coeffs [Fraction(1, 1), Fraction(0, 1), Fraction(0, 1), Fraction(0, 1)]
  mu=(0, 1), m=3 : W coeffs [Fraction(1, 1), Fraction(0, 1), Fraction(0, 1), Fraction(0, 1)]
  mu=(2, 0), m=0 : W coeffs [Fraction(1, 1), Fraction(0, 1), Fraction(0, 1), Fraction(0, 1)]
  mu=(2, 0), m=1 : W coeffs [Fraction(1, 1), Fraction(0, 1), Fraction(0, 1), Fraction(0, 1)]
  mu=(2, 0), m=2 : W coeffs [Fraction(1, 1), Fraction(0, 1), Fraction(0, 1), Fraction(0, 1)]
  mu=(2, 0), m=3 : W coeffs [Fraction(1, 1), Fraction(0, 1), Fraction(0, 1), Fraction(0, 1)]

=== ZERO coset, varying m: does the level prime see ord_N(m)? ===
  N=2 mu=0 m=0 (ord_N=0) W = ['1', '1', '1', '1']
  N=2 mu=0 m=1 (ord_N=0) W = ['1', '-1', '0', '0']
  N=2 mu=0 m=2 (ord_N=1) W = ['1', '1', '-1', '0']
  N=2 mu=0 m=3 (ord_N=0) W = ['1', '-1', '0', '0']
  N=2 mu=0 m=4 (ord_N=2) W = ['1', '1', '1', '-1']
  N=2 mu=0 m=5 (ord_N=0) W = ['1', '-1', '0', '0']
  N=2 mu=0 m=6 (ord_N=1) W = ['1', '1', '-1', '0']
  N=3 mu=0 m=0 (ord_N=0) W = ['1', '2', '2', '2']
  N=3 mu=0 m=1 (ord_N=0) W = ['1', '-1', '0', '0']
  N=3 mu=0 m=2 (ord_N=0) W = ['1', '-1', '0', '0']
  N=3 mu=0 m=3 (ord_N=1) W = ['1', '2', '-1', '0']
  N=3 mu=0 m=4 (ord_N=0) W = ['1', '-1', '0', '0']
  N=3 mu=0 m=5 (ord_N=0) W = ['1', '-1', '0', '0']
  N=3 mu=0 m=6 (ord_N=1) W = ['1', '2', '-1', '0']
  N=5 mu=0 m=0 (ord_N=0) W = ['1', '4', '4', '4']
  N=5 mu=0 m=1 (ord_N=0) W = ['1', '-1', '0', '0']
  N=5 mu=0 m=2 (ord_N=0) W = ['1', '-1', '0', '0']
  N=5 mu=0 m=3 (ord_N=0) W = ['1', '-1', '0', '0']
  N=5 mu=0 m=4 (ord_N=0) W = ['1', '-1', '0', '0']
  N=5 mu=0 m=5 (ord_N=1) W = ['1', '4', '-1', '0']
  N=5 mu=0 m=6 (ord_N=0) W = ['1', '-1', '0', '0']
