
[ORACLE] ===== X0^6(43) =====
[PP] 6 43 form=-2 oo=[ <2, -3>, <3, -1>, <5, -8>, <7, -4>, <8, 6>, <12, -1>, 
<18, 1>, <20, 4>, <22, -1>, <26, 3>, <27, -1>, <29, 4>, <30, 3>, <32, 4>, <39, 
-3>, <48, -2>, <51, 1>, <55, -1>, <88, 1>, <108, -1>, <113, 1>, <120, -3>, <125,
-4> ] zero=[]
[PP] 6 43 form=-1 oo=[ <2, -2>, <3, -2>, <5, -7>, <7, -4>, <8, 5>, <19, 1>, <20,
3>, <26, 3>, <28, -1>, <29, 3>, <30, 2>, <32, 3>, <39, -4>, <48, -2>, <55, -1>, 
<108, -2>, <112, 1>, <113, 1>, <120, -2>, <125, -3> ] zero=[]
[PP] 6 43 form=9 oo=[ <1, -2>, <2, -38>, <3, 30>, <4, -2>, <5, -32>, <7, -32>, 
<9, -2>, <10, 2>, <11, -2>, <12, -14>, <13, 2>, <16, 4>, <18, -28>, <19, -4>, 
<20, 24>, <21, -4>, <22, 18>, <23, -2>, <24, 2>, <26, -12>, <27, -40>, <28, 10>,
<29, 10>, <32, 6>, <35, -2>, <36, -2>, <38, -2>, <39, -20>, <40, 2>, <43, 2>, 
<45, -32>, <48, -6>, <55, -8>, <62, 14>, <65, 16>, <76, 4>, <88, -18>, <129, 2>,
<172, -2>, <258, 2> ] zero=[]
[PP] 6 43 form=10 oo=[ <2, -10>, <3, -6>, <5, -32>, <7, -14>, <8, 16>, <9, -2>, 
<11, -2>, <12, -2>, <16, 2>, <18, 2>, <20, 12>, <21, -2>, <22, -4>, <23, -2>, 
<24, 2>, <26, 6>, <27, -2>, <29, 10>, <30, 10>, <31, 2>, <32, 8>, <35, -2>, <36,
-2>, <38, -2>, <39, -10>, <40, 2>, <48, -4>, <55, -4>, <88, 4>, <108, -4>, <112,
2>, <120, -10>, <125, -16>, <128, -4>, <129, 2> ] zero=[]
[PP] 6 43 form=11 oo=[ <2, -16>, <3, 14>, <4, -2>, <5, -12>, <7, -12>, <8, 2>, 
<10, 2>, <12, -6>, <13, 2>, <18, -12>, <19, -2>, <20, 14>, <21, -2>, <22, 8>, 
<26, -4>, <27, -18>, <28, 6>, <29, 4>, <31, -2>, <32, 6>, <39, -8>, <45, -14>, 
<48, -4>, <55, -2>, <62, 8>, <65, 6>, <76, 2>, <88, -8>, <108, 2>, <258, 2> ] 
zero=[]
[PP] 6 43 form=12 oo=[ <2, -40>, <3, 28>, <4, -2>, <5, -34>, <7, -32>, <8, -4>, 
<9, -2>, <10, 2>, <11, -2>, <12, -14>, <13, 2>, <16, 4>, <18, -26>, <19, -4>, 
<20, 22>, <21, -4>, <22, 18>, <23, -2>, <24, 2>, <26, -14>, <27, -42>, <28, 10>,
<29, 10>, <31, 2>, <32, 4>, <35, -2>, <36, -2>, <38, -2>, <39, -20>, <40, 4>, 
<43, 2>, <45, -32>, <48, -8>, <55, -8>, <62, 12>, <65, 16>, <76, 4>, <88, -18>, 
<129, 2>, <258, 2> ] zero=[]
[PP] 6 43 form=13 oo=[ <3, -2>, <5, -6>, <7, -4>, <8, 8>, <12, -2>, <16, 2>, 
<18, 2>, <20, 2>, <22, -2>, <26, 6>, <29, 6>, <30, 4>, <31, 2>, <32, 4>, <39, 
-2>, <40, 2>, <43, 2>, <55, -2>, <88, 2>, <108, -2>, <113, 2>, <120, -4>, <125, 
-4> ] zero=[]
[PP] 6 43 form=14 oo=[ <2, -12>, <3, -8>, <5, -42>, <7, -18>, <8, 22>, <9, -2>, 
<11, -2>, <12, -4>, <16, 4>, <18, 4>, <20, 16>, <21, -2>, <22, -6>, <23, -2>, 
<24, 2>, <26, 8>, <27, -2>, <29, 14>, <30, 14>, <31, 4>, <32, 10>, <35, -2>, 
<36, -2>, <38, -2>, <39, -12>, <40, 4>, <43, 2>, <48, -4>, <55, -6>, <88, 6>, 
<108, -6>, <112, 2>, <120, -14>, <125, -22>, <128, -6>, <129, 2> ] zero=[]
[PP] 6 43 form=15 oo=[ <2, -20>, <3, 16>, <4, -2>, <5, -16>, <7, -16>, <10, 2>, 
<12, -8>, <13, 2>, <16, 2>, <18, -14>, <19, -2>, <20, 14>, <21, -2>, <22, 10>, 
<26, -6>, <27, -22>, <28, 6>, <29, 6>, <32, 4>, <39, -10>, <40, 2>, <43, 2>, 
<45, -18>, <48, -4>, <55, -4>, <62, 8>, <65, 8>, <76, 2>, <88, -10>, <258, 2> ] 
zero=[]

[AEC] d_divs = [ -3, -19, -3, -51 ]
[AEC] #all_cm_pts = 2, discs = [ <-3, 6, 1>, <-91, 1, 2> ]
[EXP] d=-19   #fs=9   d_fund=-19   Nprimes=[ 43 ]   fires=false  vals[9]=-10Log2
[EXP] d=-51   #fs=9   d_fund=-51   Nprimes=[ 43 ]   fires=false  vals[9]=Log0
[EXP] d=-43   #fs=9   d_fund=-43   Nprimes=[]       fires=false  
vals[9]=-12Log2+Log3
[EXP] d=-88   #fs=9   d_fund=-88   Nprimes=[ 43 ]   fires=false  
vals[9]=-10Log2+Log3
[EXP] d=-120  #fs=9   d_fund=-120  Nprimes=[ 43 ]   fires=false  
vals[9]=-10Log2-Log3
[EXP] d=-123  #fs=9   d_fund=-123  Nprimes=[ 43 ]   fires=false  
vals[9]=-9Log2-Log3
[EXP] d=-132  #fs=9   d_fund=-132  Nprimes=[ 43 ]   fires=false  vals[9]=-11Log2
[EXP] d=-148  #fs=9   d_fund=-148  Nprimes=[ 43 ]   fires=false  
vals[9]=-10Log2-2Log3+Log7
[MAP] keys_fs = [ 11, 12, 13, 14, 15, 9, -1, 10, -2 ]  sIndex = 7  sTildeIndex =
9

[VACM] allds = [ -3, -19, -51, -43, -88, -120, -123, -132, -148 ]
[VACM] s_idx=7 stilde_idx=9  #table=9  #s=9
[VACM] s      = [
Logoo,
Log0,
-Log2,
-3Log2,
0,
-Log3,
-Log2-Log3,
-2Log2,
-2Log3
]
[VACM] stilde = [
Logoo,
-Log2,
Log0,
-3Log2+Log3,
-Log2+Log3,
-Log2-Log3,
-Log3,
-2Log2,
-Log2-2Log3+Log7
]
[VACM] Index(s,0)=2  Index(stilde,0)=3

[find_signs] ds = [ -3, -19, -51, -43, -88, -120, -123, -132, -148 ]
[find_signs] degs = [ 1, 1, 1, 1, 1, 1, 1, 1, 1 ]
[find_signs] s = [* Infinity, 0, 1/2, 1/8, 1, 1/3, 1/6, 1/4, 1/9 *]
[find_signs] stilde = [* Infinity, 1/2, 0, 3/8, 3/2, 1/6, 1/3, 1/4, 7/18 *]
[find_signs] Index(s,0)=2 Index(stilde,0)=3 Index(s,oo)=1 Index(stilde,oo)=1
[RCE] cover key=11 g=0 #rat=8 dim(ker)=0
[RCE]    ds  = [ -19, -51, -43, -88, -120, -123, -132, -148 ]
[RCE]    s   = [ 0, 1, 1/4, -2, 2/3, 1/3, 1/2, 2/9 ]
[RCE]    y2  = [ -19/576, -17/768, 1849/4096, -11/16, -1/432, -41/6912, 
-11/9216, -1/81 ]
[RCE] cover key=12 g=2 #rat=8 dim(ker)=1
[RCE]    ds  = [ -19, -51, -43, -88, -120, -123, -132, -148 ]
[RCE]    s   = [ 0, 1, 1/4, -2, 2/3, 1/3, 1/2, 2/9 ]
[RCE]    y2  = [ -19/186624, -17/110592, 0, -11/8, -5/1417176, -41/725594112, 
-11/15925248, -37/43046721 ]
[RCE] cover key=13 g=0 #rat=8 dim(ker)=1
[RCE]    ds  = [ -19, -51, -43, -88, -120, -123, -132, -148 ]
[RCE]    s   = [ 0, 1, 1/4, -2, 2/3, 1/3, 1/2, 2/9 ]
[RCE]    y2  = [ 9, -27, 0, 81, -15, -3, -9, 1 ]
[RCE] cover key=14 g=1 #rat=8 dim(ker)=1
[RCE]    ds  = [ -19, -51, -43, -88, -120, -123, -132, -148 ]
[RCE]    s   = [ 0, 1, 1/4, -2, 2/3, 1/3, 1/2, 2/9 ]
[RCE]    y2  = [ 1/1296, 1/576, 0, 1/2, 5/13122, 1/419904, 1/6912, 37/2125764 ]
[RCE] cover key=15 g=1 #rat=8 dim(ker)=1
[RCE]    ds  = [ -19, -51, -43, -88, -120, -123, -132, -148 ]
[RCE]    s   = [ 0, 1, 1/4, -2, 2/3, 1/3, 1/2, 2/9 ]
[RCE]    y2  = [ -19/5184, 17/2304, 0, -11/16, 5/11664, 41/186624, 11/82944, 
-1/6561 ]
[RCE] cover key=9 g=2 #rat=8 dim(ker)=0
[RCE]    ds  = [ -19, -51, -43, -88, -120, -123, -132, -148 ]
[RCE]    s   = [ 0, 1, 1/4, -2, 2/3, 1/3, 1/2, 2/9 ]
[RCE]    y2  = [ -19/20736, 17/36864, -79507/1048576, -11/8, 1/52488, 
41/26873856, 11/1769472, -37/531441 ]
[RCE] cover key=10 g=1 #rat=8 dim(ker)=0
[RCE]    ds  = [ -19, -51, -43, -88, -120, -123, -132, -148 ]
[RCE]    s   = [ 0, 1, 1/4, -2, 2/3, 1/3, 1/2, 2/9 ]
[RCE]    y2  = [ 1/144, -1/192, 43/1024, 1/2, -1/486, -1/15552, -1/768, 37/26244
]
[ORACLE] 6 43 BUILD_FAIL Runtime error in 'QuadraticConstraintsOnEquations': 
Error in Schofer table  | values at rational points - no solution found!
[ORACLE] 6 43 elapsed 826.490 s
