
[ORACLE] ===== X0^6(47) =====
[PP] 6 47 form=-2 oo=[ <5, -1>, <15, -2>, <19, -1>, <20, 1>, <33, -1>, <43, 1>, 
<124, -2>, <132, 1> ] zero=[]
[PP] 6 47 form=-1 oo=[ <5, -2>, <10, 1>, <11, -1>, <15, -2>, <19, -1>, <20, 1>, 
<23, 1>, <26, -1>, <33, -1>, <45, -1>, <124, -1>, <127, -1>, <132, 1> ] zero=[]
[PP] 6 47 form=9 oo=[ <1, 3/2>, <2, -4>, <3, 2>, <4, -1/2>, <5, -2>, <6, 6>, <7,
-1>, <8, 3>, <9, -3/2>, <10, -2>, <12, -3/2>, <14, 3>, <17, 2>, <18, 4>, <19, 
-2>, <20, -2>, <23, 2>, <24, -2>, <25, -1/2>, <26, -2>, <27, 2>, <28, -1>, <31, 
2>, <32, -1>, <34, 3>, <36, -3/2>, <37, -1/2>, <38, 4>, <40, 2>, <42, -1/2>, 
<45, -2>, <47, 4>, <48, -1/2>, <49, 5/2>, <50, -2>, <51, -5/2>, <53, -5>, <54, 
4>, <55, 1/2>, <56, 3>, <76, -2>, <141, 2>, <282, 2> ] zero=[]
[PP] 6 47 form=10 oo=[ <1, 5/4>, <2, -1>, <3, 2>, <4, 13/4>, <5, -6>, <6, 3>, 
<7, 5/2>, <8, 5/2>, <9, 3/4>, <11, -2>, <12, -1/4>, <13, -2>, <14, 7/2>, <15, 
-6>, <16, -2>, <17, 1>, <18, 1>, <19, -4>, <20, 4>, <21, 1>, <23, 4>, <24, 1>, 
<25, 1/4>, <26, -2>, <27, 1>, <28, -3/2>, <32, -3/2>, <33, -4>, <34, 3/2>, <36, 
-1/4>, <37, 9/4>, <39, -2>, <42, 9/4>, <48, 5/4>, <49, -1/4>, <51, -3/4>, <53, 
-1/2>, <55, -1/4>, <56, 5/2>, <76, -2>, <94, 2>, <117, 2>, <124, -4>, <127, -2>,
<132, 4>, <141, 2>, <147, -3> ] zero=[]
[PP] 6 47 form=11 oo=[ <1, 3>, <2, -9/2>, <3, 4>, <4, 7/2>, <5, -4>, <6, 12>, 
<7, -3/2>, <8, 11/2>, <9, -1/2>, <11, 1>, <12, -3/2>, <14, 13/2>, <15, -2>, <16,
1>, <17, 5/2>, <18, 8>, <19, -2>, <21, 1>, <23, 4>, <24, -4>, <26, -4>, <27, 3>,
<28, 1>, <32, -5/2>, <34, 9/2>, <36, -3/2>, <37, -1>, <38, 7>, <39, -2>, <42, 
-3/2>, <45, -4>, <47, 7>, <48, -5/2>, <49, 11/2>, <50, -3/2>, <51, -13/2>, <53, 
-17/2>, <54, 7>, <56, 11/2>, <76, -4>, <94, 2>, <282, 2> ] zero=[]
[PP] 6 47 form=12 oo=[ <1, 5/2>, <2, -11/2>, <3, 4>, <4, 2>, <5, -6>, <6, 12>, 
<7, -3/2>, <8, 11/2>, <9, -1>, <11, -3>, <12, -2>, <14, 13/2>, <15, -4>, <16, 
1>, <17, 7/2>, <18, 8>, <19, -4>, <20, 2>, <21, 1>, <23, 6>, <24, -4>, <25, 
-1/2>, <26, -2>, <27, 3>, <32, -5/2>, <34, 9/2>, <36, -2>, <37, -3/2>, <38, 3>, 
<39, -2>, <42, -1>, <45, -4>, <47, 7>, <48, -2>, <49, 5>, <50, -5/2>, <51, -6>, 
<53, -17/2>, <54, 7>, <55, 1/2>, <56, 11/2>, <60, 2>, <76, -4>, <94, 2>, <141, 
2>, <282, 2> ] zero=[]
[PP] 6 47 form=13 oo=[ <1, 9/4>, <2, 1>, <3, 2>, <4, 25/4>, <5, -2>, <6, 1>, <7,
9/2>, <8, 5/2>, <9, 7/4>, <11, -2>, <12, 3/4>, <13, -2>, <14, 7/2>, <15, -2>, 
<16, -4>, <17, -1>, <18, -1>, <19, -2>, <20, 2>, <21, 1>, <23, 2>, <24, 3>, <25,
5/4>, <26, -2>, <27, 1>, <28, -3/2>, <32, -3/2>, <33, -2>, <34, 3/2>, <36, 3/4>,
<37, 21/4>, <39, -2>, <42, 13/4>, <47, -2>, <48, 9/4>, <49, -5/4>, <50, 2>, <51,
1/4>, <53, 3/2>, <54, -2>, <55, -5/4>, <56, 5/2>, <76, -2>, <94, 2>, <117, 2>, 
<124, -2>, <132, 2>, <147, -5> ] zero=[]
[PP] 6 47 form=14 oo=[ <1, -3/2>, <2, -3>, <4, -9/2>, <5, -2>, <6, 4>, <7, -4>, 
<9, -3/2>, <12, -3/2>, <15, -2>, <16, 4>, <17, 3>, <18, 4>, <19, -2>, <20, 2>, 
<23, 2>, <24, -4>, <25, -3/2>, <26, 2>, <28, 1>, <36, -3/2>, <37, -11/2>, <42, 
-5/2>, <47, 4>, <48, -5/2>, <49, 5/2>, <50, -3>, <51, -5/2>, <53, -4>, <54, 4>, 
<55, 3/2>, <60, 2>, <141, 2>, <147, 4> ] zero=[]
[PP] 6 47 form=15 oo=[ <1, 2>, <2, -3>, <3, 2>, <4, 1>, <6, 6>, <7, -1>, <8, 3>,
<9, -1>, <10, -2>, <11, 4>, <12, -1>, <14, 3>, <15, 2>, <17, 1>, <18, 4>, <20, 
-4>, <24, -2>, <26, -4>, <27, 2>, <31, 2>, <32, -1>, <34, 3>, <36, -1>, <38, 8>,
<40, 2>, <42, -1>, <45, -2>, <47, 4>, <48, -1>, <49, 3>, <50, -1>, <51, -3>, 
<53, -5>, <54, 4>, <56, 3>, <60, -2>, <76, -2>, <282, 2> ] zero=[]

[AEC] d_divs = [ -19, -40, -43, -19 ]
[AEC] #all_cm_pts = 2, discs = [ <-19, 1, 1>, <-91, 1, 2> ]
[EXP] d=-40   #fs=9   d_fund=-40   Nprimes=[ 47 ]   fires=false  vals[9]=-6Log2
[EXP] d=-43   #fs=9   d_fund=-43   Nprimes=[ 47 ]   fires=false  vals[9]=Log0
[EXP] d=-52   #fs=9   d_fund=-52   Nprimes=[ 47 ]   fires=false  vals[9]=-7Log2
[EXP] d=-67   #fs=9   d_fund=-67   Nprimes=[ 47 ]   fires=false  vals[9]=-4Log2
[EXP] d=-88   #fs=9   d_fund=-88   Nprimes=[ 47 ]   fires=false  
vals[9]=-7Log2+Log3
[EXP] d=-120  #fs=9   d_fund=-120  Nprimes=[ 47 ]   fires=false  vals[9]=-7Log2
[EXP] d=-123  #fs=9   d_fund=-123  Nprimes=[ 47 ]   fires=false  vals[9]=-8Log2
[EXP] d=-132  #fs=9   d_fund=-132  Nprimes=[ 47 ]   fires=false  
vals[9]=-7Log2+Log5
[EXP] d=-163  #fs=9   d_fund=-163  Nprimes=[ 47 ]   fires=false  
vals[9]=-8Log2+Log5
[EXP] d=-228  #fs=9   d_fund=-228  Nprimes=[ 47 ]   fires=false  vals[9]=-5Log2
[MAP] keys_fs = [ 11, 12, 13, 14, 15, 9, -1, 10, -2 ]  sIndex = 7  sTildeIndex =
9

[VACM] allds = [ -19, -40, -43, -52, -67, -88, -120, -123, -132, -163, -228 ]
[VACM] s_idx=7 stilde_idx=9  #table=9  #s=11
[VACM] s      = [
Logoo,
Log0,
-2Log3,
-Log2-Log3,
-Log3,
-Log2-2Log3,
-Log2-2Log3,
-2Log2-Log3,
-Log2-Log3,
-2Log2,
-2Log3
]
[VACM] stilde = [
Logoo,
-2Log2,
Log0,
-3Log2,
0,
-3Log2+Log3,
-3Log2,
-4Log2,
-3Log2+Log5,
-4Log2+Log5,
-Log2
]
[VACM] Index(s,0)=2  Index(stilde,0)=3

[find_signs] ds = [ -19, -40, -43, -52, -67, -88, -120, -123, -132, -163, -228 ]
[find_signs] degs = [ 1, 1, 1, 1, 1, 1, 1, 1, 1, 1, 1 ]
[find_signs] s = [* Infinity, 0, 1/9, 1/6, 1/3, 1/18, 1/18, 1/12, 1/6, 1/4, 1/9 
*]
[find_signs] stilde = [* Infinity, 1/4, 0, 1/8, 1, 3/8, 1/8, 1/16, 5/8, 5/16, 
1/2 *]
[find_signs] Index(s,0)=2 Index(stilde,0)=3 Index(s,oo)=1 Index(stilde,oo)=1
[RCE] cover key=11 g=2 #rat=10 dim(ker)=1
[RCE]    ds  = [ -40, -43, -52, -67, -88, -120, -123, -132, -163, -228 ]
[RCE]    s   = [ 0, 1, 3/2, -3, -1/2, 1/2, 3/4, -3/2, 9/4, -1 ]
[RCE]    y2  = [ 5/64, -43/1296, -1/4, -67/16, 1/162, 5/162, -123/16384, 3/4, 
-86227/16384, 19/324 ]
[RCE] cover key=12 g=3 #rat=10 dim(ker)=1
[RCE]    ds  = [ -40, -43, -52, -67, -88, -120, -123, -132, -163, -228 ]
[RCE]    s   = [ 0, 1, 3/2, -3, -1/2, 1/2, 3/4, -3/2, 9/4, -1 ]
[RCE]    y2  = [ -5/72, -43/2916, -13/36, -67/36, -11/1458, -5/486, -41/196608, 
-11/12, -10433467/589824, -19/243 ]
[RCE] cover key=13 g=1 #rat=10 dim(ker)=1
[RCE]    ds  = [ -40, -43, -52, -67, -88, -120, -123, -132, -163, -228 ]
[RCE]    s   = [ 0, 1, 3/2, -3, -1/2, 1/2, 3/4, -3/2, 9/4, -1 ]
[RCE]    y2  = [ 9/16, 1/4, 9/16, 9/4, 1/16, 1/2, 369/1024, -9/4, 4761/1024, -1 
]
[RCE] cover key=14 g=0 #rat=10 dim(ker)=1
[RCE]    ds  = [ -40, -43, -52, -67, -88, -120, -123, -132, -163, -228 ]
[RCE]    s   = [ 0, 1, 3/2, -3, -1/2, 1/2, 3/4, -3/2, 9/4, -1 ]
[RCE]    y2  = [ -8, 4, 13, 4, -11, -3, 1/4, -11, 121/4, -12 ]
[RCE] cover key=15 g=0 #rat=10 dim(ker)=1
[RCE]    ds  = [ -40, -43, -52, -67, -88, -120, -123, -132, -163, -228 ]
[RCE]    s   = [ 0, 1, 3/2, -3, -1/2, 1/2, 3/4, -3/2, 9/4, -1 ]
[RCE]    y2  = [ 45/4, -43/4, -36, -603/4, 8, 5, -27/16, -27, -1467/16, -19/4 ]
[RCE] cover key=9 g=1 #rat=10 dim(ker)=1
[RCE]    ds  = [ -40, -43, -52, -67, -88, -120, -123, -132, -163, -228 ]
[RCE]    s   = [ 0, 1, 3/2, -3, -1/2, 1/2, 3/4, -3/2, 9/4, -1 ]
[RCE]    y2  = [ -10, -43/9, -52, -67, -88/9, -5/3, -3/64, 33, -19723/64, 19/3 ]
[RCE] cover key=10 g=2 #rat=10 dim(ker)=1
[RCE]    ds  = [ -40, -43, -52, -67, -88, -120, -123, -132, -163, -228 ]
[RCE]    s   = [ 0, 1, 3/2, -3, -1/2, 1/2, 3/4, -3/2, 9/4, -1 ]
[RCE]    y2  = [ -9/8, 1/4, 117/64, 9/4, -11/64, -3/8, 369/16384, 99/16, 
576081/16384, 3 ]
[ORACLE] 6 47 BUILD_OK (term already consistent; multipliers may all be 0)
[ORACLE] 6 47 elapsed 2917.390 s
