
[ORACLE] ===== X0^6(53) =====
[PP] 6 53 form=-2 oo=[ <1, -1/2>, <3, -1/2>, <4, 5/2>, <5, -1>, <6, 3/2>, <7, 
-1>, <8, -1/2>, <9, -3/2>, <10, 1/2>, <11, -3>, <13, 1>, <14, 1/2>, <17, -6>, 
<18, -1/2>, <21, -1/2>, <23, 1/2>, <24, -3/2>, <26, -1/2>, <27, -1/2>, <28, 1>, 
<29, 3/2>, <32, -1>, <33, -1/2>, <36, -7/2>, <37, 1>, <38, -3/2>, <39, -1/2>, 
<40, -1/2>, <41, -1>, <42, 1/2>, <44, -3>, <45, 1/2>, <48, 1/2>, <50, -1/2>, 
<56, -1>, <64, -1>, <117, -1>, <148, -1>, <153, -2>, <159, 1>, <160, 1>, <168, 
-1/2>, <170, -1> ] zero=[]
[PP] 6 53 form=-1 oo=[ <1, -2>, <4, 3>, <6, 3>, <7, -3>, <9, 1>, <11, -3>, <16, 
1>, <17, -8>, <24, -1>, <28, 1>, <29, 3>, <36, -5>, <37, 2>, <38, -1>, <40, -1>,
<42, 1>, <43, 1>, <44, -5>, <64, -2>, <148, -2>, <153, -2>, <160, 1>, <168, -1>,
<170, -2>, <172, -1> ] zero=[]
[PP] 6 53 form=9 oo=[ <1, -5>, <2, -4>, <3, -10>, <4, 5>, <5, -6>, <6, 6>, <7, 
-14>, <9, -2>, <10, -5>, <11, -8>, <12, -4>, <13, -8>, <15, 5>, <16, 5>, <17, 
-6>, <18, -10>, <19, 4>, <20, -2>, <21, -2>, <22, -8>, <24, 3>, <26, -8>, <27, 
-6>, <28, -1>, <29, -2>, <30, -8>, <31, -6>, <32, -10>, <33, -4>, <34, 4>, <36, 
-8>, <38, 6>, <39, -6>, <40, 5>, <41, -14>, <44, -6>, <45, -2>, <48, 10>, <50, 
-4>, <52, 8>, <54, -2>, <55, 8>, <56, -8>, <59, -6>, <60, -11>, <62, 2>, <63, 
11>, <64, -11>, <71, -2>, <96, -5>, <318, 2> ] zero=[]
[PP] 6 53 form=10 oo=[ <1, -2>, <2, -2>, <3, -12>, <4, 2>, <5, -14>, <6, 4>, <7,
4>, <8, -6>, <9, -6>, <10, 4>, <11, -6>, <12, -4>, <13, 2>, <14, 6>, <15, -2>, 
<16, -6>, <17, -8>, <18, -12>, <19, 4>, <20, -2>, <21, -6>, <22, -6>, <23, 4>, 
<24, -4>, <26, -10>, <27, -10>, <28, -2>, <29, 6>, <30, -6>, <31, -4>, <32, 
-18>, <33, -8>, <34, 2>, <37, -2>, <38, -6>, <39, -10>, <40, -4>, <41, -20>, 
<43, -4>, <44, -6>, <45, 4>, <48, 12>, <50, -8>, <55, 6>, <56, -16>, <71, -2>, 
<106, 2>, <112, 2>, <117, -2>, <148, 2>, <159, 10>, <170, -2>, <172, 4> ] 
zero=[]
[PP] 6 53 form=11 oo=[ <1, -4>, <2, -6>, <3, -17>, <4, 2>, <5, -10>, <6, 8>, <7,
-20>, <8, -1>, <9, -4>, <10, -6>, <11, -4>, <12, -8>, <13, -8>, <14, 1>, <15, 
2>, <16, 4>, <17, -8>, <18, -17>, <19, 8>, <20, -4>, <21, -3>, <22, -14>, <23, 
-1>, <24, 4>, <26, -13>, <27, -11>, <28, -4>, <30, -14>, <31, -10>, <32, -18>, 
<33, -7>, <34, 6>, <36, -8>, <38, 4>, <39, -11>, <40, 6>, <41, -24>, <44, -6>, 
<45, -3>, <48, 17>, <50, -7>, <52, 8>, <54, -2>, <55, 14>, <56, -14>, <59, -2>, 
<60, -12>, <62, 6>, <63, 14>, <64, -16>, <71, -4>, <81, -2>, <96, -8>, <106, 2>,
<318, 2> ] zero=[]
[PP] 6 53 form=12 oo=[ <1, -3>, <2, -6>, <3, -17>, <4, 1>, <5, -10>, <6, 6>, <7,
-16>, <8, -1>, <9, -4>, <10, -5>, <11, -2>, <12, -8>, <13, -6>, <14, 1>, <15, 
1>, <16, 3>, <17, -6>, <18, -17>, <19, 8>, <20, -4>, <21, -3>, <22, -14>, <23, 
-1>, <24, 3>, <26, -13>, <27, -11>, <28, -3>, <30, -14>, <31, -10>, <32, -18>, 
<33, -7>, <34, 6>, <36, -6>, <38, 2>, <39, -11>, <40, 5>, <41, -24>, <44, -4>, 
<45, -3>, <48, 17>, <50, -7>, <52, 6>, <54, -2>, <55, 14>, <56, -14>, <60, -9>, 
<62, 6>, <63, 11>, <64, -13>, <71, -4>, <81, -2>, <96, -7>, <106, 2>, <318, 2> ]
zero=[]
[PP] 6 53 form=13 oo=[ <1, -5>, <2, -2>, <3, -13>, <4, 4>, <5, -16>, <6, 8>, <7,
5>, <8, -7>, <9, -6>, <10, 5>, <11, -9>, <12, -4>, <13, 2>, <14, 7>, <15, -2>, 
<16, -7>, <17, -14>, <18, -13>, <19, 4>, <20, -2>, <21, -7>, <22, -6>, <23, 5>, 
<24, -6>, <26, -11>, <27, -11>, <28, -3>, <29, 10>, <30, -6>, <31, -4>, <32, 
-20>, <33, -9>, <34, 2>, <36, -2>, <37, -2>, <38, -8>, <39, -11>, <40, -6>, <41,
-22>, <43, -5>, <44, -11>, <45, 5>, <48, 13>, <50, -9>, <55, 6>, <56, -18>, <71,
-2>, <106, 2>, <112, 4>, <117, -2>, <148, 2>, <159, 12>, <160, 1>, <170, -4>, 
<172, 5> ] zero=[]
[PP] 6 53 form=14 oo=[ <1, -2>, <4, 3>, <6, 3>, <7, -3>, <9, 1>, <11, -3>, <16, 
1>, <17, -8>, <24, -1>, <28, 1>, <29, 3>, <36, -5>, <37, 2>, <38, -1>, <40, -1>,
<42, 1>, <43, 1>, <44, -5>, <64, -2>, <148, -2>, <153, -2>, <160, 1>, <168, -1>,
<170, -2>, <172, -1> ] zero=[]
[PP] 6 53 form=15 oo=[ <1, -4>, <2, -4>, <3, -10>, <4, 4>, <5, -6>, <6, 4>, <7, 
-10>, <9, -2>, <10, -4>, <11, -6>, <12, -4>, <13, -6>, <15, 4>, <16, 4>, <17, 
-4>, <18, -10>, <19, 4>, <20, -2>, <21, -2>, <22, -8>, <24, 2>, <26, -8>, <27, 
-6>, <29, -2>, <30, -8>, <31, -6>, <32, -10>, <33, -4>, <34, 4>, <36, -6>, <38, 
4>, <39, -6>, <40, 4>, <41, -14>, <44, -4>, <45, -2>, <48, 10>, <50, -4>, <52, 
6>, <54, -2>, <55, 8>, <56, -8>, <59, -4>, <60, -8>, <62, 2>, <63, 8>, <64, -8>,
<71, -2>, <96, -4>, <318, 2> ] zero=[]

[AEC] d_divs = [ -24, -4, -4, -40 ]
[AEC] #all_cm_pts = 2, discs = [ <-4, 4, 1>, <-91, 1, 2> ]
[EXP] d=-24   #fs=9   d_fund=-24   Nprimes=[ 53 ]   fires=false  
vals[9]=Log2-8Log3
[EXP] d=-40   #fs=9   d_fund=-40   Nprimes=[ 53 ]   fires=false  vals[9]=Log0
[EXP] d=-43   #fs=9   d_fund=-43   Nprimes=[ 53 ]   fires=false  vals[9]=-7Log3
[EXP] d=-52   #fs=9   d_fund=-52   Nprimes=[ 53 ]   fires=false  vals[9]=-8Log3
[EXP] d=-123  #fs=9   d_fund=-123  Nprimes=[ 53 ]   fires=false  
vals[9]=Log2-7Log3
[EXP] d=-148  #fs=9   d_fund=-148  Nprimes=[ 53 ]   fires=false  
vals[9]=Log2-8Log3
[EXP] d=-163  #fs=9   d_fund=-163  Nprimes=[ 53 ]   fires=false  
vals[9]=-2Log2-6Log3
[EXP] d=-168  #fs=9   d_fund=-168  Nprimes=[ 53 ]   fires=false  
vals[9]=-Log2-7Log3
[EXP] d=-228  #fs=9   d_fund=-228  Nprimes=[ 53 ]   fires=false  
vals[9]=Log2-9Log3
[EXP] d=-312  #fs=9   d_fund=-312  Nprimes=[ 53 ]   fires=false  
vals[9]=2Log2-9Log3
[MAP] keys_fs = [ 11, 12, 13, 14, 15, 9, -1, 10, -2 ]  sIndex = 7  sTildeIndex =
9

[VACM] allds = [ -4, -24, -40, -43, -52, -123, -148, -163, -168, -228, -312 ]
[VACM] s_idx=7 stilde_idx=9  #table=9  #s=11
[VACM] s      = [
Logoo,
Log0,
-Log2,
-2Log2,
-2Log2,
0,
0,
-4Log2,
-3Log2,
-Log3,
-Log2-Log3
]
[VACM] stilde = [
Logoo,
Log2-2Log3,
Log0,
-Log3,
-2Log3,
Log2-Log3,
Log2-2Log3,
-2Log2,
-Log2-Log3,
Log2-3Log3,
2Log2-3Log3
]
[VACM] Index(s,0)=2  Index(stilde,0)=3

[find_signs] ds = [ -4, -24, -40, -43, -52, -123, -148, -163, -168, -228, -312 ]
[find_signs] degs = [ 1, 1, 1, 1, 1, 1, 1, 1, 1, 1, 1 ]
[find_signs] s = [* Infinity, 0, 1/2, 1/4, 1/4, 1, 1, 1/16, 1/8, 1/3, 1/6 *]
[find_signs] stilde = [* Infinity, 2/9, 0, 1/3, 1/9, 2/3, 2/9, 1/4, 1/6, 2/27, 
4/27 *]
[find_signs] Index(s,0)=2 Index(stilde,0)=3 Index(s,oo)=1 Index(stilde,oo)=1
[RCE] cover key=11 g=3 #rat=10 dim(ker)=1
[RCE]    ds  = [ -24, -40, -43, -52, -123, -148, -163, -168, -228, -312 ]
[RCE]    s   = [ 0, 1, -1/2, 1/2, -2, 2, -1/8, 1/4, 2/3, 1/3 ]
[RCE]    y2  = [ 0, 5/9216, -43/9216, 13/2985984, -41/12, 1813/11664, 
-58843/603979776, 7/3145728, 19/531441, 13/544195584 ]
[RCE] cover key=12 g=2 #rat=10 dim(ker)=1
[RCE]    ds  = [ -24, -40, -43, -52, -123, -148, -163, -168, -228, -312 ]
[RCE]    s   = [ 0, 1, -1/2, 1/2, -2, 2, -1/8, 1/4, 2/3, 1/3 ]
[RCE]    y2  = [ -1/1944, -5/4608, -43/2304, -13/746496, -41/12, -1813/11664, 
-58843/37748736, -7/393216, -19/177147, -13/90699264 ]
[RCE] cover key=13 g=1 #rat=10 dim(ker)=1
[RCE]    ds  = [ -24, -40, -43, -52, -123, -148, -163, -168, -228, -312 ]
[RCE]    s   = [ 0, 1, -1/2, 1/2, -2, 2, -1/8, 1/4, 2/3, 1/3 ]
[RCE]    y2  = [ 0, 1024, 4096, 1024/9, 167936, 200704/9, 361, -112, 77824/243, 
-13312/243 ]
[RCE] cover key=14 g=0 #rat=10 dim(ker)=1
[RCE]    ds  = [ -24, -40, -43, -52, -123, -148, -163, -168, -228, -312 ]
[RCE]    s   = [ 0, 1, -1/2, 1/2, -2, 2, -1/8, 1/4, 2/3, 1/3 ]
[RCE]    y2  = [ 0, -1/2, 1/4, -1/4, 1, -1, 1/16, -1/8, -1/3, -1/6 ]
[RCE] cover key=15 g=1 #rat=10 dim(ker)=1
[RCE]    ds  = [ -24, -40, -43, -52, -123, -148, -163, -168, -228, -312 ]
[RCE]    s   = [ 0, 1, -1/2, 1/2, -2, 2, -1/8, 1/4, 2/3, 1/3 ]
[RCE]    y2  = [ -1/1728, 5/2304, -43/9216, 13/82944, -1/12, 37/1296, 
-163/147456, -1/12288, 1/2187, -1/559872 ]
[RCE] cover key=9 g=1 #rat=10 dim(ker)=1
[RCE]    ds  = [ -24, -40, -43, -52, -123, -148, -163, -168, -228, -312 ]
[RCE]    s   = [ 0, 1, -1/2, 1/2, -2, 2, -1/8, 1/4, 2/3, 1/3 ]
[RCE]    y2  = [ 0, -5/4608, -43/36864, -13/331776, -1/12, -37/1296, 
-163/2359296, 1/98304, -1/6561, 1/3359232 ]
[RCE] cover key=10 g=1 #rat=10 dim(ker)=1
[RCE]    ds  = [ -24, -40, -43, -52, -123, -148, -163, -168, -228, -312 ]
[RCE]    s   = [ 0, 1, -1/2, 1/2, -2, 2, -1/8, 1/4, 2/3, 1/3 ]
[RCE]    y2  = [ 2048/9, -128, 1024, -256/9, 10496, -12544/9, 361, 56, -4864/81,
1664/81 ]
[ORACLE] 6 53 BUILD_OK (term already consistent; multipliers may all be 0)
[ORACLE] 6 53 elapsed 2018.820 s
