
[ORACLE] ===== X0^6(71) =====
[PP] 6 71 form=-2 oo=[ <1, -3>, <2, 50/13>, <3, -25/13>, <4, 27/13>, <5, 1/13>, 
<6, 138/13>, <8, 1/13>, <9, -2/13>, <10, 2/13>, <11, -2>, <12, -12/13>, <15, 
-50/13>, <16, -108/13>, <17, 1>, <18, -44/13>, <19, -38/13>, <20, 40/13>, <22, 
-1>, <24, -8/13>, <25, 80/13>, <26, -1>, <27, 18/13>, <29, 9/13>, <30, 8/13>, 
<32, 69/13>, <36, 44/13>, <37, -19/13>, <38, 58/13>, <40, -51/13>, <41, -2>, 
<43, 67/13>, <45, -95/13>, <48, -24/13>, <49, -67/13>, <50, -6/13>, <51, -1>, 
<54, -16/13>, <57, 6/13>, <58, -28/13>, <60, 68/13>, <64, 55/13>, <67, 1>, <71, 
2>, <72, -4>, <73, 38/13>, <74, -98/13>, <75, 61/13>, <76, -113/13>, <77, 
-61/13>, <79, 25/13>, <80, -5>, <81, -43/13>, <83, 14/13>, <86, 94/13>, <87, 
43/13>, <198, 1>, <207, 2>, <209, -1>, <224, -3>, <225, 71/13> ] zero=[]
[PP] 6 71 form=-1 oo=[ <1, -12>, <2, 200/13>, <3, -100/13>, <4, 108/13>, <5, 
4/13>, <6, 552/13>, <8, 4/13>, <9, -8/13>, <10, 8/13>, <11, -2>, <12, -48/13>, 
<13, -1>, <14, -2>, <15, -200/13>, <16, -432/13>, <17, 1>, <18, -176/13>, <19, 
-152/13>, <20, 160/13>, <22, -1>, <24, -32/13>, <25, 320/13>, <26, -1>, <27, 
72/13>, <29, 36/13>, <30, 32/13>, <31, -1>, <32, 276/13>, <36, 176/13>, <37, 
-76/13>, <38, 232/13>, <39, -4>, <40, -204/13>, <41, -4>, <43, 268/13>, <45, 
-380/13>, <46, 1>, <48, -96/13>, <49, -268/13>, <50, -24/13>, <51, -1>, <52, 1>,
<54, -64/13>, <57, 24/13>, <58, -112/13>, <60, 272/13>, <64, 220/13>, <71, 8>, 
<72, -16>, <73, 152/13>, <74, -392/13>, <75, 244/13>, <76, -452/13>, <77, 
-244/13>, <79, 100/13>, <80, -20>, <81, -172/13>, <83, 56/13>, <86, 376/13>, 
<87, 172/13>, <184, -1>, <198, 1>, <207, 2>, <208, 1>, <209, -3>, <220, 1>, 
<224, -5>, <225, 284/13> ] zero=[]
[PP] 6 71 form=8 oo=[ <1, -48/71>, <2, -146/71>, <3, 2/71>, <4, -76/71>, <5, 
34/71>, <6, 290/71>, <7, 6>, <8, 176/71>, <9, 74/71>, <10, 68/71>, <11, 4>, <12,
-124/71>, <13, -1>, <14, 2>, <15, 4/71>, <16, -122/71>, <17, -32/71>, <18, 
66/71>, <19, -14/71>, <20, 224/71>, <23, 2>, <24, -130/71>, <25, 164/71>, <26, 
742/71>, <27, 186/71>, <28, 8>, <29, 164/71>, <30, 272/71>, <31, 4>, <32, 
216/71>, <35, 174/71>, <36, 76/71>, <37, 64/71>, <38, 126/71>, <39, -2>, <40, 
-30/71>, <41, -110/71>, <43, 6/71>, <45, -248/71>, <47, -394/71>, <48, -106/71>,
<49, -6/71>, <50, -62/71>, <51, -8>, <52, 1>, <54, 166/71>, <56, 316/71>, <57, 
204/71>, <58, 184/71>, <59, -316/71>, <60, 182/71>, <63, -10>, <64, 24/71>, <71,
316/71>, <72, -206/71>, <73, 14/71>, <74, -208/71>, <75, 228/71>, <76, -150/71>,
<77, -228/71>, <79, -144/71>, <80, -80/71>, <81, -42/71>, <82, 1>, <83, 50/71>, 
<86, 214/71>, <87, 42/71>, <99, 2>, <112, -4>, <124, -2>, <213, 2>, <328, -1>, 
<426, 2> ] zero=[]
[PP] 6 71 form=9 oo=[ <1, -25>, <2, 384/13>, <3, -205/13>, <4, 211/13>, <5, 
29/13>, <6, 1168/13>, <7, -2>, <8, 29/13>, <9, 20/13>, <10, 32/13>, <11, -4>, 
<12, -114/13>, <13, -2>, <14, -4>, <15, -410/13>, <16, -870/13>, <17, 2>, <18, 
-340/13>, <19, -296/13>, <20, 354/13>, <22, -2>, <24, -76/13>, <25, 656/13>, 
<26, -2>, <27, 158/13>, <28, 2>, <29, 105/13>, <30, 102/13>, <31, -2>, <32, 
571/13>, <36, 366/13>, <37, -161/13>, <38, 486/13>, <39, -6>, <40, -413/13>, 
<41, -10>, <43, 539/13>, <45, -805/13>, <46, 2>, <48, -202/13>, <49, -539/13>, 
<50, -44/13>, <51, -4>, <54, -100/13>, <57, 96/13>, <58, -188/13>, <60, 568/13>,
<64, 451/13>, <71, 18>, <72, -34>, <73, 296/13>, <74, -814/13>, <75, 521/13>, 
<76, -911/13>, <77, -521/13>, <79, 179/13>, <80, -41>, <81, -363/13>, <83, 
120/13>, <86, 802/13>, <87, 337/13>, <142, 2>, <184, -2>, <198, 2>, <207, 4>, 
<208, 2>, <209, -6>, <213, 2>, <220, 2>, <224, -12>, <225, 577/13> ] zero=[]
[PP] 6 71 form=10 oo=[ <1, 40/71>, <2, -44/71>, <3, -120/71>, <4, -126/71>, <5, 
-52/71>, <6, 208/71>, <7, 6>, <8, 90/71>, <9, 388/71>, <10, 38/71>, <11, 4>, 
<12, -86/71>, <13, -1>, <14, 4>, <15, -240/71>, <16, -64/71>, <17, 216/71>, <18,
158/71>, <19, -12/71>, <20, 334/71>, <24, -10/71>, <25, 100/71>, <26, 636/71>, 
<27, 58/71>, <28, 6>, <29, 242/71>, <30, 294/71>, <31, 4>, <32, 104/71>, <35, 
68/71>, <36, 126/71>, <37, 136/71>, <38, -34/71>, <39, -4>, <40, -46/71>, <41, 
-216/71>, <43, -76/71>, <45, -172/71>, <47, -642/71>, <48, -172/71>, <49, 
76/71>, <50, 28/71>, <51, -8>, <52, 1>, <54, 122/71>, <55, -2>, <56, 210/71>, 
<57, 398/71>, <58, 320/71>, <59, -210/71>, <60, 298/71>, <63, -10>, <64, 
122/71>, <71, 68/71>, <72, -136/71>, <73, 12/71>, <74, -16/71>, <75, 378/71>, 
<76, 54/71>, <77, -94/71>, <79, -164/71>, <80, -170/71>, <81, -36/71>, <82, 1>, 
<83, 124/71>, <86, 366/71>, <87, -106/71>, <99, 4>, <112, -6>, <124, -4>, <142, 
2>, <328, -1>, <426, 2> ] zero=[]
[PP] 6 71 form=11 oo=[ <1, -26/71>, <2, -156/71>, <3, -64/71>, <4, -124/71>, <5,
48/71>, <6, 376/71>, <7, 6>, <8, 190/71>, <9, 330/71>, <10, 96/71>, <11, 6>, 
<12, -150/71>, <13, -1>, <14, 4>, <15, -128/71>, <16, -72/71>, <17, 172/71>, 
<18, 160/71>, <19, 22/71>, <20, 358/71>, <23, 2>, <24, -100/71>, <25, 148/71>, 
<26, 822/71>, <27, 154/71>, <28, 8>, <29, 290/71>, <30, 384/71>, <31, 4>, <32, 
188/71>, <35, 112/71>, <36, 124/71>, <37, 82/71>, <38, 86/71>, <39, -4>, <40, 
-34/71>, <41, -314/71>, <43, -50/71>, <45, -300/71>, <47, -740/71>, <48, 
-158/71>, <49, 50/71>, <50, -4/71>, <51, -10>, <52, 1>, <54, 226/71>, <55, -2>, 
<56, 254/71>, <57, 430/71>, <58, 360/71>, <59, -254/71>, <60, 282/71>, <63, 
-12>, <64, 84/71>, <71, 254/71>, <72, -224/71>, <73, -22/71>, <74, -160/71>, 
<75, 372/71>, <76, -28/71>, <77, -230/71>, <79, -220/71>, <80, -138/71>, <81, 
-76/71>, <82, 1>, <83, 104/71>, <86, 394/71>, <87, -66/71>, <99, 4>, <112, -6>, 
<124, -4>, <142, 2>, <213, 2>, <328, -1>, <426, 2> ] zero=[]
[PP] 6 71 form=12 oo=[ <1, -19>, <2, 320/13>, <3, -173/13>, <4, 165/13>, <5, 
9/13>, <6, 904/13>, <8, 9/13>, <9, 34/13>, <10, 18/13>, <11, -4>, <12, -82/13>, 
<13, -2>, <14, -2>, <15, -346/13>, <16, -686/13>, <17, 2>, <18, -266/13>, <19, 
-238/13>, <20, 282/13>, <22, -2>, <23, 2>, <24, -46/13>, <25, 512/13>, <26, -2>,
<27, 110/13>, <29, 81/13>, <30, 72/13>, <31, -2>, <32, 439/13>, <36, 292/13>, 
<37, -119/13>, <38, 366/13>, <39, -6>, <40, -329/13>, <41, -6>, <43, 421/13>, 
<45, -621/13>, <46, 2>, <48, -164/13>, <49, -421/13>, <50, -28/13>, <51, -2>, 
<54, -92/13>, <57, 80/13>, <58, -148/13>, <60, 456/13>, <64, 365/13>, <71, 12>, 
<72, -26>, <73, 238/13>, <74, -622/13>, <75, 419/13>, <76, -705/13>, <77, 
-393/13>, <79, 147/13>, <80, -33>, <81, -283/13>, <83, 100/13>, <86, 638/13>, 
<87, 257/13>, <142, 2>, <184, -2>, <198, 2>, <207, 6>, <208, 2>, <209, -4>, 
<220, 2>, <224, -8>, <225, 457/13> ] zero=[]
[PP] 6 71 form=13 oo=[ <2, -36/13>, <3, 18/13>, <4, -8/13>, <5, 18/13>, <6, 
-12/13>, <7, -2>, <8, 18/13>, <9, -10/13>, <10, 10/13>, <11, 2>, <12, -8/13>, 
<13, 2>, <15, 36/13>, <16, 32/13>, <18, 14/13>, <19, 18/13>, <20, -8/13>, <24, 
-14/13>, <25, -16/13>, <26, 2>, <27, 12/13>, <28, 2>, <29, 6/13>, <30, 14/13>, 
<32, -6/13>, <36, -14/13>, <37, -4/13>, <38, 4/13>, <39, 2>, <40, 18/13>, <41, 
-2>, <43, -16/13>, <45, 6/13>, <48, 10/13>, <49, 16/13>, <50, -4/13>, <51, -2>, 
<52, -2>, <54, 24/13>, <55, 2>, <57, 4/13>, <58, 16/13>, <60, -24/13>, <64, 
-24/13>, <71, 2>, <73, -18/13>, <74, 4/13>, <75, -20/13>, <76, 20/13>, <77, 
-6/13>, <79, -18/13>, <80, 2>, <81, 6/13>, <83, -8/13>, <86, -24/13>, <87, 
-6/13>, <183, -2>, <213, 2>, <225, -22/13> ] zero=[]
[PP] 6 71 form=14 oo=[ <1, 18/71>, <2, -34/71>, <3, -54/71>, <4, -78/71>, <5, 
-66/71>, <6, 122/71>, <7, 6>, <8, 76/71>, <9, 132/71>, <10, 10/71>, <11, 2>, 
<12, -60/71>, <13, -1>, <14, 2>, <15, -108/71>, <16, -114/71>, <17, 12/71>, <18,
64/71>, <19, -48/71>, <20, 200/71>, <24, -40/71>, <25, 116/71>, <26, 556/71>, 
<27, 90/71>, <28, 6>, <29, 116/71>, <30, 182/71>, <31, 4>, <32, 132/71>, <35, 
130/71>, <36, 78/71>, <37, 118/71>, <38, 6/71>, <39, -2>, <40, -42/71>, <41, 
-12/71>, <43, -20/71>, <45, -120/71>, <47, -296/71>, <48, -120/71>, <49, 20/71>,
<50, -30/71>, <51, -6>, <52, 1>, <54, 62/71>, <56, 272/71>, <57, 172/71>, <58, 
144/71>, <59, -272/71>, <60, 198/71>, <63, -8>, <64, 62/71>, <71, 130/71>, <72, 
-118/71>, <73, 48/71>, <74, -64/71>, <75, 234/71>, <76, -68/71>, <77, -92/71>, 
<79, -88/71>, <80, -112/71>, <81, -2/71>, <82, 1>, <83, 70/71>, <86, 186/71>, 
<87, 2/71>, <99, 2>, <112, -4>, <124, -2>, <328, -1>, <426, 2> ] zero=[]
