
[ORACLE] ===== X0^6(79) =====
[PP] 6 79 form=-2 oo=[ <1, -2>, <4, -2>, <6, -6>, <7, -8>, <10, 2>, <13, -2>, 
<14, 3>, <15, -2>, <17, 3>, <22, 2>, <24, 6>, <27, -2>, <28, 3>, <29, -8>, <35, 
-5>, <39, -4>, <40, -2>, <41, 9>, <46, -2>, <47, -6>, <48, -4>, <53, -1>, <54, 
10>, <55, 2>, <56, 9>, <58, 5>, <59, 4>, <60, 2>, <64, 2>, <67, -2>, <68, 10>, 
<71, -4>, <74, 13>, <77, 5>, <79, 2>, <156, 2>, <172, 1>, <175, 1>, <199, -3>, 
<216, -10>, <221, 11>, <224, 6>, <227, 4>, <232, -5>, <233, 9>, <236, 1>, <240, 
-2> ] zero=[]
[PP] 6 79 form=-1 oo=[ <1, 2>, <4, 2>, <6, 2>, <7, -2>, <10, -2>, <12, -2>, <13,
2>, <14, -2>, <15, -2>, <17, -3>, <22, -2>, <27, -2>, <29, 2>, <35, -1>, <39, 
-2>, <40, 2>, <46, 2>, <53, 3>, <54, 2>, <55, -2>, <56, 4>, <58, 2>, <60, -2>, 
<63, -4>, <64, -2>, <67, 2>, <71, -5>, <77, -4>, <79, -2>, <175, 2>, <192, -2>, 
<199, -2>, <216, -2>, <224, 2>, <227, -3>, <232, -2>, <233, 1>, <236, 4> ] 
zero=[]
[PP] 6 79 form=8 oo=[ <1, -25>, <2, -1/2>, <3, -2>, <4, -25>, <5, -3/2>, <6, 
-70>, <7, -64>, <8, 3/2>, <10, 47/2>, <11, 5/2>, <12, -16>, <13, -22>, <14, 
-46>, <15, 76>, <17, -24>, <18, -1/2>, <19, 1>, <20, -1>, <22, 45/2>, <23, 3>, 
<24, 64>, <25, -1/2>, <26, -3>, <27, -18>, <28, 22>, <29, 16>, <30, 34>, <31, 
1>, <32, 3>, <33, -68>, <34, 40>, <35, 28>, <36, -1>, <38, 1>, <39, 42>, <40, 
-24>, <41, -30>, <42, -3/2>, <44, 1/2>, <45, -1/2>, <46, -25>, <47, 76>, <48, 
-16>, <50, -3>, <51, -1/2>, <52, -3/2>, <53, 2>, <54, -4>, <55, 20>, <56, -4>, 
<59, -20>, <60, 4>, <62, 4>, <63, 4>, <64, 47/2>, <65, -5/2>, <67, -25>, <68, 
-10>, <71, 46>, <72, -3/2>, <74, -28>, <77, 2>, <79, 20>, <80, 4>, <81, -4>, 
<86, 14>, <96, 12>, <103, -102>, <108, -2>, <112, 4>, <120, -34>, <126, 2>, 
<127, -20>, <132, 68>, <135, -14>, <136, -40>, <156, 20>, <237, 2>, <474, 2> ] 
zero=[]
[PP] 6 79 form=9 oo=[ <1, -3>, <2, -1/2>, <4, -3>, <5, 1/2>, <6, -4>, <7, -14>, 
<8, 3/2>, <10, 3/2>, <11, 1/2>, <12, -2>, <13, -2>, <14, 2>, <15, -8>, <17, -1>,
<18, -1/2>, <19, 1>, <20, -1>, <22, 1/2>, <23, 1>, <24, 10>, <25, -1/2>, <26, 
-1>, <27, -8>, <28, 4>, <29, -8>, <31, 1>, <32, 1>, <35, -7>, <36, -1>, <38, 1>,
<39, -10>, <40, -2>, <41, 14>, <42, -3/2>, <43, -2>, <44, 1/2>, <45, -1/2>, <46,
-3>, <47, -6>, <48, -4>, <50, -1>, <51, -1/2>, <52, -3/2>, <53, 7>, <54, 14>, 
<56, 18>, <57, 2>, <58, 8>, <59, 8>, <62, 2>, <63, -6>, <64, 3/2>, <65, -1/2>, 
<67, -3>, <68, 16>, <71, -17>, <72, -3/2>, <74, 16>, <80, 2>, <81, -2>, <96, 
-4>, <172, 2>, <175, 4>, <192, -4>, <199, -4>, <216, -16>, <221, 14>, <224, 14>,
<227, 3>, <228, -2>, <232, -8>, <233, 15>, <236, 12>, <237, 2>, <240, -4> ] 
zero=[]
[PP] 6 79 form=10 oo=[ <1, -18>, <3, -4>, <4, -18>, <5, -2>, <6, -44>, <7, -38>,
<10, 18>, <11, 2>, <12, -10>, <13, -16>, <14, -30>, <15, 50>, <17, -18>, <22, 
18>, <23, 2>, <24, 38>, <26, -2>, <27, -8>, <28, 14>, <29, 12>, <30, 24>, <32, 
2>, <33, -42>, <34, 26>, <35, 12>, <39, 26>, <40, -18>, <41, -14>, <46, -18>, 
<47, 40>, <48, -12>, <50, -2>, <53, 2>, <55, 16>, <59, -12>, <60, 4>, <62, 2>, 
<64, 18>, <65, -2>, <67, -18>, <68, -2>, <71, 26>, <74, -16>, <79, 16>, <80, 2>,
<81, -2>, <86, 4>, <96, 8>, <103, -64>, <107, -4>, <108, -2>, <112, 2>, <113, 
-4>, <120, -24>, <126, 4>, <127, -14>, <132, 42>, <135, -10>, <136, -26>, <156, 
12>, <474, 2> ] zero=[]
[PP] 6 79 form=11 oo=[ <1, -23>, <2, -1/2>, <3, -2>, <4, -23>, <5, -3/2>, <6, 
-62>, <7, -56>, <8, 3/2>, <10, 43/2>, <11, 5/2>, <12, -14>, <13, -20>, <14, 
-40>, <15, 68>, <17, -22>, <18, -1/2>, <19, 1>, <20, -1>, <22, 41/2>, <23, 3>, 
<24, 56>, <25, -1/2>, <26, -3>, <27, -16>, <28, 20>, <29, 14>, <30, 30>, <31, 
1>, <32, 3>, <33, -60>, <34, 36>, <35, 24>, <36, -1>, <38, 1>, <39, 36>, <40, 
-22>, <41, -26>, <42, -3/2>, <44, 1/2>, <45, -1/2>, <46, -23>, <47, 66>, <48, 
-14>, <50, -3>, <51, -1/2>, <52, -3/2>, <53, 2>, <54, -4>, <55, 18>, <56, -4>, 
<59, -18>, <60, 4>, <62, 4>, <63, 2>, <64, 43/2>, <65, -5/2>, <67, -23>, <68, 
-8>, <71, 40>, <72, -3/2>, <74, -24>, <77, 2>, <79, 18>, <80, 4>, <81, -4>, <86,
12>, <96, 10>, <103, -90>, <108, -2>, <112, 4>, <120, -30>, <126, 2>, <127, 
-18>, <132, 60>, <135, -12>, <136, -36>, <156, 18>, <237, 2>, <474, 2> ] zero=[]
[PP] 6 79 form=12 oo=[ <1, 2>, <4, 2>, <6, 2>, <7, -2>, <10, -2>, <12, -2>, <13,
2>, <14, -2>, <15, -2>, <17, -3>, <22, -2>, <27, -2>, <29, 2>, <35, -1>, <39, 
-2>, <40, 2>, <46, 2>, <53, 3>, <54, 2>, <55, -2>, <56, 4>, <58, 2>, <60, -2>, 
<63, -4>, <64, -2>, <67, 2>, <71, -5>, <77, -4>, <79, -2>, <175, 2>, <192, -2>, 
<199, -2>, <216, -2>, <224, 2>, <227, -3>, <232, -2>, <233, 1>, <236, 4> ] 
zero=[]
[PP] 6 79 form=13 oo=[ <1, -1>, <2, -1/2>, <4, -1>, <5, 1/2>, <6, -10>, <7, 
-20>, <8, 3/2>, <10, -1/2>, <11, 1/2>, <12, -4>, <14, 4>, <15, -10>, <18, -1/2>,
<19, 1>, <20, -1>, <22, -3/2>, <23, 1>, <24, 14>, <25, -1/2>, <26, -1>, <27, 
-10>, <28, 8>, <29, -14>, <31, 1>, <32, 1>, <35, -12>, <36, -1>, <38, 1>, <39, 
-12>, <41, 22>, <42, -3/2>, <43, -2>, <44, 1/2>, <45, -1/2>, <46, -1>, <47, 
-14>, <48, -8>, <50, -1>, <51, -1/2>, <52, -3/2>, <53, 6>, <54, 24>, <55, -2>, 
<56, 30>, <57, 2>, <58, 14>, <59, 12>, <60, 2>, <62, 2>, <63, -10>, <64, -1/2>, 
<65, -1/2>, <67, -1>, <68, 24>, <71, -22>, <72, -3/2>, <74, 32>, <77, 4>, <79, 
-2>, <80, 2>, <81, -2>, <156, 4>, <172, 2>, <175, 6>, <192, -2>, <199, -10>, 
<216, -26>, <221, 26>, <224, 20>, <227, 4>, <228, -2>, <232, -14>, <233, 24>, 
<236, 12>, <237, 2>, <240, -4> ] zero=[]
[PP] 6 79 form=14 oo=[ <1, -16>, <3, -4>, <4, -16>, <5, -2>, <6, -36>, <7, -30>,
<10, 16>, <11, 2>, <12, -8>, <13, -14>, <14, -24>, <15, 42>, <17, -16>, <22, 
16>, <23, 2>, <24, 30>, <26, -2>, <27, -6>, <28, 12>, <29, 10>, <30, 20>, <32, 
2>, <33, -34>, <34, 22>, <35, 8>, <39, 20>, <40, -16>, <41, -10>, <46, -16>, 
<47, 30>, <48, -10>, <50, -2>, <53, 2>, <55, 14>, <59, -10>, <60, 4>, <62, 2>, 
<63, -2>, <64, 16>, <65, -2>, <67, -16>, <71, 20>, <74, -12>, <79, 14>, <80, 2>,
<81, -2>, <86, 2>, <96, 6>, <103, -52>, <107, -4>, <108, -2>, <112, 2>, <113, 
-4>, <120, -20>, <126, 4>, <127, -12>, <132, 34>, <135, -8>, <136, -22>, <156, 
10>, <474, 2> ] zero=[]
