X_0^51(2), M = 204
form -2 (ord_oo 102, ord_0 153/204): (d, ord at tau_d, extra) = []
    on divisor only: []
form -1 (ord_oo 45, ord_0 153/204): (d, ord at tau_d, extra) = []
    on divisor only: []
form 9 (ord_oo 102, ord_0 153/204): (d, ord at tau_d, extra) = []
    on divisor only: []
form 10 (ord_oo 51, ord_0 153/204): (d, ord at tau_d, extra) = []
    on divisor only: []
form 11 (ord_oo 102, ord_0 0/204): (d, ord at tau_d, extra) = []
    on divisor only: []
form 12 (ord_oo 102, ord_0 153/204): (d, ord at tau_d, extra) = []
    on divisor only: []
form 13 (ord_oo 45, ord_0 153/204): (d, ord at tau_d, extra) = []
    on divisor only: []
form 14 (ord_oo 51, ord_0 153/204): (d, ord at tau_d, extra) = []
    on divisor only: []
form 15 (ord_oo 102, ord_0 153/204): (d, ord at tau_d, extra) = []
    on divisor only: []
DISCREPANCIES (ord = 0, extra != 0): 0
XTERMS2_DONE
