X_0^39(2), M = 156
form -2 (ord_oo 78, ord_0 195/156): (d, ord at tau_d, extra) = []
    on divisor only: []
form -1 (ord_oo 32, ord_0 0/156): (d, ord at tau_d, extra) = []
    on divisor only: []
form 9 (ord_oo 78, ord_0 195/156): (d, ord at tau_d, extra) = []
    on divisor only: [ -39 ]
form 10 (ord_oo 39, ord_0 195/156): (d, ord at tau_d, extra) = []
    on divisor only: [ -39 ]
form 11 (ord_oo 78, ord_0 195/156): (d, ord at tau_d, extra) = []
    on divisor only: []
form 12 (ord_oo 78, ord_0 195/156): (d, ord at tau_d, extra) = []
    on divisor only: [ -39 ]
form 13 (ord_oo 32, ord_0 0/156): (d, ord at tau_d, extra) = []
    on divisor only: []
form 14 (ord_oo 39, ord_0 195/156): (d, ord at tau_d, extra) = []
    on divisor only: [ -39 ]
form 15 (ord_oo 78, ord_0 195/156): (d, ord at tau_d, extra) = []
    on divisor only: []
DISCREPANCIES (ord = 0, extra != 0): 0
XTERMS2_DONE
