X_0^15(2), M = 60
form -2 (ord_oo 30, ord_0 30/60): (d, ord at tau_d, extra) = []
    on divisor only: []
form -1 (ord_oo 10, ord_0 45/60): (d, ord at tau_d, extra) = []
    on divisor only: []
form 9 (ord_oo 30, ord_0 30/60): (d, ord at tau_d, extra) = []
    on divisor only: [ -15 ]
form 10 (ord_oo 15, ord_0 30/60): (d, ord at tau_d, extra) = []
    on divisor only: [ -15 ]
form 11 (ord_oo 30, ord_0 30/60): (d, ord at tau_d, extra) = []
    on divisor only: []
form 12 (ord_oo 30, ord_0 30/60): (d, ord at tau_d, extra) = []
    on divisor only: [ -15 ]
form 13 (ord_oo 10, ord_0 45/60): (d, ord at tau_d, extra) = []
    on divisor only: []
form 14 (ord_oo 15, ord_0 30/60): (d, ord at tau_d, extra) = []
    on divisor only: [ -15 ]
form 15 (ord_oo 30, ord_0 30/60): (d, ord at tau_d, extra) = []
    on divisor only: []
DISCREPANCIES (ord = 0, extra != 0): 0
XTERMS2_DONE
