X_0^35(2), M = 140
form -2 (ord_oo 22, ord_0 -1/140): (d, ord at tau_d, extra) = []
    on divisor only: []
form -1 (ord_oo 70, ord_0 35/140): (d, ord at tau_d, extra) = []
    on divisor only: []
form 9 (ord_oo 70, ord_0 35/140): (d, ord at tau_d, extra) = []
    on divisor only: []
form 10 (ord_oo 35, ord_0 35/140): (d, ord at tau_d, extra) = []
    on divisor only: []
form 11 (ord_oo 70, ord_0 35/140): (d, ord at tau_d, extra) = []
    on divisor only: []
form 12 (ord_oo 70, ord_0 35/140): (d, ord at tau_d, extra) = []
    on divisor only: [ -7 ]
form 13 (ord_oo 12, ord_0 35/140): (d, ord at tau_d, extra) = []
    on divisor only: [ -7 ]
form 14 (ord_oo 35, ord_0 35/140): (d, ord at tau_d, extra) = []
    on divisor only: [ -7 ]
form 15 (ord_oo 70, ord_0 35/140): (d, ord at tau_d, extra) = []
    on divisor only: [ -7 ]
DISCREPANCIES (ord = 0, extra != 0): 0
XTERMS2_DONE
