X_0^21(2), M = 84
form -2 (ord_oo 42, ord_0 21/84): (d, ord at tau_d, extra) = []
    on divisor only: []
form -1 (ord_oo 21, ord_0 21/84): (d, ord at tau_d, extra) = []
    on divisor only: []
form 9 (ord_oo 42, ord_0 21/84): (d, ord at tau_d, extra) = []
    on divisor only: []
form 10 (ord_oo 21, ord_0 21/84): (d, ord at tau_d, extra) = []
    on divisor only: []
form 11 (ord_oo 42, ord_0 21/84): (d, ord at tau_d, extra) = []
    on divisor only: []
form 12 (ord_oo 42, ord_0 21/84): (d, ord at tau_d, extra) = []
    on divisor only: [ -7 ]
form 13 (ord_oo 9, ord_0 0/84): (d, ord at tau_d, extra) = []
    on divisor only: [ -7 ]
form 14 (ord_oo 21, ord_0 0/84): (d, ord at tau_d, extra) = []
    on divisor only: [ -7 ]
form 15 (ord_oo 42, ord_0 21/84): (d, ord at tau_d, extra) = []
    on divisor only: [ -7 ]
DISCREPANCIES (ord = 0, extra != 0): 0
XTERMS2_DONE
