curve 977: D=1 N=210 g=5 #W=8 Qmax=30 | table bound 98, budget bound 56, ceiling
-> effective bound 37
p=11  cpu 4.540 s  wall 4.530 s  cumulative cpu 4.5500 s   wp=T^10 + 3*T^9 + 
23*T^8 - 28*T^7 - 38*T^6 - 1342*T^5 - 418*T^4 - 3388*T^3 + 30613*T^2 + 43923*T +
161051
p=13  cpu 6.460 s  wall 6.460 s  cumulative cpu 11.010 s   wp=T^10 + T^9 + 
23*T^8 - 8*T^7 + 492*T^6 + 254*T^5 + 6396*T^4 - 1352*T^3 + 50531*T^2 + 28561*T +
371293
p=17  cpu 12.03 s  wall 12.03 s  cumulative cpu 23.040 s   wp=T^10 + T^9 + 
41*T^8 + 20*T^7 + 934*T^6 + 534*T^5 + 15878*T^4 + 5780*T^3 + 201433*T^2 + 
83521*T + 1419857
p=19  cpu 16.35 s  wall 16.35 s  cumulative cpu 39.390 s   wp=T^10 - 8*T^9 + 
99*T^8 - 560*T^7 + 3774*T^6 - 15504*T^5 + 71706*T^4 - 202160*T^3 + 679041*T^2 - 
1042568*T + 2476099
p=23  cpu 28.46 s  wall 28.46 s  cumulative cpu 67.850 s   wp=T^10 + 6*T^9 + 
67*T^8 + 392*T^7 + 2746*T^6 + 11684*T^5 + 63158*T^4 + 207368*T^3 + 815189*T^2 + 
1679046*T + 6436343
p=29  cpu 57.63 s  wall 57.64 s  cumulative cpu 125.48 s   wp=T^10 - 3*T^9 + 
73*T^8 - 388*T^7 + 2674*T^6 - 16738*T^5 + 77546*T^4 - 326308*T^3 + 1780397*T^2 -
2121843*T + 20511149
p=31  cpu 69.79 s  wall 69.82 s  cumulative cpu 195.27 s   wp=T^10 + 4*T^9 + 
59*T^8 - 80*T^7 + 426*T^6 - 10600*T^5 + 13206*T^4 - 76880*T^3 + 1757669*T^2 + 
3694084*T + 28629151
p=37  cpu 120.8 s  wall 124.0 s  cumulative cpu 316.07 s   wp=T^10 - 10*T^9 + 
145*T^8 - 1080*T^7 + 8370*T^6 - 51932*T^5 + 309690*T^4 - 1478520*T^3 + 
7344685*T^2 - 18741610*T + 69343957
DONE  total cpu 316.10 s  wall 319.30 s
