curve 1416: D=1 N=595 g=5 #W=8 Qmax=595 | table bound 54, budget bound 31, 
ceiling -> effective bound 31
p=2  cpu 0.09000 s  wall 0.09000 s  cumulative cpu 0.10000 s   wp=T^10 + 2*T^9 +
6*T^8 + 9*T^7 + 17*T^6 + 21*T^5 + 34*T^4 + 36*T^3 + 48*T^2 + 32*T + 32
p=3  cpu 0.09000 s  wall 0.1000 s  cumulative cpu 0.19000 s   wp=T^10 + 4*T^9 + 
14*T^8 + 35*T^7 + 71*T^6 + 136*T^5 + 213*T^4 + 315*T^3 + 378*T^2 + 324*T + 243
p=11  cpu 1.660 s  wall 1.650 s  cumulative cpu 1.8500 s   wp=T^10 + 5*T^9 + 
36*T^8 + 109*T^7 + 481*T^6 + 1230*T^5 + 5291*T^4 + 13189*T^3 + 47916*T^2 + 
73205*T + 161051
p=13  cpu 2.560 s  wall 2.540 s  cumulative cpu 4.4100 s   wp=T^10 + 3*T^9 + 
39*T^8 + 75*T^7 + 820*T^6 + 1392*T^5 + 10660*T^4 + 12675*T^3 + 85683*T^2 + 
85683*T + 371293
p=19  cpu 8.530 s  wall 8.650 s  cumulative cpu 12.940 s   wp=T^10 + 15*T^9 + 
162*T^8 + 1145*T^7 + 6829*T^6 + 31680*T^5 + 129751*T^4 + 413345*T^3 + 
1111158*T^2 + 1954815*T + 2476099
p=23  cpu 528.3 s  wall 468.3 s  cumulative cpu 541.28 s   wp=T^10 + T^9 + 
96*T^8 + 53*T^7 + 3973*T^6 + 1386*T^5 + 91379*T^4 + 28037*T^3 + 1168032*T^2 + 
279841*T + 6436343
p=29  cpu 3634. s  wall 3207. s  cumulative cpu 4175.4 s   wp=T^10 + 13*T^9 + 
177*T^8 + 1391*T^7 + 10870*T^6 + 59136*T^5 + 315230*T^4 + 1169831*T^3 + 
4316853*T^2 + 9194653*T + 20511149
