curve 582: D=1 N=120 g=5 #W=4 Qmax=40 | table bound 92, budget bound 53, ceiling
-> effective bound 37
p=7  cpu 1.190 s  wall 1.180 s  cumulative cpu 1.2000 s   wp=T^10 + 7*T^8 + 
16*T^7 + 94*T^6 - 32*T^5 + 658*T^4 + 784*T^3 + 2401*T^2 + 16807
p=11  cpu 3.160 s  wall 3.170 s  cumulative cpu 4.3600 s   wp=T^10 + 55*T^8 + 
1210*T^6 + 13310*T^4 + 73205*T^2 + 161051
p=13  cpu 4.930 s  wall 4.930 s  cumulative cpu 9.2900 s   wp=T^10 - 2*T^9 + 
41*T^8 + 8*T^7 + 578*T^6 + 980*T^5 + 7514*T^4 + 1352*T^3 + 90077*T^2 - 57122*T +
371293
p=17  cpu 9.040 s  wall 9.040 s  cumulative cpu 18.330 s   wp=T^10 + 2*T^9 + 
13*T^8 - 8*T^7 + 514*T^6 + 1164*T^5 + 8738*T^4 - 2312*T^3 + 63869*T^2 + 167042*T
+ 1419857
p=19  cpu 11.53 s  wall 11.52 s  cumulative cpu 29.860 s   wp=T^10 + 12*T^9 + 
127*T^8 + 784*T^7 + 4666*T^6 + 20104*T^5 + 88654*T^4 + 283024*T^3 + 871093*T^2 +
1563852*T + 2476099
p=23  cpu 19.91 s  wall 19.92 s  cumulative cpu 49.770 s   wp=T^10 - 4*T^9 + 
55*T^8 - 80*T^7 + 1150*T^6 + 552*T^5 + 26450*T^4 - 42320*T^3 + 669185*T^2 - 
1119364*T + 6436343
p=29  cpu 42.37 s  wall 42.36 s  cumulative cpu 92.140 s   wp=T^10 + 6*T^9 + 
73*T^8 + 264*T^7 + 3442*T^6 + 12996*T^5 + 99818*T^4 + 222024*T^3 + 1780397*T^2 +
4243686*T + 20511149
p=31  cpu 47.98 s  wall 47.99 s  cumulative cpu 140.12 s   wp=T^10 - 8*T^9 + 
107*T^8 - 736*T^7 + 6170*T^6 - 30256*T^5 + 191270*T^4 - 707296*T^3 + 3187637*T^2
- 7388168*T + 28629151
p=37  cpu 85.52 s  wall 85.53 s  cumulative cpu 225.64 s   wp=T^10 - 2*T^9 + 
161*T^8 - 184*T^7 + 10850*T^6 - 8044*T^5 + 401450*T^4 - 251896*T^3 + 8155133*T^2
- 3748322*T + 69343957
DONE  total cpu 225.67 s  wall 225.67 s
