curve 1071: D=1 N=240 g=6 #W=4 Qmax=80 | table bound 38, budget bound 24, 
ceiling -> effective bound 24
p=7  cpu 3.920 s  wall 3.920 s  cumulative cpu 3.9200 s   wp=T^12 + 6*T^11 + 
42*T^10 + 178*T^9 + 735*T^8 + 2268*T^7 + 6860*T^6 + 15876*T^5 + 36015*T^4 + 
61054*T^3 + 100842*T^2 + 100842*T + 117649
p=11  cpu 13.50 s  wall 13.49 s  cumulative cpu 17.420 s   wp=T^12 - 8*T^11 + 
66*T^10 - 312*T^9 + 1559*T^8 - 5456*T^7 + 20988*T^6 - 60016*T^5 + 188639*T^4 - 
415272*T^3 + 966306*T^2 - 1288408*T + 1771561
p=13  cpu 22.98 s  wall 22.97 s  cumulative cpu 40.400 s   wp=T^12 + 4*T^11 + 
42*T^10 + 100*T^9 + 647*T^8 + 1096*T^7 + 7596*T^6 + 14248*T^5 + 109343*T^4 + 
219700*T^3 + 1199562*T^2 + 1485172*T + 4826809
p=17  cpu 52.98 s  wall 52.99 s  cumulative cpu 93.380 s   wp=T^12 + 8*T^11 + 
90*T^10 + 552*T^9 + 3695*T^8 + 16976*T^7 + 82860*T^6 + 288592*T^5 + 1067855*T^4 
+ 2711976*T^3 + 7516890*T^2 + 11358856*T + 24137569
p=19  cpu 87.91 s  wall 87.94 s  cumulative cpu 181.29 s   wp=T^12 + 16*T^11 + 
194*T^10 + 1520*T^9 + 10215*T^8 + 53664*T^7 + 257724*T^6 + 1019616*T^5 + 
3687615*T^4 + 10425680*T^3 + 25282274*T^2 + 39617584*T + 47045881
p=23  cpu 190.7 s  wall 190.8 s  cumulative cpu 372.01 s   wp=T^12 - 10*T^11 + 
98*T^10 - 510*T^9 + 2719*T^8 - 8740*T^7 + 45724*T^6 - 201020*T^5 + 1438351*T^4 -
6205170*T^3 + 27424418*T^2 - 64363430*T + 148035889
DONE  total cpu 372.05 s  wall 372.10 s
