curve 153: D=1 N=42 g=5 #W=1 Qmax=1 | table bound 194, budget bound 111, ceiling
-> effective bound 37
p=5  cpu 0.2100 s  wall 0.2000 s  cumulative cpu 0.22000 s   wp=T^10 + 6*T^9 + 
37*T^8 + 128*T^7 + 430*T^6 + 980*T^5 + 2150*T^4 + 3200*T^3 + 4625*T^2 + 3750*T +
3125
p=11  cpu 0.9800 s  wall 0.9800 s  cumulative cpu 1.2000 s   wp=T^10 - 4*T^9 + 
39*T^8 - 112*T^7 + 682*T^6 - 1496*T^5 + 7502*T^4 - 13552*T^3 + 51909*T^2 - 
58564*T + 161051
p=13  cpu 1.480 s  wall 1.480 s  cumulative cpu 2.6800 s   wp=T^10 + 6*T^9 + 
45*T^8 + 96*T^7 + 398*T^6 + 84*T^5 + 5174*T^4 + 16224*T^3 + 98865*T^2 + 171366*T
+ 371293
p=17  cpu 2.400 s  wall 2.400 s  cumulative cpu 5.0800 s   wp=T^10 - 2*T^9 + 
13*T^8 + 8*T^7 + 514*T^6 - 1164*T^5 + 8738*T^4 + 2312*T^3 + 63869*T^2 - 167042*T
+ 1419857
p=19  cpu 3.950 s  wall 3.950 s  cumulative cpu 9.0300 s   wp=T^10 - 8*T^9 + 
99*T^8 - 496*T^7 + 3518*T^6 - 12816*T^5 + 66842*T^4 - 179056*T^3 + 679041*T^2 - 
1042568*T + 2476099
p=23  cpu 5.320 s  wall 5.330 s  cumulative cpu 14.350 s   wp=T^10 - 8*T^9 + 
115*T^8 - 736*T^7 + 5290*T^6 - 25392*T^5 + 121670*T^4 - 389344*T^3 + 1399205*T^2
- 2238728*T + 6436343
p=29  cpu 9.370 s  wall 9.360 s  cumulative cpu 23.720 s   wp=T^10 + 18*T^9 + 
265*T^8 + 2456*T^7 + 19378*T^6 + 112460*T^5 + 561962*T^4 + 2065496*T^3 + 
6463085*T^2 + 12731058*T + 20511149
p=31  cpu 12.46 s  wall 12.46 s  cumulative cpu 36.180 s   wp=T^10 + 8*T^9 + 
171*T^8 + 992*T^7 + 11098*T^6 + 46128*T^5 + 344038*T^4 + 953312*T^3 + 
5094261*T^2 + 7388168*T + 28629151
p=37  cpu 20.27 s  wall 20.27 s  cumulative cpu 56.450 s   wp=T^10 - 6*T^9 + 
113*T^8 - 200*T^7 + 3922*T^6 + 3068*T^5 + 145114*T^4 - 273800*T^3 + 5723789*T^2 
- 11244966*T + 69343957
DONE  total cpu 56.470 s  wall 56.450 s
