curve 136: D=1 N=38 g=4 #W=1 Qmax=1 | table bound 724, budget bound 362, ceiling
-> effective bound 53
p=3  cpu 0.06000 s  wall 0.05000 s  cumulative cpu 0.070000 s   wp=T^8 + 4*T^7 +
15*T^6 + 32*T^5 + 68*T^4 + 96*T^3 + 135*T^2 + 108*T + 81
p=5  cpu 0.05000 s  wall 0.05000 s  cumulative cpu 0.12000 s   wp=T^8 - 2*T^7 + 
5*T^6 + 6*T^5 + 30*T^3 + 125*T^2 - 250*T + 625
p=7  cpu 0.08000 s  wall 0.08000 s  cumulative cpu 0.20000 s   wp=T^8 + 22*T^6 -
8*T^5 + 207*T^4 - 56*T^3 + 1078*T^2 + 2401
p=11  cpu 0.1700 s  wall 0.1800 s  cumulative cpu 0.37000 s   wp=T^8 - 2*T^7 + 
17*T^6 + 42*T^5 + 24*T^4 + 462*T^3 + 2057*T^2 - 2662*T + 14641
p=13  cpu 0.2500 s  wall 0.2400 s  cumulative cpu 0.62000 s   wp=T^8 + 4*T^7 + 
31*T^6 + 52*T^5 + 388*T^4 + 676*T^3 + 5239*T^2 + 8788*T + 28561
p=17  cpu 0.4000 s  wall 0.4000 s  cumulative cpu 1.0200 s   wp=T^8 + 50*T^6 + 
1203*T^4 + 14450*T^2 + 83521
p=23  cpu 0.7700 s  wall 0.7800 s  cumulative cpu 1.7900 s   wp=T^8 - 2*T^7 + 
89*T^6 - 138*T^5 + 3036*T^4 - 3174*T^3 + 47081*T^2 - 24334*T + 279841
p=29  cpu 1.180 s  wall 1.180 s  cumulative cpu 2.9700 s   wp=T^8 - 16*T^7 + 
155*T^6 - 996*T^5 + 5688*T^4 - 28884*T^3 + 130355*T^2 - 390224*T + 707281
p=31  cpu 1.430 s  wall 1.420 s  cumulative cpu 4.4000 s   wp=T^8 + 20*T^7 + 
268*T^6 + 2308*T^5 + 15206*T^4 + 71548*T^3 + 257548*T^2 + 595820*T + 923521
p=37  cpu 2.020 s  wall 2.020 s  cumulative cpu 6.4200 s   wp=T^8 - 4*T^7 + 
148*T^6 - 428*T^5 + 8198*T^4 - 15836*T^3 + 202612*T^2 - 202612*T + 1874161
p=41  cpu 2.440 s  wall 2.440 s  cumulative cpu 8.8600 s   wp=T^8 + 20*T^7 + 
296*T^6 + 2748*T^5 + 20910*T^4 + 112668*T^3 + 497576*T^2 + 1378420*T + 2825761
p=43  cpu 2.850 s  wall 2.850 s  cumulative cpu 11.710 s   wp=T^8 - 10*T^7 + 
181*T^6 - 1238*T^5 + 11900*T^4 - 53234*T^3 + 334669*T^2 - 795070*T + 3418801
p=47  cpu 3.270 s  wall 3.270 s  cumulative cpu 14.980 s   wp=T^8 - 2*T^7 + 
149*T^6 - 354*T^5 + 9588*T^4 - 16638*T^3 + 329141*T^2 - 207646*T + 4879681
p=53  cpu 4.220 s  wall 4.220 s  cumulative cpu 19.200 s   wp=T^8 - 20*T^7 + 
263*T^6 - 2676*T^5 + 22692*T^4 - 141828*T^3 + 738767*T^2 - 2977540*T + 7890481
DONE  total cpu 19.220 s  wall 19.210 s
