curve 346: D=1 N=78 g=6 #W=2 Qmax=2 | table bound 71, budget bound 45, ceiling 
-> effective bound 29
p=5  cpu 0.6600 s  wall 0.6600 s  cumulative cpu 0.67000 s   wp=T^12 + 2*T^11 + 
11*T^10 + 22*T^9 + 119*T^8 + 176*T^7 + 602*T^6 + 880*T^5 + 2975*T^4 + 2750*T^3 +
6875*T^2 + 6250*T + 15625
p=7  cpu 1.560 s  wall 1.560 s  cumulative cpu 2.2300 s   wp=T^12 + 2*T^11 + 
19*T^10 + 22*T^9 + 195*T^8 + 228*T^7 + 1682*T^6 + 1596*T^5 + 9555*T^4 + 7546*T^3
+ 45619*T^2 + 33614*T + 117649
p=11  cpu 5.600 s  wall 5.600 s  cumulative cpu 7.8300 s   wp=T^12 - 8*T^11 + 
42*T^10 - 216*T^9 + 1031*T^8 - 3824*T^7 + 12876*T^6 - 42064*T^5 + 124751*T^4 - 
287496*T^3 + 614922*T^2 - 1288408*T + 1771561
p=17  cpu 21.84 s  wall 21.84 s  cumulative cpu 29.670 s   wp=T^12 - 2*T^11 + 
55*T^10 - 194*T^9 + 1531*T^8 - 6812*T^7 + 29082*T^6 - 115804*T^5 + 442459*T^4 - 
953122*T^3 + 4593655*T^2 - 2839714*T + 24137569
p=19  cpu 31.33 s  wall 31.34 s  cumulative cpu 61.000 s   wp=T^12 + 4*T^11 + 
78*T^10 + 380*T^9 + 2903*T^8 + 14184*T^7 + 67716*T^6 + 269496*T^5 + 1047983*T^4 
+ 2606420*T^3 + 10165038*T^2 + 9904396*T + 47045881
p=23  cpu 61.70 s  wall 61.69 s  cumulative cpu 122.70 s   wp=T^12 + 8*T^11 + 
154*T^10 + 920*T^9 + 9407*T^8 + 42320*T^7 + 294124*T^6 + 973360*T^5 + 
4976303*T^4 + 11193640*T^3 + 43095514*T^2 + 51490744*T + 148035889
p=29  cpu 169.6 s  wall 178.5 s  cumulative cpu 292.29 s   wp=T^12 - 12*T^11 + 
138*T^10 - 620*T^9 + 2535*T^8 + 8616*T^7 - 44948*T^6 + 249864*T^5 + 2131935*T^4 
- 15121180*T^3 + 97604778*T^2 - 246133788*T + 594823321
DONE  total cpu 292.32 s  wall 301.26 s
