curve 2325: D=6 N=97 g=6 #W=2 Qmax=291 | table bound 31, budget bound 19, 
ceiling -> effective bound 19
p=5  cpu 0.5000 s  wall 0.4900 s  cumulative cpu 0.51000 s   wp=T^12 - 4*T^11 + 
18*T^10 - 52*T^9 + 151*T^8 - 408*T^7 + 924*T^6 - 2040*T^5 + 3775*T^4 - 6500*T^3 
+ 11250*T^2 - 12500*T + 15625
p=7  cpu 1.240 s  wall 1.240 s  cumulative cpu 1.7500 s   wp=T^12 + 2*T^11 + 
18*T^10 + 6*T^9 + 159*T^8 + 20*T^7 + 1404*T^6 + 140*T^5 + 7791*T^4 + 2058*T^3 + 
43218*T^2 + 33614*T + 117649
p=11  cpu 4.750 s  wall 4.760 s  cumulative cpu 6.5000 s   wp=T^12 + 38*T^10 + 
679*T^8 + 64*T^7 + 8404*T^6 + 704*T^5 + 82159*T^4 + 556358*T^2 + 1771561
p=13  cpu 8.190 s  wall 8.460 s  cumulative cpu 14.690 s   wp=T^12 - 6*T^11 + 
48*T^10 - 190*T^9 + 1111*T^8 - 3996*T^7 + 18496*T^6 - 51948*T^5 + 187759*T^4 - 
417430*T^3 + 1370928*T^2 - 2227758*T + 4826809
p=17  cpu 1238. s  wall 1094. s  cumulative cpu 1252.3 s   wp=T^12 - 6*T^11 + 
84*T^10 - 390*T^9 + 3159*T^8 - 11596*T^7 + 68456*T^6 - 197132*T^5 + 912951*T^4 -
1916070*T^3 + 7015764*T^2 - 8519142*T + 24137569
p=19  cpu 3160. s  wall 2788. s  cumulative cpu 4411.8 s   wp=T^12 + 8*T^11 + 
88*T^10 + 532*T^9 + 3799*T^8 + 17556*T^7 + 91632*T^6 + 333564*T^5 + 1371439*T^4 
+ 3648988*T^3 + 11468248*T^2 + 19808792*T + 47045881
DONE  total cpu 4411.8 s  wall 3897.7 s
