curve 239: D=1 N=60 g=7 #W=1 Qmax=1 | table bound 43, budget bound 28, ceiling 
-> effective bound 23
p=7  cpu 4.240 s  wall 4.230 s  cumulative cpu 4.2500 s   wp=T^14 + 4*T^13 + 
37*T^12 + 136*T^11 + 673*T^10 + 2044*T^9 + 7469*T^8 + 18032*T^7 + 52283*T^6 + 
100156*T^5 + 230839*T^4 + 326536*T^3 + 621859*T^2 + 470596*T + 823543
p=11  cpu 16.52 s  wall 16.52 s  cumulative cpu 20.770 s   wp=T^14 + 12*T^13 + 
125*T^12 + 856*T^11 + 5181*T^10 + 24596*T^9 + 104665*T^8 + 365904*T^7 + 
1151315*T^6 + 2976116*T^5 + 6895911*T^4 + 12532696*T^3 + 20131375*T^2 + 
21258732*T + 19487171
p=13  cpu 31.01 s  wall 31.01 s  cumulative cpu 51.780 s   wp=T^14 - 2*T^13 + 
79*T^12 - 132*T^11 + 2817*T^10 - 3918*T^9 + 58423*T^8 - 65912*T^7 + 759499*T^6 -
662142*T^5 + 6188949*T^4 - 3770052*T^3 + 29332147*T^2 - 9653618*T + 62748517
p=17  cpu 95.85 s  wall 95.87 s  cumulative cpu 147.63 s   wp=T^14 - 6*T^13 + 
59*T^12 - 188*T^11 + 1401*T^10 - 4378*T^9 + 36139*T^8 - 109512*T^7 + 614363*T^6 
- 1265242*T^5 + 6883113*T^4 - 15701948*T^3 + 83771563*T^2 - 144825414*T + 
410338673
p=19  cpu 186.8 s  wall 191.4 s  cumulative cpu 334.38 s   wp=T^14 + 4*T^13 + 
85*T^12 + 264*T^11 + 3789*T^10 + 10140*T^9 + 106465*T^8 + 233200*T^7 + 
2022835*T^6 + 3660540*T^5 + 25988751*T^4 + 34404744*T^3 + 210468415*T^2 + 
188183524*T + 893871739
p=23  cpu 377.5 s  wall 415.2 s  cumulative cpu 711.91 s   wp=T^14 - 12*T^13 + 
197*T^12 - 1656*T^11 + 15249*T^10 - 95220*T^9 + 616285*T^8 - 2920080*T^7 + 
14174555*T^6 - 50371380*T^5 + 185534583*T^4 - 463416696*T^3 + 1267959571*T^2 - 
1776430668*T + 3404825447
DONE  total cpu 711.94 s  wall 754.27 s
