curve 232: D=1 N=58 g=6 #W=1 Qmax=1 | table bound 80, budget bound 50, ceiling 
-> effective bound 29
p=3  cpu 0.1000 s  wall 0.09000 s  cumulative cpu 0.11000 s   wp=T^12 + 7*T^10 +
26*T^8 + 16*T^7 + 87*T^6 + 48*T^5 + 234*T^4 + 567*T^2 + 729
p=5  cpu 0.2400 s  wall 0.2500 s  cumulative cpu 0.35000 s   wp=T^12 + 6*T^11 + 
41*T^10 + 154*T^9 + 586*T^8 + 1550*T^7 + 4057*T^6 + 7750*T^5 + 14650*T^4 + 
19250*T^3 + 25625*T^2 + 18750*T + 15625
p=7  cpu 0.6500 s  wall 0.6400 s  cumulative cpu 1.0000 s   wp=T^12 + 4*T^11 + 
30*T^10 + 76*T^9 + 399*T^8 + 872*T^7 + 3588*T^6 + 6104*T^5 + 19551*T^4 + 
26068*T^3 + 72030*T^2 + 67228*T + 117649
p=11  cpu 2.440 s  wall 2.440 s  cumulative cpu 3.4400 s   wp=T^12 + 55*T^10 + 
1354*T^8 + 16*T^7 + 19143*T^6 + 176*T^5 + 163834*T^4 + 805255*T^2 + 1771561
p=13  cpu 3.870 s  wall 3.880 s  cumulative cpu 7.3100 s   wp=T^12 + 2*T^11 + 
57*T^10 + 110*T^9 + 1578*T^8 + 2586*T^7 + 26009*T^6 + 33618*T^5 + 266682*T^4 + 
241670*T^3 + 1627977*T^2 + 742586*T + 4826809
p=17  cpu 9.620 s  wall 9.610 s  cumulative cpu 16.930 s   wp=T^12 + 4*T^11 + 
46*T^10 + 20*T^9 + 415*T^8 - 3800*T^7 - 3164*T^6 - 64600*T^5 + 119935*T^4 + 
98260*T^3 + 3841966*T^2 + 5679428*T + 24137569
p=19  cpu 13.88 s  wall 13.88 s  cumulative cpu 30.810 s   wp=T^12 - 16*T^11 + 
138*T^10 - 656*T^9 + 1623*T^8 + 1856*T^7 - 24244*T^6 + 35264*T^5 + 585903*T^4 - 
4499504*T^3 + 17984298*T^2 - 39617584*T + 47045881
p=23  cpu 27.11 s  wall 27.13 s  cumulative cpu 57.920 s   wp=T^12 + 4*T^11 + 
66*T^10 + 396*T^9 + 2991*T^8 + 13608*T^7 + 92092*T^6 + 312984*T^5 + 1582239*T^4 
+ 4818132*T^3 + 18469506*T^2 + 25745372*T + 148035889
DONE  total cpu 57.940 s  wall 57.960 s
