Magma V2.29-7     Thu Aug 20 2026 23:12:40 on LR43Q9LVQJ [Seed = 2238230910]
Type ? for help.  Type <Ctrl>-D to quit.

Loading file "bdiag.m"

============ X0^15(2)   D = 15, N = 2, det Q = 1800 ============
  r = 2    b_true = 4     | d = -8     h/w = 1/2    cond/2 = 1/2  
        P(r,0)    = 5/8          locs = [ <2, 1/2>, <3, 2>, <5, 2> ]
        P(r,eta*) = 5/4          locs = [ <2, 1>, <3, 2>, <5, 2> ]   [2nd eta*: 
5/4]
        b_true/P(r,0)    = 32/5
        b_true/P(r,eta*) = 16/5
  r = 10   b_true = -4    | d = -40    h/w = 1      cond/2 = 1/2  
        P(r,0)    = 0            locs = [ <2, 1/2>, <3, 0>, <5, 6/5> ]
        P(r,eta*) = 0            locs = [ <2, 1>, <3, 0>, <5, 6/5> ]   [2nd 
eta*: 0]
  r = 30   b_true = 0     | d = -120   h/w = 2      cond/2 = 1/2  
        P(r,0)    = 5/4          locs = [ <2, 1/2>, <3, 4/3>, <5, 6/5> ]
        P(r,eta*) = 5/2          locs = [ <2, 1>, <3, 4/3>, <5, 6/5> ]   [2nd 
eta*: 5/2]
        b_true/P(r,0)    = 0
        b_true/P(r,eta*) = 0

============ X0^6(5)   D = 6, N = 5, det Q = 1800 ============
  r = 10   b_true = -6    | d = -40    h/w = 1      cond/2 = 1/2  
        P(r,0)    = 0            locs = [ <2, 3/2>, <3, 0>, <5, 4/5> ]
        P(r,eta*) = 0            locs = [ <2, 3/2>, <3, 0>, <5, 1> ]   [2nd 
eta*: 0]
  r = 15   b_true = -2    | d = -15    h/w = 1      cond/2 = 1    
        P(r,0)    = 5/4          locs = [ <2, 3/2>, <3, 4/3>, <5, 4/5> ]
        P(r,eta*) = 25/16        locs = [ <2, 3/2>, <3, 4/3>, <5, 1> ]   [2nd 
eta*: 25/16]
        b_true/P(r,0)    = -8/5
        b_true/P(r,eta*) = -32/25
  r = 30   b_true = -6    | d = -120   h/w = 2      cond/2 = 1/2  
        P(r,0)    = 5/2          locs = [ <2, 3/2>, <3, 4/3>, <5, 4/5> ]
        P(r,eta*) = 25/8         locs = [ <2, 3/2>, <3, 4/3>, <5, 1> ]   [2nd 
eta*: 25/8]
        b_true/P(r,0)    = -12/5
        b_true/P(r,eta*) = -48/25

============ X0^10(3)   D = 10, N = 3, det Q = 1800 ============
  r = 3    b_true = -2    | d = -3     h/w = 1/6    cond/2 = 1    
        P(r,0)    = 15/16        locs = [ <2, 3/2>, <3, 2/3>, <5, 2> ]
        P(r,eta*) = 45/32        locs = [ <2, 3/2>, <3, 1>, <5, 2> ]   [2nd 
eta*: 45/32]
        b_true/P(r,0)    = -32/15
        b_true/P(r,eta*) = -64/45
  r = 12   b_true = -2    | d = -3     h/w = 1/6    cond/2 = 2    
        P(r,0)    = 15/16        locs = [ <2, 3/4>, <3, 2/3>, <5, 2> ]
        P(r,eta*) = 45/32        locs = [ <2, 3/4>, <3, 1>, <5, 2> ]   [2nd 
eta*: 45/32]
        b_true/P(r,0)    = -32/15
        b_true/P(r,eta*) = -64/45
  r = 30   b_true = -6    | d = -120   h/w = 2      cond/2 = 1/2  
        P(r,0)    = 15/8         locs = [ <2, 3/2>, <3, 2/3>, <5, 6/5> ]
        P(r,eta*) = 45/16        locs = [ <2, 3/2>, <3, 1>, <5, 6/5> ]   [2nd 
eta*: 45/16]
        b_true/P(r,0)    = -16/5
        b_true/P(r,eta*) = -32/15

Total time: 0.370 seconds, Total memory usage: 32.09MB
