Magma V2.29-7     Fri Aug 21 2026 12:34:02 on LR43Q9LVQJ [Seed = 3610617677]
Type ? for help.  Type <Ctrl>-D to quit.

Loading file "vvdata/gtsweep.m"
X0^6(19): non-firing rational candidates [ -19, -228, -532, -627, -760 ]; 
admitting [ -19, -228, -532 ] beyond the anchors
table built (165.490 s)
  ds     = [ -3, -19, -228, -40, -51, -532, -52, -67 ]
  s      = [* Infinity, 1/8, 5/32, 0, 1/6, 17/288, 1/9, 5/72 *]
  stilde = [* Infinity, 1/4, 1/16, 1, 0, 31/48, 1/3, 7/12 *]
  degs   = [ 1, 1, 1, 1, 1, 1, 1, 1 ]
    d = -3       deg 1  fires true
    d = -19      deg 1  fires false
    d = -228     deg 1  fires false
    d = -40      deg 1  fires true
    d = -51      deg 1  fires true
    d = -532     deg 1  fires false
    d = -52      deg 1  fires true
    d = -67      deg 1  fires true

admissible residual pairs <r(-1), r(-2)>: { <0, 0> }
the pipeline applies m0_multiplier here: false
  form -1 : residual 0     closed form 0        TRUE multiplier 0      closed 
form OK
  form -2 : residual 0     closed form 0        TRUE multiplier 0      closed 
form OK
TOTAL 167.000 s

Total time: 167.020 seconds, Total memory usage: 1683.34MB
