Magma V2.29-7     Fri Aug 21 2026 12:46:30 on LR43Q9LVQJ [Seed = 2254762634]
Type ? for help.  Type <Ctrl>-D to quit.

Loading file "vvdata/gtsweep.m"
X0^10(11): non-firing rational candidates [ -88, -132, -187, -715, -1012 ]; 
admitting [ -88, -132, -187 ] beyond the anchors
table built (697.770 s)
  ds     = [ -8, -40, -88, -35, -132, -187, -43, -52 ]
  s      = [* Infinity, 0, 8, 1, 3, 17, 9, 1 *]
  stilde = [* Infinity, 1, 7, 0, 4, 16, 8, 2 *]
  degs   = [ 1, 1, 1, 1, 1, 1, 1, 1 ]
    d = -8       deg 1  fires true
    d = -40      deg 1  fires true
    d = -88      deg 1  fires false
    d = -35      deg 1  fires true
    d = -132     deg 1  fires false
    d = -187     deg 1  fires false
    d = -43      deg 1  fires true
    d = -52      deg 1  fires true

admissible residual pairs <r(-1), r(-2)>: { <0, 0> }
the pipeline applies m0_multiplier here: false
  form -1 : residual 0     closed form 0        TRUE multiplier 0      closed 
form OK
  form -2 : residual 0     closed form 0        TRUE multiplier 0      closed 
form OK
TOTAL 699.110 s

Total time: 699.129 seconds, Total memory usage: 5081.00MB
