Magma V2.29-7     Fri Aug 21 2026 12:44:40 on LR43Q9LVQJ [Seed = 1838094594]
Type ? for help.  Type <Ctrl>-D to quit.

Loading file "vvdata/gtsweep.m"
X0^34(5): non-firing rational candidates [ -20, -40, -340, -235, -520, -595, 
-760 ]; admitting [ -20, -40, -340 ] beyond the anchors
table built (35.280 s)
  ds     = [ -20, -40, -340, -11, -24, -51, -56, -91 ]
  s      = [* 1, 1/2, 3/2, Infinity, 0, 1, 1, 3 *]
  stilde = [* 1, 3/4, 1/4, Infinity, 1/2, 0, 1/2, 3/4 *]
  degs   = [ 1, 1, 1, 1, 1, 1, 2, 2 ]
    d = -20      deg 1  fires false
    d = -40      deg 1  fires false
    d = -340     deg 1  fires false
    d = -11      deg 1  fires true
    d = -24      deg 1  fires true
    d = -51      deg 1  fires true
    d = -56      deg 2  fires true
    d = -91      deg 2  fires true

admissible residual pairs <r(-1), r(-2)>: { <0, 0> }
the pipeline applies m0_multiplier here: false
  form -1 : residual 0     closed form 12       TRUE multiplier 0      *** 
closed form WRONG ***
  form -2 : residual 0     closed form 15       TRUE multiplier 0      *** 
closed form WRONG ***
TOTAL 38.420 s

Total time: 38.439 seconds, Total memory usage: 64.12MB
