Magma V2.29-7     Fri Aug 21 2026 12:04:11 on LR43Q9LVQJ [Seed = 3459035408]
Type ? for help.  Type <Ctrl>-D to quit.

Loading file "vvdata/gtsweep.m"
X0^6(5): non-firing rational candidates [ -40, -120, -115, -195, -235, -280, 
-340, -435, -520, -555, -760, -795 ]; admitting [ -40, -120, -115 ] beyond the 
anchors
table built (8.380 s)
  ds     = [ -4, -24, -40, -120, -19, -115, -51, -84 ]
  s      = [* Infinity, 0, 1, 3/128, 1/8, 23/648, 9/8, 3/2 *]
  stilde = [* Infinity, 1, 9, 19/16, 0, 104/81, 8, 13 *]
  degs   = [ 1, 1, 1, 1, 1, 1, 1, 1 ]
    d = -4       deg 1  fires true
    d = -24      deg 1  fires true
    d = -40      deg 1  fires false
    d = -120     deg 1  fires false
    d = -19      deg 1  fires true
    d = -115     deg 1  fires false
    d = -51      deg 1  fires true
    d = -84      deg 1  fires true

admissible residual pairs <r(-1), r(-2)>: { <0, 0> }
the pipeline applies m0_multiplier here: false
  form -1 : residual 0     closed form -16      TRUE multiplier 0      *** 
closed form WRONG ***
  form -2 : residual 0     closed form 0        TRUE multiplier 0      closed 
form OK
TOTAL 8.520 s

Total time: 8.529 seconds, Total memory usage: 32.09MB
