Magma V2.29-7     Fri Aug 21 2026 09:19:04 on LR43Q9LVQJ [Seed = 750889712]
Type ? for help.  Type <Ctrl>-D to quit.

Loading file "innerm0b.m"

===== X0^15(2) : firing discs [ -60, -55, -15, -12, -7 ] =====
  m      target A_m inner-m=0 count per firing disc
  2      -1         [ <-60, 0>, <-55, 0>, <-15, 0>, <-12, 0>, <-7, 0> ]
  10     1          [ <-60, 0>, <-55, 0>, <-15, 0>, <-12, 0>, <-7, 0> ]
  30     0          [ <-60, 0>, <-55, 0>, <-15, 0>, <-12, 0>, <-7, 0> ]

===== X0^6(5) : firing discs [ -291, -219, -184, -136, -91, -84, -51, -24, -19, 
-4 ] =====
  m      target A_m inner-m=0 count per firing disc
  10     3/2        [ <-291, 0>, <-219, 0>, <-184, 0>, <-136, 0>, <-91, 0>, 
<-84, 0>, <-51, 0>, <-24, 0>, <-19, 0>, <-4, 0> ]
  15     1/2        [ <-291, 0>, <-219, 0>, <-184, 0>, <-136, 0>, <-91, 0>, 
<-84, 0>, <-51, 0>, <-24, 0>, <-19, 0>, <-4, 0> ]
  30     3/2        [ <-291, 0>, <-219, 0>, <-184, 0>, <-136, 0>, <-91, 0>, 
<-84, 0>, <-51, 0>, <-24, 0>, <-19, 0>, <-4, 0> ]

===== X0^10(3) : firing discs [ -155, -68, -35, -20, -8 ] =====
  m      target A_m inner-m=0 count per firing disc
  3      1/2        [ <-155, 0>, <-68, 0>, <-35, 0>, <-20, 0>, <-8, 0> ]
  12     1/2        [ <-155, 0>, <-68, 0>, <-35, 0>, <-20, 0>, <-8, 0> ]
  30     3/2        [ <-155, 0>, <-68, 0>, <-35, 0>, <-20, 0>, <-8, 0> ]

Total time: 1.500 seconds, Total memory usage: 32.09MB
