Magma V2.29-7     Thu Aug 20 2026 21:38:42 on LR43Q9LVQJ [Seed = 3159465728]
Type ? for help.  Type <Ctrl>-D to quit.

Loading file "t8.m"
form -2: v_oo = -30, v_0 = -30, M = 60
exponent vectors: [
[ -21, 8, 3, 1, 20, 8, -9, -4, -6, 0, 2, -1 ],
[ -21, 10, 7, 0, 16, -4, -1, 1, -6, -3, 4, -2 ],
[ -21, 11, 6, -1, 17, -2, -9, 0, -4, 4, 3, -3 ],
[ -21, 13, 8, -1, 17, -5, -6, 1, -6, -1, 3, -1 ],
[ -20, 9, 6, 2, 18, -2, -7, 0, -6, -1, 3, -1 ],
[ -20, 10, 7, 1, 19, -4, -9, 1, -6, 0, 4, -2 ],
[ -20, 14, 6, -2, 18, -3, -9, 0, -6, 0, 3, 0 ],
[ -16, 6, 3, 1, 10, 4, 1, -3, -3, -3, -2, 3 ],
[ -16, 8, 4, -1, 11, 0, -5, 0, -3, 4, 2, -3 ],
[ -15, 5, 1, 1, 14, 9, -6, -4, -4, 0, 1, -1 ],
[ -15, 7, 5, 0, 10, -3, 2, 1, -4, -3, 3, -2 ],
[ -15, 8, 4, -1, 11, -1, -6, 0, -2, 4, 2, -3 ],
[ -15, 10, 6, -1, 11, -4, -3, 1, -4, -1, 2, -1 ],
[ -14, 6, 4, 2, 12, -1, -4, 0, -4, -1, 2, -1 ],
[ -14, 7, 5, 1, 13, -3, -6, 1, -4, 0, 3, -2 ],
[ -14, 11, 4, -2, 12, -2, -6, 0, -4, 0, 2, 0 ],
[ -10, 3, 1, 1, 4, 5, 4, -3, -1, -3, -3, 3 ],
[ -10, 5, 2, -1, 5, 1, -2, 0, -1, 4, 1, -3 ],
[ -9, 2, -1, 1, 8, 10, -3, -4, -2, 0, 0, -1 ],
[ -9, 4, 3, 0, 4, -2, 5, 1, -2, -3, 2, -2 ],
[ -9, 5, 2, -1, 5, 0, -3, 0, 0, 4, 1, -3 ],
[ -9, 7, 4, -1, 5, -3, 0, 1, -2, -1, 1, -1 ],
[ -8, 3, 2, 2, 6, 0, -1, 0, -2, -1, 1, -1 ],
[ -8, 4, 3, 1, 7, -2, -3, 1, -2, 0, 2, -2 ],
[ -8, 8, 2, -2, 6, -1, -3, 0, -2, 0, 1, 0 ],
[ -4, 0, -1, 1, -2, 6, 7, -3, 1, -3, -4, 3 ],
[ -4, 2, 0, -1, -1, 2, 1, 0, 1, 4, 0, -3 ],
[ -3, -1, -3, 1, 2, 11, 0, -4, 0, 0, -1, -1 ],
[ -3, 1, 1, 0, -2, -1, 8, 1, 0, -3, 1, -2 ],
[ -3, 2, 0, -1, -1, 1, 0, 0, 2, 4, 0, -3 ],
[ -3, 4, 2, -1, -1, -2, 3, 1, 0, -1, 0, -1 ],
[ -2, 0, 0, 2, 0, 1, 2, 0, 0, -1, 0, -1 ],
[ -2, 1, 1, 1, 1, -1, 0, 1, 0, 0, 1, -2 ],
[ -2, 5, 0, -2, 0, 0, 0, 0, 0, 0, 0, 0 ],
[ 1, -2, -1, 0, -6, 1, 14, 2, 2, -4, -2, -4 ],
[ 1, -1, -1, -2, -6, -2, 13, 8, 2, -2, 1, -10 ],
[ 1, 0, -2, -1, -3, 1, 2, 2, 6, 2, 0, -7 ],
[ 1, 0, -1, -4, -6, -5, 12, 14, 2, 0, 4, -16 ],
[ 1, 1, -2, -3, -3, -2, 1, 8, 6, 4, 3, -13 ],
[ 1, 1, -1, -6, -6, -8, 11, 20, 2, 2, 7, -22 ],
[ 1, 2, -2, -5, -3, -5, 0, 14, 6, 6, 6, -19 ],
[ 1, 3, -2, -7, -3, -8, -1, 20, 6, 8, 9, -25 ],
[ 2, -2, -2, 0, -4, 3, 7, 0, 2, 0, 1, -6 ],
[ 2, -1, -2, -2, -4, 0, 6, 6, 2, 2, 4, -12 ],
[ 2, 0, -2, -4, -4, -3, 5, 12, 2, 4, 7, -18 ],
[ 2, 0, -1, -1, 0, 0, -1, 1, 1, 3, 2, -5 ],
[ 2, 1, -2, -6, -4, -6, 4, 18, 2, 6, 10, -24 ],
[ 2, 1, -1, -3, 0, -3, -2, 7, 1, 5, 5, -11 ],
[ 2, 2, -1, -5, 0, -6, -3, 13, 1, 7, 8, -17 ],
[ 2, 3, -1, -7, 0, -9, -4, 19, 1, 9, 11, -23 ],
[ 3, -4, -5, 1, -1, 12, 1, -4, 1, 1, 0, -4 ],
[ 3, -3, -5, -1, -1, 9, 0, 2, 1, 3, 3, -10 ],
[ 3, -2, -5, -3, -1, 6, -1, 8, 1, 5, 6, -16 ],
[ 3, -2, -2, 1, 0, 2, -1, 1, -1, 2, 6, -8 ],
[ 3, -1, -5, -5, -1, 3, -2, 14, 1, 7, 9, -22 ],
[ 3, -1, -2, -1, 0, -1, -2, 7, -1, 4, 9, -14 ],
[ 3, 0, -2, -3, 0, -4, -3, 13, -1, 6, 12, -20 ],
[ 3, 1, -2, -5, 0, -7, -4, 19, -1, 8, 15, -26 ],
[ 4, -3, -2, 0, -3, 4, 5, 0, 1, 0, 1, -6 ],
[ 4, -2, -2, -2, -3, 1, 4, 6, 1, 2, 4, -12 ],
[ 4, -2, -1, 0, -2, 1, 2, 1, 1, 1, 2, -6 ],
[ 4, -1, -2, -4, -3, -2, 3, 12, 1, 4, 7, -18 ],
[ 4, -1, -1, -2, -2, -2, 1, 7, 1, 3, 5, -12 ],
[ 4, -1, 0, -1, -1, -1, 0, 2, 1, 2, 3, -7 ],
[ 4, 0, -2, -6, -3, -5, 2, 18, 1, 6, 10, -24 ],
[ 4, 0, -1, -4, -2, -5, 0, 13, 1, 5, 8, -18 ],
[ 4, 0, 0, -3, -1, -4, -1, 8, 1, 4, 6, -13 ],
[ 4, 1, -1, -6, -2, -8, -1, 19, 1, 7, 11, -24 ],
[ 4, 1, 0, -5, -1, -7, -2, 14, 1, 6, 9, -19 ],
[ 4, 2, 0, -7, -1, -10, -3, 20, 1, 8, 12, -25 ]
]
coeffs: [ -750, 3750, -5000, -3000, 5000, 2750, -1500, 15000, 3000, -5550, 
-2000, 500, -1650, -3200, 3700, 23800, -273600, -268400, 189180, 260750, 
-127200, -77050, 290100, -54840, -72330, -43800, -42200, 30360, 42000, -21880, 
-12720, 47324, -8172, -12414, -6, 134/3, -67, -46/3, 166, 4/3, -37/2, 1, -24, 
-137, 66, 250, -6, -1024, 39, 10, 228/5, -1163/5, 103/5, 396/5, 4/5, -3658/15, 
38/15, 34/15, -59/5, -218/15, 159/5, 298/15, -377/15, -102/5, -31/15, -211/30, 
542/5, 11/15, -39/10, -6/5 ]
rho vectors (237.180 s)
K=48   max|f|gamma| = 10^82     max|F| = 10^82     | worst PP: i=61 nn=-1/60 
err=5.80785E73 (num=5.8078506E73 + 3.6719051E-23*$.1 pred=0) | 
c_0(0)=6.308086223E73 + 4.374620018E-23*$.1 sum_iso=1.892425867E74 + 
1.307370484E-22*$.1
K=64   max|f|gamma| = 10^82     max|F| = 10^82     | worst PP: i=61 nn=-1/60 
err=1.21462E62 (num=1.2146143E62 - 9.1909622E-23*$.1 pred=0) | 
c_0(0)=1.304732146E62 - 1.012924202E-22*$.1 sum_iso=3.914196439E62 - 
3.039464633E-22*$.1
K=96   max|f|gamma| = 10^82     max|F| = 10^82     | worst PP: i=62 nn=-1/60 
err=2.67036E28 (num=2.6703639E28 - 1.2554810E-22*$.1 pred=0) | 
c_0(0)=2.831114950E28 - 1.387823664E-22*$.1 sum_iso=8.493344851E28 - 
4.165881816E-22*$.1
TOTAL 351.670 s

Total time: 351.700 seconds, Total memory usage: 876.94MB
