Magma V2.29-7     Fri Aug 21 2026 09:44:36 on LR43Q9LVQJ [Seed = 3209831964]
Type ? for help.  Type <Ctrl>-D to quit.

Loading file "localdata.m"

=================== X0^10(3), d = -8, disc(L_-) = [ <2, 3>, <3, 2>, <5, 2> ] 
===================
  role     chi_d  ord_p(m) k_p  W_p(X)  (distinct polys in this class)
  LEVEL    1      0        0    [
-x + 1
]
  LEVEL    1      1        0    [
-x^2 + 2*x + 1
]
  LEVEL    1      2        1    [
-x^3 + 2*x^2 + 2*x + 1
]
  LEVEL    1      3        1    [
-x^4 + 2*x^3 + 2*x^2 + 2*x + 1
]
  good     -1     1        0    [
-1/7*x^2 - 6/7*x + 1,
-1/13*x^2 - 12/13*x + 1
] ...(8 distinct)
  good     -1     2        1    [
1/7*x^3 + 6/7*x^2 - 6/7*x + 1
]
  good     1      1        0    [
-1/11*x^2 + 10/11*x + 1,
-1/17*x^2 + 16/17*x + 1
] ...(6 distinct)
  ram(D)   -1     0        0    [
-x + 1
]
  ram(D)   -1     1        0    [
x^2 + 4*x + 1
]
  ram(D)   -1     2        1    [
-x^3 - 4*x^2 + 4*x + 1
]
  ram(D)   0      0        0    [
x^3 + 1,
-x^3 + 1
]
  ram(D)   0      0        1    [
x^3 + 1,
-x^3 + 1
]
  ram(D)   0      1        0    [
x^4 + 1,
-x^4 + 1
]
  ram(D)   0      2        1    [
x^5 + 1,
-x^5 + 1
]
  ram(D)   0      2        2    [
x^5 + 1,
-x^5 + 1
]
  ram(D)   0      3        1    [
x^6 + 1,
-x^6 + 1
]
  ram(D)   0      4        2    [
x^7 + 1
]
  ram(D)   0      4        3    [
x^7 + 1
]
  ram(D)   0      5        2    [
x^8 + 1
]

=================== X0^15(2), d = -7, disc(L_-) = [ <2, 2>, <3, 2>, <5, 2>, <7, 
1> ] ===================
  role     chi_d  ord_p(m) k_p  W_p(X)  (distinct polys in this class)
  LEVEL    1      0        0    [
-x + 1
]
  LEVEL    1      0        1    [
-x + 1
]
  LEVEL    1      1        0    [
-x^2 + x + 1
]
  LEVEL    1      2        1    [
-x^3 + x^2 + x + 1
]
  LEVEL    1      2        2    [
-x^3 + x^2 + x + 1
]
  LEVEL    1      3        1    [
-x^4 + x^3 + x^2 + x + 1
]
  LEVEL    1      4        2    [
-x^5 + x^4 + x^3 + x^2 + x + 1
]
  LEVEL    1      4        3    [
-x^5 + x^4 + x^3 + x^2 + x + 1
]
  LEVEL    1      5        2    [
-x^6 + x^5 + x^4 + x^3 + x^2 + x + 1
]
  good     -1     1        0    [
-1/13*x^2 - 12/13*x + 1,
-1/17*x^2 - 16/17*x + 1
] ...(7 distinct)
  good     0      0        0    [
-x + 1,
x + 1
]
  good     0      1        0    [
-x^2 + 1,
x^2 + 1
]
  good     0      2        1    [
-x^3 + 1
]
  good     1      1        0    [
-1/11*x^2 + 10/11*x + 1,
-1/23*x^2 + 22/23*x + 1
] ...(6 distinct)
  ram(D)   -1     0        0    [
-x + 1
]
  ram(D)   -1     1        0    [
x^2 + 2*x + 1,
x^2 + 4*x + 1
]
  ram(D)   -1     2        1    [
-x^3 - 2*x^2 + 2*x + 1,
-x^3 - 4*x^2 + 4*x + 1
]
  ram(D)   -1     3        1    [
x^4 + 2*x^3 - 2*x^2 + 2*x + 1
]

=================== X0^6(5), d = -19, disc(L_-) = [ <2, 2>, <3, 2>, <5, 2>, <19,
1> ] ===================
  role     chi_d  ord_p(m) k_p  W_p(X)  (distinct polys in this class)
  LEVEL    1      0        0    [
-x + 1
]
  LEVEL    1      1        0    [
-x^2 + 4*x + 1
]
  LEVEL    1      2        1    [
-x^3 + 4*x^2 + 4*x + 1
]
  good     -1     1        0    [
-1/13*x^2 - 12/13*x + 1,
-1/29*x^2 - 28/29*x + 1
] ...(7 distinct)
  good     0      0        0    [
-x + 1,
x + 1
]
  good     0      1        0    [
-x^2 + 1,
x^2 + 1
]
  good     1      1        0    [
-1/7*x^2 + 6/7*x + 1,
-1/11*x^2 + 10/11*x + 1
] ...(6 distinct)
  good     1      2        1    [
-1/7*x^3 + 6/7*x^2 + 6/7*x + 1
]
  ram(D)   -1     0        0    [
-x + 1
]
  ram(D)   -1     0        1    [
-x + 1
]
  ram(D)   -1     1        0    [
x^2 + x + 1,
x^2 + 2*x + 1
]
  ram(D)   -1     2        1    [
-x^3 - 2*x^2 + 2*x + 1,
-x^3 - x^2 + x + 1
]
  ram(D)   -1     2        2    [
-x^3 - x^2 + x + 1
]
  ram(D)   -1     3        1    [
x^4 + x^3 - x^2 + x + 1,
x^4 + 2*x^3 - 2*x^2 + 2*x + 1
]
  ram(D)   -1     4        2    [
-x^5 - x^4 + x^3 - x^2 + x + 1
]
  ram(D)   -1     4        3    [
-x^5 - x^4 + x^3 - x^2 + x + 1
]
  ram(D)   -1     5        2    [
x^6 + x^5 - x^4 + x^3 - x^2 + x + 1
]

Total time: 0.530 seconds, Total memory usage: 32.09MB
