Magma V2.29-7     Thu Aug 20 2026 23:14:10 on LR43Q9LVQJ [Seed = 1252475167]
Type ? for help.  Type <Ctrl>-D to quit.

Loading file "vvrun.m"
X0^21(2): 9 forms, M = 84, |G| = 3528, keys = [ -2, -1, 9, 10, 11, 12, 13, 14, 
15 ]
#isotropic = 3 (2N-1 = 3)

form   max|PPerr|     c_0(0)                 c_eta(0) at nonzero isotropic
-2     2.41085E-37    2.496611910E-37 + 7.425640749E-47*$.1 [ 4.000000000 + 
7.425495864E-47*$.1, 4.000000000 + 7.425495864E-47*$.1 ]
-1     2.55546E-80    1.216840953E-80 + 2.478328392E-80*$.1 [ 4.000000000 + 
2.478323659E-80*$.1, 4.000000000 + 2.478323659E-80*$.1 ]
9      2.41085E-37    2.496611910E-37 + 7.425644877E-47*$.1 [ 8.000000000 + 
7.425495685E-47*$.1, 8.000000000 + 7.425495685E-47*$.1 ]
10     2.55546E-80    1.216840953E-80 + 2.478328392E-80*$.1 [ 4.000000000 + 
2.478323659E-80*$.1, 4.000000000 + 2.478323659E-80*$.1 ]
11     2.41085E-37    2.496611910E-37 + 7.425640749E-47*$.1 [ 4.000000000 + 
7.425495864E-47*$.1, 4.000000000 + 7.425495864E-47*$.1 ]
12     2.41085E-37    2.496611910E-37 + 7.425642339E-47*$.1 [ 4.000000000 + 
7.425495746E-47*$.1, 4.000000000 + 7.425495746E-47*$.1 ]
13     4.88465E-115   -2.637179494E-112 + 9.549240055E-113*$.1 [ -8.000000000 + 
9.549281039E-113*$.1, -8.000000000 + 9.549281039E-113*$.1 ]
14     4.18491E-83    1.216847721E-80 + 2.478323778E-80*$.1 [ -8.000000000 + 
2.478323607E-80*$.1, -8.000000000 + 2.478323607E-80*$.1 ]
15     2.41085E-37    2.496611910E-37 + 7.425636302E-47*$.1 [ 2.496611910E-37 + 
7.425495778E-47*$.1, 2.496611910E-37 + 7.425495778E-47*$.1 ]

multipliers (1/2)c_eta(0): [ 2.000000000, 2.000000000, 4.000000000, 2.000000000,
2.000000000, 2.000000000, -4.000000000, -4.000000000, 1.248305955E-37 ]
TOTAL 3570.300 s

Total time: 3570.320 seconds, Total memory usage: 4225.50MB
