Magma V2.29-7     Fri Aug 21 2026 00:40:40 on LR43Q9LVQJ [Seed = 2440859595]
Type ? for help.  Type <Ctrl>-D to quit.

Loading file "vvrun.m"
X0^15(2): 9 forms, M = 60, |G| = 1800, keys = [ -2, -1, 9, 10, 11, 12, 13, 14, 
15 ]
#isotropic = 3 (2N-1 = 3)

form   max|PPerr|     c_0(0)                 c_eta(0) at nonzero isotropic
-2     8.67579E-103   -4.480287504E-103 + 8.532392771E-103*$.1 [ 4.000000000 + 
8.513098292E-103*$.1, 4.000000000 + 8.513098292E-103*$.1 ]
-1     8.75224E-168   9.669283756E-168 + 3.514587652E-169*$.1 [ 8.000000000 + 
3.497965019E-169*$.1, 8.000000000 + 3.497965019E-169*$.1 ]
9      8.67578E-103   -4.475410051E-103 + 8.529702546E-103*$.1 [ 
-4.474978577E-103 + 8.513087743E-103*$.1, -4.474978577E-103 + 
8.513087743E-103*$.1 ]
10     2.53089E-147   -2.656783280E-147 - 7.925240193E-148*$.1 [ 
-2.686603914E-147 - 8.765174770E-148*$.1, -2.686603914E-147 - 
8.765174770E-148*$.1 ]
11     8.67576E-103   -4.478791223E-103 + 8.531519042E-103*$.1 [ 8.000000000 + 
8.513053446E-103*$.1, 8.000000000 + 8.513053446E-103*$.1 ]
12     8.67580E-103   -4.474371855E-103 + 8.530942167E-103*$.1 [ 4.000000000 + 
8.513112426E-103*$.1, 4.000000000 + 8.513112426E-103*$.1 ]
13     8.75224E-168   9.669283756E-168 + 3.514587652E-169*$.1 [ 8.000000000 + 
3.497965019E-169*$.1, 8.000000000 + 3.497965019E-169*$.1 ]
14     2.53090E-147   -2.657141544E-147 - 7.922225021E-148*$.1 [ -4.000000000 - 
8.764959957E-148*$.1, -4.000000000 - 8.764959957E-148*$.1 ]
15     8.67579E-103   -4.480287504E-103 + 8.532392771E-103*$.1 [ 4.000000000 + 
8.513098292E-103*$.1, 4.000000000 + 8.513098292E-103*$.1 ]

multipliers (1/2)c_eta(0): [ 2.000000000, 4.000000000, -2.237489289E-103, 
-1.343301957E-147, 4.000000000, 2.000000000, 4.000000000, -2.000000000, 
2.000000000 ]
TOTAL 895.300 s

Total time: 895.320 seconds, Total memory usage: 445.16MB
