Magma V2.29-7     Fri Aug 21 2026 00:58:14 on LR43Q9LVQJ [Seed = 633878453]
Type ? for help.  Type <Ctrl>-D to quit.

Loading file "vvrun.m"
X0^10(11): 9 forms, M = 220, |G| = 24200, keys = [ -2, -1, 9, 10, 11, 12, 13, 
14, 15 ]
#isotropic = 21 (2N-1 = 21)

form   max|PPerr|     c_0(0)                 c_eta(0) at nonzero isotropic
-2     1.64230E70     8.902152755E72 + 2.509943563E70*$.1 [ 8.902152755E72 + 
2.509943563E70*$.1, 8.902152755E72 + 2.509943563E70*$.1, 8.902152755E72 + 
2.509943563E70*$.1, 8.902152755E72 + 2.509943563E70*$.1, 8.902152755E72 + 
2.509943563E70*$.1, 8.902152755E72 + 2.509943563E70*$.1, 8.902152755E72 + 
2.509943563E70*$.1, 8.902152755E72 + 2.509943563E70*$.1, 8.902152755E72 + 
2.509943563E70*$.1, 8.902152755E72 + 2.509943563E70*$.1, 8.902152755E72 + 
2.509943563E70*$.1, 8.902152755E72 + 2.509943563E70*$.1, 8.902152755E72 + 
2.509943563E70*$.1, 8.902152755E72 + 2.509943563E70*$.1, 8.902152755E72 + 
2.509943563E70*$.1, 8.902152755E72 + 2.509943563E70*$.1, 8.902152755E72 + 
2.509943563E70*$.1, 8.902152755E72 + 2.509943563E70*$.1, 8.902152755E72 + 
2.509943563E70*$.1, 8.902152755E72 + 2.509943563E70*$.1 ]
-1     3.05808E69     -1.657644217E72 - 4.673686126E69*$.1 [ -1.657644217E72 - 
4.673686126E69*$.1, -1.657644217E72 - 4.673686126E69*$.1, -1.657644217E72 - 
4.673686126E69*$.1, -1.657644217E72 - 4.673686126E69*$.1, -1.657644217E72 - 
4.673686126E69*$.1, -1.657644217E72 - 4.673686126E69*$.1, -1.657644217E72 - 
4.673686126E69*$.1, -1.657644217E72 - 4.673686126E69*$.1, -1.657644217E72 - 
4.673686126E69*$.1, -1.657644217E72 - 4.673686126E69*$.1, -1.657644217E72 - 
4.673686126E69*$.1, -1.657644217E72 - 4.673686126E69*$.1, -1.657644217E72 - 
4.673686126E69*$.1, -1.657644217E72 - 4.673686126E69*$.1, -1.657644217E72 - 
4.673686126E69*$.1, -1.657644217E72 - 4.673686126E69*$.1, -1.657644217E72 - 
4.673686126E69*$.1, -1.657644217E72 - 4.673686126E69*$.1, -1.657644217E72 - 
4.673686126E69*$.1, -1.657644217E72 - 4.673686126E69*$.1 ]
9      6.40121E271    2.343619102E274 - 2.222908702E274*$.1 [ 2.343619102E274 - 
2.222908702E274*$.1, 2.343619102E274 - 2.222908702E274*$.1, 2.343619102E274 - 
2.222908702E274*$.1, 2.343619102E274 - 2.222908702E274*$.1, 2.343619102E274 - 
2.222908702E274*$.1, 2.343619102E274 - 2.222908702E274*$.1, 2.343619102E274 - 
2.222908702E274*$.1, 2.343619102E274 - 2.222908702E274*$.1, 2.343619102E274 - 
2.222908702E274*$.1, 2.343619102E274 - 2.222908702E274*$.1, 2.343619102E274 - 
2.222908702E274*$.1, 2.343619102E274 - 2.222908702E274*$.1, 2.343619102E274 - 
2.222908702E274*$.1, 2.343619102E274 - 2.222908702E274*$.1, 2.343619102E274 - 
2.222908702E274*$.1, 2.343619102E274 - 2.222908702E274*$.1, 2.343619102E274 - 
2.222908702E274*$.1, 2.343619102E274 - 2.222908702E274*$.1, 2.343619102E274 - 
2.222908702E274*$.1, 2.343619102E274 - 2.222908702E274*$.1 ]
10     1.64121E70     8.896248074E72 + 2.508280534E70*$.1 [ 8.896248074E72 + 
2.508280534E70*$.1, 8.896248074E72 + 2.508280534E70*$.1, 8.896248074E72 + 
2.508280534E70*$.1, 8.896248074E72 + 2.508280534E70*$.1, 8.896248074E72 + 
2.508280534E70*$.1, 8.896248074E72 + 2.508280534E70*$.1, 8.896248074E72 + 
2.508280534E70*$.1, 8.896248074E72 + 2.508280534E70*$.1, 8.896248074E72 + 
2.508280534E70*$.1, 8.896248074E72 + 2.508280534E70*$.1, 8.896248074E72 + 
2.508280534E70*$.1, 8.896248074E72 + 2.508280534E70*$.1, 8.896248074E72 + 
2.508280534E70*$.1, 8.896248074E72 + 2.508280534E70*$.1, 8.896248074E72 + 
2.508280534E70*$.1, 8.896248074E72 + 2.508280534E70*$.1, 8.896248074E72 + 
2.508280534E70*$.1, 8.896248074E72 + 2.508280534E70*$.1, 8.896248074E72 + 
2.508280534E70*$.1, 8.896248074E72 + 2.508280534E70*$.1 ]
11     6.40121E271    2.343619102E274 - 2.222908702E274*$.1 [ 2.343619102E274 - 
2.222908702E274*$.1, 2.343619102E274 - 2.222908702E274*$.1, 2.343619102E274 - 
2.222908702E274*$.1, 2.343619102E274 - 2.222908702E274*$.1, 2.343619102E274 - 
2.222908702E274*$.1, 2.343619102E274 - 2.222908702E274*$.1, 2.343619102E274 - 
2.222908702E274*$.1, 2.343619102E274 - 2.222908702E274*$.1, 2.343619102E274 - 
2.222908702E274*$.1, 2.343619102E274 - 2.222908702E274*$.1, 2.343619102E274 - 
2.222908702E274*$.1, 2.343619102E274 - 2.222908702E274*$.1, 2.343619102E274 - 
2.222908702E274*$.1, 2.343619102E274 - 2.222908702E274*$.1, 2.343619102E274 - 
2.222908702E274*$.1, 2.343619102E274 - 2.222908702E274*$.1, 2.343619102E274 - 
2.222908702E274*$.1, 2.343619102E274 - 2.222908702E274*$.1, 2.343619102E274 - 
2.222908702E274*$.1, 2.343619102E274 - 2.222908702E274*$.1 ]
12     6.40121E271    2.343619102E274 - 2.222908702E274*$.1 [ 2.343619102E274 - 
2.222908702E274*$.1, 2.343619102E274 - 2.222908702E274*$.1, 2.343619102E274 - 
2.222908702E274*$.1, 2.343619102E274 - 2.222908702E274*$.1, 2.343619102E274 - 
2.222908702E274*$.1, 2.343619102E274 - 2.222908702E274*$.1, 2.343619102E274 - 
2.222908702E274*$.1, 2.343619102E274 - 2.222908702E274*$.1, 2.343619102E274 - 
2.222908702E274*$.1, 2.343619102E274 - 2.222908702E274*$.1, 2.343619102E274 - 
2.222908702E274*$.1, 2.343619102E274 - 2.222908702E274*$.1, 2.343619102E274 - 
2.222908702E274*$.1, 2.343619102E274 - 2.222908702E274*$.1, 2.343619102E274 - 
2.222908702E274*$.1, 2.343619102E274 - 2.222908702E274*$.1, 2.343619102E274 - 
2.222908702E274*$.1, 2.343619102E274 - 2.222908702E274*$.1, 2.343619102E274 - 
2.222908702E274*$.1, 2.343619102E274 - 2.222908702E274*$.1 ]
13     1.33540E70     7.238603857E72 + 2.040911922E70*$.1 [ 7.238603857E72 + 
2.040911922E70*$.1, 7.238603857E72 + 2.040911922E70*$.1, 7.238603857E72 + 
2.040911922E70*$.1, 7.238603857E72 + 2.040911922E70*$.1, 7.238603857E72 + 
2.040911922E70*$.1, 7.238603857E72 + 2.040911922E70*$.1, 7.238603857E72 + 
2.040911922E70*$.1, 7.238603857E72 + 2.040911922E70*$.1, 7.238603857E72 + 
2.040911922E70*$.1, 7.238603857E72 + 2.040911922E70*$.1, 7.238603857E72 + 
2.040911922E70*$.1, 7.238603857E72 + 2.040911922E70*$.1, 7.238603857E72 + 
2.040911922E70*$.1, 7.238603857E72 + 2.040911922E70*$.1, 7.238603857E72 + 
2.040911922E70*$.1, 7.238603857E72 + 2.040911922E70*$.1, 7.238603857E72 + 
2.040911922E70*$.1, 7.238603857E72 + 2.040911922E70*$.1, 7.238603857E72 + 
2.040911922E70*$.1, 7.238603857E72 + 2.040911922E70*$.1 ]
14     3.05808E69     -1.657644217E72 - 4.673686126E69*$.1 [ -1.657644217E72 - 
4.673686126E69*$.1, -1.657644217E72 - 4.673686126E69*$.1, -1.657644217E72 - 
4.673686126E69*$.1, -1.657644217E72 - 4.673686126E69*$.1, -1.657644217E72 - 
4.673686126E69*$.1, -1.657644217E72 - 4.673686126E69*$.1, -1.657644217E72 - 
4.673686126E69*$.1, -1.657644217E72 - 4.673686126E69*$.1, -1.657644217E72 - 
4.673686126E69*$.1, -1.657644217E72 - 4.673686126E69*$.1, -1.657644217E72 - 
4.673686126E69*$.1, -1.657644217E72 - 4.673686126E69*$.1, -1.657644217E72 - 
4.673686126E69*$.1, -1.657644217E72 - 4.673686126E69*$.1, -1.657644217E72 - 
4.673686126E69*$.1, -1.657644217E72 - 4.673686126E69*$.1, -1.657644217E72 - 
4.673686126E69*$.1, -1.657644217E72 - 4.673686126E69*$.1, -1.657644217E72 - 
4.673686126E69*$.1, -1.657644217E72 - 4.673686126E69*$.1 ]
15     6.40121E271    2.343619102E274 - 2.222908702E274*$.1 [ 2.343619102E274 - 
2.222908702E274*$.1, 2.343619102E274 - 2.222908702E274*$.1, 2.343619102E274 - 
2.222908702E274*$.1, 2.343619102E274 - 2.222908702E274*$.1, 2.343619102E274 - 
2.222908702E274*$.1, 2.343619102E274 - 2.222908702E274*$.1, 2.343619102E274 - 
2.222908702E274*$.1, 2.343619102E274 - 2.222908702E274*$.1, 2.343619102E274 - 
2.222908702E274*$.1, 2.343619102E274 - 2.222908702E274*$.1, 2.343619102E274 - 
2.222908702E274*$.1, 2.343619102E274 - 2.222908702E274*$.1, 2.343619102E274 - 
2.222908702E274*$.1, 2.343619102E274 - 2.222908702E274*$.1, 2.343619102E274 - 
2.222908702E274*$.1, 2.343619102E274 - 2.222908702E274*$.1, 2.343619102E274 - 
2.222908702E274*$.1, 2.343619102E274 - 2.222908702E274*$.1, 2.343619102E274 - 
2.222908702E274*$.1, 2.343619102E274 - 2.222908702E274*$.1 ]

multipliers (1/2)c_eta(0): [ 4.451076378E72, -8.288221083E71, 1.171809551E274, 
4.448124037E72, 1.171809551E274, 1.171809551E274, 3.619301929E72, 
-8.288221083E71, 1.171809551E274 ]
TOTAL 18286.080 s

Total time: 18286.079 seconds, Total memory usage: 6865.44MB
