Magma V2.29-7     Thu Aug 20 2026 21:45:32 on LR43Q9LVQJ [Seed = 567017589]
Type ? for help.  Type <Ctrl>-D to quit.

Loading file "t7.m"
X0^15(2): 9 forms, M = 60, ds = [ 1, 2, 3, 4, 5, 6, 10, 12, 15, 20, 30, 60 ], 
keys = [ -2, -1, 9, 10, 11, 12, 13, 14, 15 ]  (10.130 s)
rho: |G| = 1800  (3.510 s)
#isotropic = 3 ; #eta with M*nm not integral = 0
144 coset rho-vectors (339.240 s)
eta table: 27648 points, Im in [0.000277748843513684107027183620774, 
1.00000000000000000000000000000]  (71.600 s)

form   v_oo    v_0     max|PPerr|    c_0(0)                   sum_iso c_eta(0)
-2     -30     -30     8.67579E-103  -4.48028750378E-103 + 
8.53239277111E-103*$.1 8.00000000000 + 2.55585893554E-102*$.1   (82.630 s)
-1     -10     -45     8.75224E-168  9.66928375601E-168 + 3.51458765207E-169*$.1
16.0000000000 + 1.05105168474E-168*$.1   (75.660 s)
9      -30     -30     8.67578E-103  -4.47541005050E-103 + 
8.52970254624E-103*$.1 -1.34253672050E-102 + 2.55558780329E-102*$.1   (81.620 s)
10     -15     -30     2.53089E-147  -2.65678327963E-147 - 
7.92524019228E-148*$.1 -8.02999110694E-147 - 2.54555897334E-147*$.1   (66.460 s)
11     -30     -30     8.67576E-103  -4.47879122263E-103 + 
8.53151904256E-103*$.1 16.0000000000 + 2.55576259354E-102*$.1   (81.800 s)
12     -30     -30     8.67580E-103  -4.47437185486E-103 + 
8.53094216705E-103*$.1 8.00000000000 + 2.55571670196E-102*$.1   (84.480 s)
13     -10     -45     8.75224E-168  9.66928375601E-168 + 3.51458765207E-169*$.1
16.0000000000 + 1.05105168474E-168*$.1   (78.040 s)
14     -15     -30     2.53090E-147  -2.65714154395E-147 - 
7.92222502051E-148*$.1 -8.00000000000 - 2.54521449348E-147*$.1   (68.430 s)
15     -30     -30     8.67579E-103  -4.48028750378E-103 + 
8.53239277111E-103*$.1 8.00000000000 + 2.55585893554E-102*$.1   (84.000 s)

TOTAL 1128.060 s

Total time: 1128.079 seconds, Total memory usage: 1312.62MB
