Magma V2.29-7     Thu Aug 20 2026 22:05:06 on LR43Q9LVQJ [Seed = 801245757]
Type ? for help.  Type <Ctrl>-D to quit.

Loading file "t7.m"
X0^6(5): 9 forms, M = 60, ds = [ 1, 2, 3, 4, 5, 6, 10, 12, 15, 20, 30, 60 ], 
keys = [ -2, -1, 9, 10, 11, 12, 13, 14, 15 ]  (4.820 s)
rho: |G| = 1800  (3.300 s)
#isotropic = 9 ; #eta with M*nm not integral = 0
144 coset rho-vectors (348.250 s)
eta table: 27648 points, Im in [0.000277748843513684107027183620774, 
1.00000000000000000000000000000]  (73.470 s)

form   v_oo    v_0     max|PPerr|    c_0(0)                   sum_iso c_eta(0)
-2     -19     1       2.40910E-149  1.62070483956E-146 + 8.10148757358E-147*$.1
1.47046256005E-145 + 7.22248564215E-146*$.1   (40.640 s)
-1     -6      0       4.57795E-171  1.93884941306E-168 + 6.86017270018E-170*$.1
1.74269584648E-167 + 6.24567008478E-169*$.1   (35.330 s)
9      -30     0       1.95709E-105  -4.48809626753E-103 + 
8.52801890653E-103*$.1 96.0000000000 + 7.66327863704E-102*$.1   (57.540 s)
10     -10     0       2.83992E-170  1.19969040023E-167 + 4.24458030128E-169*$.1
48.0000000000 + 3.94536166846E-168*$.1   (34.950 s)
11     -30     0       1.95712E-105  -4.48022466918E-103 + 
8.52809968664E-103*$.1 192.000000000 + 7.66326050265E-102*$.1   (56.950 s)
12     -30     0       1.95670E-105  -4.48853940997E-103 + 
8.53156702158E-103*$.1 144.000000000 + 7.66363784251E-102*$.1   (57.230 s)
13     -10     1       3.29875E-170  1.39364023972E-167 + 4.95755708166E-169*$.1
48.0000000000 + 4.57309057596E-168*$.1   (33.450 s)
14     -6      0       4.57795E-171  1.93884941306E-168 + 6.86017270018E-170*$.1
1.74269584648E-167 + 6.24567008478E-169*$.1   (34.720 s)
15     -30     0       1.95761E-105  -4.48021192604E-103 + 
8.53134545898E-103*$.1 48.0000000000 + 7.66359285819E-102*$.1   (57.210 s)

TOTAL 838.150 s

Total time: 838.170 seconds, Total memory usage: 1312.62MB
