Magma V2.29-7     Thu Aug 20 2026 22:31:26 on LR43Q9LVQJ [Seed = 3441488253]
Type ? for help.  Type <Ctrl>-D to quit.

Loading file "t7.m"
X0^10(3): 9 forms, M = 60, ds = [ 1, 2, 3, 4, 5, 6, 10, 12, 15, 20, 30, 60 ], 
keys = [ -2, -1, 9, 10, 11, 12, 13, 14, 15 ]  (4.810 s)
rho: |G| = 1800  (4.240 s)
#isotropic = 5 ; #eta with M*nm not integral = 0
144 coset rho-vectors (353.840 s)
eta table: 27648 points, Im in [0.000277748843513684107027183620774, 
1.00000000000000000000000000000]  (73.180 s)

form   v_oo    v_0     max|PPerr|    c_0(0)                   sum_iso c_eta(0)
-2     -35     1       2.37984E-81   -3.48331403636E-80 - 7.89877665809E-103*$.1
-1.74165701818E-79 - 3.96700606368E-102*$.1   (57.340 s)
-1     -35     0       2.37984E-81   -3.48331403636E-80 - 7.90004836876E-103*$.1
-1.74165701818E-79 - 3.96710030652E-102*$.1   (57.390 s)
9      -35     0       4.75967E-81   -6.96662807272E-80 - 7.30942959799E-103*$.1
48.0000000000 - 3.68002411228E-102*$.1   (57.240 s)
10     -35     0       4.75967E-81   -6.96662807272E-80 - 1.58037301966E-102*$.1
24.0000000000 - 7.93474336099E-102*$.1   (56.400 s)
11     -35     0       4.75967E-81   -6.96662807272E-80 - 7.32105666700E-103*$.1
24.0000000000 - 3.68111415000E-102*$.1   (56.800 s)
12     -35     0       4.75967E-81   -6.96662807272E-80 - 7.31814989974E-103*$.1
24.0000000000 - 3.68077805504E-102*$.1   (57.210 s)
13     -35     0       4.75967E-81   -6.96662807272E-80 - 1.57957365866E-102*$.1
24.0000000000 - 7.93383272531E-102*$.1   (57.250 s)
14     -35     0       4.75967E-81   -6.96662807272E-80 - 1.57946465489E-102*$.1
-3.48331403636E-79 - 7.93375097248E-102*$.1   (57.230 s)
15     -35     0       9.51935E-81   -1.39332561454E-79 - 2.27759747935E-102*$.1
48.0000000000 - 1.15812283752E-101*$.1   (57.360 s)

TOTAL 950.640 s

Total time: 950.649 seconds, Total memory usage: 1312.62MB
