Magma V2.29-7     Fri Aug 21 2026 07:40:13 on LR43Q9LVQJ [Seed = 2371891691]
Type ? for help.  Type <Ctrl>-D to quit.

Loading file "vanplace.m"

===== X0^10(3) at d = -8 : |L_quo| = 2, Delta = [ <2, 3>, <3, 2>, <5, 2> ] =====
  m = 3    (N | m)
      mu=[ 0, 0, 0 ]    k=-1  m-Q(x)=1      W=[ <2, 2>, <3, 0>, <5, 0> ]     
vanish=[ 3, 5 ]   <== N IS THE VANISHING PLACE
      mu=[ 0, 0, 0 ]    k=0   m-Q(x)=3      W=[ <2, 2>, <3, 2>, <5, 0> ]     
vanish=[ 5 ]
      mu=[ 0, 0, 0 ]    k=1   m-Q(x)=1      W=[ <2, 2>, <3, 0>, <5, 0> ]     
vanish=[ 3, 5 ]   <== N IS THE VANISHING PLACE
      mu=[ 0, 1, 0 ]    k=-83 m-Q(x)=5/2    W=[ <2, 0>, <3, 0>, <5, 6> ]     
vanish=[ 2, 3 ]   <== N IS THE VANISHING PLACE
      mu=[ 0, 1, 0 ]    k=-82 m-Q(x)=5/2    W=[ <2, 0>, <3, 0>, <5, 6> ]     
vanish=[ 2, 3 ]   <== N IS THE VANISHING PLACE
  m = 12   (N | m)
      mu=[ 0, 0, 0 ]    k=-2  m-Q(x)=4      W=[ <2, 2>, <3, 0>, <5, 0> ]     
vanish=[ 3, 5 ]   <== N IS THE VANISHING PLACE
      mu=[ 0, 0, 0 ]    k=-1  m-Q(x)=10     W=[ <2, 0>, <3, 0>, <5, 6> ]     
vanish=[ 2, 3 ]   <== N IS THE VANISHING PLACE
      mu=[ 0, 0, 0 ]    k=0   m-Q(x)=12     W=[ <2, 2>, <3, 2>, <5, 0> ]     
vanish=[ 5 ]
      mu=[ 0, 0, 0 ]    k=1   m-Q(x)=10     W=[ <2, 0>, <3, 0>, <5, 6> ]     
vanish=[ 2, 3 ]   <== N IS THE VANISHING PLACE
      mu=[ 0, 0, 0 ]    k=2   m-Q(x)=4      W=[ <2, 2>, <3, 0>, <5, 0> ]     
vanish=[ 3, 5 ]   <== N IS THE VANISHING PLACE
      mu=[ 0, 1, 0 ]    k=-84 m-Q(x)=15/2   W=[ <2, 0>, <3, 2>, <5, 6> ]     
vanish=[ 2 ]
      mu=[ 0, 1, 0 ]    k=-83 m-Q(x)=23/2   W=[ <2, 0>, <3, 0>, <5, 0>, <23, 0> 
] vanish=[ 2, 3, 5, 23 ]   <== N IS THE VANISHING PLACE
      mu=[ 0, 1, 0 ]    k=-82 m-Q(x)=23/2   W=[ <2, 0>, <3, 0>, <5, 0>, <23, 0> 
] vanish=[ 2, 3, 5, 23 ]   <== N IS THE VANISHING PLACE
      mu=[ 0, 1, 0 ]    k=-81 m-Q(x)=15/2   W=[ <2, 0>, <3, 2>, <5, 6> ]     
vanish=[ 2 ]
  m = 30   (N | m)
      mu=[ 0, 0, 0 ]    k=-3  m-Q(x)=12     W=[ <2, 2>, <3, 2>, <5, 0> ]     
vanish=[ 5 ]
      mu=[ 0, 0, 0 ]    k=-2  m-Q(x)=22     W=[ <2, 2>, <3, 0>, <5, 0>, <11, 
20/11> ] vanish=[ 3, 5 ]   <== N IS THE VANISHING PLACE
      mu=[ 0, 0, 0 ]    k=-1  m-Q(x)=28     W=[ <2, 0>, <3, 0>, <5, 0>, <7, 0> ]
vanish=[ 2, 3, 5, 7 ]   <== N IS THE VANISHING PLACE
      mu=[ 0, 0, 0 ]    k=0   m-Q(x)=30     W=[ <2, 0>, <3, 2>, <5, 6> ]     
vanish=[ 2 ]
      mu=[ 0, 0, 0 ]    k=1   m-Q(x)=28     W=[ <2, 0>, <3, 0>, <5, 0>, <7, 0> ]
vanish=[ 2, 3, 5, 7 ]   <== N IS THE VANISHING PLACE
      mu=[ 0, 0, 0 ]    k=2   m-Q(x)=22     W=[ <2, 2>, <3, 0>, <5, 0>, <11, 
20/11> ] vanish=[ 3, 5 ]   <== N IS THE VANISHING PLACE
      mu=[ 0, 0, 0 ]    k=3   m-Q(x)=12     W=[ <2, 2>, <3, 2>, <5, 0> ]     
vanish=[ 5 ]
      mu=[ 0, 1, 0 ]    k=-86 m-Q(x)=11/2   W=[ <2, 2>, <3, 0>, <5, 0>, <11, 
20/11> ] vanish=[ 3, 5 ]   <== N IS THE VANISHING PLACE
      mu=[ 0, 1, 0 ]    k=-85 m-Q(x)=35/2   W=[ <2, 2>, <3, 0>, <5, 6>, <7, 0> ]
vanish=[ 3, 7 ]   <== N IS THE VANISHING PLACE
      mu=[ 0, 1, 0 ]    k=-84 m-Q(x)=51/2   W=[ <2, 2>, <3, 2>, <5, 0>, <17, 
32/17> ] vanish=[ 5 ]
      mu=[ 0, 1, 0 ]    k=-83 m-Q(x)=59/2   W=[ <2, 2>, <3, 0>, <5, 0>, <59, 
116/59> ] vanish=[ 3, 5 ]   <== N IS THE VANISHING PLACE
      mu=[ 0, 1, 0 ]    k=-82 m-Q(x)=59/2   W=[ <2, 2>, <3, 0>, <5, 0>, <59, 
116/59> ] vanish=[ 3, 5 ]   <== N IS THE VANISHING PLACE
      mu=[ 0, 1, 0 ]    k=-81 m-Q(x)=51/2   W=[ <2, 2>, <3, 2>, <5, 0>, <17, 
32/17> ] vanish=[ 5 ]
      mu=[ 0, 1, 0 ]    k=-80 m-Q(x)=35/2   W=[ <2, 2>, <3, 0>, <5, 6>, <7, 0> ]
vanish=[ 3, 7 ]   <== N IS THE VANISHING PLACE
      mu=[ 0, 1, 0 ]    k=-79 m-Q(x)=11/2   W=[ <2, 2>, <3, 0>, <5, 0>, <11, 
20/11> ] vanish=[ 3, 5 ]   <== N IS THE VANISHING PLACE

===== X0^15(2) at d = -7 : |L_quo| = 7, Delta = [ <2, 2>, <3, 2>, <5, 2>, <7, 1>
] =====
  m = 2    (N | m)
      mu=[ 0, 0, 0 ]    k=0   m-Q(x)=2      W=[ <2, 1>, <3, 0>, <5, 0>, <7, 0> ]
vanish=[ 3, 5, 7 ]
      mu=[ 0, 0, 1 ]    k=7   m-Q(x)=5/7    W=[ <2, 0>, <3, 0>, <5, 6>, <7, 1> ]
vanish=[ 2, 3 ]   <== N IS THE VANISHING PLACE
      mu=[ 1, 0, 0 ]    k=-4  m-Q(x)=13/7   W=[ <2, 0>, <3, 0>, <5, 0>, <7, 1>, 
<13, 0> ] vanish=[ 2, 3, 5, 13 ]   <== N IS THE VANISHING PLACE
      mu=[ 1, -1, 0 ]   k=-13 m-Q(x)=10/7   W=[ <2, 1>, <3, 0>, <5, 6>, <7, 1> ]
vanish=[ 3 ]
      mu=[ -1, 1, 0 ]   k=13  m-Q(x)=10/7   W=[ <2, 1>, <3, 0>, <5, 6>, <7, 1> ]
vanish=[ 3 ]
      mu=[ -1, 0, 0 ]   k=4   m-Q(x)=13/7   W=[ <2, 0>, <3, 0>, <5, 0>, <7, 1>, 
<13, 0> ] vanish=[ 2, 3, 5, 13 ]   <== N IS THE VANISHING PLACE
      mu=[ 0, 1, 0 ]    k=9   m-Q(x)=5/7    W=[ <2, 0>, <3, 0>, <5, 6>, <7, 1> ]
vanish=[ 2, 3 ]   <== N IS THE VANISHING PLACE
  m = 10   (N | m)
      mu=[ 0, 0, 0 ]    k=-1  m-Q(x)=3      W=[ <2, 0>, <3, 4>, <5, 0>, <7, 2> ]
vanish=[ 2, 5 ]   <== N IS THE VANISHING PLACE
      mu=[ 0, 0, 0 ]    k=0   m-Q(x)=10     W=[ <2, 1>, <3, 0>, <5, 6>, <7, 2> ]
vanish=[ 3 ]
      mu=[ 0, 0, 0 ]    k=1   m-Q(x)=3      W=[ <2, 0>, <3, 4>, <5, 0>, <7, 2> ]
vanish=[ 2, 5 ]   <== N IS THE VANISHING PLACE
      mu=[ 0, 0, 1 ]    k=7   m-Q(x)=61/7   W=[ <2, 0>, <3, 0>, <5, 0>, <7, 1>, 
<61, 0> ] vanish=[ 2, 3, 5, 61 ]   <== N IS THE VANISHING PLACE
      mu=[ 0, 0, 1 ]    k=8   m-Q(x)=54/7   W=[ <2, 1>, <3, 4>, <5, 0>, <7, 1> ]
vanish=[ 5 ]
      mu=[ 1, 0, 0 ]    k=-5  m-Q(x)=34/7   W=[ <2, 1>, <3, 0>, <5, 0>, <7, 1>, 
<17, 0> ] vanish=[ 3, 5, 17 ]
      mu=[ 1, 0, 0 ]    k=-4  m-Q(x)=69/7   W=[ <2, 0>, <3, 4>, <5, 0>, <7, 1>, 
<23, 44/23> ] vanish=[ 2, 5 ]   <== N IS THE VANISHING PLACE
      mu=[ 1, 0, 0 ]    k=-3  m-Q(x)=6/7    W=[ <2, 1>, <3, 4>, <5, 0>, <7, 1> ]
vanish=[ 5 ]
      mu=[ 1, -1, 0 ]   k=-13 m-Q(x)=66/7   W=[ <2, 1>, <3, 4>, <5, 0>, <7, 1>, 
<11, 20/11> ] vanish=[ 5 ]
      mu=[ 1, -1, 0 ]   k=-12 m-Q(x)=45/7   W=[ <2, 0>, <3, 0>, <5, 6>, <7, 1> ]
vanish=[ 2, 3 ]   <== N IS THE VANISHING PLACE
      mu=[ -1, 1, 0 ]   k=12  m-Q(x)=45/7   W=[ <2, 0>, <3, 0>, <5, 6>, <7, 1> ]
vanish=[ 2, 3 ]   <== N IS THE VANISHING PLACE
      mu=[ -1, 1, 0 ]   k=13  m-Q(x)=66/7   W=[ <2, 1>, <3, 4>, <5, 0>, <7, 1>, 
<11, 20/11> ] vanish=[ 5 ]
      mu=[ -1, 0, 0 ]   k=3   m-Q(x)=6/7    W=[ <2, 1>, <3, 4>, <5, 0>, <7, 1> ]
vanish=[ 5 ]
      mu=[ -1, 0, 0 ]   k=4   m-Q(x)=69/7   W=[ <2, 0>, <3, 4>, <5, 0>, <7, 1>, 
<23, 44/23> ] vanish=[ 2, 5 ]   <== N IS THE VANISHING PLACE
      mu=[ -1, 0, 0 ]   k=5   m-Q(x)=34/7   W=[ <2, 1>, <3, 0>, <5, 0>, <7, 1>, 
<17, 0> ] vanish=[ 3, 5, 17 ]
      mu=[ 0, 1, 0 ]    k=8   m-Q(x)=54/7   W=[ <2, 1>, <3, 4>, <5, 0>, <7, 1> ]
vanish=[ 5 ]
      mu=[ 0, 1, 0 ]    k=9   m-Q(x)=61/7   W=[ <2, 0>, <3, 0>, <5, 0>, <7, 1>, 
<61, 0> ] vanish=[ 2, 3, 5, 61 ]   <== N IS THE VANISHING PLACE
  m = 30   (N | m)
      mu=[ 0, 0, 0 ]    k=-2  m-Q(x)=2      W=[ <2, 1>, <3, 0>, <5, 0>, <7, 0> ]
vanish=[ 3, 5, 7 ]
      mu=[ 0, 0, 0 ]    k=-1  m-Q(x)=23     W=[ <2, 0>, <3, 0>, <5, 0>, <7, 0>, 
<23, 44/23> ] vanish=[ 2, 3, 5, 7 ]   <== N IS THE VANISHING PLACE
      mu=[ 0, 0, 0 ]    k=0   m-Q(x)=30     W=[ <2, 1>, <3, 4>, <5, 6>, <7, 0> ]
vanish=[ 7 ]
      mu=[ 0, 0, 0 ]    k=1   m-Q(x)=23     W=[ <2, 0>, <3, 0>, <5, 0>, <7, 0>, 
<23, 44/23> ] vanish=[ 2, 3, 5, 7 ]   <== N IS THE VANISHING PLACE
      mu=[ 0, 0, 0 ]    k=2   m-Q(x)=2      W=[ <2, 1>, <3, 0>, <5, 0>, <7, 0> ]
vanish=[ 3, 5, 7 ]
      mu=[ 0, 0, 1 ]    k=6   m-Q(x)=110/7  W=[ <2, 1>, <3, 0>, <5, 6>, <7, 1>, 
<11, 20/11> ] vanish=[ 3 ]
      mu=[ 0, 0, 1 ]    k=7   m-Q(x)=201/7  W=[ <2, 0>, <3, 4>, <5, 0>, <7, 1>, 
<67, 132/67> ] vanish=[ 2, 5 ]   <== N IS THE VANISHING PLACE
      mu=[ 0, 0, 1 ]    k=8   m-Q(x)=194/7  W=[ <2, 1>, <3, 0>, <5, 0>, <7, 1>, 
<97, 0> ] vanish=[ 3, 5, 97 ]
      mu=[ 0, 0, 1 ]    k=9   m-Q(x)=89/7   W=[ <2, 0>, <3, 0>, <5, 0>, <7, 1>, 
<89, 0> ] vanish=[ 2, 3, 5, 89 ]   <== N IS THE VANISHING PLACE
      mu=[ 1, 0, 0 ]    k=-6  m-Q(x)=41/7   W=[ <2, 0>, <3, 0>, <5, 0>, <7, 1>, 
<41, 0> ] vanish=[ 2, 3, 5, 41 ]   <== N IS THE VANISHING PLACE
      mu=[ 1, 0, 0 ]    k=-5  m-Q(x)=174/7  W=[ <2, 1>, <3, 4>, <5, 0>, <7, 1>, 
<29, 56/29> ] vanish=[ 5 ]
      mu=[ 1, 0, 0 ]    k=-4  m-Q(x)=209/7  W=[ <2, 0>, <3, 0>, <5, 0>, <7, 1>, 
<11, 20/11>, <19, 0> ] vanish=[ 2, 3, 5, 19 ]   <== N IS THE VANISHING PLACE
      mu=[ 1, 0, 0 ]    k=-3  m-Q(x)=146/7  W=[ <2, 1>, <3, 0>, <5, 0>, <7, 1>, 
<73, 0> ] vanish=[ 3, 5, 73 ]
      mu=[ 1, -1, 0 ]   k=-14 m-Q(x)=129/7  W=[ <2, 0>, <3, 4>, <5, 0>, <7, 1>, 
<43, 84/43> ] vanish=[ 2, 5 ]   <== N IS THE VANISHING PLACE
      mu=[ 1, -1, 0 ]   k=-13 m-Q(x)=206/7  W=[ <2, 1>, <3, 0>, <5, 0>, <7, 1>, 
<103, 0> ] vanish=[ 3, 5, 103 ]
      mu=[ 1, -1, 0 ]   k=-12 m-Q(x)=185/7  W=[ <2, 0>, <3, 0>, <5, 6>, <7, 1>, 
<37, 72/37> ] vanish=[ 2, 3 ]   <== N IS THE VANISHING PLACE
      mu=[ 1, -1, 0 ]   k=-11 m-Q(x)=66/7   W=[ <2, 1>, <3, 4>, <5, 0>, <7, 1>, 
<11, 20/11> ] vanish=[ 5 ]
      mu=[ -1, 1, 0 ]   k=11  m-Q(x)=66/7   W=[ <2, 1>, <3, 4>, <5, 0>, <7, 1>, 
<11, 20/11> ] vanish=[ 5 ]
      mu=[ -1, 1, 0 ]   k=12  m-Q(x)=185/7  W=[ <2, 0>, <3, 0>, <5, 6>, <7, 1>, 
<37, 72/37> ] vanish=[ 2, 3 ]   <== N IS THE VANISHING PLACE
      mu=[ -1, 1, 0 ]   k=13  m-Q(x)=206/7  W=[ <2, 1>, <3, 0>, <5, 0>, <7, 1>, 
<103, 0> ] vanish=[ 3, 5, 103 ]
      mu=[ -1, 1, 0 ]   k=14  m-Q(x)=129/7  W=[ <2, 0>, <3, 4>, <5, 0>, <7, 1>, 
<43, 84/43> ] vanish=[ 2, 5 ]   <== N IS THE VANISHING PLACE
      mu=[ -1, 0, 0 ]   k=3   m-Q(x)=146/7  W=[ <2, 1>, <3, 0>, <5, 0>, <7, 1>, 
<73, 0> ] vanish=[ 3, 5, 73 ]
      mu=[ -1, 0, 0 ]   k=4   m-Q(x)=209/7  W=[ <2, 0>, <3, 0>, <5, 0>, <7, 1>, 
<11, 20/11>, <19, 0> ] vanish=[ 2, 3, 5, 19 ]   <== N IS THE VANISHING PLACE
      mu=[ -1, 0, 0 ]   k=5   m-Q(x)=174/7  W=[ <2, 1>, <3, 4>, <5, 0>, <7, 1>, 
<29, 56/29> ] vanish=[ 5 ]
      mu=[ -1, 0, 0 ]   k=6   m-Q(x)=41/7   W=[ <2, 0>, <3, 0>, <5, 0>, <7, 1>, 
<41, 0> ] vanish=[ 2, 3, 5, 41 ]   <== N IS THE VANISHING PLACE
      mu=[ 0, 1, 0 ]    k=7   m-Q(x)=89/7   W=[ <2, 0>, <3, 0>, <5, 0>, <7, 1>, 
<89, 0> ] vanish=[ 2, 3, 5, 89 ]   <== N IS THE VANISHING PLACE
      mu=[ 0, 1, 0 ]    k=8   m-Q(x)=194/7  W=[ <2, 1>, <3, 0>, <5, 0>, <7, 1>, 
<97, 0> ] vanish=[ 3, 5, 97 ]
      mu=[ 0, 1, 0 ]    k=9   m-Q(x)=201/7  W=[ <2, 0>, <3, 4>, <5, 0>, <7, 1>, 
<67, 132/67> ] vanish=[ 2, 5 ]   <== N IS THE VANISHING PLACE
      mu=[ 0, 1, 0 ]    k=10  m-Q(x)=110/7  W=[ <2, 1>, <3, 0>, <5, 6>, <7, 1>, 
<11, 20/11> ] vanish=[ 3 ]

===== X0^6(5) at d = -19 : |L_quo| = 19, Delta = [ <2, 2>, <3, 2>, <5, 2>, <19, 
1> ] =====
  m = 10   (N | m)
      mu=[ 0, 0, 0 ]    k=0   m-Q(x)=10     W=[ <2, 3>, <3, 0>, <5, 4>, <19, 2> 
] vanish=[ 3 ]
      mu=[ 0, 0, 1 ]    k=4   m-Q(x)=174/19 W=[ <2, 3>, <3, 4>, <5, 0>, <19, 1>,
<29, 0> ] vanish=[ 5, 29 ]   <== N IS THE VANISHING PLACE
      mu=[ 1, 0, -1 ]   k=-1  m-Q(x)=126/19 W=[ <2, 3>, <3, 0>, <5, 0>, <7, 
12/7>, <19, 1> ] vanish=[ 3, 5 ]   <== N IS THE VANISHING PLACE
      mu=[ 1, 0, -1 ]   k=0   m-Q(x)=69/19  W=[ <2, 0>, <3, 4>, <5, 0>, <19, 1>,
<23, 44/23> ] vanish=[ 2, 5 ]   <== N IS THE VANISHING PLACE
      mu=[ 1, 0, 0 ]    k=3   m-Q(x)=46/19  W=[ <2, 3>, <3, 0>, <5, 0>, <19, 1>,
<23, 44/23> ] vanish=[ 3, 5 ]   <== N IS THE VANISHING PLACE
      mu=[ 1, 0, 0 ]    k=4   m-Q(x)=141/19 W=[ <2, 0>, <3, 4>, <5, 0>, <19, 1>,
<47, 92/47> ] vanish=[ 2, 5 ]   <== N IS THE VANISHING PLACE
      mu=[ 1, 0, 1 ]    k=8   m-Q(x)=181/19 W=[ <2, 0>, <3, 0>, <5, 0>, <19, 1>,
<181, 0> ] vanish=[ 2, 3, 5, 181 ]   <== N IS THE VANISHING PLACE
      mu=[ -1, -1, 0 ]  k=-8  m-Q(x)=189/19 W=[ <2, 0>, <3, 4>, <5, 0>, <7, 
12/7>, <19, 1> ] vanish=[ 2, 5 ]   <== N IS THE VANISHING PLACE
      mu=[ -1, -1, 1 ]  k=-4  m-Q(x)=165/19 W=[ <2, 0>, <3, 4>, <5, 4>, <11, 
20/11>, <19, 1> ] vanish=[ 2 ]
      mu=[ 0, -1, -1 ]  k=-9  m-Q(x)=109/19 W=[ <2, 0>, <3, 0>, <5, 0>, <19, 1>,
<109, 0> ] vanish=[ 2, 3, 5, 109 ]   <== N IS THE VANISHING PLACE
      mu=[ 0, -1, -1 ]  k=-8  m-Q(x)=90/19  W=[ <2, 3>, <3, 0>, <5, 4>, <19, 1> 
] vanish=[ 3 ]
      mu=[ 0, -1, 0 ]   k=-5  m-Q(x)=21/19  W=[ <2, 0>, <3, 4>, <5, 0>, <7, 
12/7>, <19, 1> ] vanish=[ 2, 5 ]   <== N IS THE VANISHING PLACE
      mu=[ 0, -1, 0 ]   k=-4  m-Q(x)=154/19 W=[ <2, 3>, <3, 0>, <5, 0>, <7, 
12/7>, <11, 20/11>, <19, 1> ] vanish=[ 3, 5 ]   <== N IS THE VANISHING PLACE
      mu=[ 0, -1, 1 ]   k=0   m-Q(x)=186/19 W=[ <2, 3>, <3, 4>, <5, 0>, <19, 1>,
<31, 0> ] vanish=[ 5, 31 ]   <== N IS THE VANISHING PLACE
      mu=[ 0, 1, -1 ]   k=0   m-Q(x)=186/19 W=[ <2, 3>, <3, 4>, <5, 0>, <19, 1>,
<31, 0> ] vanish=[ 5, 31 ]   <== N IS THE VANISHING PLACE
      mu=[ 0, 1, 0 ]    k=4   m-Q(x)=154/19 W=[ <2, 3>, <3, 0>, <5, 0>, <7, 
12/7>, <11, 20/11>, <19, 1> ] vanish=[ 3, 5 ]   <== N IS THE VANISHING PLACE
      mu=[ 0, 1, 0 ]    k=5   m-Q(x)=21/19  W=[ <2, 0>, <3, 4>, <5, 0>, <7, 
12/7>, <19, 1> ] vanish=[ 2, 5 ]   <== N IS THE VANISHING PLACE
      mu=[ 0, 1, 1 ]    k=8   m-Q(x)=90/19  W=[ <2, 3>, <3, 0>, <5, 4>, <19, 1> 
] vanish=[ 3 ]
      mu=[ 0, 1, 1 ]    k=9   m-Q(x)=109/19 W=[ <2, 0>, <3, 0>, <5, 0>, <19, 1>,
<109, 0> ] vanish=[ 2, 3, 5, 109 ]   <== N IS THE VANISHING PLACE
      mu=[ 1, 1, -1 ]   k=4   m-Q(x)=165/19 W=[ <2, 0>, <3, 4>, <5, 4>, <11, 
20/11>, <19, 1> ] vanish=[ 2 ]
      mu=[ 1, 1, 0 ]    k=8   m-Q(x)=189/19 W=[ <2, 0>, <3, 4>, <5, 0>, <7, 
12/7>, <19, 1> ] vanish=[ 2, 5 ]   <== N IS THE VANISHING PLACE
      mu=[ -1, 0, -1 ]  k=-8  m-Q(x)=181/19 W=[ <2, 0>, <3, 0>, <5, 0>, <19, 1>,
<181, 0> ] vanish=[ 2, 3, 5, 181 ]   <== N IS THE VANISHING PLACE
      mu=[ -1, 0, 0 ]   k=-4  m-Q(x)=141/19 W=[ <2, 0>, <3, 4>, <5, 0>, <19, 1>,
<47, 92/47> ] vanish=[ 2, 5 ]   <== N IS THE VANISHING PLACE
      mu=[ -1, 0, 0 ]   k=-3  m-Q(x)=46/19  W=[ <2, 3>, <3, 0>, <5, 0>, <19, 1>,
<23, 44/23> ] vanish=[ 3, 5 ]   <== N IS THE VANISHING PLACE
      mu=[ -1, 0, 1 ]   k=0   m-Q(x)=69/19  W=[ <2, 0>, <3, 4>, <5, 0>, <19, 1>,
<23, 44/23> ] vanish=[ 2, 5 ]   <== N IS THE VANISHING PLACE
      mu=[ -1, 0, 1 ]   k=1   m-Q(x)=126/19 W=[ <2, 3>, <3, 0>, <5, 0>, <7, 
12/7>, <19, 1> ] vanish=[ 3, 5 ]   <== N IS THE VANISHING PLACE
      mu=[ 0, 0, -1 ]   k=-4  m-Q(x)=174/19 W=[ <2, 3>, <3, 4>, <5, 0>, <19, 1>,
<29, 0> ] vanish=[ 5, 29 ]   <== N IS THE VANISHING PLACE
  m = 15   (N | m)
      mu=[ 0, 0, 0 ]    k=0   m-Q(x)=15     W=[ <2, 0>, <3, 4>, <5, 4>, <19, 2> 
] vanish=[ 2 ]
      mu=[ 0, 0, 1 ]    k=4   m-Q(x)=269/19 W=[ <2, 0>, <3, 0>, <5, 0>, <19, 1>,
<269, 0> ] vanish=[ 2, 3, 5, 269 ]   <== N IS THE VANISHING PLACE
      mu=[ 0, 0, 1 ]    k=5   m-Q(x)=60/19  W=[ <2, 0>, <3, 4>, <5, 4>, <19, 1> 
] vanish=[ 2 ]
      mu=[ 1, 0, -1 ]   k=-1  m-Q(x)=221/19 W=[ <2, 0>, <3, 0>, <5, 0>, <13, 0>,
<17, 32/17>, <19, 1> ] vanish=[ 2, 3, 5, 13 ]   <== N IS THE VANISHING PLACE
      mu=[ 1, 0, -1 ]   k=0   m-Q(x)=164/19 W=[ <2, 0>, <3, 0>, <5, 0>, <19, 1>,
<41, 0> ] vanish=[ 2, 3, 5, 41 ]   <== N IS THE VANISHING PLACE
      mu=[ 1, 0, 0 ]    k=3   m-Q(x)=141/19 W=[ <2, 0>, <3, 4>, <5, 0>, <19, 1>,
<47, 92/47> ] vanish=[ 2, 5 ]   <== N IS THE VANISHING PLACE
      mu=[ 1, 0, 0 ]    k=4   m-Q(x)=236/19 W=[ <2, 0>, <3, 0>, <5, 0>, <19, 1>,
<59, 0> ] vanish=[ 2, 3, 5, 59 ]   <== N IS THE VANISHING PLACE
      mu=[ 1, 0, 1 ]    k=7   m-Q(x)=29/19  W=[ <2, 0>, <3, 0>, <5, 0>, <19, 1>,
<29, 0> ] vanish=[ 2, 3, 5, 29 ]   <== N IS THE VANISHING PLACE
      mu=[ 1, 0, 1 ]    k=8   m-Q(x)=276/19 W=[ <2, 0>, <3, 4>, <5, 0>, <19, 1>,
<23, 44/23> ] vanish=[ 2, 5 ]   <== N IS THE VANISHING PLACE
      mu=[ -1, -1, 0 ]  k=-8  m-Q(x)=284/19 W=[ <2, 0>, <3, 0>, <5, 0>, <19, 1>,
<71, 0> ] vanish=[ 2, 3, 5, 71 ]   <== N IS THE VANISHING PLACE
      mu=[ -1, -1, 1 ]  k=-4  m-Q(x)=260/19 W=[ <2, 0>, <3, 0>, <5, 4>, <13, 0>,
<19, 1> ] vanish=[ 2, 3, 13 ]
      mu=[ -1, -1, 1 ]  k=-3  m-Q(x)=89/19  W=[ <2, 0>, <3, 0>, <5, 0>, <19, 1>,
<89, 0> ] vanish=[ 2, 3, 5, 89 ]   <== N IS THE VANISHING PLACE
      mu=[ 0, -1, -1 ]  k=-9  m-Q(x)=204/19 W=[ <2, 0>, <3, 4>, <5, 0>, <17, 
32/17>, <19, 1> ] vanish=[ 2, 5 ]   <== N IS THE VANISHING PLACE
      mu=[ 0, -1, -1 ]  k=-8  m-Q(x)=185/19 W=[ <2, 0>, <3, 0>, <5, 4>, <19, 1>,
<37, 0> ] vanish=[ 2, 3, 37 ]
      mu=[ 0, -1, 0 ]   k=-5  m-Q(x)=116/19 W=[ <2, 0>, <3, 0>, <5, 0>, <19, 1>,
<29, 0> ] vanish=[ 2, 3, 5, 29 ]   <== N IS THE VANISHING PLACE
      mu=[ 0, -1, 0 ]   k=-4  m-Q(x)=249/19 W=[ <2, 0>, <3, 4>, <5, 0>, <19, 1>,
<83, 164/83> ] vanish=[ 2, 5 ]   <== N IS THE VANISHING PLACE
      mu=[ 0, -1, 1 ]   k=0   m-Q(x)=281/19 W=[ <2, 0>, <3, 0>, <5, 0>, <19, 1>,
<281, 0> ] vanish=[ 2, 3, 5, 281 ]   <== N IS THE VANISHING PLACE
      mu=[ 0, 1, -1 ]   k=0   m-Q(x)=281/19 W=[ <2, 0>, <3, 0>, <5, 0>, <19, 1>,
<281, 0> ] vanish=[ 2, 3, 5, 281 ]   <== N IS THE VANISHING PLACE
      mu=[ 0, 1, 0 ]    k=4   m-Q(x)=249/19 W=[ <2, 0>, <3, 4>, <5, 0>, <19, 1>,
<83, 164/83> ] vanish=[ 2, 5 ]   <== N IS THE VANISHING PLACE
      mu=[ 0, 1, 0 ]    k=5   m-Q(x)=116/19 W=[ <2, 0>, <3, 0>, <5, 0>, <19, 1>,
<29, 0> ] vanish=[ 2, 3, 5, 29 ]   <== N IS THE VANISHING PLACE
      mu=[ 0, 1, 1 ]    k=8   m-Q(x)=185/19 W=[ <2, 0>, <3, 0>, <5, 4>, <19, 1>,
<37, 0> ] vanish=[ 2, 3, 37 ]
      mu=[ 0, 1, 1 ]    k=9   m-Q(x)=204/19 W=[ <2, 0>, <3, 4>, <5, 0>, <17, 
32/17>, <19, 1> ] vanish=[ 2, 5 ]   <== N IS THE VANISHING PLACE
      mu=[ 1, 1, -1 ]   k=3   m-Q(x)=89/19  W=[ <2, 0>, <3, 0>, <5, 0>, <19, 1>,
<89, 0> ] vanish=[ 2, 3, 5, 89 ]   <== N IS THE VANISHING PLACE
      mu=[ 1, 1, -1 ]   k=4   m-Q(x)=260/19 W=[ <2, 0>, <3, 0>, <5, 4>, <13, 0>,
<19, 1> ] vanish=[ 2, 3, 13 ]
      mu=[ 1, 1, 0 ]    k=8   m-Q(x)=284/19 W=[ <2, 0>, <3, 0>, <5, 0>, <19, 1>,
<71, 0> ] vanish=[ 2, 3, 5, 71 ]   <== N IS THE VANISHING PLACE
      mu=[ -1, 0, -1 ]  k=-8  m-Q(x)=276/19 W=[ <2, 0>, <3, 4>, <5, 0>, <19, 1>,
<23, 44/23> ] vanish=[ 2, 5 ]   <== N IS THE VANISHING PLACE
      mu=[ -1, 0, -1 ]  k=-7  m-Q(x)=29/19  W=[ <2, 0>, <3, 0>, <5, 0>, <19, 1>,
<29, 0> ] vanish=[ 2, 3, 5, 29 ]   <== N IS THE VANISHING PLACE
      mu=[ -1, 0, 0 ]   k=-4  m-Q(x)=236/19 W=[ <2, 0>, <3, 0>, <5, 0>, <19, 1>,
<59, 0> ] vanish=[ 2, 3, 5, 59 ]   <== N IS THE VANISHING PLACE
      mu=[ -1, 0, 0 ]   k=-3  m-Q(x)=141/19 W=[ <2, 0>, <3, 4>, <5, 0>, <19, 1>,
<47, 92/47> ] vanish=[ 2, 5 ]   <== N IS THE VANISHING PLACE
      mu=[ -1, 0, 1 ]   k=0   m-Q(x)=164/19 W=[ <2, 0>, <3, 0>, <5, 0>, <19, 1>,
<41, 0> ] vanish=[ 2, 3, 5, 41 ]   <== N IS THE VANISHING PLACE
      mu=[ -1, 0, 1 ]   k=1   m-Q(x)=221/19 W=[ <2, 0>, <3, 0>, <5, 0>, <13, 0>,
<17, 32/17>, <19, 1> ] vanish=[ 2, 3, 5, 13 ]   <== N IS THE VANISHING PLACE
      mu=[ 0, 0, -1 ]   k=-5  m-Q(x)=60/19  W=[ <2, 0>, <3, 4>, <5, 4>, <19, 1> 
] vanish=[ 2 ]
      mu=[ 0, 0, -1 ]   k=-4  m-Q(x)=269/19 W=[ <2, 0>, <3, 0>, <5, 0>, <19, 1>,
<269, 0> ] vanish=[ 2, 3, 5, 269 ]   <== N IS THE VANISHING PLACE
  m = 30   (N | m)
      mu=[ 0, 0, 0 ]    k=-1  m-Q(x)=11     W=[ <2, 0>, <3, 0>, <5, 0>, <11, 
20/11>, <19, 0> ] vanish=[ 2, 3, 5, 19 ]   <== N IS THE VANISHING PLACE
      mu=[ 0, 0, 0 ]    k=0   m-Q(x)=30     W=[ <2, 3>, <3, 4>, <5, 4>, <19, 0> 
] vanish=[ 19 ]
      mu=[ 0, 0, 0 ]    k=1   m-Q(x)=11     W=[ <2, 0>, <3, 0>, <5, 0>, <11, 
20/11>, <19, 0> ] vanish=[ 2, 3, 5, 19 ]   <== N IS THE VANISHING PLACE
      mu=[ 0, 0, 1 ]    k=3   m-Q(x)=41/19  W=[ <2, 0>, <3, 0>, <5, 0>, <19, 1>,
<41, 0> ] vanish=[ 2, 3, 5, 41 ]   <== N IS THE VANISHING PLACE
      mu=[ 0, 0, 1 ]    k=4   m-Q(x)=554/19 W=[ <2, 3>, <3, 0>, <5, 0>, <19, 1>,
<277, 552/277> ] vanish=[ 3, 5 ]   <== N IS THE VANISHING PLACE
      mu=[ 0, 0, 1 ]    k=5   m-Q(x)=345/19 W=[ <2, 0>, <3, 4>, <5, 4>, <19, 1>,
<23, 44/23> ] vanish=[ 2 ]
      mu=[ 1, 0, -1 ]   k=-1  m-Q(x)=506/19 W=[ <2, 3>, <3, 0>, <5, 0>, <11, 
20/11>, <19, 1>, <23, 44/23> ] vanish=[ 3, 5 ]   <== N IS THE VANISHING PLACE
      mu=[ 1, 0, -1 ]   k=0   m-Q(x)=449/19 W=[ <2, 0>, <3, 0>, <5, 0>, <19, 1>,
<449, 0> ] vanish=[ 2, 3, 5, 449 ]   <== N IS THE VANISHING PLACE
      mu=[ 1, 0, 0 ]    k=3   m-Q(x)=426/19 W=[ <2, 3>, <3, 4>, <5, 0>, <19, 1>,
<71, 0> ] vanish=[ 5, 71 ]   <== N IS THE VANISHING PLACE
      mu=[ 1, 0, 0 ]    k=4   m-Q(x)=521/19 W=[ <2, 0>, <3, 0>, <5, 0>, <19, 1>,
<521, 0> ] vanish=[ 2, 3, 5, 521 ]   <== N IS THE VANISHING PLACE
      mu=[ 1, 0, 1 ]    k=7   m-Q(x)=314/19 W=[ <2, 3>, <3, 0>, <5, 0>, <19, 1>,
<157, 312/157> ] vanish=[ 3, 5 ]   <== N IS THE VANISHING PLACE
      mu=[ 1, 0, 1 ]    k=8   m-Q(x)=561/19 W=[ <2, 0>, <3, 4>, <5, 0>, <11, 
20/11>, <17, 32/17>, <19, 1> ] vanish=[ 2, 5 ]   <== N IS THE VANISHING PLACE
      mu=[ 1, 0, 1 ]    k=9   m-Q(x)=86/19  W=[ <2, 3>, <3, 0>, <5, 0>, <19, 1>,
<43, 84/43> ] vanish=[ 3, 5 ]   <== N IS THE VANISHING PLACE
      mu=[ -1, -1, 0 ]  k=-9  m-Q(x)=170/19 W=[ <2, 3>, <3, 0>, <5, 4>, <17, 
32/17>, <19, 1> ] vanish=[ 3 ]
      mu=[ -1, -1, 0 ]  k=-8  m-Q(x)=569/19 W=[ <2, 0>, <3, 0>, <5, 0>, <19, 1>,
<569, 0> ] vanish=[ 2, 3, 5, 569 ]   <== N IS THE VANISHING PLACE
      mu=[ -1, -1, 0 ]  k=-7  m-Q(x)=246/19 W=[ <2, 3>, <3, 4>, <5, 0>, <19, 1>,
<41, 0> ] vanish=[ 5, 41 ]   <== N IS THE VANISHING PLACE
      mu=[ -1, -1, 1 ]  k=-4  m-Q(x)=545/19 W=[ <2, 0>, <3, 0>, <5, 4>, <19, 1>,
<109, 0> ] vanish=[ 2, 3, 109 ]
      mu=[ -1, -1, 1 ]  k=-3  m-Q(x)=374/19 W=[ <2, 3>, <3, 0>, <5, 0>, <11, 
20/11>, <17, 32/17>, <19, 1> ] vanish=[ 3, 5 ]   <== N IS THE VANISHING PLACE
      mu=[ 0, -1, -1 ]  k=-9  m-Q(x)=489/19 W=[ <2, 0>, <3, 4>, <5, 0>, <19, 1>,
<163, 324/163> ] vanish=[ 2, 5 ]   <== N IS THE VANISHING PLACE
      mu=[ 0, -1, -1 ]  k=-8  m-Q(x)=470/19 W=[ <2, 3>, <3, 0>, <5, 4>, <19, 1>,
<47, 92/47> ] vanish=[ 3 ]
      mu=[ 0, -1, 0 ]   k=-5  m-Q(x)=401/19 W=[ <2, 0>, <3, 0>, <5, 0>, <19, 1>,
<401, 0> ] vanish=[ 2, 3, 5, 401 ]   <== N IS THE VANISHING PLACE
      mu=[ 0, -1, 0 ]   k=-4  m-Q(x)=534/19 W=[ <2, 3>, <3, 4>, <5, 0>, <19, 1>,
<89, 0> ] vanish=[ 5, 89 ]   <== N IS THE VANISHING PLACE
      mu=[ 0, -1, 1 ]   k=-1  m-Q(x)=281/19 W=[ <2, 0>, <3, 0>, <5, 0>, <19, 1>,
<281, 0> ] vanish=[ 2, 3, 5, 281 ]   <== N IS THE VANISHING PLACE
      mu=[ 0, -1, 1 ]   k=0   m-Q(x)=566/19 W=[ <2, 3>, <3, 0>, <5, 0>, <19, 1>,
<283, 564/283> ] vanish=[ 3, 5 ]   <== N IS THE VANISHING PLACE
      mu=[ 0, -1, 1 ]   k=1   m-Q(x)=129/19 W=[ <2, 0>, <3, 4>, <5, 0>, <19, 1>,
<43, 84/43> ] vanish=[ 2, 5 ]   <== N IS THE VANISHING PLACE
      mu=[ 0, 1, -1 ]   k=-1  m-Q(x)=129/19 W=[ <2, 0>, <3, 4>, <5, 0>, <19, 1>,
<43, 84/43> ] vanish=[ 2, 5 ]   <== N IS THE VANISHING PLACE
      mu=[ 0, 1, -1 ]   k=0   m-Q(x)=566/19 W=[ <2, 3>, <3, 0>, <5, 0>, <19, 1>,
<283, 564/283> ] vanish=[ 3, 5 ]   <== N IS THE VANISHING PLACE
      mu=[ 0, 1, -1 ]   k=1   m-Q(x)=281/19 W=[ <2, 0>, <3, 0>, <5, 0>, <19, 1>,
<281, 0> ] vanish=[ 2, 3, 5, 281 ]   <== N IS THE VANISHING PLACE
      mu=[ 0, 1, 0 ]    k=4   m-Q(x)=534/19 W=[ <2, 3>, <3, 4>, <5, 0>, <19, 1>,
<89, 0> ] vanish=[ 5, 89 ]   <== N IS THE VANISHING PLACE
      mu=[ 0, 1, 0 ]    k=5   m-Q(x)=401/19 W=[ <2, 0>, <3, 0>, <5, 0>, <19, 1>,
<401, 0> ] vanish=[ 2, 3, 5, 401 ]   <== N IS THE VANISHING PLACE
      mu=[ 0, 1, 1 ]    k=8   m-Q(x)=470/19 W=[ <2, 3>, <3, 0>, <5, 4>, <19, 1>,
<47, 92/47> ] vanish=[ 3 ]
      mu=[ 0, 1, 1 ]    k=9   m-Q(x)=489/19 W=[ <2, 0>, <3, 4>, <5, 0>, <19, 1>,
<163, 324/163> ] vanish=[ 2, 5 ]   <== N IS THE VANISHING PLACE
      mu=[ 1, 1, -1 ]   k=3   m-Q(x)=374/19 W=[ <2, 3>, <3, 0>, <5, 0>, <11, 
20/11>, <17, 32/17>, <19, 1> ] vanish=[ 3, 5 ]   <== N IS THE VANISHING PLACE
      mu=[ 1, 1, -1 ]   k=4   m-Q(x)=545/19 W=[ <2, 0>, <3, 0>, <5, 4>, <19, 1>,
<109, 0> ] vanish=[ 2, 3, 109 ]
      mu=[ 1, 1, 0 ]    k=7   m-Q(x)=246/19 W=[ <2, 3>, <3, 4>, <5, 0>, <19, 1>,
<41, 0> ] vanish=[ 5, 41 ]   <== N IS THE VANISHING PLACE
      mu=[ 1, 1, 0 ]    k=8   m-Q(x)=569/19 W=[ <2, 0>, <3, 0>, <5, 0>, <19, 1>,
<569, 0> ] vanish=[ 2, 3, 5, 569 ]   <== N IS THE VANISHING PLACE
      mu=[ 1, 1, 0 ]    k=9   m-Q(x)=170/19 W=[ <2, 3>, <3, 0>, <5, 4>, <17, 
32/17>, <19, 1> ] vanish=[ 3 ]
      mu=[ -1, 0, -1 ]  k=-9  m-Q(x)=86/19  W=[ <2, 3>, <3, 0>, <5, 0>, <19, 1>,
<43, 84/43> ] vanish=[ 3, 5 ]   <== N IS THE VANISHING PLACE
      mu=[ -1, 0, -1 ]  k=-8  m-Q(x)=561/19 W=[ <2, 0>, <3, 4>, <5, 0>, <11, 
20/11>, <17, 32/17>, <19, 1> ] vanish=[ 2, 5 ]   <== N IS THE VANISHING PLACE
      mu=[ -1, 0, -1 ]  k=-7  m-Q(x)=314/19 W=[ <2, 3>, <3, 0>, <5, 0>, <19, 1>,
<157, 312/157> ] vanish=[ 3, 5 ]   <== N IS THE VANISHING PLACE
      mu=[ -1, 0, 0 ]   k=-4  m-Q(x)=521/19 W=[ <2, 0>, <3, 0>, <5, 0>, <19, 1>,
<521, 0> ] vanish=[ 2, 3, 5, 521 ]   <== N IS THE VANISHING PLACE
      mu=[ -1, 0, 0 ]   k=-3  m-Q(x)=426/19 W=[ <2, 3>, <3, 4>, <5, 0>, <19, 1>,
<71, 0> ] vanish=[ 5, 71 ]   <== N IS THE VANISHING PLACE
      mu=[ -1, 0, 1 ]   k=0   m-Q(x)=449/19 W=[ <2, 0>, <3, 0>, <5, 0>, <19, 1>,
<449, 0> ] vanish=[ 2, 3, 5, 449 ]   <== N IS THE VANISHING PLACE
      mu=[ -1, 0, 1 ]   k=1   m-Q(x)=506/19 W=[ <2, 3>, <3, 0>, <5, 0>, <11, 
20/11>, <19, 1>, <23, 44/23> ] vanish=[ 3, 5 ]   <== N IS THE VANISHING PLACE
      mu=[ 0, 0, -1 ]   k=-5  m-Q(x)=345/19 W=[ <2, 0>, <3, 4>, <5, 4>, <19, 1>,
<23, 44/23> ] vanish=[ 2 ]
      mu=[ 0, 0, -1 ]   k=-4  m-Q(x)=554/19 W=[ <2, 3>, <3, 0>, <5, 0>, <19, 1>,
<277, 552/277> ] vanish=[ 3, 5 ]   <== N IS THE VANISHING PLACE
      mu=[ 0, 0, -1 ]   k=-3  m-Q(x)=41/19  W=[ <2, 0>, <3, 0>, <5, 0>, <19, 1>,
<41, 0> ] vanish=[ 2, 3, 5, 41 ]   <== N IS THE VANISHING PLACE

Total time: 0.600 seconds, Total memory usage: 32.09MB
