Magma V2.29-7     Fri Aug 21 2026 07:46:54 on LR43Q9LVQJ [Seed = 3176140633]
Type ? for help.  Type <Ctrl>-D to quit.

Loading file "wNpoly.m"

===== X0^10(3) d=-8 : disc(L_-) = [ <2, 3>, <3, 2>, <5, 2> ], ord_3 = 2 =====
  m=3    mm=1        ord_3(mm)=0   W_3(X) = -$.1 + 1                           
W(1)=0        W'(1)=-1       ord_vanish=1
  m=3    mm=3        ord_3(mm)=1   W_3(X) = -$.1^2 + 2*$.1 + 1                 
W(1)=2        W'(1)=0        ord_vanish=0
  m=3    mm=5/2      ord_3(mm)=0   W_3(X) = -$.1 + 1                           
W(1)=0        W'(1)=-1       ord_vanish=1
  m=12   mm=4        ord_3(mm)=0   W_3(X) = -$.1 + 1                           
W(1)=0        W'(1)=-1       ord_vanish=1
  m=12   mm=10       ord_3(mm)=0   W_3(X) = -$.1 + 1                           
W(1)=0        W'(1)=-1       ord_vanish=1
  m=12   mm=12       ord_3(mm)=1   W_3(X) = -$.1^2 + 2*$.1 + 1                 
W(1)=2        W'(1)=0        ord_vanish=0
  m=12   mm=15/2     ord_3(mm)=1   W_3(X) = -$.1^2 + 2*$.1 + 1                 
W(1)=2        W'(1)=0        ord_vanish=0
  m=12   mm=23/2     ord_3(mm)=0   W_3(X) = -$.1 + 1                           
W(1)=0        W'(1)=-1       ord_vanish=1
  m=30   mm=22       ord_3(mm)=0   W_3(X) = -$.1 + 1                           
W(1)=0        W'(1)=-1       ord_vanish=1
  m=30   mm=28       ord_3(mm)=0   W_3(X) = -$.1 + 1                           
W(1)=0        W'(1)=-1       ord_vanish=1
  m=30   mm=30       ord_3(mm)=1   W_3(X) = -$.1^2 + 2*$.1 + 1                 
W(1)=2        W'(1)=0        ord_vanish=0
  m=30   mm=11/2     ord_3(mm)=0   W_3(X) = -$.1 + 1                           
W(1)=0        W'(1)=-1       ord_vanish=1
  m=30   mm=35/2     ord_3(mm)=0   W_3(X) = -$.1 + 1                           
W(1)=0        W'(1)=-1       ord_vanish=1
  m=30   mm=51/2     ord_3(mm)=1   W_3(X) = -$.1^2 + 2*$.1 + 1                 
W(1)=2        W'(1)=0        ord_vanish=0
  m=30   mm=59/2     ord_3(mm)=0   W_3(X) = -$.1 + 1                           
W(1)=0        W'(1)=-1       ord_vanish=1

===== X0^15(2) d=-7 : disc(L_-) = [ <2, 2>, <3, 2>, <5, 2>, <7, 1> ], ord_2 = 2 
=====
  m=2    mm=2        ord_2(mm)=1   W_2(X) = -x^2 + x + 1                       
W(1)=1        W'(1)=-1       ord_vanish=0
  m=2    mm=5/7      ord_2(mm)=0   W_2(X) = -x + 1                             
W(1)=0        W'(1)=-1       ord_vanish=1
  m=2    mm=13/7     ord_2(mm)=0   W_2(X) = -x + 1                             
W(1)=0        W'(1)=-1       ord_vanish=1
  m=2    mm=10/7     ord_2(mm)=1   W_2(X) = -x^2 + x + 1                       
W(1)=1        W'(1)=-1       ord_vanish=0
  m=2    mm=10/7     ord_2(mm)=1   W_2(X) = -x^2 + x + 1                       
W(1)=1        W'(1)=-1       ord_vanish=0
  m=2    mm=13/7     ord_2(mm)=0   W_2(X) = -x + 1                             
W(1)=0        W'(1)=-1       ord_vanish=1
  m=2    mm=5/7      ord_2(mm)=0   W_2(X) = -x + 1                             
W(1)=0        W'(1)=-1       ord_vanish=1
  m=10   mm=3        ord_2(mm)=0   W_2(X) = -x + 1                             
W(1)=0        W'(1)=-1       ord_vanish=1
  m=10   mm=10       ord_2(mm)=1   W_2(X) = -x^2 + x + 1                       
W(1)=1        W'(1)=-1       ord_vanish=0
  m=10   mm=54/7     ord_2(mm)=1   W_2(X) = -x^2 + x + 1                       
W(1)=1        W'(1)=-1       ord_vanish=0
  m=10   mm=61/7     ord_2(mm)=0   W_2(X) = -x + 1                             
W(1)=0        W'(1)=-1       ord_vanish=1
  m=10   mm=6/7      ord_2(mm)=1   W_2(X) = -x^2 + x + 1                       
W(1)=1        W'(1)=-1       ord_vanish=0
  m=10   mm=69/7     ord_2(mm)=0   W_2(X) = -x + 1                             
W(1)=0        W'(1)=-1       ord_vanish=1
  m=10   mm=34/7     ord_2(mm)=1   W_2(X) = -x^2 + x + 1                       
W(1)=1        W'(1)=-1       ord_vanish=0
  m=10   mm=45/7     ord_2(mm)=0   W_2(X) = -x + 1                             
W(1)=0        W'(1)=-1       ord_vanish=1
  m=10   mm=66/7     ord_2(mm)=1   W_2(X) = -x^2 + x + 1                       
W(1)=1        W'(1)=-1       ord_vanish=0
  m=10   mm=66/7     ord_2(mm)=1   W_2(X) = -x^2 + x + 1                       
W(1)=1        W'(1)=-1       ord_vanish=0
  m=10   mm=45/7     ord_2(mm)=0   W_2(X) = -x + 1                             
W(1)=0        W'(1)=-1       ord_vanish=1
  m=10   mm=34/7     ord_2(mm)=1   W_2(X) = -x^2 + x + 1                       
W(1)=1        W'(1)=-1       ord_vanish=0
  m=10   mm=69/7     ord_2(mm)=0   W_2(X) = -x + 1                             
W(1)=0        W'(1)=-1       ord_vanish=1
  m=10   mm=6/7      ord_2(mm)=1   W_2(X) = -x^2 + x + 1                       
W(1)=1        W'(1)=-1       ord_vanish=0
  m=10   mm=61/7     ord_2(mm)=0   W_2(X) = -x + 1                             
W(1)=0        W'(1)=-1       ord_vanish=1
  m=10   mm=54/7     ord_2(mm)=1   W_2(X) = -x^2 + x + 1                       
W(1)=1        W'(1)=-1       ord_vanish=0
  m=30   mm=23       ord_2(mm)=0   W_2(X) = -x + 1                             
W(1)=0        W'(1)=-1       ord_vanish=1
  m=30   mm=30       ord_2(mm)=1   W_2(X) = -x^2 + x + 1                       
W(1)=1        W'(1)=-1       ord_vanish=0
  m=30   mm=89/7     ord_2(mm)=0   W_2(X) = -x + 1                             
W(1)=0        W'(1)=-1       ord_vanish=1
  m=30   mm=194/7    ord_2(mm)=1   W_2(X) = -x^2 + x + 1                       
W(1)=1        W'(1)=-1       ord_vanish=0
  m=30   mm=201/7    ord_2(mm)=0   W_2(X) = -x + 1                             
W(1)=0        W'(1)=-1       ord_vanish=1
  m=30   mm=110/7    ord_2(mm)=1   W_2(X) = -x^2 + x + 1                       
W(1)=1        W'(1)=-1       ord_vanish=0
  m=30   mm=146/7    ord_2(mm)=1   W_2(X) = -x^2 + x + 1                       
W(1)=1        W'(1)=-1       ord_vanish=0
  m=30   mm=209/7    ord_2(mm)=0   W_2(X) = -x + 1                             
W(1)=0        W'(1)=-1       ord_vanish=1
  m=30   mm=174/7    ord_2(mm)=1   W_2(X) = -x^2 + x + 1                       
W(1)=1        W'(1)=-1       ord_vanish=0
  m=30   mm=41/7     ord_2(mm)=0   W_2(X) = -x + 1                             
W(1)=0        W'(1)=-1       ord_vanish=1
  m=30   mm=185/7    ord_2(mm)=0   W_2(X) = -x + 1                             
W(1)=0        W'(1)=-1       ord_vanish=1
  m=30   mm=206/7    ord_2(mm)=1   W_2(X) = -x^2 + x + 1                       
W(1)=1        W'(1)=-1       ord_vanish=0
  m=30   mm=129/7    ord_2(mm)=0   W_2(X) = -x + 1                             
W(1)=0        W'(1)=-1       ord_vanish=1
  m=30   mm=129/7    ord_2(mm)=0   W_2(X) = -x + 1                             
W(1)=0        W'(1)=-1       ord_vanish=1
  m=30   mm=206/7    ord_2(mm)=1   W_2(X) = -x^2 + x + 1                       
W(1)=1        W'(1)=-1       ord_vanish=0
  m=30   mm=185/7    ord_2(mm)=0   W_2(X) = -x + 1                             
W(1)=0        W'(1)=-1       ord_vanish=1
  m=30   mm=41/7     ord_2(mm)=0   W_2(X) = -x + 1                             
W(1)=0        W'(1)=-1       ord_vanish=1
  m=30   mm=174/7    ord_2(mm)=1   W_2(X) = -x^2 + x + 1                       
W(1)=1        W'(1)=-1       ord_vanish=0
  m=30   mm=209/7    ord_2(mm)=0   W_2(X) = -x + 1                             
W(1)=0        W'(1)=-1       ord_vanish=1
  m=30   mm=146/7    ord_2(mm)=1   W_2(X) = -x^2 + x + 1                       
W(1)=1        W'(1)=-1       ord_vanish=0
  m=30   mm=110/7    ord_2(mm)=1   W_2(X) = -x^2 + x + 1                       
W(1)=1        W'(1)=-1       ord_vanish=0
  m=30   mm=201/7    ord_2(mm)=0   W_2(X) = -x + 1                             
W(1)=0        W'(1)=-1       ord_vanish=1
  m=30   mm=194/7    ord_2(mm)=1   W_2(X) = -x^2 + x + 1                       
W(1)=1        W'(1)=-1       ord_vanish=0
  m=30   mm=89/7     ord_2(mm)=0   W_2(X) = -x + 1                             
W(1)=0        W'(1)=-1       ord_vanish=1

===== X0^6(5) d=-19 : disc(L_-) = [ <2, 2>, <3, 2>, <5, 2>, <19, 1> ], ord_5 = 2
=====
  m=10   mm=10       ord_5(mm)=1   W_5(X) = -x^2 + 4*x + 1                     
W(1)=4        W'(1)=2        ord_vanish=0
  m=10   mm=174/19   ord_5(mm)=0   W_5(X) = -x + 1                             
W(1)=0        W'(1)=-1       ord_vanish=1
  m=10   mm=69/19    ord_5(mm)=0   W_5(X) = -x + 1                             
W(1)=0        W'(1)=-1       ord_vanish=1
  m=10   mm=126/19   ord_5(mm)=0   W_5(X) = -x + 1                             
W(1)=0        W'(1)=-1       ord_vanish=1
  m=10   mm=141/19   ord_5(mm)=0   W_5(X) = -x + 1                             
W(1)=0        W'(1)=-1       ord_vanish=1
  m=10   mm=46/19    ord_5(mm)=0   W_5(X) = -x + 1                             
W(1)=0        W'(1)=-1       ord_vanish=1
  m=10   mm=181/19   ord_5(mm)=0   W_5(X) = -x + 1                             
W(1)=0        W'(1)=-1       ord_vanish=1
  m=10   mm=189/19   ord_5(mm)=0   W_5(X) = -x + 1                             
W(1)=0        W'(1)=-1       ord_vanish=1
  m=10   mm=165/19   ord_5(mm)=1   W_5(X) = -x^2 + 4*x + 1                     
W(1)=4        W'(1)=2        ord_vanish=0
  m=10   mm=90/19    ord_5(mm)=1   W_5(X) = -x^2 + 4*x + 1                     
W(1)=4        W'(1)=2        ord_vanish=0
  m=10   mm=109/19   ord_5(mm)=0   W_5(X) = -x + 1                             
W(1)=0        W'(1)=-1       ord_vanish=1
  m=10   mm=154/19   ord_5(mm)=0   W_5(X) = -x + 1                             
W(1)=0        W'(1)=-1       ord_vanish=1
  m=10   mm=21/19    ord_5(mm)=0   W_5(X) = -x + 1                             
W(1)=0        W'(1)=-1       ord_vanish=1
  m=10   mm=186/19   ord_5(mm)=0   W_5(X) = -x + 1                             
W(1)=0        W'(1)=-1       ord_vanish=1
  m=10   mm=186/19   ord_5(mm)=0   W_5(X) = -x + 1                             
W(1)=0        W'(1)=-1       ord_vanish=1
  m=10   mm=21/19    ord_5(mm)=0   W_5(X) = -x + 1                             
W(1)=0        W'(1)=-1       ord_vanish=1
  m=10   mm=154/19   ord_5(mm)=0   W_5(X) = -x + 1                             
W(1)=0        W'(1)=-1       ord_vanish=1
  m=10   mm=109/19   ord_5(mm)=0   W_5(X) = -x + 1                             
W(1)=0        W'(1)=-1       ord_vanish=1
  m=10   mm=90/19    ord_5(mm)=1   W_5(X) = -x^2 + 4*x + 1                     
W(1)=4        W'(1)=2        ord_vanish=0
  m=10   mm=165/19   ord_5(mm)=1   W_5(X) = -x^2 + 4*x + 1                     
W(1)=4        W'(1)=2        ord_vanish=0
  m=10   mm=189/19   ord_5(mm)=0   W_5(X) = -x + 1                             
W(1)=0        W'(1)=-1       ord_vanish=1
  m=10   mm=181/19   ord_5(mm)=0   W_5(X) = -x + 1                             
W(1)=0        W'(1)=-1       ord_vanish=1
  m=10   mm=46/19    ord_5(mm)=0   W_5(X) = -x + 1                             
W(1)=0        W'(1)=-1       ord_vanish=1
  m=10   mm=141/19   ord_5(mm)=0   W_5(X) = -x + 1                             
W(1)=0        W'(1)=-1       ord_vanish=1
  m=10   mm=126/19   ord_5(mm)=0   W_5(X) = -x + 1                             
W(1)=0        W'(1)=-1       ord_vanish=1
  m=10   mm=69/19    ord_5(mm)=0   W_5(X) = -x + 1                             
W(1)=0        W'(1)=-1       ord_vanish=1
  m=10   mm=174/19   ord_5(mm)=0   W_5(X) = -x + 1                             
W(1)=0        W'(1)=-1       ord_vanish=1
  m=15   mm=15       ord_5(mm)=1   W_5(X) = -x^2 + 4*x + 1                     
W(1)=4        W'(1)=2        ord_vanish=0
  m=15   mm=60/19    ord_5(mm)=1   W_5(X) = -x^2 + 4*x + 1                     
W(1)=4        W'(1)=2        ord_vanish=0
  m=15   mm=269/19   ord_5(mm)=0   W_5(X) = -x + 1                             
W(1)=0        W'(1)=-1       ord_vanish=1
  m=15   mm=164/19   ord_5(mm)=0   W_5(X) = -x + 1                             
W(1)=0        W'(1)=-1       ord_vanish=1
  m=15   mm=221/19   ord_5(mm)=0   W_5(X) = -x + 1                             
W(1)=0        W'(1)=-1       ord_vanish=1
  m=15   mm=236/19   ord_5(mm)=0   W_5(X) = -x + 1                             
W(1)=0        W'(1)=-1       ord_vanish=1
  m=15   mm=276/19   ord_5(mm)=0   W_5(X) = -x + 1                             
W(1)=0        W'(1)=-1       ord_vanish=1
  m=15   mm=29/19    ord_5(mm)=0   W_5(X) = -x + 1                             
W(1)=0        W'(1)=-1       ord_vanish=1
  m=15   mm=284/19   ord_5(mm)=0   W_5(X) = -x + 1                             
W(1)=0        W'(1)=-1       ord_vanish=1
  m=15   mm=89/19    ord_5(mm)=0   W_5(X) = -x + 1                             
W(1)=0        W'(1)=-1       ord_vanish=1
  m=15   mm=260/19   ord_5(mm)=1   W_5(X) = -x^2 + 4*x + 1                     
W(1)=4        W'(1)=2        ord_vanish=0
  m=15   mm=185/19   ord_5(mm)=1   W_5(X) = -x^2 + 4*x + 1                     
W(1)=4        W'(1)=2        ord_vanish=0
  m=15   mm=204/19   ord_5(mm)=0   W_5(X) = -x + 1                             
W(1)=0        W'(1)=-1       ord_vanish=1
  m=15   mm=249/19   ord_5(mm)=0   W_5(X) = -x + 1                             
W(1)=0        W'(1)=-1       ord_vanish=1
  m=15   mm=116/19   ord_5(mm)=0   W_5(X) = -x + 1                             
W(1)=0        W'(1)=-1       ord_vanish=1
  m=15   mm=281/19   ord_5(mm)=0   W_5(X) = -x + 1                             
W(1)=0        W'(1)=-1       ord_vanish=1
  m=15   mm=281/19   ord_5(mm)=0   W_5(X) = -x + 1                             
W(1)=0        W'(1)=-1       ord_vanish=1
  m=15   mm=116/19   ord_5(mm)=0   W_5(X) = -x + 1                             
W(1)=0        W'(1)=-1       ord_vanish=1
  m=15   mm=249/19   ord_5(mm)=0   W_5(X) = -x + 1                             
W(1)=0        W'(1)=-1       ord_vanish=1
  m=15   mm=204/19   ord_5(mm)=0   W_5(X) = -x + 1                             
W(1)=0        W'(1)=-1       ord_vanish=1
  m=15   mm=185/19   ord_5(mm)=1   W_5(X) = -x^2 + 4*x + 1                     
W(1)=4        W'(1)=2        ord_vanish=0
  m=15   mm=260/19   ord_5(mm)=1   W_5(X) = -x^2 + 4*x + 1                     
W(1)=4        W'(1)=2        ord_vanish=0
  m=15   mm=89/19    ord_5(mm)=0   W_5(X) = -x + 1                             
W(1)=0        W'(1)=-1       ord_vanish=1
  m=15   mm=284/19   ord_5(mm)=0   W_5(X) = -x + 1                             
W(1)=0        W'(1)=-1       ord_vanish=1
  m=15   mm=29/19    ord_5(mm)=0   W_5(X) = -x + 1                             
W(1)=0        W'(1)=-1       ord_vanish=1
  m=15   mm=276/19   ord_5(mm)=0   W_5(X) = -x + 1                             
W(1)=0        W'(1)=-1       ord_vanish=1
  m=15   mm=236/19   ord_5(mm)=0   W_5(X) = -x + 1                             
W(1)=0        W'(1)=-1       ord_vanish=1
  m=15   mm=221/19   ord_5(mm)=0   W_5(X) = -x + 1                             
W(1)=0        W'(1)=-1       ord_vanish=1
  m=15   mm=164/19   ord_5(mm)=0   W_5(X) = -x + 1                             
W(1)=0        W'(1)=-1       ord_vanish=1
  m=15   mm=269/19   ord_5(mm)=0   W_5(X) = -x + 1                             
W(1)=0        W'(1)=-1       ord_vanish=1
  m=15   mm=60/19    ord_5(mm)=1   W_5(X) = -x^2 + 4*x + 1                     
W(1)=4        W'(1)=2        ord_vanish=0
  m=30   mm=11       ord_5(mm)=0   W_5(X) = -x + 1                             
W(1)=0        W'(1)=-1       ord_vanish=1
  m=30   mm=30       ord_5(mm)=1   W_5(X) = -x^2 + 4*x + 1                     
W(1)=4        W'(1)=2        ord_vanish=0
  m=30   mm=345/19   ord_5(mm)=1   W_5(X) = -x^2 + 4*x + 1                     
W(1)=4        W'(1)=2        ord_vanish=0
  m=30   mm=554/19   ord_5(mm)=0   W_5(X) = -x + 1                             
W(1)=0        W'(1)=-1       ord_vanish=1
  m=30   mm=41/19    ord_5(mm)=0   W_5(X) = -x + 1                             
W(1)=0        W'(1)=-1       ord_vanish=1
  m=30   mm=449/19   ord_5(mm)=0   W_5(X) = -x + 1                             
W(1)=0        W'(1)=-1       ord_vanish=1
  m=30   mm=506/19   ord_5(mm)=0   W_5(X) = -x + 1                             
W(1)=0        W'(1)=-1       ord_vanish=1
  m=30   mm=521/19   ord_5(mm)=0   W_5(X) = -x + 1                             
W(1)=0        W'(1)=-1       ord_vanish=1
  m=30   mm=426/19   ord_5(mm)=0   W_5(X) = -x + 1                             
W(1)=0        W'(1)=-1       ord_vanish=1
  m=30   mm=86/19    ord_5(mm)=0   W_5(X) = -x + 1                             
W(1)=0        W'(1)=-1       ord_vanish=1
  m=30   mm=561/19   ord_5(mm)=0   W_5(X) = -x + 1                             
W(1)=0        W'(1)=-1       ord_vanish=1
  m=30   mm=314/19   ord_5(mm)=0   W_5(X) = -x + 1                             
W(1)=0        W'(1)=-1       ord_vanish=1
  m=30   mm=246/19   ord_5(mm)=0   W_5(X) = -x + 1                             
W(1)=0        W'(1)=-1       ord_vanish=1
  m=30   mm=569/19   ord_5(mm)=0   W_5(X) = -x + 1                             
W(1)=0        W'(1)=-1       ord_vanish=1
  m=30   mm=170/19   ord_5(mm)=1   W_5(X) = -x^2 + 4*x + 1                     
W(1)=4        W'(1)=2        ord_vanish=0
  m=30   mm=374/19   ord_5(mm)=0   W_5(X) = -x + 1                             
W(1)=0        W'(1)=-1       ord_vanish=1
  m=30   mm=545/19   ord_5(mm)=1   W_5(X) = -x^2 + 4*x + 1                     
W(1)=4        W'(1)=2        ord_vanish=0
  m=30   mm=470/19   ord_5(mm)=1   W_5(X) = -x^2 + 4*x + 1                     
W(1)=4        W'(1)=2        ord_vanish=0
  m=30   mm=489/19   ord_5(mm)=0   W_5(X) = -x + 1                             
W(1)=0        W'(1)=-1       ord_vanish=1
  m=30   mm=534/19   ord_5(mm)=0   W_5(X) = -x + 1                             
W(1)=0        W'(1)=-1       ord_vanish=1
  m=30   mm=401/19   ord_5(mm)=0   W_5(X) = -x + 1                             
W(1)=0        W'(1)=-1       ord_vanish=1
  m=30   mm=129/19   ord_5(mm)=0   W_5(X) = -x + 1                             
W(1)=0        W'(1)=-1       ord_vanish=1
  m=30   mm=566/19   ord_5(mm)=0   W_5(X) = -x + 1                             
W(1)=0        W'(1)=-1       ord_vanish=1
  m=30   mm=566/19   ord_5(mm)=0   W_5(X) = -x + 1                             
W(1)=0        W'(1)=-1       ord_vanish=1
  m=30   mm=129/19   ord_5(mm)=0   W_5(X) = -x + 1                             
W(1)=0        W'(1)=-1       ord_vanish=1
  m=30   mm=401/19   ord_5(mm)=0   W_5(X) = -x + 1                             
W(1)=0        W'(1)=-1       ord_vanish=1
  m=30   mm=534/19   ord_5(mm)=0   W_5(X) = -x + 1                             
W(1)=0        W'(1)=-1       ord_vanish=1
  m=30   mm=489/19   ord_5(mm)=0   W_5(X) = -x + 1                             
W(1)=0        W'(1)=-1       ord_vanish=1
  m=30   mm=470/19   ord_5(mm)=1   W_5(X) = -x^2 + 4*x + 1                     
W(1)=4        W'(1)=2        ord_vanish=0
  m=30   mm=545/19   ord_5(mm)=1   W_5(X) = -x^2 + 4*x + 1                     
W(1)=4        W'(1)=2        ord_vanish=0
  m=30   mm=374/19   ord_5(mm)=0   W_5(X) = -x + 1                             
W(1)=0        W'(1)=-1       ord_vanish=1
  m=30   mm=170/19   ord_5(mm)=1   W_5(X) = -x^2 + 4*x + 1                     
W(1)=4        W'(1)=2        ord_vanish=0
  m=30   mm=569/19   ord_5(mm)=0   W_5(X) = -x + 1                             
W(1)=0        W'(1)=-1       ord_vanish=1
  m=30   mm=246/19   ord_5(mm)=0   W_5(X) = -x + 1                             
W(1)=0        W'(1)=-1       ord_vanish=1
  m=30   mm=314/19   ord_5(mm)=0   W_5(X) = -x + 1                             
W(1)=0        W'(1)=-1       ord_vanish=1
  m=30   mm=561/19   ord_5(mm)=0   W_5(X) = -x + 1                             
W(1)=0        W'(1)=-1       ord_vanish=1
  m=30   mm=86/19    ord_5(mm)=0   W_5(X) = -x + 1                             
W(1)=0        W'(1)=-1       ord_vanish=1
  m=30   mm=426/19   ord_5(mm)=0   W_5(X) = -x + 1                             
W(1)=0        W'(1)=-1       ord_vanish=1
  m=30   mm=521/19   ord_5(mm)=0   W_5(X) = -x + 1                             
W(1)=0        W'(1)=-1       ord_vanish=1
  m=30   mm=506/19   ord_5(mm)=0   W_5(X) = -x + 1                             
W(1)=0        W'(1)=-1       ord_vanish=1
  m=30   mm=449/19   ord_5(mm)=0   W_5(X) = -x + 1                             
W(1)=0        W'(1)=-1       ord_vanish=1
  m=30   mm=41/19    ord_5(mm)=0   W_5(X) = -x + 1                             
W(1)=0        W'(1)=-1       ord_vanish=1
  m=30   mm=554/19   ord_5(mm)=0   W_5(X) = -x + 1                             
W(1)=0        W'(1)=-1       ord_vanish=1
  m=30   mm=345/19   ord_5(mm)=1   W_5(X) = -x^2 + 4*x + 1                     
W(1)=4        W'(1)=2        ord_vanish=0

Total time: 0.269 seconds, Total memory usage: 32.09MB
