
[ORACLE] ===== X0^10(17) =====
[PP] 10 17 form=-2 oo=[ <1, 1>, <2, -1>, <4, -1>, <8, -1>, <9, 1>, <16, -1>, 
<19, 1>, <25, 2>, <43, 1> ] zero=[]
[PP] 10 17 form=-1 oo=[ <4, -1>, <8, -1>, <15, -1>, <21, -1>, <25, 1>, <32, -1>,
<35, 1>, <47, -1> ] zero=[]
[PP] 10 17 form=9 oo=[ <1, -3>, <2, -4>, <3, -4>, <4, -6>, <5, -2>, <6, -2>, <8,
2>, <9, -3>, <10, -2>, <12, -2>, <15, -2>, <16, 2>, <19, 3>, <21, -1>, <23, 4>, 
<25, 4>, <32, -6>, <33, -3>, <35, 4>, <85, 2>, <132, 3>, <140, -4>, <170, 2> ] 
zero=[]
[PP] 10 17 form=10 oo=[ <2, -2>, <4, -2>, <7, 2>, <10, -2>, <12, -2>, <16, -2>, 
<19, 2>, <22, -2>, <23, 2>, <25, 2>, <85, 2> ] zero=[]
[PP] 10 17 form=11 oo=[ <1, -3>, <2, -2>, <3, -4>, <4, -4>, <5, -2>, <6, -2>, 
<7, -2>, <8, 2>, <9, -3>, <15, -2>, <16, 4>, <19, 1>, <21, -1>, <22, 2>, <23, 
2>, <25, 2>, <32, -6>, <33, -3>, <35, 4>, <132, 3>, <140, -4>, <170, 2> ] 
zero=[]
[PP] 10 17 form=12 oo=[ <1, -6>, <2, -4>, <3, -4>, <4, -8>, <5, -2>, <6, -2>, 
<8, 2>, <9, -6>, <10, -2>, <15, -6>, <16, 4>, <17, 2>, <19, 2>, <21, -4>, <23, 
4>, <25, 6>, <32, -10>, <33, -4>, <35, 6>, <85, 2>, <132, 4>, <140, -6>, <170, 
2> ] zero=[]
[PP] 10 17 form=13 oo=[ <1, -2>, <8, -2>, <12, 2>, <15, -4>, <16, -2>, <17, 2>, 
<19, -2>, <21, -2>, <25, 2>, <32, -2>, <47, -2>, <60, 2> ] zero=[]
[PP] 10 17 form=14 oo=[ <1, -2>, <2, -2>, <4, -2>, <7, 2>, <8, -2>, <10, -2>, 
<15, -4>, <16, -4>, <17, 2>, <21, -2>, <22, -2>, <23, 2>, <25, 4>, <32, -2>, 
<47, -2>, <60, 2>, <85, 2> ] zero=[]
[PP] 10 17 form=15 oo=[ <1, -6>, <2, -2>, <3, -4>, <4, -6>, <5, -2>, <6, -2>, 
<7, -2>, <8, 2>, <9, -6>, <12, 2>, <15, -6>, <16, 6>, <17, 2>, <21, -4>, <22, 
2>, <23, 2>, <25, 4>, <32, -10>, <33, -4>, <35, 6>, <132, 4>, <140, -6>, <170, 
2> ] zero=[]

[AEC] d_divs = [ -35, -8, -43, -8 ]
[AEC] #all_cm_pts = 2, discs = [ <-8, 2, 1>, <-68, 1, 2> ]
[EXP] d=-35   #fs=9   d_fund=-35   Nprimes=[ 17 ]   fires=false  vals[9]=2Log5
[EXP] d=-43   #fs=9   d_fund=-43   Nprimes=[ 17 ]   fires=false  vals[9]=Log0
[EXP] d=-340  #fs=9   d_fund=-340  Nprimes=[]       fires=false  
vals[9]=-2Log2+3Log5
[EXP] d=-52   #fs=9   d_fund=-52   Nprimes=[ 17 ]   fires=false  
vals[9]=Log3+Log5
[EXP] d=-67   #fs=9   d_fund=-67   Nprimes=[ 17 ]   fires=false  
vals[9]=Log2+Log3+Log5
[EXP] d=-115  #fs=9   d_fund=-115  Nprimes=[ 17 ]   fires=false  vals[9]=2Log5
[EXP] d=-120  #fs=9   d_fund=-120  Nprimes=[ 17 ]   fires=false  
vals[9]=Log5+Log7
[EXP] d=-187  #fs=9   d_fund=-187  Nprimes=[]       fires=false  
vals[9]=2Log2+Log5
[MAP] keys_fs = [ 11, 12, 13, 14, 15, 9, -1, 10, -2 ]  sIndex = 7  sTildeIndex =
9

[VACM] allds = [ -8, -35, -43, -340, -52, -67, -115, -120, -187 ]
[VACM] s_idx=7 stilde_idx=9  #table=9  #s=9
[VACM] s      = [
Logoo,
Log0,
-Log2+Log5,
-3Log2+Log5,
0,
-Log2,
Log5,
0,
-Log2
]
[VACM] stilde = [
Logoo,
Log5,
Log0,
-2Log2+2Log5,
Log3,
Log2+Log3,
Log5,
Log7,
2Log2
]
[VACM] Index(s,0)=2  Index(stilde,0)=3

[find_signs] ds = [ -8, -35, -43, -340, -52, -67, -115, -120, -187 ]
[find_signs] degs = [ 1, 1, 1, 1, 1, 1, 1, 1, 1 ]
[find_signs] s = [* Infinity, 0, 5/2, 5/8, 1, 1/2, 5, 1, 1/2 *]
[find_signs] stilde = [* Infinity, 5, 0, 25/4, 3, 6, 5, 7, 4 *]
[find_signs] Index(s,0)=2 Index(stilde,0)=3 Index(s,oo)=1 Index(stilde,oo)=1
[RCE] cover key=11 g=1 #rat=8 dim(ker)=0
[RCE]    ds  = [ -35, -43, -340, -52, -67, -115, -120, -187 ]
[RCE]    s   = [ 0, 1, -1/4, 2/5, -1/5, 2, -2/5, 1/5 ]
[RCE]    y2  = [ -35/64, -1075/256, 10625/4096, -1, -67/256, -115/4, 5/16, 
3179/256 ]
[RCE] cover key=12 g=2 #rat=8 dim(ker)=0
[RCE]    ds  = [ -35, -43, -340, -52, -67, -115, -120, -187 ]
[RCE]    s   = [ 0, 1, -1/4, 2/5, -1/5, 2, -2/5, 1/5 ]
[RCE]    y2  = [ -35/256, -26875/4096, 0, -13/25, -67/4096, -1035/4, -3/40, 
486387/102400 ]
[RCE] cover key=13 g=0 #rat=8 dim(ker)=0
[RCE]    ds  = [ -35, -43, -340, -52, -67, -115, -120, -187 ]
[RCE]    s   = [ 0, 1, -1/4, 2/5, -1/5, 2, -2/5, 1/5 ]
[RCE]    y2  = [ 1/80, 1/64, 289/1024, 1/100, 1/64, 1/20, 1/50, 289/1600 ]
[RCE] cover key=14 g=1 #rat=8 dim(ker)=1
[RCE]    ds  = [ -35, -43, -340, -52, -67, -115, -120, -187 ]
[RCE]    s   = [ 0, 1, -1/4, 2/5, -1/5, 2, -2/5, 1/5 ]
[RCE]    y2  = [ 25/16, 625/64, 0, 13/4, 25/64, 225/4, -3/2, 153/64 ]
[RCE] cover key=15 g=2 #rat=8 dim(ker)=0
[RCE]    ds  = [ -35, -43, -340, -52, -67, -115, -120, -187 ]
[RCE]    s   = [ 0, 1, -1/4, 2/5, -1/5, 2, -2/5, 1/5 ]
[RCE]    y2  = [ -7/256, -1075/4096, -3070625/1048576, -1/25, -67/4096, -23/4, 
1/40, -918731/102400 ]
[RCE] cover key=9 g=1 #rat=8 dim(ker)=1
[RCE]    ds  = [ -35, -43, -340, -52, -67, -115, -120, -187 ]
[RCE]    s   = [ 0, 1, -1/4, 2/5, -1/5, 2, -2/5, 1/5 ]
[RCE]    y2  = [ -175/64, -26875/256, 0, -13, -67/256, -5175/4, -15/16, 
-1683/256 ]
[RCE] cover key=10 g=0 #rat=8 dim(ker)=0
[RCE]    ds  = [ -35, -43, -340, -52, -67, -115, -120, -187 ]
[RCE]    s   = [ 0, 1, -1/4, 2/5, -1/5, 2, -2/5, 1/5 ]
[RCE]    y2  = [ 5, 25, 0, 13, 1, 45, -3, 9/17 ]
[ORACLE] 10 17 BUILD_FAIL Runtime error in 'QuadraticConstraintsOnEquations': 
Error in Schofer table  | values at rational points - no solution found!
[ORACLE] 10 17 elapsed 57.770 s
