
[ORACLE] ===== X0^10(19) =====
[PP] 10 19 form=-2 oo=[ <3, -1>, <10, 1>, <12, -1>, <14, 3>, <15, -1>, <32, -1>,
<40, 1>, <48, -1>, <50, 1>, <60, -1> ] zero=[]
[PP] 10 19 form=-1 oo=[ <2, 1>, <3, -1>, <10, -1>, <13, 1>, <14, 1>, <15, -2>, 
<40, 1>, <48, -2>, <50, 1>, <52, -1> ] zero=[]
[PP] 10 19 form=9 oo=[ <1, -2>, <2, -1>, <3, -2>, <5, -2>, <6, -2>, <7, -2>, <9,
-2>, <10, 2>, <12, -1>, <13, 1>, <14, 4>, <15, -7>, <21, 2>, <25, -2>, <26, -2>,
<28, -2>, <32, -1>, <38, -2>, <48, -3>, <50, 2>, <52, -1>, <60, -1>, <152, 2>, 
<190, 2> ] zero=[]
[PP] 10 19 form=10 oo=[ <2, 3>, <3, -4>, <8, -2>, <10, -4>, <12, -1>, <13, 5>, 
<15, -9>, <21, 2>, <23, -2>, <32, -1>, <38, 2>, <40, 4>, <48, -7>, <50, 2>, <52,
-5>, <60, 3> ] zero=[]
[PP] 10 19 form=11 oo=[ <1, -2>, <2, 2>, <3, -6>, <5, -2>, <6, -2>, <7, -2>, <9,
-2>, <10, -6>, <13, 4>, <14, 12>, <15, -10>, <21, -4>, <22, -2>, <23, -6>, <25, 
-2>, <26, -2>, <28, -2>, <32, -4>, <38, 2>, <40, 8>, <48, -12>, <50, 4>, <52, 
-4>, <88, 2>, <190, 2> ] zero=[]
[PP] 10 19 form=12 oo=[ <1, -2>, <2, 1>, <3, -4>, <5, -2>, <6, -2>, <7, -2>, <8,
1>, <9, -2>, <10, -7>, <12, 2>, <13, 2>, <14, 10>, <15, -6>, <21, -6>, <22, -3>,
<23, -6>, <25, -2>, <26, -2>, <28, -2>, <32, -4>, <38, 2>, <40, 7>, <48, -10>, 
<50, 2>, <52, -2>, <88, 3>, <190, 2> ] zero=[]
[PP] 10 19 form=13 oo=[ <2, 2>, <3, -4>, <8, -2>, <10, -2>, <12, -2>, <13, 4>, 
<14, 2>, <15, -8>, <21, 2>, <23, -2>, <32, -2>, <38, 2>, <40, 4>, <48, -6>, <50,
2>, <52, -4>, <60, 2> ] zero=[]
[PP] 10 19 form=14 oo=[ <2, 1>, <3, -2>, <12, -1>, <13, 1>, <14, 4>, <15, -3>, 
<32, -1>, <40, 2>, <48, -3>, <50, 2>, <52, -1>, <60, -1> ] zero=[]
[PP] 10 19 form=15 oo=[ <1, -2>, <3, -2>, <5, -2>, <6, -2>, <7, -2>, <9, -2>, 
<13, 2>, <14, 2>, <15, -8>, <21, 2>, <25, -2>, <26, -2>, <28, -2>, <38, -2>, 
<48, -4>, <50, 2>, <52, -2>, <152, 2>, <190, 2> ] zero=[]

[AEC] d_divs = [ -3, -8, -3, -40 ]
[AEC] #all_cm_pts = 2, discs = [ <-3, 3, 1>, <-132, 1, 2> ]
[EXP] d=-8    #fs=9   d_fund=-8    Nprimes=[ 19 ]   fires=false  
vals[9]=-6Log2+3Log5
[EXP] d=-40   #fs=9   d_fund=-40   Nprimes=[ 19 ]   fires=false  vals[9]=Log0
[EXP] d=-760  #fs=9   d_fund=-760  Nprimes=[]       fires=false  
vals[9]=-6Log2-3Log3+4Log5
[EXP] d=-52   #fs=9   d_fund=-52   Nprimes=[ 19 ]   fires=false  
vals[9]=-6Log2+2Log5
[EXP] d=-67   #fs=9   d_fund=-67   Nprimes=[ 19 ]   fires=false  
vals[9]=-6Log2+2Log3+2Log5
[EXP] d=-88   #fs=9   d_fund=-88   Nprimes=[ 19 ]   fires=false  
vals[9]=-6Log2+3Log5
[EXP] d=-148  #fs=9   d_fund=-148  Nprimes=[ 19 ]   fires=false  
vals[9]=-7Log2+3Log5
[EXP] d=-228  #fs=9   d_fund=-228  Nprimes=[]       fires=false  
vals[9]=-6Log2+Log3+3Log5
[MAP] keys_fs = [ 11, 12, 13, 14, 15, 9, -1, 10, -2 ]  sIndex = 7  sTildeIndex =
9

[VACM] allds = [ -3, -8, -40, -760, -52, -67, -88, -148, -228 ]
[VACM] s_idx=7 stilde_idx=9  #table=9  #s=9
[VACM] s      = [
Logoo,
Log0,
-5Log2+Log5,
-3Log3+Log5,
-3Log2,
-3Log2,
-4Log2+Log5,
-6Log2+Log5,
-3Log2+Log5
]
[VACM] stilde = [
Logoo,
Log5,
Log0,
-3Log3+2Log5,
0,
2Log3,
Log5,
-Log2+Log5,
Log3+Log5
]
[VACM] Index(s,0)=2  Index(stilde,0)=3

[find_signs] ds = [ -3, -8, -40, -760, -52, -67, -88, -148, -228 ]
[find_signs] degs = [ 1, 1, 1, 1, 1, 1, 1, 1, 1 ]
[find_signs] s = [* Infinity, 0, 5/32, 5/27, 1/8, 1/8, 5/16, 5/64, 5/8 *]
[find_signs] stilde = [* Infinity, 5, 0, 25/27, 1, 9, 5, 5/2, 15 *]
[find_signs] Index(s,0)=2 Index(stilde,0)=3 Index(s,oo)=1 Index(stilde,oo)=1
[RCE] cover key=11 g=2 #rat=8 dim(ker)=0
[RCE]    ds  = [ -8, -40, -760, -52, -67, -88, -148, -228 ]
[RCE]    s   = [ 0, 1, 32/27, 4/5, -4/5, 2, 1/2, 4 ]
[RCE]    y2  = [ 0, 0, 0, 13/4, -603, -171875/256, 2798125/262144, 12860625/4 ]
[RCE] cover key=12 g=1 #rat=8 dim(ker)=0
[RCE]    ds  = [ -8, -40, -760, -52, -67, -88, -148, -228 ]
[RCE]    s   = [ 0, 1, 32/27, 4/5, -4/5, 2, 1/2, 4 ]
[RCE]    y2  = [ -25/2, -125/128, 0, -13/4, -67, -6875/128, -111925/16384, 
171475/4 ]
[RCE] cover key=13 g=1 #rat=8 dim(ker)=0
[RCE]    ds  = [ -8, -40, -760, -52, -67, -88, -148, -228 ]
[RCE]    s   = [ 0, 1, 32/27, 4/5, -4/5, 2, 1/2, 4 ]
[RCE]    y2  = [ 25/16, 0, 45125/8503056, 1/4, 9, 625/64, 3025/4096, 27075/4 ]
[RCE] cover key=14 g=0 #rat=8 dim(ker)=1
[RCE]    ds  = [ -8, -40, -760, -52, -67, -88, -148, -228 ]
[RCE]    s   = [ 0, 1, 32/27, 4/5, -4/5, 2, 1/2, 4 ]
[RCE]    y2  = [ 0, 0, 125/1458, -1/16, 9/16, 25/32, -25/256, 75/16 ]
[RCE] cover key=15 g=0 #rat=8 dim(ker)=1
[RCE]    ds  = [ -8, -40, -760, -52, -67, -88, -148, -228 ]
[RCE]    s   = [ 0, 1, 32/27, 4/5, -4/5, 2, 1/2, 4 ]
[RCE]    y2  = [ 0, 125/16, 0, 13, -67, -275/4, 925/64, -475 ]
[RCE] cover key=9 g=0 #rat=8 dim(ker)=1
[RCE]    ds  = [ -8, -40, -760, -52, -67, -88, -148, -228 ]
[RCE]    s   = [ 0, 1, 32/27, 4/5, -4/5, 2, 1/2, 4 ]
[RCE]    y2  = [ -25/2, 0, 0, -13/16, -603/16, -275/32, -925/256, -1425/16 ]
[RCE] cover key=10 g=1 #rat=8 dim(ker)=0
[RCE]    ds  = [ -8, -40, -760, -52, -67, -88, -148, -228 ]
[RCE]    s   = [ 0, 1, 32/27, 4/5, -4/5, 2, 1/2, 4 ]
[RCE]    y2  = [ 0, -25/128, 9025/1062882, -1/4, 1, 625/128, -3025/16384, 9025/4
]
[ORACLE] 10 19 BUILD_FAIL Runtime error in 'QuadraticConstraintsOnEquations': 
Error in Schofer table  | values at rational points - no solution found!
[ORACLE] 10 19 elapsed 1710.590 s
