
[ORACLE] ===== X0^10(13) =====
[PP] 10 13 form=-2 oo=[ <1, 1>, <3, -1>, <9, 1>, <12, -1>, <16, -1>, <23, -1>, 
<25, 1>, <35, 1>, <48, -1> ] zero=[]
[PP] 10 13 form=-1 oo=[ <3, -1>, <9, -1>, <10, 1>, <12, -1>, <16, 1>, <23, -1>, 
<40, 1>, <48, -1> ] zero=[]
[PP] 10 13 form=9 oo=[ <1, 6>, <3, -6>, <4, -10>, <5, -2>, <6, -2>, <7, -2>, <8,
-4>, <10, -4>, <12, -6>, <16, -4>, <23, -10>, <25, 4>, <27, 2>, <40, 6>, <65, 
2>, <108, -2>, <130, 2> ] zero=[]
[PP] 10 13 form=10 oo=[ <1, 2>, <3, -4>, <4, -4>, <6, -2>, <7, 2>, <10, -2>, 
<12, -2>, <16, -2>, <23, -4>, <25, 2>, <40, 2>, <65, 2> ] zero=[]
[PP] 10 13 form=11 oo=[ <1, 4>, <3, -2>, <4, -6>, <5, -2>, <7, -4>, <8, -4>, 
<10, -2>, <12, -4>, <16, -2>, <23, -6>, <25, 2>, <27, 2>, <40, 4>, <108, -2>, 
<130, 2> ] zero=[]
[PP] 10 13 form=12 oo=[ <1, 8>, <3, -6>, <4, -12>, <5, -2>, <6, -2>, <7, -2>, 
<8, -2>, <9, 2>, <10, -6>, <12, -6>, <13, 2>, <16, -6>, <23, -10>, <25, 6>, <27,
2>, <40, 6>, <65, 2>, <108, -2>, <130, 2> ] zero=[]
[PP] 10 13 form=13 oo=[ <1, 2>, <3, -2>, <4, -2>, <8, 2>, <12, -2>, <13, 2>, 
<23, -2>, <25, 2>, <40, 2>, <48, -2> ] zero=[]
[PP] 10 13 form=14 oo=[ <1, 4>, <3, -6>, <4, -6>, <6, -2>, <7, 2>, <8, 2>, <10, 
-2>, <12, -4>, <13, 2>, <16, -2>, <23, -6>, <25, 4>, <40, 4>, <48, -2>, <65, 2> 
] zero=[]
[PP] 10 13 form=15 oo=[ <1, 6>, <3, -2>, <4, -8>, <5, -2>, <7, -4>, <8, -2>, <9,
2>, <10, -4>, <12, -4>, <13, 2>, <16, -4>, <23, -6>, <25, 4>, <27, 2>, <40, 4>, 
<108, -2>, <130, 2> ] zero=[]

[AEC] d_divs = [ -3, -40, -3, -35 ]
[AEC] #all_cm_pts = 2, discs = [ <-3, 3, 1>, <-68, 1, 2> ]
[EXP] d=-40   #fs=9   d_fund=-40   Nprimes=[ 13 ]   fires=false  
vals[9]=-5Log2+Log5
[EXP] d=-35   #fs=9   d_fund=-35   Nprimes=[ 13 ]   fires=false  vals[9]=Log0
[EXP] d=-52   #fs=9   d_fund=-52   Nprimes=[]       fires=false  
vals[9]=-5Log2+2Log5
[EXP] d=-520  #fs=9   d_fund=-520  Nprimes=[]       fires=false  
vals[9]=-5Log2-3Log3+2Log5+Log7
[EXP] d=-43   #fs=9   d_fund=-43   Nprimes=[ 13 ]   fires=false  
vals[9]=-6Log2+Log5
[EXP] d=-88   #fs=9   d_fund=-88   Nprimes=[ 13 ]   fires=false  
vals[9]=-7Log2+2Log5
[MAP] keys_fs = [ 11, 12, 13, 14, 15, 9, -1, 10, -2 ]  sIndex = 7  sTildeIndex =
9

[VACM] allds = [ -3, -40, -35, -52, -520, -43, -88 ]
[VACM] s_idx=7 stilde_idx=9  #table=9  #s=7
[VACM] s      = [
Logoo,
Log0,
-3Log2,
-Log2,
-3Log3,
-4Log2,
-5Log2+2Log3
]
[VACM] stilde = [
Logoo,
0,
Log0,
Log5,
-3Log3+Log5+Log7,
-Log2,
-2Log2+Log5
]
[VACM] Index(s,0)=2  Index(stilde,0)=3

[find_signs] ds = [ -3, -40, -35, -52, -520, -43, -88 ]
[find_signs] degs = [ 1, 1, 1, 1, 1, 1, 1 ]
[find_signs] s = [* Infinity, 0, 1/8, 1/2, 1/27, 1/16, 9/32 *]
[find_signs] stilde = [* Infinity, 1, 0, 5, 35/27, 1/2, 5/4 *]
[find_signs] Index(s,0)=2 Index(stilde,0)=3 Index(s,oo)=1 Index(stilde,oo)=1
[RCE] cover key=11 g=0 #rat=6 dim(ker)=0
[RCE]    ds  = [ -40, -35, -52, -520, -43, -88 ]
[RCE]    s   = [ 0, 1, -4, -8/27, 1/2, 9/4 ]
[RCE]    y2  = [ 0, -35/16, 25/13, 0, -43/64, -2475/256 ]
[RCE] cover key=12 g=1 #rat=6 dim(ker)=1
[RCE]    ds  = [ -40, -35, -52, -520, -43, -88 ]
[RCE]    s   = [ 0, 1, -4, -8/27, 1/2, 9/4 ]
[RCE]    y2  = [ -5/2, -875/64, 0, 0, -387/256, -171875/512 ]
[RCE] cover key=13 g=0 #rat=6 dim(ker)=0
[RCE]    ds  = [ -40, -35, -52, -520, -43, -88 ]
[RCE]    s   = [ 0, 1, -4, -8/27, 1/2, 9/4 ]
[RCE]    y2  = [ 0, 5/64, 0, 325/1458, 9/256, 225/1024 ]
[RCE] cover key=14 g=1 #rat=6 dim(ker)=0
[RCE]    ds  = [ -40, -35, -52, -520, -43, -88 ]
[RCE]    s   = [ 0, 1, -4, -8/27, 1/2, 9/4 ]
[RCE]    y2  = [ 0, 25/64, 0, -34328125/1062882, 9/256, 5625/512 ]
[RCE] cover key=15 g=0 #rat=6 dim(ker)=1
[RCE]    ds  = [ -40, -35, -52, -520, -43, -88 ]
[RCE]    s   = [ 0, 1, -4, -8/27, 1/2, 9/4 ]
[RCE]    y2  = [ -1/2, -175/64, 0, 0, -387/256, -6875/1024 ]
[RCE] cover key=9 g=1 #rat=6 dim(ker)=1
[RCE]    ds  = [ -40, -35, -52, -520, -43, -88 ]
[RCE]    s   = [ 0, 1, -4, -8/27, 1/2, 9/4 ]
[RCE]    y2  = [ 0, -175/16, -8125, 0, -43/64, -61875/128 ]
[RCE] cover key=10 g=0 #rat=6 dim(ker)=0
[RCE]    ds  = [ -40, -35, -52, -520, -43, -88 ]
[RCE]    s   = [ 0, 1, -4, -8/27, 1/2, 9/4 ]
[RCE]    y2  = [ 5/4, 5/4, 4225/4, 105625/2916, 1/4, 25/2 ]
[ORACLE] 10 13 BUILD_FAIL Runtime error in 'QuadraticConstraintsOnEquations': 
Error in Schofer table  | values at rational points - no solution found!
[ORACLE] 10 13 elapsed 1755.120 s
