
[ORACLE] ===== X0^10(29) =====
[PP] 10 29 form=-2 oo=[ <1, 1>, <2, 1>, <3, 1>, <5, -1>, <6, -1>, <12, 1>, <13, 
1>, <17, 1>, <18, 1>, <24, 1>, <34, 1>, <36, -1>, <80, -1>, <87, 1> ] zero=[]
[PP] 10 29 form=-1 oo=[ <1, 1>, <4, 1>, <7, -1>, <9, -1>, <20, -1>, <23, -1>, 
<28, -1>, <34, 1>, <35, 1>, <36, -1>, <63, 1>, <80, -1>, <112, 1> ] zero=[]
[PP] 10 29 form=9 oo=[ <1, 8>, <2, -6>, <3, -18>, <4, -4>, <5, -6>, <6, -2>, <7,
-10>, <8, -11>, <9, -2>, <10, -14>, <11, -6>, <12, -19>, <13, -3>, <14, -9>, 
<15, -12>, <16, -6>, <17, -21>, <18, -17>, <19, -8>, <20, -2>, <21, -7>, <24, 
2>, <25, 4>, <26, -8>, <27, 1>, <28, 2>, <29, -2>, <31, 2>, <34, 8>, <36, -6>, 
<37, 4>, <39, -14>, <40, 16>, <41, -8>, <43, 5>, <44, -6>, <46, -1>, <52, 3>, 
<53, -5>, <58, -4>, <80, -6>, <112, 4>, <145, 2>, <212, 5>, <232, 4>, <290, 2> ]
zero=[]
[PP] 10 29 form=10 oo=[ <1, 2>, <3, 2>, <4, -2>, <6, 4>, <7, -6>, <8, 1>, <10, 
4>, <11, 2>, <12, 3>, <14, 1>, <15, 4>, <16, -4>, <17, 3>, <18, 3>, <19, 2>, 
<20, -4>, <21, 3>, <23, -2>, <25, 4>, <26, 2>, <27, 1>, <34, 4>, <37, -2>, <39, 
4>, <40, -4>, <41, 2>, <43, -1>, <44, 2>, <46, -1>, <58, 2>, <63, 4>, <80, -2>, 
<87, -2>, <112, 2>, <145, 2> ] zero=[]
[PP] 10 29 form=11 oo=[ <1, 12>, <2, 4>, <3, 6>, <4, -4>, <5, -10>, <6, -6>, <7,
-10>, <8, 4>, <10, 6>, <11, 4>, <12, 8>, <14, 2>, <15, 8>, <16, -6>, <17, 10>, 
<18, 10>, <19, 2>, <20, 2>, <21, 2>, <23, 2>, <24, 6>, <25, 4>, <26, 2>, <28, 
2>, <29, -2>, <31, 2>, <34, 8>, <36, -8>, <37, -2>, <39, 6>, <40, -4>, <41, 2>, 
<42, -2>, <43, -2>, <44, 4>, <53, -4>, <58, 2>, <80, -4>, <112, 2>, <168, 2>, 
<212, 4>, <290, 2> ] zero=[]
[PP] 10 29 form=12 oo=[ <1, 13>, <2, 4>, <3, 6>, <4, -7>, <5, -12>, <6, -6>, <7,
-16>, <8, 3>, <9, 1>, <10, 6>, <11, 4>, <12, 7>, <14, 1>, <15, 8>, <16, -8>, 
<17, 9>, <18, 9>, <19, 2>, <20, 2>, <21, 3>, <24, 8>, <25, 6>, <26, 2>, <27, 1>,
<28, 2>, <29, -2>, <31, 2>, <34, 10>, <36, -9>, <37, -2>, <39, 6>, <40, -4>, 
<41, 2>, <42, -3>, <43, -1>, <44, 4>, <46, -1>, <53, -5>, <58, 2>, <80, -6>, 
<112, 4>, <145, 2>, <168, 3>, <212, 5>, <290, 2> ] zero=[]
[PP] 10 29 form=13 oo=[ <1, 2>, <3, 2>, <6, 2>, <7, -2>, <8, 2>, <10, 4>, <11, 
2>, <12, 4>, <14, 2>, <15, 4>, <16, -2>, <17, 4>, <18, 4>, <19, 2>, <20, -2>, 
<21, 2>, <25, 2>, <26, 2>, <34, 2>, <37, -2>, <39, 4>, <40, -4>, <41, 2>, <43, 
-2>, <44, 2>, <58, 2>, <63, 2>, <87, -2> ] zero=[]
[PP] 10 29 form=14 oo=[ <4, -2>, <6, 2>, <7, -4>, <8, -1>, <12, -1>, <14, -1>, 
<16, -2>, <17, -1>, <18, -1>, <20, -2>, <21, 1>, <23, -2>, <25, 2>, <27, 1>, 
<34, 2>, <43, 1>, <46, -1>, <63, 2>, <80, -2>, <112, 2>, <145, 2> ] zero=[]
[PP] 10 29 form=15 oo=[ <1, 8>, <2, -2>, <3, -8>, <4, -2>, <5, -6>, <6, -4>, <7,
-6>, <8, -4>, <9, -2>, <10, -6>, <11, -2>, <12, -8>, <13, -2>, <14, -4>, <15, 
-4>, <16, -4>, <17, -8>, <18, -6>, <19, -4>, <21, -4>, <23, 2>, <24, 2>, <25, 
2>, <26, -4>, <28, 2>, <29, -2>, <31, 2>, <34, 6>, <36, -6>, <37, 2>, <39, -6>, 
<40, 8>, <41, -4>, <43, 2>, <44, -2>, <52, 2>, <53, -4>, <58, -2>, <80, -4>, 
<112, 2>, <212, 4>, <232, 2>, <290, 2> ] zero=[]

[AEC] d_divs = [ -35, -20, -20, -52 ]
[AEC] #all_cm_pts = 2, discs = [ <-20, 2, 1>, <-123, 1, 2> ]
[EXP] d=-35   #fs=9   d_fund=-35   Nprimes=[ 29 ]   fires=false  vals[9]=0
[EXP] d=-52   #fs=9   d_fund=-52   Nprimes=[ 29 ]   fires=false  vals[9]=Log0
[EXP] d=-232  #fs=9   d_fund=-232  Nprimes=[]       fires=false  
vals[9]=-3Log2+Log29
[EXP] d=-67   #fs=9   d_fund=-67   Nprimes=[ 29 ]   fires=false  vals[9]=Log3
[EXP] d=-88   #fs=9   d_fund=-88   Nprimes=[ 29 ]   fires=false  vals[9]=0
[EXP] d=-115  #fs=9   d_fund=-115  Nprimes=[ 29 ]   fires=false  vals[9]=Log3
[EXP] d=-120  #fs=9   d_fund=-120  Nprimes=[ 29 ]   fires=false  vals[9]=Log2
[EXP] d=-435  #fs=9   d_fund=-435  Nprimes=[]       fires=false  
vals[9]=-Log2+Log29
[EXP] d=-760  #fs=9   d_fund=-760  Nprimes=[ 29 ]   fires=false  
vals[9]=Log3-Log5
[EXP] d=-123  #fs=9   d_fund=-123  Nprimes=[ 29 ]   fires=false  vals[9]=Log3
[MAP] keys_fs = [ 11, 12, 13, 14, 15, 9, -1, 10, -2 ]  sIndex = 7  sTildeIndex =
9

[VACM] allds = [ -20, -35, -52, -232, -67, -88, -115, -120, -435, -760, -123 ]
[VACM] s_idx=7 stilde_idx=9  #table=9  #s=11
[VACM] s      = [
Logoo,
Log0,
0,
-3Log2+Log7,
2Log2,
Log2,
Log2,
0,
-Log2,
Log2-Log5,
0
]
[VACM] stilde = [
Logoo,
0,
Log0,
-3Log2+Log29,
Log3,
0,
Log3,
Log2,
-Log2+Log29,
Log3-Log5,
Log3
]
[VACM] Index(s,0)=2  Index(stilde,0)=3

[find_signs] ds = [ -20, -35, -52, -232, -67, -88, -115, -120, -435, -760, -123 
]
[find_signs] degs = [ 1, 1, 1, 1, 1, 1, 1, 1, 1, 1, 2 ]
[find_signs] s = [* Infinity, 0, 1, 7/8, 4, 2, 2, 1, 1/2, 2/5, 1 *]
[find_signs] stilde = [* Infinity, 1, 0, 29/8, 3, 1, 3, 2, 29/2, 3/5, 3 *]
[find_signs] Index(s,0)=2 Index(stilde,0)=3 Index(s,oo)=1 Index(stilde,oo)=1
[ORACLE] 10 29 BUILD_FAIL Runtime error in '[]': Sequence index 6 should be in 
the range 1 to 5
[ORACLE] 10 29 elapsed 2328.620 s
