
[ORACLE] ===== X0^10(23) =====
[PP] 10 23 form=-2 oo=[ <5, -2>, <7, 1>, <11, -3>, <14, -2>, <15, -2>, <17, -1>,
<19, 1>, <21, -2>, <34, 1>, <43, 1>, <68, 1>, <109, 1>, <111, -2>, <112, -1> ] 
zero=[]
[PP] 10 23 form=-1 oo=[ <3, 2>, <5, 1>, <7, -3>, <10, 5>, <11, -5>, <14, -4>, 
<15, -3>, <18, 2>, <19, 4>, <20, -1>, <21, -5>, <23, 2>, <28, -2>, <34, 2>, <40,
-3>, <80, -2>, <103, -3>, <109, 3>, <111, -1>, <112, -1> ] zero=[]
[PP] 10 23 form=9 oo=[ <1, -4>, <2, 2>, <3, -18>, <4, -2>, <5, -8>, <6, -2>, <7,
12>, <9, -2>, <10, -6>, <12, 12>, <13, 4>, <15, 2>, <18, -6>, <19, 6>, <20, -6>,
<21, 6>, <23, 2>, <28, 4>, <34, -10>, <40, 8>, <43, 4>, <51, -2>, <60, 14>, <61,
-14>, <63, -10>, <92, 10>, <115, 2>, <172, -4>, <230, 2> ] zero=[]
[PP] 10 23 form=10 oo=[ <1, -2>, <4, -2>, <5, -1>, <7, 1>, <10, -1>, <11, 1>, 
<12, 2>, <13, 2>, <15, 1>, <19, -2>, <20, -1>, <21, 1>, <34, -2>, <40, 1>, <103,
1>, <109, -1>, <111, 1>, <112, 1>, <115, 2> ] zero=[]
[PP] 10 23 form=11 oo=[ <1, -2>, <2, 2>, <3, -24>, <5, -6>, <6, -2>, <7, 14>, 
<9, -2>, <10, -8>, <11, 2>, <12, 12>, <13, 2>, <14, 2>, <15, 2>, <18, -10>, <19,
8>, <20, -6>, <21, 8>, <28, 4>, <34, -10>, <40, 10>, <43, 4>, <51, -2>, <60, 
16>, <61, -16>, <63, -12>, <92, 12>, <172, -4>, <230, 2> ] zero=[]
[PP] 10 23 form=12 oo=[ <1, -4>, <2, 2>, <3, -8>, <4, -2>, <5, -8>, <6, -2>, <7,
8>, <9, -2>, <10, -4>, <11, -1>, <12, 8>, <13, 4>, <15, 2>, <19, 4>, <20, -4>, 
<21, 4>, <23, 4>, <28, 4>, <34, -8>, <40, 4>, <43, 3>, <51, -2>, <60, 10>, <61, 
-11>, <63, -6>, <92, 6>, <115, 2>, <172, -3>, <230, 2> ] zero=[]
[PP] 10 23 form=13 oo=[ <3, 2>, <5, 1>, <7, -3>, <10, 5>, <11, -5>, <14, -4>, 
<15, -3>, <18, 2>, <19, 4>, <20, -1>, <21, -5>, <23, 2>, <28, -2>, <34, 2>, <40,
-3>, <80, -2>, <103, -3>, <109, 3>, <111, -1>, <112, -1> ] zero=[]
[PP] 10 23 form=14 oo=[ <1, -2>, <3, 2>, <4, -2>, <7, -2>, <10, 4>, <11, -4>, 
<12, 2>, <13, 2>, <14, -4>, <15, -2>, <18, 2>, <19, 2>, <20, -2>, <21, -4>, <23,
2>, <28, -2>, <40, -2>, <80, -2>, <103, -2>, <109, 2>, <115, 2> ] zero=[]
[PP] 10 23 form=15 oo=[ <1, -2>, <2, 2>, <3, -14>, <5, -6>, <6, -2>, <7, 10>, 
<9, -2>, <10, -6>, <11, 1>, <12, 8>, <13, 2>, <14, 2>, <15, 2>, <18, -4>, <19, 
6>, <20, -4>, <21, 6>, <23, 2>, <28, 4>, <34, -8>, <40, 6>, <43, 3>, <51, -2>, 
<60, 12>, <61, -13>, <63, -8>, <92, 8>, <172, -3>, <230, 2> ] zero=[]
