
[ORACLE] ===== X0^10(37) =====
[PP] 10 37 form=-2 oo=[ <9, 1>, <11, -1>, <12, -1>, <16, -1>, <21, -2>, <25, 
-1>, <26, -1>, <27, 1>, <28, -2>, <36, -1>, <44, -2>, <47, -1>, <49, -1>, <63, 
-1>, <67, 1>, <75, -2>, <95, -1>, <100, -1>, <108, -1>, <112, 1> ] zero=[]
[PP] 10 37 form=-1 oo=[ <1, -1>, <3, 1/2>, <4, 3/2>, <7, -3/2>, <9, 1>, <11, 
-3/2>, <12, -1/2>, <16, 1/2>, <21, -5/2>, <25, -5/2>, <26, -1/2>, <27, 1/2>, 
<28, -1>, <30, 1/2>, <34, 2>, <36, -3/2>, <40, 1>, <44, -2>, <46, 1/2>, <47, 
-2>, <48, -1>, <49, -3/2>, <75, -2>, <95, -1>, <100, 1/2>, <108, -1/2>, <112, 
1/2>, <120, -1/2>, <160, 1> ] zero=[]
[PP] 10 37 form=8 oo=[ <1, -1>, <2, -2>, <3, 1>, <5, -2>, <6, -2>, <7, -16>, <8,
-4>, <9, 8>, <10, 9>, <11, 8>, <12, -2>, <13, -2>, <14, -2>, <16, -23>, <17, 2>,
<18, 4>, <21, -9>, <25, -8>, <26, -1>, <27, -2>, <28, 8>, <32, 2>, <34, -16>, 
<36, 2>, <40, -7>, <42, 2>, <44, -8>, <46, 3>, <47, 16>, <48, -11>, <52, -4>, 
<63, 24>, <67, -5>, <70, -9>, <73, 13>, <75, -12>, <78, -3>, <83, 2>, <108, 2>, 
<185, 2>, <268, 5>, <280, 9>, <292, -13>, <312, 3>, <332, -2>, <370, 2> ] 
zero=[]
[PP] 10 37 form=9 oo=[ <2, -2>, <3, -1>, <4, -1>, <5, -1>, <6, -1>, <7, -5>, <8,
-2>, <10, -2>, <11, -5>, <12, -3>, <13, -3>, <14, -1>, <16, 1>, <17, 2>, <18, 
2>, <20, -1>, <21, -5>, <23, -1>, <25, -5>, <26, -1>, <27, 1>, <28, -2>, <30, 
3>, <32, 3>, <34, 4>, <36, -5>, <39, -1>, <40, 2>, <42, 1>, <44, -4>, <46, 1>, 
<47, -6>, <48, -2>, <49, -3>, <50, -1>, <51, -1>, <52, -2>, <54, -1>, <55, -1>, 
<63, -4>, <75, -6>, <95, -2>, <100, 1>, <108, -1>, <112, 3>, <120, -3>, <185, 2>
] zero=[]
[PP] 10 37 form=10 oo=[ <3, 2>, <5, -1>, <6, -1>, <7, -10>, <8, -2>, <9, 6>, 
<10, 6>, <11, 6>, <12, -2>, <13, 1>, <14, -1>, <16, -14>, <18, 2>, <20, 1>, <21,
-4>, <23, 1>, <25, -4>, <28, 4>, <32, -1>, <34, -10>, <36, 2>, <39, 1>, <40, 
-4>, <42, 1>, <44, -4>, <46, 2>, <47, 10>, <48, -6>, <50, 1>, <51, 1>, <52, -2>,
<54, 1>, <55, 1>, <63, 16>, <67, -2>, <70, -6>, <73, 8>, <75, -6>, <78, -2>, 
<83, 2>, <268, 2>, <280, 6>, <292, -8>, <312, 2>, <332, -2>, <370, 2> ] zero=[]
[PP] 10 37 form=11 oo=[ <2, -2>, <4, -2>, <5, -2>, <6, -2>, <7, -16>, <8, -4>, 
<9, 8>, <10, 8>, <11, 10>, <12, -4>, <13, -2>, <14, -2>, <16, -24>, <17, 4>, 
<18, 4>, <21, -6>, <25, -4>, <27, -2>, <28, 8>, <32, 4>, <34, -18>, <36, 2>, 
<37, 2>, <40, -8>, <42, 2>, <44, -6>, <46, 2>, <47, 18>, <48, -10>, <49, 2>, 
<52, -4>, <63, 26>, <67, -4>, <70, -10>, <73, 14>, <75, -10>, <78, -4>, <83, 2>,
<108, 2>, <185, 2>, <268, 4>, <280, 10>, <292, -14>, <312, 4>, <332, -2>, <370, 
2> ] zero=[]
[PP] 10 37 form=12 oo=[ <1, -2>, <4, 2>, <7, -4>, <10, -2>, <11, -4>, <12, -2>, 
<16, 4>, <17, 2>, <21, -2>, <25, -4>, <30, 2>, <32, 2>, <34, 6>, <36, -4>, <37, 
2>, <40, 2>, <44, -2>, <47, -4>, <48, -2>, <49, -2>, <75, -2>, <95, -2>, <100, 
4>, <120, -2>, <160, 2> ] zero=[]
[PP] 10 37 form=13 oo=[ <1, -2>, <2, -2>, <3, -1>, <4, 1>, <5, -1>, <6, -1>, <7,
-9>, <8, -2>, <10, -4>, <11, -9>, <12, -5>, <13, -3>, <14, -1>, <16, 5>, <17, 
4>, <18, 2>, <20, -1>, <21, -7>, <23, -1>, <25, -9>, <26, -1>, <27, 1>, <28, 
-2>, <30, 5>, <32, 5>, <34, 10>, <36, -9>, <37, 2>, <39, -1>, <40, 4>, <42, 1>, 
<44, -6>, <46, 1>, <47, -10>, <48, -4>, <49, -5>, <50, -1>, <51, -1>, <52, -2>, 
<54, -1>, <55, -1>, <63, -4>, <75, -8>, <95, -4>, <100, 5>, <108, -1>, <112, 3>,
<120, -5>, <160, 2>, <185, 2> ] zero=[]
[PP] 10 37 form=14 oo=[ <1, 1>, <3, 1>, <4, -2>, <5, -1>, <6, -1>, <7, -10>, <8,
-2>, <9, 6>, <10, 5>, <11, 8>, <12, -4>, <13, 1>, <14, -1>, <16, -15>, <17, 2>, 
<18, 2>, <20, 1>, <21, -1>, <23, 1>, <26, 1>, <28, 4>, <32, 1>, <34, -12>, <36, 
2>, <37, 2>, <39, 1>, <40, -5>, <42, 1>, <44, -2>, <46, 1>, <47, 12>, <48, -5>, 
<49, 2>, <50, 1>, <51, 1>, <52, -2>, <54, 1>, <55, 1>, <63, 18>, <67, -1>, <70, 
-7>, <73, 9>, <75, -4>, <78, -3>, <83, 2>, <268, 1>, <280, 7>, <292, -9>, <312, 
3>, <332, -2>, <370, 2> ] zero=[]

[AEC] d_divs = [ -3, -40, -3, -67 ]
[AEC] #all_cm_pts = 2, discs = [ <-3, 3, 1>, <-123, 1, 2> ]
[EXP] d=-40   #fs=9   d_fund=-40   Nprimes=[ 37 ]   fires=false  
vals[9]=-5Log2-2Log5
[EXP] d=-67   #fs=9   d_fund=-67   Nprimes=[ 37 ]   fires=false  vals[9]=Log0
[EXP] d=-148  #fs=9   d_fund=-148  Nprimes=[]       fires=false  
vals[9]=-5Log2+2Log3-4Log5
[EXP] d=-115  #fs=9   d_fund=-115  Nprimes=[ 37 ]   fires=false  
vals[9]=-5Log2-3Log5
[EXP] d=-120  #fs=9   d_fund=-120  Nprimes=[ 37 ]   fires=false  
vals[9]=-5Log2+Log3-3Log5
[EXP] d=-232  #fs=9   d_fund=-232  Nprimes=[ 37 ]   fires=false  
vals[9]=-5Log2-4Log5+Log7
[EXP] d=-280  #fs=9   d_fund=-280  Nprimes=[ 37 ]   fires=false  
vals[9]=-6Log2-2Log5
[EXP] d=-340  #fs=9   d_fund=-340  Nprimes=[ 37 ]   fires=false  
vals[9]=-5Log2-2Log5
[EXP] d=-555  #fs=9   d_fund=-555  Nprimes=[]       fires=false  
vals[9]=-4Log2-3Log5
