
[ORACLE] ===== X0^10(31) =====
[PP] 10 31 form=-2 oo=[ <6, 2>, <11, -1>, <12, -1>, <13, 1>, <15, -1>, <21, 1>, 
<22, -1>, <23, -2>, <24, -1>, <26, -1>, <29, 1>, <48, -1>, <55, -2>, <60, -1>, 
<75, -1>, <88, 1> ] zero=[]
[PP] 10 31 form=-1 oo=[ <6, 1/2>, <11, -4>, <12, -2>, <13, 1>, <15, -4>, <17, 
2>, <21, -1/2>, <22, -3>, <23, -2>, <24, -4>, <26, -5/2>, <29, -2>, <43, 1>, 
<52, -1>, <55, -2>, <60, 2>, <68, -2>, <75, -1>, <88, 3> ] zero=[]
[PP] 10 31 form=8 oo=[ <1, -2>, <3, -2>, <4, 2>, <5, 4>, <6, 4>, <7, -2>, <9, 
-2>, <10, -4>, <11, 2>, <13, -2>, <14, -2>, <15, -2>, <17, -2>, <18, 2>, <20, 
2>, <21, 6>, <23, -6>, <24, 2>, <25, -2>, <26, 2>, <27, 2>, <28, 4>, <29, 6>, 
<31, 2>, <32, -2>, <33, 2>, <35, 4>, <39, 4>, <40, 2>, <41, 2>, <45, -4>, <47, 
-6>, <48, -6>, <49, 2>, <52, 2>, <55, -4>, <60, -6>, <65, 2>, <68, 2>, <75, -4>,
<108, -2>, <155, 2>, <260, -2>, <310, 2> ] zero=[]
[PP] 10 31 form=9 oo=[ <1, -1>, <2, 1>, <3, -4>, <5, 2>, <6, 8>, <8, 1>, <9, 
-1>, <10, -1>, <11, -6>, <12, -4>, <13, 2>, <15, -8>, <17, 2>, <19, 1>, <20, 1>,
<21, 4>, <22, -6>, <23, -10>, <24, -8>, <26, -6>, <27, 2>, <28, 2>, <29, 2>, 
<33, 1>, <35, 1>, <36, -1>, <39, 1>, <40, 1>, <41, 1>, <45, -1>, <47, -3>, <48, 
-6>, <49, 1>, <52, -2>, <55, -10>, <60, -2>, <62, 2>, <68, -2>, <75, -4>, <88, 
6>, <108, -2>, <155, 2> ] zero=[]
[PP] 10 31 form=10 oo=[ <1, -1>, <2, 3>, <3, -6>, <4, 2>, <5, 2>, <6, 12>, <7, 
-2>, <8, -1>, <9, -1>, <10, -3>, <12, 4>, <13, -2>, <14, -2>, <15, -2>, <17, 
-4>, <18, 2>, <19, -1>, <20, 1>, <21, 6>, <23, -8>, <24, -2>, <25, -2>, <27, 4>,
<28, 2>, <29, 8>, <31, 2>, <32, -2>, <33, 1>, <35, 3>, <36, 1>, <39, 3>, <40, 
1>, <41, 1>, <45, -3>, <47, -7>, <48, -12>, <49, 1>, <52, 2>, <55, -10>, <60, 
-8>, <62, 2>, <68, 4>, <75, -4>, <108, -4>, <310, 2> ] zero=[]
[PP] 10 31 form=11 oo=[ <1, -2>, <2, 2>, <3, -6>, <4, 2>, <5, 4>, <6, 6>, <7, 
-2>, <9, -2>, <10, -4>, <11, -2>, <13, -4>, <14, -2>, <15, -6>, <17, -2>, <18, 
2>, <20, 2>, <21, 8>, <23, -12>, <24, 2>, <25, -2>, <26, -2>, <27, 4>, <28, 4>, 
<29, 8>, <31, 2>, <32, -2>, <33, 2>, <35, 4>, <39, 4>, <40, 2>, <41, 2>, <45, 
-4>, <47, -8>, <48, -12>, <49, 2>, <52, 4>, <55, -6>, <60, -8>, <62, 2>, <65, 
4>, <68, 2>, <75, -6>, <108, -4>, <155, 2>, <260, -4>, <310, 2> ] zero=[]
[PP] 10 31 form=12 oo=[ <2, 2>, <3, -4>, <6, 6>, <11, -4>, <15, -4>, <21, 2>, 
<22, -2>, <23, -6>, <24, -4>, <26, -4>, <27, 2>, <29, 2>, <47, -2>, <48, -6>, 
<55, -6>, <60, -2>, <62, 2>, <75, -2>, <88, 2>, <108, -2> ] zero=[]
[PP] 10 31 form=13 oo=[ <1, -1>, <2, -1>, <5, 2>, <6, 2>, <8, 1>, <9, -1>, <10, 
-1>, <11, -2>, <12, -4>, <13, 2>, <15, -4>, <17, 2>, <19, 1>, <20, 1>, <21, 2>, 
<22, -4>, <23, -4>, <24, -4>, <26, -2>, <28, 2>, <33, 1>, <35, 1>, <36, -1>, 
<39, 1>, <40, 1>, <41, 1>, <45, -1>, <47, -1>, <49, 1>, <52, -2>, <55, -4>, <68,
-2>, <75, -2>, <88, 4>, <155, 2> ] zero=[]
[PP] 10 31 form=14 oo=[ <1, -1>, <2, 1>, <3, -2>, <4, 2>, <5, 2>, <6, 10>, <7, 
-2>, <8, -1>, <9, -1>, <10, -3>, <11, 4>, <12, 4>, <14, -2>, <15, 2>, <17, -4>, 
<18, 2>, <19, -1>, <20, 1>, <21, 4>, <23, -2>, <24, -2>, <25, -2>, <26, 4>, <27,
2>, <28, 2>, <29, 6>, <31, 2>, <32, -2>, <33, 1>, <35, 3>, <36, 1>, <39, 3>, 
<40, 1>, <41, 1>, <45, -3>, <47, -5>, <48, -6>, <49, 1>, <55, -8>, <60, -6>, 
<65, -2>, <68, 4>, <75, -2>, <108, -2>, <260, 2>, <310, 2> ] zero=[]

[AEC] d_divs = [ -3, -43, -3, -52 ]
[AEC] #all_cm_pts = 2, discs = [ <-3, 3, 1>, <-68, 1, 2> ]
[EXP] d=-43   #fs=9   d_fund=-43   Nprimes=[ 31 ]   fires=false  vals[9]=-6Log2
[EXP] d=-52   #fs=9   d_fund=-52   Nprimes=[ 31 ]   fires=false  vals[9]=Log0
[EXP] d=-88   #fs=9   d_fund=-88   Nprimes=[ 31 ]   fires=false  
vals[9]=-5Log2-Log5
[EXP] d=-115  #fs=9   d_fund=-115  Nprimes=[ 31 ]   fires=false  vals[9]=-5Log2
[EXP] d=-120  #fs=9   d_fund=-120  Nprimes=[ 31 ]   fires=false  vals[9]=-5Log2
[EXP] d=-148  #fs=9   d_fund=-148  Nprimes=[ 31 ]   fires=false  
vals[9]=-6Log2+Log3-Log5
[EXP] d=-232  #fs=9   d_fund=-232  Nprimes=[ 31 ]   fires=false  
vals[9]=-5Log2+Log3
[EXP] d=-340  #fs=9   d_fund=-340  Nprimes=[ 31 ]   fires=false  vals[9]=-7Log2
[EXP] d=-372  #fs=9   d_fund=-372  Nprimes=[]       fires=false  vals[9]=-6Log2
[EXP] d=-403  #fs=9   d_fund=-403  Nprimes=[]       fires=false  
vals[9]=-5Log2-Log5
[MAP] keys_fs = [ 11, 12, 13, 14, 8, 9, -1, 10, -2 ]  sIndex = 7  sTildeIndex = 
9

[VACM] allds = [ -3, -43, -52, -88, -115, -120, -148, -232, -340, -372, -403 ]
[VACM] s_idx=7 stilde_idx=9  #table=9  #s=11
[VACM] s      = [
Logoo,
Log0,
-Log2,
-Log2+Log3-Log5,
-Log2+Log3,
-Log2,
-Log5,
-Log2+Log7,
-2Log2,
0,
-Log2-Log5+Log7
]
[VACM] stilde = [
Logoo,
-Log2,
Log0,
-Log5,
0,
0,
-Log2+Log3-Log5,
Log3,
-2Log2,
-Log2,
-Log5
]
[VACM] Index(s,0)=2  Index(stilde,0)=3

[find_signs] ds = [ -3, -43, -52, -88, -115, -120, -148, -232, -340, -372, -403 
]
[find_signs] degs = [ 1, 1, 1, 1, 1, 1, 1, 1, 1, 1, 1 ]
[find_signs] s = [* Infinity, 0, 1/2, 3/10, 3/2, 1/2, 1/5, 7/2, 1/4, 1, 7/10 *]
[find_signs] stilde = [* Infinity, 1/2, 0, 1/5, 1, 1, 3/10, 3, 1/4, 1/2, 1/5 *]
[find_signs] Index(s,0)=2 Index(stilde,0)=3 Index(s,oo)=1 Index(stilde,oo)=1
[RCE] cover key=11 g=3 #rat=10 dim(ker)=0
[RCE]    ds  = [ -43, -52, -88, -115, -120, -148, -232, -340, -372, -403 ]
[RCE]    s   = [ 0, 1, 3/5, 3, -1, 2/5, 7, 1/2, 2, 7/5 ]
[RCE]    y2  = [ -671875/4096, -203125/4096, -11/2, -1796875/256, -234375/2, 
-37/16384, -130953125/2, -11953125/16777216, 1341991453125/16384, 3349610667/256
]
[RCE] cover key=12 g=1 #rat=10 dim(ker)=0
[RCE]    ds  = [ -43, -52, -88, -115, -120, -148, -232, -340, -372, -403 ]
[RCE]    s   = [ 0, 1, 3/5, 3, -1, 2/5, 7, 1/2, 2, 7/5 ]
[RCE]    y2  = [ 1/64, 1/256, 1/400, -23/64, 1/2, 1/6400, 289/16, 17/16384, 
961/256, 961/1600 ]
[RCE] cover key=13 g=0 #rat=10 dim(ker)=0
[RCE]    ds  = [ -43, -52, -88, -115, -120, -148, -232, -340, -372, -403 ]
[RCE]    s   = [ 0, 1, 3/5, 3, -1, 2/5, 7, 1/2, 2, 7/5 ]
[RCE]    y2  = [ 1/25, -1/25, -11/625, 1/25, 1/5, -1/625, 29/25, -1/100, 31/25, 
961/625 ]
[RCE] cover key=14 g=0 #rat=10 dim(ker)=0
[RCE]    ds  = [ -43, -52, -88, -115, -120, -148, -232, -340, -372, -403 ]
[RCE]    s   = [ 0, 1, 3/5, 3, -1, 2/5, 7, 1/2, 2, 7/5 ]
[RCE]    y2  = [ -1075/1024, 325/256, 1/2, 125/64, -75/16, 37/1024, -25/2, 
1125/4096, 72075/1024, 3627/64 ]
[RCE] cover key=8 g=1 #rat=10 dim(ker)=0
[RCE]    ds  = [ -43, -52, -88, -115, -120, -148, -232, -340, -372, -403 ]
[RCE]    s   = [ 0, 1, 3/5, 3, -1, 2/5, 7, 1/2, 2, 7/5 ]
[RCE]    y2  = [ -26875/1024, -8125/256, -11/2, 3125/64, -9375/16, -37/1024, 
-18125/2, -28125/16384, -55858125/1024, -3485547/64 ]
[RCE] cover key=9 g=2 #rat=10 dim(ker)=0
[RCE]    ds  = [ -43, -52, -88, -115, -120, -148, -232, -340, -372, -403 ]
[RCE]    s   = [ 0, 1, 3/5, 3, -1, 2/5, 7, 1/2, 2, 7/5 ]
[RCE]    y2  = [ 1/1600, -1/6400, -11/250000, -23/1600, 1/10, -1/4000000, 
8381/400, -17/1638400, 29791/6400, 923521/1000000 ]
[RCE] cover key=10 g=2 #rat=10 dim(ker)=0
[RCE]    ds  = [ -43, -52, -88, -115, -120, -148, -232, -340, -372, -403 ]
[RCE]    s   = [ 0, 1, 3/5, 3, -1, 2/5, 7, 1/2, 2, 7/5 ]
[RCE]    y2  = [ -26875/4096, 8125/4096, 1/2, -71875/256, -1875/2, 37/16384, 
-180625/2, 478125/4194304, -1731601875/16384, -3485547/256 ]
[ORACLE] 10 31 BUILD_FAIL Runtime error in 'QuadraticConstraintsOnEquations': 
Error in Schofer table  | values at rational points - no solution found!
[ORACLE] 10 31 elapsed 3172.370 s
