
[ORACLE] ===== X0^10(41) =====
[PP] 10 41 form=-2 oo=[ <1, -1>, <2, 3>, <4, -2>, <5, -1>, <8, -3>, <9, 1>, <10,
3>, <16, 1>, <18, -2>, <20, 1>, <21, -2>, <23, -4>, <25, 4>, <32, -1>, <39, -5>,
<40, -2>, <46, -1>, <49, 1>, <50, -1>, <51, -2>, <64, -1>, <72, 2>, <87, -2>, 
<92, 1>, <100, -5>, <103, -1>, <160, 1> ] zero=[]
[PP] 10 41 form=-1 oo=[ <1, 1>, <4, -2>, <9, 1>, <16, -1>, <20, 1>, <21, -1>, 
<25, -1>, <32, -1>, <39, 3>, <46, -2>, <50, -1>, <51, -1>, <80, 1>, <87, -1>, 
<103, 1> ] zero=[]
[PP] 10 41 form=8 oo=[ <1, 2>, <2, -3>, <3, -4>, <4, -10>, <5, -1>, <6, -2>, <7,
-2>, <8, -1>, <9, 3>, <10, 2>, <11, -2>, <13, -4>, <14, -2>, <15, -4>, <16, -6>,
<17, -2>, <18, -2>, <20, 1>, <23, -4>, <24, -2>, <25, -2>, <27, -4>, <28, 2>, 
<30, -2>, <31, 1>, <32, -6>, <34, -2>, <35, -2>, <36, 1>, <38, -2>, <39, 9>, 
<40, -2>, <41, 2>, <46, -6>, <47, -4>, <50, -6>, <51, -6>, <52, 2>, <53, 2>, 
<54, -2>, <55, -2>, <56, -2>, <58, 4>, <60, 2>, <64, -2>, <72, 2>, <78, -4>, 
<80, 2>, <90, 1>, <92, 4>, <160, 2>, <205, 2>, <312, 4>, <360, -1>, <410, 2> ] 
zero=[]
[PP] 10 41 form=9 oo=[ <2, 2>, <3, -2>, <4, -6>, <5, -4>, <7, 4>, <8, -6>, <9, 
4>, <10, 2>, <13, -2>, <17, -2>, <18, -4>, <19, -2>, <20, 4>, <23, -8>, <24, 2>,
<25, 6>, <27, -4>, <28, 6>, <30, -2>, <31, 2>, <32, -4>, <35, 2>, <38, -6>, <39,
-2>, <40, -4>, <41, 2>, <44, 2>, <46, -2>, <49, 4>, <50, -2>, <54, 2>, <55, 2>, 
<58, 2>, <60, 2>, <63, 4>, <64, -6>, <65, 2>, <72, 4>, <80, 2>, <82, 2>, <87, 
-6>, <92, 2>, <100, -4>, <160, 2>, <205, 2> ] zero=[]
[PP] 10 41 form=10 oo=[ <1, 3>, <2, -4/3>, <3, -2>, <4, -34/3>, <5, -16/3>, <6, 
-2>, <7, -2>, <8, -8/3>, <9, 16/3>, <10, 10/3>, <11, -2>, <13, -2>, <14, -2>, 
<15, -4>, <16, 1/3>, <18, -10/3>, <19, 2>, <20, 10/3>, <21, -13/3>, <23, -14/3>,
<24, -4>, <27, -4>, <31, -2>, <32, -6>, <34, -2>, <35, -4>, <36, -16/3>, <39, 
5>, <40, -10/3>, <44, -2>, <46, -2>, <47, -4>, <49, 13/3>, <50, -4>, <51, -4>, 
<52, 2>, <53, 2>, <54, -4>, <55, -4>, <56, -2>, <58, 2>, <64, -13/3>, <65, -2>, 
<72, 10/3>, <73, -1>, <78, -11/3>, <80, 2>, <82, 2>, <87, -8/3>, <92, 4>, <160, 
2>, <292, 1>, <312, 11/3>, <410, 2> ] zero=[]
[PP] 10 41 form=11 oo=[ <1, 3>, <2, -2>, <3, -4>, <4, -12>, <5, -6>, <6, -2>, 
<8, -4>, <9, 6>, <10, 2>, <11, -2>, <13, -4>, <14, -2>, <15, -4>, <16, -1>, <17,
-2>, <18, -4>, <20, 4>, <21, -1>, <23, -6>, <24, -2>, <25, 2>, <27, -6>, <28, 
4>, <30, -2>, <32, -6>, <34, -2>, <35, -2>, <36, -4>, <38, -4>, <39, 5>, <40, 
-4>, <41, 2>, <46, -2>, <47, -4>, <49, 5>, <50, -4>, <51, -2>, <52, 2>, <53, 2>,
<54, -2>, <55, -2>, <56, -2>, <58, 4>, <60, 2>, <63, 2>, <64, -7>, <72, 4>, <73,
-1>, <78, -3>, <80, 2>, <82, 2>, <87, -4>, <92, 4>, <160, 2>, <205, 2>, <292, 
1>, <312, 3>, <410, 2> ] zero=[]
[PP] 10 41 form=12 oo=[ <2, 4>, <4, -6>, <5, -4>, <7, 2>, <8, -6>, <9, 4>, <10, 
4>, <16, 2>, <18, -4>, <20, 4>, <21, -4>, <23, -8>, <25, 6>, <27, -2>, <28, 2>, 
<32, -4>, <36, -2>, <38, -2>, <39, -4>, <40, -4>, <46, -2>, <49, 4>, <50, -2>, 
<51, -2>, <63, 2>, <64, -4>, <72, 4>, <80, 2>, <82, 2>, <87, -6>, <92, 2>, <100,
-6>, <160, 2> ] zero=[]
[PP] 10 41 form=13 oo=[ <1, -2>, <2, 4>, <3, -2>, <4, -4>, <5, -2>, <7, 2>, <8, 
-6>, <9, 2>, <10, 4>, <13, -2>, <17, -2>, <18, -4>, <19, -2>, <20, 2>, <23, -8>,
<24, 2>, <25, 8>, <27, -2>, <28, 4>, <30, -2>, <31, 2>, <32, -2>, <35, 2>, <36, 
2>, <38, -4>, <39, -8>, <40, -4>, <41, 2>, <44, 2>, <46, -2>, <49, 2>, <50, -2>,
<51, -2>, <54, 2>, <55, 2>, <58, 2>, <60, 2>, <63, 2>, <64, -4>, <65, 2>, <72, 
4>, <87, -4>, <92, 2>, <100, -8>, <103, -2>, <160, 2>, <205, 2> ] zero=[]
[PP] 10 41 form=14 oo=[ <1, 3>, <2, -2>, <3, -1>, <4, -8>, <6, -2>, <7, -5>, <9,
2>, <10, 2>, <11, -1>, <12, -1>, <13, -1>, <14, -2>, <15, -2>, <16, -3>, <17, 
1>, <18, -1>, <19, 1>, <21, -4>, <22, 1>, <24, -2>, <25, -2>, <26, -1>, <28, 
-3>, <29, -1>, <31, -2>, <32, -4>, <34, -1>, <35, -2>, <36, -3>, <38, 3>, <39, 
7>, <40, -2>, <41, -1>, <44, -1>, <46, -4>, <47, -3>, <49, 1>, <50, -4>, <51, 
-4>, <52, 1>, <53, 1>, <54, -3>, <55, -2>, <56, -1>, <58, 1>, <63, -3>, <64, 
-1>, <65, -2>, <72, 1>, <78, -3>, <80, 2>, <82, -1>, <92, 2>, <312, 3>, <328, 
1>, <410, 2> ] zero=[]
