
[ORACLE] ===== X0^14(19) =====
[PP] 14 19 form=-2 oo=[ <1, 2>, <8, -1>, <9, 2>, <10, 1>, <11, 2>, <12, 1>, <14,
-1>, <15, -1>, <16, -2>, <22, 1>, <27, -1>, <32, -1>, <56, 1>, <60, 1>, <71, 
-1>, <95, -2> ] zero=[]
[PP] 14 19 form=-1 oo=[ <2, 1>, <3, -1>, <8, -1>, <10, 2>, <13, -1>, <27, -1>, 
<31, -1>, <33, 1>, <67, 1>, <98, -2> ] zero=[]
[PP] 14 19 form=9 oo=[ <1, 6>, <2, 1>, <3, -4>, <4, -4>, <5, -2>, <6, -2>, <7, 
-2>, <8, -3>, <9, 4>, <10, 13>, <11, 4>, <12, 3>, <13, -2>, <14, -1>, <15, -8>, 
<16, -6>, <19, -2>, <25, -2>, <27, -7>, <28, 2>, <31, -6>, <32, -6>, <33, 6>, 
<34, 4>, <37, -5>, <38, -2>, <39, -2>, <42, 2>, <56, 3>, <60, 4>, <95, -10>, 
<98, -8>, <133, 2>, <148, 5>, <266, 2> ] zero=[]
[PP] 14 19 form=10 oo=[ <1, -4>, <4, -2>, <7, -2>, <9, -6>, <10, 2>, <11, -4>, 
<12, 2>, <16, 4>, <19, -2>, <23, 2>, <25, -2>, <28, 2>, <33, 4>, <34, 2>, <39, 
-2>, <98, -2>, <133, 2> ] zero=[]
[PP] 14 19 form=11 oo=[ <1, 10>, <2, 1>, <3, -4>, <4, -2>, <5, -2>, <6, -2>, <8,
-3>, <9, 10>, <10, 11>, <11, 8>, <12, 1>, <13, -2>, <14, -1>, <15, -8>, <16, 
-10>, <23, -2>, <27, -7>, <31, -6>, <32, -6>, <33, 2>, <34, 2>, <37, -5>, <38, 
-2>, <42, 2>, <56, 3>, <60, 4>, <95, -10>, <98, -6>, <148, 5>, <266, 2> ] 
zero=[]
[PP] 14 19 form=12 oo=[ <1, 4>, <3, -4>, <4, -4>, <5, -2>, <6, -2>, <7, -2>, <8,
-2>, <9, 2>, <10, 10>, <11, 2>, <12, 4>, <14, -2>, <15, -6>, <16, -4>, <19, -2>,
<25, -2>, <27, -6>, <28, 2>, <31, -4>, <32, -4>, <33, 6>, <34, 4>, <37, -4>, 
<38, -2>, <39, -2>, <42, 2>, <56, 2>, <60, 4>, <95, -8>, <98, -6>, <133, 2>, 
<148, 4>, <266, 2> ] zero=[]
[PP] 14 19 form=13 oo=[ <1, 2>, <2, 2>, <8, -2>, <9, 2>, <10, 4>, <11, 2>, <13, 
-2>, <15, -2>, <16, -2>, <27, -2>, <31, -2>, <32, -2>, <56, 2>, <71, -2>, <95, 
-2>, <98, -2> ] zero=[]
[PP] 14 19 form=14 oo=[ <1, -2>, <2, 2>, <4, -2>, <7, -2>, <8, -2>, <9, -4>, 
<10, 6>, <11, -2>, <12, 2>, <13, -2>, <15, -2>, <16, 2>, <19, -2>, <23, 2>, <25,
-2>, <27, -2>, <28, 2>, <31, -2>, <32, -2>, <33, 4>, <34, 2>, <39, -2>, <56, 2>,
<71, -2>, <95, -2>, <98, -4>, <133, 2> ] zero=[]
[PP] 14 19 form=15 oo=[ <1, 8>, <3, -4>, <4, -2>, <5, -2>, <6, -2>, <8, -2>, <9,
8>, <10, 8>, <11, 6>, <12, 2>, <14, -2>, <15, -6>, <16, -8>, <23, -2>, <27, -6>,
<31, -4>, <32, -4>, <33, 2>, <34, 2>, <37, -4>, <38, -2>, <42, 2>, <56, 2>, <60,
4>, <95, -8>, <98, -4>, <148, 4>, <266, 2> ] zero=[]

[AEC] d_divs = [ -67, -8, -88, -8 ]
[AEC] #all_cm_pts = 2, discs = [ <-8, 2, 1>, <-51, 1, 2> ]
[EXP] d=-67   #fs=9   d_fund=-67   Nprimes=[ 19 ]   fires=false  
vals[9]=-6Log2+Log3+Log5
[EXP] d=-88   #fs=9   d_fund=-88   Nprimes=[ 19 ]   fires=false  vals[9]=Log0
[EXP] d=-532  #fs=9   d_fund=-532  Nprimes=[]       fires=false  
vals[9]=-8Log2+Log11+Log19
[EXP] d=-84   #fs=9   d_fund=-84   Nprimes=[ 19 ]   fires=false  vals[9]=-3Log2
[EXP] d=-91   #fs=9   d_fund=-91   Nprimes=[ 19 ]   fires=false  vals[9]=-6Log2
[EXP] d=-148  #fs=9   d_fund=-148  Nprimes=[ 19 ]   fires=false  
vals[9]=-4Log2+Log3
[EXP] d=-228  #fs=9   d_fund=-228  Nprimes=[]       fires=false  
vals[9]=-5Log2+Log19
[EXP] d=-280  #fs=9   d_fund=-280  Nprimes=[ 19 ]   fires=false  vals[9]=-4Log2
[EXP] d=-760  #fs=9   d_fund=-760  Nprimes=[]       fires=false  
vals[9]=-5Log2+Log7+Log19
[EXP] d=-51   #fs=9   d_fund=-51   Nprimes=[ 19 ]   fires=false  
vals[9]=-10Log2+Log3
[MAP] keys_fs = [ 11, 12, 13, 14, 15, 9, -1, 10, -2 ]  sIndex = 7  sTildeIndex =
9

[VACM] allds = [ -8, -67, -88, -532, -84, -91, -148, -228, -280, -760, -51 ]
[VACM] s_idx=7 stilde_idx=9  #table=9  #s=11
[VACM] s      = [
Logoo,
Log0,
Log3+Log5-2Log7,
-2Log2,
-Log7,
Log2-Log7,
Log3-2Log7,
-2Log7+Log13,
-2Log7+Log11,
-2Log7,
Log3-2Log7
]
[VACM] stilde = [
Logoo,
-3Log2+Log3+Log5,
Log0,
-5Log2+Log11+Log19,
0,
-3Log2,
-Log2+Log3,
-2Log2+Log19,
-Log2,
-2Log2+Log7+Log19,
-4Log2+Log3
]
[VACM] Index(s,0)=2  Index(stilde,0)=3

[find_signs] ds = [ -8, -67, -88, -532, -84, -91, -148, -228, -280, -760, -51 ]
[find_signs] degs = [ 1, 1, 1, 1, 1, 1, 1, 1, 1, 1, 2 ]
[find_signs] s = [* Infinity, 0, 15/49, 1/4, 1/7, 2/7, 3/49, 13/49, 11/49, 1/49,
3/49 *]
[find_signs] stilde = [* Infinity, 15/8, 0, 209/32, 1, 1/8, 3/2, 19/4, 1/2, 
133/4, 3/16 *]
[find_signs] Index(s,0)=2 Index(stilde,0)=3 Index(s,oo)=1 Index(stilde,oo)=1
[ORACLE] 14 19 BUILD_FAIL Runtime error in '[]': Sequence index 5 should be in 
the range 1 to 4
[ORACLE] 14 19 elapsed 2544.000 s
