
[ORACLE] ===== X0^14(11) =====
[PP] 14 11 form=-2 oo=[ <2, -1>, <8, -1>, <43, 1> ] zero=[]
[PP] 14 11 form=-1 oo=[ <2, -1>, <6, 1>, <7, -1>, <13, -1>, <19, -1>, <32, -1>, 
<35, 1>, <63, 1> ] zero=[]
[PP] 14 11 form=9 oo=[ <1, 4>, <2, -12>, <4, -4>, <6, 4>, <7, -6>, <8, 6>, <10, 
10>, <11, -4>, <12, 2>, <13, -12>, <16, -6>, <19, -18>, <20, 2>, <28, 10>, <32, 
-2>, <39, 4>, <44, 4>, <63, 10>, <77, 2>, <154, 2> ] zero=[]
[PP] 14 11 form=10 oo=[ <1, 2>, <2, -10>, <5, 2>, <6, 4>, <7, -6>, <8, 6>, <9, 
-2>, <10, 10>, <11, -4>, <12, 2>, <13, -14>, <16, -4>, <19, -18>, <20, 2>, <22, 
2>, <28, 10>, <32, -2>, <39, 4>, <44, 4>, <63, 10>, <77, 2> ] zero=[]
[PP] 14 11 form=11 oo=[ <1, 4>, <2, -12>, <4, -2>, <5, -2>, <6, 2>, <7, -4>, <8,
8>, <10, 8>, <11, -4>, <13, -12>, <15, -2>, <16, -4>, <19, -20>, <22, 2>, <28, 
12>, <32, -2>, <39, 6>, <44, 4>, <63, 12>, <154, 2> ] zero=[]
[PP] 14 11 form=12 oo=[ <1, 7>, <2, -20>, <4, -3>, <6, 6>, <7, -10>, <8, 12>, 
<10, 16>, <11, -6>, <12, 2>, <13, -24>, <15, -1>, <16, -8>, <19, -34>, <20, 2>, 
<22, 2>, <28, 18>, <32, -4>, <39, 8>, <44, 8>, <63, 20>, <77, 2>, <154, 2> ] 
zero=[]
[PP] 14 11 form=13 oo=[ <1, 3>, <2, -8>, <4, 1>, <6, 2>, <7, -4>, <8, 6>, <10, 
6>, <11, -2>, <13, -12>, <15, -1>, <16, -2>, <19, -16>, <22, 2>, <28, 8>, <32, 
-2>, <39, 4>, <44, 4>, <63, 10> ] zero=[]
[PP] 14 11 form=14 oo=[ <1, 3>, <2, -8>, <4, -1>, <5, 2>, <6, 4>, <7, -6>, <8, 
4>, <10, 8>, <11, -2>, <12, 2>, <13, -12>, <15, 1>, <16, -4>, <19, -14>, <20, 
2>, <28, 6>, <32, -2>, <39, 2>, <44, 4>, <63, 8>, <77, 2> ] zero=[]
[PP] 14 11 form=15 oo=[ <1, 5>, <2, -10>, <4, -3>, <5, -2>, <6, 2>, <7, -4>, <8,
6>, <9, 2>, <10, 6>, <11, -2>, <13, -10>, <15, -1>, <16, -4>, <19, -16>, <28, 
8>, <32, -2>, <39, 4>, <44, 4>, <63, 10>, <154, 2> ] zero=[]

[AEC] d_divs = [ -35, -8, -43, -8 ]
[AEC] #all_cm_pts = 2, discs = [ <-8, 2, 1>, <-51, 1, 2> ]
[EXP] d=-35   #fs=9   d_fund=-35   Nprimes=[ 11 ]   fires=false  vals[9]=0
[EXP] d=-43   #fs=9   d_fund=-43   Nprimes=[ 11 ]   fires=false  vals[9]=Log0
[EXP] d=-11   #fs=9   d_fund=-11   Nprimes=[]       fires=false  vals[9]=0
[EXP] d=-88   #fs=9   d_fund=-88   Nprimes=[]       fires=false  vals[9]=2Log3
[EXP] d=-84   #fs=9   d_fund=-84   Nprimes=[ 11 ]   fires=false  vals[9]=Log3
[EXP] d=-1012 #fs=9   d_fund=-1012 Nprimes=[]       fires=false  
vals[9]=2Log3-2Log5+Log7
[EXP] d=-51   #fs=9   d_fund=-51   Nprimes=[ 11 ]   fires=false  vals[9]=Log2
[EXP] d=-120  #fs=9   d_fund=-120  Nprimes=[ 11 ]   fires=false  vals[9]=0
[MAP] keys_fs = [ 11, 12, 13, 14, 15, 9, -1, 10, -2 ]  sIndex = 7  sTildeIndex =
9

[VACM] allds = [ -8, -35, -43, -11, -88, -84, -1012, -51, -120 ]
[VACM] s_idx=7 stilde_idx=9  #table=9  #s=9
[VACM] s      = [
Logoo,
Log0,
-Log2,
0,
Log5,
0,
-2Log5+Log19,
-Log2,
-Log2
]
[VACM] stilde = [
Logoo,
0,
Log0,
0,
2Log3,
Log3,
2Log3-2Log5+Log7,
Log2,
0
]
[VACM] Index(s,0)=2  Index(stilde,0)=3

[find_signs] ds = [ -8, -35, -43, -11, -88, -84, -1012, -51, -120 ]
[find_signs] degs = [ 1, 1, 1, 1, 1, 1, 1, 2, 2 ]
[find_signs] s = [* Infinity, 0, 1/2, 1, 5, 1, 19/25, 1/2, 1/2 *]
[find_signs] stilde = [* Infinity, 1, 0, 1, 9, 3, 63/25, 2, 1 *]
[find_signs] Index(s,0)=2 Index(stilde,0)=3 Index(s,oo)=1 Index(stilde,oo)=1
[EXP] d=-123  #fs=9   d_fund=-123  Nprimes=[ 11 ]   fires=false  
vals[9]=2Log2+Log5
[EXP] d=-184  #fs=9   d_fund=-184  Nprimes=[ 11 ]   fires=false  vals[9]=Log7
[EXP] d=-228  #fs=9   d_fund=-228  Nprimes=[ 11 ]   fires=false  vals[9]=Log5
[RCE] cover key=11 g=1 #rat=6 dim(ker)=0
[RCE]    ds  = [ -35, -43, -11, -88, -84, -1012 ]
[RCE]    s   = [ 0, 1, 2, 10, -2, -38/25 ]
[RCE]    y2  = [ -20/7, -387/49, 7744/49, 0, -48/49, 1115136/765625 ]
[RCE] cover key=12 g=2 #rat=6 dim(ker)=2
[RCE]    ds  = [ -35, -43, -11, -88, -84, -1012 ]
[RCE]    s   = [ 0, 1, 2, 10, -2, -38/25 ]
[RCE]    y2  = [ -80/7, -387/49, 0, 0, -768/7, -12711622606848/11962890625 ]
[RCE] cover key=13 g=0 #rat=6 dim(ker)=0
[RCE]    ds  = [ -35, -43, -11, -88, -84, -1012 ]
[RCE]    s   = [ 0, 1, 2, 10, -2, -38/25 ]
[RCE]    y2  = [ 20, 9, 0, 0, 48, 278784/625 ]
[RCE] cover key=14 g=1 #rat=6 dim(ker)=0
[RCE]    ds  = [ -35, -43, -11, -88, -84, -1012 ]
[RCE]    s   = [ 0, 1, 2, 10, -2, -38/25 ]
[RCE]    y2  = [ 4/49, 1/49, 0, 30976/49, 16/7, 11399168/765625 ]
[RCE] cover key=15 g=1 #rat=6 dim(ker)=0
[RCE]    ds  = [ -35, -43, -11, -88, -84, -1012 ]
[RCE]    s   = [ 0, 1, 2, 10, -2, -38/25 ]
[RCE]    y2  = [ -4/7, -43/49, 0, 991232/49, -16/49, -3748096/765625 ]
[RCE] cover key=9 g=1 #rat=6 dim(ker)=0
[RCE]    ds  = [ -35, -43, -11, -88, -84, -1012 ]
[RCE]    s   = [ 0, 1, 2, 10, -2, -38/25 ]
[RCE]    y2  = [ -4/7, -43/49, 7744/49, 3964928/49, -16/7, 45596672/19140625 ]
[RCE] cover key=10 g=1 #rat=6 dim(ker)=1
[RCE]    ds  = [ -35, -43, -11, -88, -84, -1012 ]
[RCE]    s   = [ 0, 1, 2, 10, -2, -38/25 ]
[RCE]    y2  = [ 20/49, 9/49, 64/49, 0, 48/7, 3391488/765625 ]
[ORACLE] 14 11 BUILD_FAIL Runtime error in 'QuadraticConstraintsOnEquations': 
Error in Schofer table  | values at rational points - no solution found!
[ORACLE] 14 11 elapsed 974.090 s
