
[ORACLE] ===== X0^14(13) =====
[PP] 14 13 form=-2 oo=[ <1, 2>, <2, -1>, <3, -1>, <4, -2>, <5, 1/2>, <6, 1>, <7,
1>, <9, -1>, <10, -1/2>, <12, -1>, <15, 1>, <16, -2>, <17, 1/2>, <19, 1/2>, <20,
1/2>, <21, -1>, <23, -2>, <24, 1>, <26, 1>, <27, 2>, <36, 1>, <39, -2>, <43, 1>,
<49, -2> ] zero=[]
[PP] 14 13 form=-1 oo=[ <1, 1>, <2, -1>, <3, -1>, <4, -2>, <5, 1/2>, <6, 1>, <7,
1>, <9, -1>, <10, -1/2>, <15, 1>, <16, -2>, <17, -1/2>, <19, 1/2>, <20, 1/2>, 
<21, -1>, <23, -2>, <24, 1>, <26, 1>, <27, 1>, <35, 1>, <36, 1>, <39, -2>, <49, 
-1> ] zero=[]
[PP] 14 13 form=9 oo=[ <2, -3>, <3, -6>, <4, -8>, <5, 1/2>, <6, 1>, <7, 3>, <9, 
-2>, <10, -1/2>, <12, -4>, <14, 2>, <15, 1>, <16, -4>, <17, 11/2>, <19, 5/2>, 
<20, 1/2>, <21, -1>, <23, -4>, <24, 3>, <26, 1>, <27, 8>, <36, 2>, <39, -6>, 
<49, -8>, <64, -4>, <91, 2>, <182, 2> ] zero=[]
[PP] 14 13 form=10 oo=[ <3, -2>, <4, -2>, <5, -1>, <10, -1>, <11, 2>, <17, 1>, 
<19, 1>, <20, -1>, <27, 2>, <49, -2>, <91, 2> ] zero=[]
[PP] 14 13 form=11 oo=[ <2, -3>, <3, -4>, <4, -6>, <5, 3/2>, <6, 1>, <7, 3>, <9,
-2>, <10, 1/2>, <11, -2>, <12, -4>, <14, 2>, <15, 1>, <16, -4>, <17, 9/2>, <19, 
3/2>, <20, 3/2>, <21, -1>, <23, -4>, <24, 3>, <26, 1>, <27, 6>, <36, 2>, <39, 
-6>, <49, -6>, <64, -4>, <182, 2> ] zero=[]
[PP] 14 13 form=12 oo=[ <2, -2>, <3, -6>, <4, -6>, <7, 2>, <9, -2>, <12, -4>, 
<16, -2>, <17, 4>, <19, 2>, <23, -2>, <24, 2>, <27, 6>, <36, 2>, <39, -4>, <49, 
-6>, <64, -2>, <91, 2>, <182, 2> ] zero=[]
[PP] 14 13 form=13 oo=[ <2, -1>, <4, -2>, <5, 1/2>, <6, 1>, <7, 1>, <10, -1/2>, 
<14, 2>, <15, 1>, <16, -2>, <17, 3/2>, <19, 1/2>, <20, 1/2>, <21, -1>, <23, -2>,
<24, 1>, <26, 1>, <27, 2>, <39, -2>, <49, -2>, <64, -2> ] zero=[]
[PP] 14 13 form=14 oo=[ <2, -1>, <3, -2>, <4, -4>, <5, -1/2>, <6, 1>, <7, 1>, 
<10, -3/2>, <11, 2>, <14, 2>, <15, 1>, <16, -2>, <17, 5/2>, <19, 3/2>, <20, 
-1/2>, <21, -1>, <23, -2>, <24, 1>, <26, 1>, <27, 4>, <39, -2>, <49, -4>, <64, 
-2>, <91, 2> ] zero=[]
[PP] 14 13 form=15 oo=[ <2, -2>, <3, -4>, <4, -4>, <5, 1>, <7, 2>, <9, -2>, <10,
1>, <11, -2>, <12, -4>, <16, -2>, <17, 3>, <19, 1>, <20, 1>, <23, -2>, <24, 2>, 
<27, 4>, <36, 2>, <39, -4>, <49, -4>, <64, -2>, <182, 2> ] zero=[]

[AEC] d_divs = [ -4, -35, -4, -43 ]
[AEC] #all_cm_pts = 2, discs = [ <-4, 4, 1>, <-51, 1, 2> ]
[EXP] d=-35   #fs=9   d_fund=-35   Nprimes=[ 13 ]   fires=false  
vals[9]=-4Log2-Log7
[EXP] d=-43   #fs=9   d_fund=-43   Nprimes=[ 13 ]   fires=false  vals[9]=Log0
[EXP] d=-91   #fs=9   d_fund=-91   Nprimes=[]       fires=false  
vals[9]=-7Log2-1/2Log13
[EXP] d=-88   #fs=9   d_fund=-88   Nprimes=[ 13 ]   fires=false  
vals[9]=-5Log2+Log3+Log5-2Log7
[EXP] d=-168  #fs=9   d_fund=-168  Nprimes=[ 13 ]   fires=false  
vals[9]=-5Log2-Log7
[EXP] d=-312  #fs=9   d_fund=-312  Nprimes=[]       fires=false  
vals[9]=-5Log2-1/2Log13
[EXP] d=-403  #fs=9   d_fund=-403  Nprimes=[]       fires=false  
vals[9]=-4Log2+Log5-2Log7-1/2Log13
[EXP] d=-520  #fs=9   d_fund=-520  Nprimes=[]       fires=false  
vals[9]=-5Log2+2Log3-2Log7-1/2Log13
[MAP] keys_fs = [ 11, 12, 13, 14, 15, 9, -1, 10, -2 ]  sIndex = 7  sTildeIndex =
9

[VACM] allds = [ -4, -35, -43, -91, -88, -168, -312, -403, -520 ]
[VACM] s_idx=7 stilde_idx=9  #table=9  #s=9
[VACM] s      = [
Logoo,
Log0,
-Log2,
-4Log2-1/2Log13,
-2Log2-Log7,
-2Log2,
-2Log2+Log5-1/2Log13,
-Log7-1/2Log13,
-2Log2+Log5-Log7-1/2Log13
]
[VACM] stilde = [
Logoo,
-Log7,
Log0,
-3Log2-1/2Log13,
-Log2+Log3+Log5-2Log7,
-Log2-Log7,
-Log2-1/2Log13,
Log5-2Log7-1/2Log13,
-Log2+2Log3-2Log7-1/2Log13
]
[VACM] Index(s,0)=2  Index(stilde,0)=3
[ORACLE] 14 13 BUILD_FAIL Runtime error in 'RationalNumber': s does not 
represent a rational number!
[ORACLE] 14 13 elapsed 1078.440 s
