
[ORACLE] ===== X0^14(29) =====
[PP] 14 29 form=-2 oo=[ <1, -3/2>, <4, 1/2>, <5, -1>, <6, -1>, <7, -2>, <8, 3>, 
<9, 4>, <11, 3>, <13, 1>, <16, -2>, <20, -1>, <22, 7/2>, <23, -6>, <24, -3>, 
<25, -7/2>, <29, 3>, <30, 4>, <32, -3>, <34, -1>, <35, -2>, <36, -5>, <37, -3>, 
<38, -1>, <39, 3>, <52, 1>, <54, 2>, <59, -3>, <63, -2>, <64, -1>, <67, 1>, <71,
1>, <88, -7/2>, <92, 3>, <100, 7/2>, <112, 2>, <116, -3>, <120, -4>, <140, 2>, 
<144, 1> ] zero=[]
[PP] 14 29 form=-1 oo=[ <1, -3/4>, <4, -1/4>, <5, 1>, <6, -4>, <7, -2>, <8, 1>, 
<9, 3>, <11, 1>, <13, 2>, <16, -1>, <20, 1>, <22, 7/4>, <23, -4>, <24, -5/2>, 
<25, -9/4>, <28, -2>, <29, 1>, <30, 5/2>, <32, -1>, <33, 5/2>, <34, 1/2>, <35, 
-1>, <36, -3>, <37, -1>, <38, 2>, <39, 1>, <49, -1>, <52, 3>, <54, 3>, <59, 
-9/2>, <64, -1>, <71, -1>, <88, -7/4>, <92, 2>, <100, 9/4>, <112, 2>, <116, -1>,
<120, -5/2>, <140, 2> ] zero=[]
[PP] 14 29 form=8 oo=[ <1, -14>, <2, -2>, <3, 2>, <4, 6>, <5, 12>, <6, -41>, <7,
2>, <8, -2>, <9, 10>, <11, -4>, <13, -19>, <15, -2>, <16, 2>, <18, -2>, <20, 
-2>, <23, 4>, <24, 33>, <28, 2>, <31, 2>, <32, 2>, <33, 12>, <34, 8>, <36, -12>,
<37, 2>, <38, 14>, <43, -2>, <47, 2>, <48, 2>, <49, -6>, <52, 27>, <54, -2>, 
<55, 2>, <56, 2>, <59, -6>, <63, 48>, <64, -12>, <71, 10>, <74, 2>, <78, -3>, 
<81, -10>, <86, 11>, <91, 8>, <92, 4>, <112, 6>, <144, 2>, <203, 2>, <296, -2>, 
<312, 3>, <324, 10>, <344, -11>, <364, -8>, <406, 2> ] zero=[]
[PP] 14 29 form=9 oo=[ <1, -9/2>, <2, -4>, <3, 2>, <4, 1/2>, <6, -6>, <7, -4>, 
<8, 8>, <9, 10>, <11, 6>, <12, -2>, <13, 8>, <14, 2>, <16, -4>, <17, 2>, <18, 
-4>, <22, 17/2>, <23, -12>, <24, -9>, <25, -15/2>, <29, 8>, <30, 9>, <32, -4>, 
<33, 5>, <34, -1>, <35, -4>, <36, -12>, <37, -8>, <38, 2>, <39, 10>, <41, 2>, 
<43, -4>, <44, 2>, <46, -2>, <48, 2>, <49, -2>, <50, -2>, <52, 4>, <54, 6>, <55,
2>, <56, 2>, <58, 2>, <59, -11>, <63, -6>, <64, -2>, <71, 4>, <88, -17/2>, <92, 
6>, <100, 15/2>, <112, 8>, <116, -8>, <120, -9>, <140, 4>, <144, 2>, <203, 2> ] 
zero=[]
[PP] 14 29 form=10 oo=[ <1, -14>, <2, -2>, <4, 8>, <5, 8>, <6, -40>, <8, -2>, 
<9, 10>, <11, -4>, <12, 2>, <13, -30>, <14, -2>, <15, -2>, <16, 2>, <17, -2>, 
<18, -2>, <20, -8>, <23, 10>, <24, 40>, <28, 6>, <31, 2>, <32, 2>, <33, 6>, <34,
4>, <36, -12>, <37, 2>, <38, 6>, <41, -2>, <43, -2>, <44, -2>, <47, 2>, <49, 
-4>, <50, -2>, <52, 28>, <54, -4>, <58, 2>, <59, -2>, <63, 56>, <64, -12>, <71, 
12>, <74, 4>, <78, -4>, <81, -12>, <86, 12>, <91, 8>, <92, 4>, <112, 6>, <144, 
2>, <296, -4>, <312, 4>, <324, 12>, <344, -12>, <364, -8>, <406, 2> ] zero=[]
[PP] 14 29 form=11 oo=[ <1, -24>, <2, -4>, <3, 2>, <4, 12>, <5, 16>, <6, -71>, 
<9, 18>, <11, -4>, <13, -49>, <15, -2>, <16, 2>, <18, -4>, <20, -12>, <23, 12>, 
<24, 67>, <28, 8>, <29, 2>, <31, 2>, <32, 4>, <33, 12>, <34, 8>, <36, -22>, <37,
2>, <38, 12>, <39, 2>, <43, -4>, <47, 2>, <48, 2>, <49, -8>, <50, -2>, <52, 49>,
<54, -6>, <55, 2>, <56, 2>, <58, 2>, <59, -4>, <63, 94>, <64, -22>, <71, 20>, 
<74, 6>, <78, -7>, <81, -20>, <86, 21>, <91, 14>, <92, 6>, <112, 10>, <144, 4>, 
<203, 2>, <296, -6>, <312, 7>, <324, 20>, <344, -21>, <364, -14>, <406, 2> ] 
zero=[]
[PP] 14 29 form=12 oo=[ <1, -11/2>, <2, -2>, <4, 3/2>, <5, -2>, <6, -6>, <7, 
-8>, <8, 12>, <9, 14>, <11, 10>, <13, 6>, <16, -6>, <18, -2>, <20, -4>, <22, 
23/2>, <23, -18>, <24, -11>, <25, -21/2>, <29, 12>, <30, 13>, <32, -8>, <33, 3>,
<34, -3>, <35, -6>, <36, -16>, <37, -10>, <38, -2>, <39, 12>, <43, -2>, <49, 
-2>, <50, -2>, <52, 4>, <54, 8>, <58, 2>, <59, -13>, <63, -8>, <64, -4>, <71, 
4>, <88, -23/2>, <92, 8>, <100, 21/2>, <112, 10>, <116, -10>, <120, -13>, <140, 
6>, <144, 2> ] zero=[]
[PP] 14 29 form=13 oo=[ <1, -6>, <2, -2>, <3, 2>, <5, 2>, <6, -12>, <7, -8>, <8,
10>, <9, 14>, <11, 8>, <12, -2>, <13, 10>, <14, 2>, <16, -6>, <17, 2>, <18, -2>,
<22, 10>, <23, -18>, <24, -12>, <25, -10>, <28, -4>, <29, 10>, <30, 12>, <32, 
-6>, <33, 8>, <35, -6>, <36, -16>, <37, -8>, <38, 4>, <39, 10>, <41, 2>, <43, 
-2>, <44, 2>, <48, 2>, <49, -4>, <52, 8>, <54, 10>, <55, 2>, <56, 2>, <59, -16>,
<63, -6>, <64, -4>, <71, 2>, <88, -10>, <92, 8>, <100, 10>, <112, 10>, <116, 
-8>, <120, -12>, <140, 6>, <144, 2>, <203, 2> ] zero=[]
[PP] 14 29 form=14 oo=[ <1, -16>, <4, 8>, <5, 12>, <6, -46>, <7, 2>, <9, 12>, 
<11, -2>, <12, 2>, <13, -28>, <14, -2>, <15, -2>, <16, 2>, <17, -2>, <20, -6>, 
<23, 2>, <24, 42>, <28, 4>, <29, 2>, <31, 2>, <33, 10>, <34, 8>, <36, -14>, <37,
2>, <38, 12>, <41, -2>, <44, -2>, <46, 2>, <47, 2>, <49, -6>, <52, 30>, <54, 
-4>, <59, -4>, <63, 58>, <64, -16>, <71, 12>, <74, 2>, <78, -4>, <81, -12>, <86,
14>, <91, 10>, <92, 4>, <112, 6>, <144, 2>, <296, -2>, <312, 4>, <324, 12>, 
<344, -14>, <364, -10>, <406, 2> ] zero=[]

[AEC] d_divs = [ -35, -4, -4, -67 ]
[AEC] #all_cm_pts = 2, discs = [ <-4, 4, 1>, <-51, 1, 2> ]
[EXP] d=-35   #fs=9   d_fund=-35   Nprimes=[ 29 ]   fires=false  
vals[9]=-3Log2-Log7
[EXP] d=-67   #fs=9   d_fund=-67   Nprimes=[ 29 ]   fires=false  vals[9]=Log0
[EXP] d=-232  #fs=9   d_fund=-232  Nprimes=[]       fires=false  
vals[9]=-Log2-Log7
