
[ORACLE] ===== X0^22(13) =====
[PP] 22 13 form=-2 oo=[ <1, -1/2>, <3, -1>, <4, -1/2>, <5, -2/3>, <6, -2>, <7, 
-2>, <9, 1/2>, <10, 9/2>, <11, -2>, <12, -3/2>, <14, -1/2>, <15, -2/3>, <16, 
1/2>, <17, -2>, <18, -2>, <20, -4/3>, <21, 2>, <22, 1/2>, <23, -3/2>, <29, 3>, 
<30, 2>, <33, -2>, <36, -1/2>, <39, -2>, <40, -7/2>, <41, -2>, <48, -1/2>, <55, 
-1>, <56, 1/2>, <64, -1/2>, <88, 3/2>, <92, -1/2>, <121, 1>, <143, -2> ] zero=[]
[PP] 22 13 form=-1 oo=[ <1, 1/2>, <3, -1>, <4, 1/2>, <5, -4/3>, <6, -4>, <7, 
-4>, <9, 3/2>, <10, 15/2>, <11, -4>, <12, -1/2>, <14, -3/2>, <15, -4/3>, <16, 
3/2>, <17, -6>, <18, -4>, <20, -8/3>, <21, 4>, <22, -5/2>, <23, -5/2>, <29, 1>, 
<30, 6>, <33, -4>, <36, -3/2>, <39, -4>, <40, -13/2>, <41, -4>, <48, -3/2>, <55,
-3>, <56, 3/2>, <64, 1/2>, <88, 5/2>, <92, 1/2>, <121, 1>, <143, -4> ] zero=[]
[PP] 22 13 form=8 oo=[ <1, -3>, <2, -2>, <3, -6>, <4, -1>, <6, -2>, <7, 2>, <9, 
-2>, <10, 13>, <12, 3>, <14, -7>, <16, 5>, <17, -10>, <20, -2>, <22, -9>, <23, 
-9>, <27, 2>, <29, 4>, <30, 12>, <32, 2>, <36, 2>, <37, -2>, <40, -11>, <41, 
-2>, <44, 2>, <48, -9>, <53, -5>, <55, -4>, <56, 7>, <64, -3>, <88, 11>, <92, 
3>, <108, -2>, <121, 2>, <212, 5>, <286, 2> ] zero=[]
[PP] 22 13 form=9 oo=[ <3, -6>, <5, -2>, <6, -10>, <7, -10>, <9, 4>, <10, 22>, 
<11, -10>, <12, 2>, <14, -6>, <15, -4>, <16, 4>, <17, -22>, <18, -10>, <20, -6>,
<21, 10>, <22, -10>, <23, -10>, <26, 2>, <27, 2>, <29, 2>, <30, 22>, <33, -10>, 
<36, -4>, <39, -10>, <40, -20>, <41, -10>, <48, -8>, <55, -14>, <56, 6>, <64, 
-2>, <88, 10>, <92, 4>, <108, -2>, <121, 2>, <143, -10> ] zero=[]
[PP] 22 13 form=10 oo=[ <1, -3>, <2, -2>, <3, -12>, <4, -1>, <5, 4/3>, <6, -2>, 
<7, 2>, <9, -3>, <10, 25>, <12, 5>, <14, -13>, <15, -2/3>, <16, 9>, <17, -22>, 
<20, -4/3>, <22, -19>, <23, -19>, <26, 2>, <27, 4>, <29, 6>, <30, 24>, <32, 2>, 
<36, 3>, <37, -2>, <40, -21>, <41, -2>, <44, 2>, <48, -17>, <53, -10>, <55, -8>,
<56, 13>, <64, -5>, <88, 21>, <92, 7>, <108, -4>, <121, 4>, <212, 10>, <286, 2> 
] zero=[]
[PP] 22 13 form=11 oo=[ <1, -3>, <2, -2>, <3, -10>, <4, -1>, <5, 4/3>, <6, -2>, 
<7, 2>, <9, -2>, <10, 19>, <12, 7>, <14, -11>, <15, -2/3>, <16, 7>, <17, -20>, 
<20, -4/3>, <22, -17>, <23, -15>, <26, 2>, <27, 4>, <29, 2>, <30, 22>, <32, 2>, 
<36, 2>, <37, -2>, <40, -17>, <41, -2>, <44, 2>, <48, -15>, <53, -7>, <55, -10>,
<56, 11>, <64, -5>, <88, 17>, <92, 7>, <108, -4>, <121, 2>, <212, 7>, <286, 2> ]
zero=[]
[PP] 22 13 form=12 oo=[ <1, -1>, <3, -6>, <4, -1>, <5, -4/3>, <6, -8>, <7, -8>, 
<9, 3>, <10, 19>, <11, -8>, <12, 1>, <14, -5>, <15, -10/3>, <16, 3>, <17, -18>, 
<18, -8>, <20, -14/3>, <21, 8>, <22, -7>, <23, -9>, <26, 2>, <27, 2>, <29, 4>, 
<30, 18>, <33, -8>, <36, -3>, <39, -8>, <40, -17>, <41, -8>, <48, -7>, <55, 
-12>, <56, 5>, <64, -3>, <88, 9>, <92, 3>, <108, -2>, <121, 2>, <143, -8> ] 
zero=[]
[PP] 22 13 form=13 oo=[ <3, -2>, <5, -2>, <6, -6>, <7, -6>, <9, 2>, <10, 12>, 
<11, -6>, <12, -2>, <14, -2>, <15, -2>, <16, 2>, <17, -8>, <18, -6>, <20, -4>, 
<21, 6>, <22, -2>, <23, -4>, <29, 4>, <30, 8>, <33, -6>, <36, -2>, <39, -6>, 
<40, -10>, <41, -6>, <48, -2>, <55, -4>, <56, 2>, <88, 4>, <121, 2>, <143, -6> ]
zero=[]
[PP] 22 13 form=14 oo=[ <1, -2>, <2, -2>, <3, -6>, <6, -2>, <7, 2>, <9, -2>, 
<10, 14>, <12, 4>, <14, -8>, <16, 6>, <17, -12>, <20, -2>, <22, -12>, <23, -10>,
<27, 2>, <29, 2>, <30, 14>, <32, 2>, <36, 2>, <37, -2>, <40, -12>, <41, -2>, 
<44, 2>, <48, -10>, <53, -6>, <55, -4>, <56, 8>, <64, -2>, <88, 12>, <92, 4>, 
<108, -2>, <121, 2>, <212, 6>, <286, 2> ] zero=[]

[AEC] d_divs = [ -3, -4, -3, -88 ]
[AEC] #all_cm_pts = 2, discs = [ <-3, 3, 1>, <-56, 1, 2> ]
[EXP] d=-4    #fs=9   d_fund=-4    Nprimes=[ 13 ]   fires=false  
vals[9]=-11/2Log2+3Log11
[EXP] d=-88   #fs=9   d_fund=-88   Nprimes=[ 13 ]   fires=false  vals[9]=Log0
[EXP] d=-91   #fs=9   d_fund=-91   Nprimes=[]       fires=false  
vals[9]=-11/2Log2+Log7+2Log11-Log13
[EXP] d=-312  #fs=9   d_fund=-312  Nprimes=[]       fires=false  
vals[9]=-11/2Log2+Log3+2Log11-Log13
[EXP] d=-520  #fs=9   d_fund=-520  Nprimes=[]       fires=false  
vals[9]=-11/2Log2+Log5+3Log11-Log13
[EXP] d=-715  #fs=9   d_fund=-715  Nprimes=[]       fires=false  
vals[9]=-11/2Log2+Log5+2Log11-Log13
[EXP] d=-56   #fs=9   d_fund=-56   Nprimes=[ 13 ]   fires=false  
vals[9]=-11Log2+5Log11
[EXP] d=-168  #fs=9   d_fund=-168  Nprimes=[ 13 ]   fires=false  
vals[9]=-11Log2+5Log11
[EXP] d=-235  #fs=9   d_fund=-235  Nprimes=[ 13 ]   fires=false  
vals[9]=-11Log2+5Log11
[EXP] d=-328  #fs=9   d_fund=-328  Nprimes=[ 13 ]   fires=false  
vals[9]=-11Log2+2Log5+4Log11
[MAP] keys_fs = [ 11, 12, 13, 14, 8, 9, -1, 10, -2 ]  sIndex = 7  sTildeIndex = 
9

[VACM] allds = [ -3, -4, -88, -91, -312, -520, -715, -56, -168, -235, -328 ]
[VACM] s_idx=7 stilde_idx=9  #table=9  #s=11
[VACM] s      = [
Logoo,
Log0,
-4Log2+Log11,
-2Log2-2Log13,
-Log2-2Log13,
-2Log2+Log11-2Log13,
-2Log13,
-5Log2+Log11,
-4Log2+Log11,
-4Log2+Log11,
-5Log2
]
[VACM] stilde = [
Logoo,
Log11,
Log0,
Log7-Log13,
Log3-Log13,
Log5+Log11-Log13,
Log5-Log13,
Log11,
Log11,
Log11,
2Log5
]
[VACM] Index(s,0)=2  Index(stilde,0)=3

[find_signs] ds = [ -3, -4, -88, -91, -312, -520, -715, -56, -168, -235, -328 ]
[find_signs] degs = [ 1, 1, 1, 1, 1, 1, 1, 2, 2, 2, 2 ]
[find_signs] s = [* Infinity, 0, 11/16, 1/676, 1/338, 11/676, 1/169, 11/32, 
11/16, 11/16, 1/32 *]
[find_signs] stilde = [* Infinity, 11, 0, 7/13, 3/13, 55/13, 5/13, 11, 11, 11, 
25 *]
[find_signs] Index(s,0)=2 Index(stilde,0)=3 Index(s,oo)=1 Index(stilde,oo)=1
[ORACLE] 22 13 BUILD_FAIL Runtime error in '[]': Illegal null sequence
[ORACLE] 22 13 elapsed 1550.140 s
