
[ORACLE] ===== X0^22(7) =====
[PP] 22 7 form=-2 oo=[ <3, -1>, <5, -1>, <6, 1>, <10, -1>, <12, -2>, <13, 1>, 
<19, 2>, <20, 1>, <26, -1>, <31, -2>, <104, 1>, <187, 1> ] zero=[]
[PP] 22 7 form=-1 oo=[ <3, -1>, <5, 1>, <12, -1>, <47, -1>, <48, -1> ] zero=[]
[PP] 22 7 form=9 oo=[ <1, 2>, <2, -3>, <3, -8>, <4, -4>, <5, 6>, <6, 1>, <9, 1>,
<10, 2>, <12, -6>, <13, 1>, <14, 2>, <15, 2>, <16, -3>, <18, -1>, <20, -6>, <22,
-2>, <31, 2>, <34, -5>, <48, -4>, <77, 2>, <136, 5>, <154, 2> ] zero=[]
[PP] 22 7 form=10 oo=[ <1, -1>, <2, -1>, <3, -4>, <4, -1>, <6, 1>, <9, -1>, <10,
2>, <12, -2>, <13, -1>, <15, 1>, <16, -1>, <18, -1>, <31, -2>, <47, -2>, <77, 2>
] zero=[]
[PP] 22 7 form=11 oo=[ <1, 3>, <2, -2>, <3, -4>, <4, -3>, <5, 4>, <9, 2>, <12, 
-4>, <13, 2>, <14, 2>, <15, 1>, <16, -2>, <20, -4>, <22, -2>, <31, 2>, <34, -3>,
<48, -4>, <136, 3>, <154, 2> ] zero=[]
[PP] 22 7 form=12 oo=[ <1, 1>, <2, -3>, <3, -6>, <4, -5>, <5, 4>, <6, 1>, <9, 
1>, <10, 2>, <12, -4>, <13, 1>, <15, 1>, <16, -3>, <18, -1>, <20, -4>, <22, -2>,
<31, 2>, <34, -4>, <48, -2>, <77, 2>, <136, 4>, <154, 2> ] zero=[]
[PP] 22 7 form=13 oo=[ <1, 1>, <3, -2>, <4, 1>, <5, 1>, <12, -2>, <14, 2>, <15, 
1>, <20, -1>, <31, -1>, <47, -1>, <48, -2> ] zero=[]
[PP] 22 7 form=14 oo=[ <2, -1>, <3, -6>, <5, 1>, <6, 1>, <9, -1>, <10, 2>, <12, 
-4>, <13, -1>, <14, 2>, <15, 2>, <16, -1>, <18, -1>, <20, -1>, <31, -3>, <47, 
-3>, <48, -2>, <77, 2> ] zero=[]
[PP] 22 7 form=15 oo=[ <1, 2>, <2, -2>, <3, -2>, <4, -4>, <5, 2>, <9, 2>, <12, 
-2>, <13, 2>, <16, -2>, <20, -2>, <22, -2>, <31, 2>, <34, -2>, <48, -2>, <136, 
2>, <154, 2> ] zero=[]

[AEC] d_divs = [ -3, -20, -3, -187 ]
[AEC] #all_cm_pts = 2, discs = [ <-3, 3, 1>, <-56, 1, 2> ]
[EXP] d=-20   #fs=9   d_fund=-20   Nprimes=[ 7 ]    fires=false  vals[9]=Log11
[EXP] d=-187  #fs=9   d_fund=-187  Nprimes=[ 7 ]    fires=false  vals[9]=Log0
[EXP] d=-91   #fs=9   d_fund=-91   Nprimes=[]       fires=false  
vals[9]=Log2+Log11
[EXP] d=-132  #fs=9   d_fund=-132  Nprimes=[ 7 ]    fires=false  
vals[9]=Log3+Log11
[EXP] d=-168  #fs=9   d_fund=-168  Nprimes=[]       fires=false  
vals[9]=-Log2+Log3+Log11
[EXP] d=-280  #fs=9   d_fund=-280  Nprimes=[]       fires=false  
vals[9]=Log5+Log11
[EXP] d=-427  #fs=9   d_fund=-427  Nprimes=[]       fires=false  
vals[9]=-5Log2+Log11+Log43
[EXP] d=-532  #fs=9   d_fund=-532  Nprimes=[]       fires=false  
vals[9]=2Log3+Log11
[MAP] keys_fs = [ 11, 12, 13, 14, 15, 9, -1, 10, -2 ]  sIndex = 7  sTildeIndex =
9

[VACM] allds = [ -3, -20, -187, -91, -132, -168, -280, -427, -532 ]
[VACM] s_idx=7 stilde_idx=9  #table=9  #s=9
[VACM] s      = [
Logoo,
Log0,
-3Log2,
-3Log2,
-2Log2,
-4Log2,
-Log2,
-8Log2+Log11,
0
]
[VACM] stilde = [
Logoo,
0,
Log0,
Log2,
Log3,
-Log2+Log3,
Log5,
-5Log2+Log43,
2Log3
]
[VACM] Index(s,0)=2  Index(stilde,0)=3

[find_signs] ds = [ -3, -20, -187, -91, -132, -168, -280, -427, -532 ]
[find_signs] degs = [ 1, 1, 1, 1, 1, 1, 1, 1, 1 ]
[find_signs] s = [* Infinity, 0, 1/8, 1/8, 1/4, 1/16, 1/2, 11/256, 1 *]
[find_signs] stilde = [* Infinity, 1, 0, 2, 3, 3/2, 5, 43/32, 9 *]
[find_signs] Index(s,0)=2 Index(stilde,0)=3 Index(s,oo)=1 Index(stilde,oo)=1
[RCE] cover key=11 g=1 #rat=8 dim(ker)=0
[RCE]    ds  = [ -20, -187, -91, -132, -168, -280, -427, -532 ]
[RCE]    s   = [ 0, 1, -1, -2, -1/2, -4, -11/32, -8 ]
[RCE]    y2  = [ -1/4, -1683/256, -4459/256, 3/4, -7203/4096, 2401/2, 
-20923/268435456, 27783/4 ]
[RCE] cover key=12 g=1 #rat=8 dim(ker)=0
[RCE]    ds  = [ -20, -187, -91, -132, -168, -280, -427, -532 ]
[RCE]    s   = [ 0, 1, -1, -2, -1/2, -4, -11/32, -8 ]
[RCE]    y2  = [ -20, -2475/4, 637/4, 33, 147/8, 1960, 2989/1048576, 301644 ]
[RCE] cover key=13 g=0 #rat=8 dim(ker)=0
[RCE]    ds  = [ -20, -187, -91, -132, -168, -280, -427, -532 ]
[RCE]    s   = [ 0, 1, -1, -2, -1/2, -4, -11/32, -8 ]
[RCE]    y2  = [ 1/4, 17/16, 49/16, -1, 49/64, 49/4, 49/16384, 49/4 ]
[RCE] cover key=14 g=1 #rat=8 dim(ker)=0
[RCE]    ds  = [ -20, -187, -91, -132, -168, -280, -427, -532 ]
[RCE]    s   = [ 0, 1, -1, -2, -1/2, -4, -11/32, -8 ]
[RCE]    y2  = [ 5/28, 425/112, 49/16, 11/7, 7/32, -35/4, 49/4194304, -931/4 ]
[RCE] cover key=15 g=0 #rat=8 dim(ker)=0
[RCE]    ds  = [ -20, -187, -91, -132, -168, -280, -427, -532 ]
[RCE]    s   = [ 0, 1, -1, -2, -1/2, -4, -11/32, -8 ]
[RCE]    y2  = [ -4, -99/4, 91/4, -3, 147/16, 392, 427/4096, 2268 ]
[RCE] cover key=9 g=2 #rat=8 dim(ker)=0
[RCE]    ds  = [ -20, -187, -91, -132, -168, -280, -427, -532 ]
[RCE]    s   = [ 0, 1, -1, -2, -1/2, -4, -11/32, -8 ]
[RCE]    y2  = [ -5/4, -42075/256, 31213/256, -33/4, 7203/2048, 12005/2, 
146461/68719476736, 3695139/4 ]
[RCE] cover key=10 g=0 #rat=8 dim(ker)=1
[RCE]    ds  = [ -20, -187, -91, -132, -168, -280, -427, -532 ]
[RCE]    s   = [ 0, 1, -1, -2, -1/2, -4, -11/32, -8 ]
[RCE]    y2  = [ 5/4, 25/4, -7/4, -11/4, -1/2, 5/4, -7/1024, 133/4 ]
[ORACLE] 22 7 BUILD_FAIL Runtime error in 'QuadraticConstraintsOnEquations': 
Error in Schofer table  | values at rational points - no solution found!
[ORACLE] 22 7 elapsed 938.310 s
