
[ORACLE] ===== X0^26(5) =====
[PP] 26 5 form=-2 oo=[ <2, -1>, <6, 1>, <7, 1>, <8, 1>, <11, -1>, <15, -1>, <60,
1> ] zero=[]
[PP] 26 5 form=-1 oo=[ <2, -2>, <6, 1>, <7, 2>, <8, 2>, <11, -1>, <15, -2>, <19,
1>, <24, -1>, <60, 2> ] zero=[]
[PP] 26 5 form=9 oo=[ <1, -2>, <2, 1>, <4, -2>, <5, 1>, <6, -1>, <8, -3>, <9, 
-2>, <10, 2>, <11, -2>, <13, -2>, <15, -2>, <16, -2>, <17, 2>, <20, 1>, <24, 1>,
<44, -2>, <65, 2>, <130, 2> ] zero=[]
[PP] 26 5 form=10 oo=[ <2, -3>, <5, 1>, <6, 1>, <7, 6>, <8, 5>, <9, -2>, <10, 
2>, <11, -4>, <15, -4>, <17, 2>, <20, 1>, <24, -1>, <26, 2>, <44, -2>, <60, 4>, 
<65, 2> ] zero=[]
[PP] 26 5 form=11 oo=[ <1, 2>, <4, -2>, <5, -2>, <7, -4>, <8, -4>, <11, -2>, 
<13, -2>, <16, -2>, <20, 2>, <21, -1>, <26, 2>, <44, -2>, <60, 2>, <84, 1>, 
<130, 2> ] zero=[]
[PP] 26 5 form=12 oo=[ <2, -3>, <4, -2>, <5, -1>, <6, 1>, <7, 2>, <8, -1>, <9, 
-2>, <10, 2>, <11, -4>, <13, -2>, <15, -4>, <16, -2>, <17, 2>, <20, 1>, <24, 
-1>, <26, 2>, <44, -2>, <60, 4>, <65, 2>, <130, 2> ] zero=[]
[PP] 26 5 form=13 oo=[ <1, 2>, <2, -1>, <5, 1>, <6, 1>, <7, 2>, <8, 3>, <11, 
-2>, <15, -2>, <20, 1>, <24, -1>, <26, 2>, <44, -2>, <60, 2> ] zero=[]
[PP] 26 5 form=14 oo=[ <1, -2>, <2, -2>, <7, 4>, <8, 2>, <9, -2>, <10, 2>, <11, 
-2>, <15, -2>, <17, 2>, <60, 2>, <65, 2> ] zero=[]
[PP] 26 5 form=15 oo=[ <2, 3>, <4, -2>, <5, 1>, <6, -1>, <7, -4>, <8, -5>, <13, 
-2>, <16, -2>, <20, 1>, <24, 1>, <44, -2>, <60, -2>, <130, 2> ] zero=[]

[AEC] d_divs = [ -11, -19, -24, -11 ]
[AEC] #all_cm_pts = 2, discs = [ <-20, 2, 1>, <-84, 1, 2> ]
[EXP] d=-19   #fs=9   d_fund=-19   Nprimes=[ 5 ]    fires=false  vals[9]=Log2
[EXP] d=-24   #fs=9   d_fund=-24   Nprimes=[ 5 ]    fires=false  vals[9]=Log0
[EXP] d=-20   #fs=9   d_fund=-20   Nprimes=[]       fires=false  vals[9]=0
[EXP] d=-520  #fs=9   d_fund=-520  Nprimes=[]       fires=false  
vals[9]=Log3-Log11
[EXP] d=-91   #fs=9   d_fund=-91   Nprimes=[ 5 ]    fires=false  vals[9]=0
[EXP] d=-115  #fs=9   d_fund=-115  Nprimes=[]       fires=false  vals[9]=-Log2
[EXP] d=-195  #fs=9   d_fund=-195  Nprimes=[]       fires=false  vals[9]=Log3
[EXP] d=-280  #fs=9   d_fund=-280  Nprimes=[]       fires=false  
vals[9]=Log2+Log3
[MAP] keys_fs = [ 11, 12, 13, 14, 15, 9, -1, 10, -2 ]  sIndex = 7  sTildeIndex =
9

[VACM] allds = [ -11, -19, -24, -20, -520, -91, -115, -195, -280 ]
[VACM] s_idx=7 stilde_idx=9  #table=9  #s=9
[VACM] s      = [
Logoo,
Log0,
Log2,
0,
-Log11+Log19,
Log3,
-Log2+Log3,
0,
2Log2
]
[VACM] stilde = [
Logoo,
Log2,
Log0,
0,
Log3-Log11,
0,
-Log2,
Log3,
Log2+Log3
]
[VACM] Index(s,0)=2  Index(stilde,0)=3

[find_signs] ds = [ -11, -19, -24, -20, -520, -91, -115, -195, -280 ]
[find_signs] degs = [ 1, 1, 1, 1, 1, 1, 1, 1, 1 ]
[find_signs] s = [* Infinity, 0, 2, 1, 19/11, 3, 3/2, 1, 4 *]
[find_signs] stilde = [* Infinity, 2, 0, 1, 3/11, 1, 1/2, 3, 6 *]
[find_signs] Index(s,0)=2 Index(stilde,0)=3 Index(s,oo)=1 Index(stilde,oo)=1
[RCE] cover key=11 g=1 #rat=8 dim(ker)=0
[RCE]    ds  = [ -19, -24, -20, -520, -91, -115, -195, -280 ]
[RCE]    s   = [ 0, 1, 1/2, 19/22, 3/2, 3/4, -1/2, -2 ]
[RCE]    y2  = [ -76, -3, 16/5, 0, -91, 23/64, 39, 2016/5 ]
[RCE] cover key=12 g=2 #rat=8 dim(ker)=1
[RCE]    ds  = [ -19, -24, -20, -520, -91, -115, -195, -280 ]
[RCE]    s   = [ 0, 1, 1/2, 19/22, 3/2, 3/4, -1/2, -2 ]
[RCE]    y2  = [ -19, -3/2, -5, 0, -1183/16, -2875/4096, -975/16, -2520 ]
[RCE] cover key=13 g=1 #rat=8 dim(ker)=0
[RCE]    ds  = [ -19, -24, -20, -520, -91, -115, -195, -280 ]
[RCE]    s   = [ 0, 1, 1/2, 19/22, 3/2, 3/4, -1/2, -2 ]
[RCE]    y2  = [ 1/16, 1/64, 0, 5/29282, 13/64, 115/4096, 65/64, 25/2 ]
[RCE] cover key=14 g=0 #rat=8 dim(ker)=0
[RCE]    ds  = [ -19, -24, -20, -520, -91, -115, -195, -280 ]
[RCE]    s   = [ 0, 1, 1/2, 19/22, 3/2, 3/4, -1/2, -2 ]
[RCE]    y2  = [ 4, 8, 25, 4225/121, 13, 125/4, 25, 100 ]
[RCE] cover key=15 g=0 #rat=8 dim(ker)=1
[RCE]    ds  = [ -19, -24, -20, -520, -91, -115, -195, -280 ]
[RCE]    s   = [ 0, 1, 1/2, 19/22, 3/2, 3/4, -1/2, -2 ]
[RCE]    y2  = [ -19/4, -3/4, 0, 0, -7, 5/16, -15, -315/4 ]
[RCE] cover key=9 g=1 #rat=8 dim(ker)=0
[RCE]    ds  = [ -19, -24, -20, -520, -91, -115, -195, -280 ]
[RCE]    s   = [ 0, 1, 1/2, 19/22, 3/2, 3/4, -1/2, -2 ]
[RCE]    y2  = [ -19/4, -3/2, 0, 0, -91/4, 625/256, 375/4, 7875/4 ]
[RCE] cover key=10 g=2 #rat=8 dim(ker)=0
[RCE]    ds  = [ -19, -24, -20, -520, -91, -115, -195, -280 ]
[RCE]    s   = [ 0, 1, 1/2, 19/22, 3/2, 3/4, -1/2, -2 ]
[RCE]    y2  = [ 1/4, 1/8, 0, -21125/3543122, 169/64, -14375/16384, 1625/64, 
1250 ]
[ORACLE] 26 5 BUILD_FAIL Runtime error in 'QuadraticConstraintsOnEquations': 
Error in Schofer table  | values at rational points - no solution found!
[ORACLE] 26 5 elapsed 1719.520 s
