
[ORACLE] ===== X0^34(5) =====
[PP] 34 5 form=-2 oo=[ <3, -1>, <5, -2>, <6, -1>, <9, -1>, <12, 1>, <16, 1>, 
<20, 1>, <23, 1>, <24, 1>, <31, -1>, <39, -3>, <44, -1>, <51, 1>, <80, 1> ] 
zero=[]
[PP] 34 5 form=-1 oo=[ <5, -1>, <20, 1>, <23, 1>, <24, 1>, <31, -1>, <39, -2>, 
<44, -1> ] zero=[]
[PP] 34 5 form=9 oo=[ <2, -2>, <3, -2>, <4, -2>, <5, -8>, <6, -6>, <10, 2>, <11,
-2>, <16, -2>, <18, -2>, <19, 2>, <20, 8>, <21, 2>, <23, 8>, <24, 6>, <31, -8>, 
<39, -14>, <44, -4>, <80, 2>, <85, 2>, <170, 2> ] zero=[]
[PP] 34 5 form=10 oo=[ <1, -1>, <2, -1>, <4, -1>, <5, -6>, <6, -4>, <7, 2>, <9, 
1>, <11, -2>, <13, 1>, <16, -1>, <18, -1>, <19, 1>, <20, 6>, <22, -2>, <23, 6>, 
<24, 4>, <31, -6>, <34, 2>, <39, -10>, <44, -2>, <80, 2>, <85, 2> ] zero=[]
[PP] 34 5 form=11 oo=[ <1, 1>, <2, -1>, <3, -4>, <4, -1>, <5, -10>, <6, -6>, <7,
-2>, <9, 3>, <10, 2>, <11, -2>, <12, 2>, <13, -1>, <16, -1>, <18, -1>, <19, 1>, 
<20, 8>, <21, 2>, <22, 2>, <23, 8>, <24, 6>, <31, -8>, <34, 2>, <39, -14>, <44, 
-4>, <80, 2>, <170, 2> ] zero=[]
[PP] 34 5 form=12 oo=[ <2, -2>, <3, -4>, <4, -2>, <5, -10>, <6, -6>, <9, 2>, 
<11, -2>, <16, -2>, <18, -2>, <19, 2>, <20, 8>, <21, 2>, <23, 10>, <24, 6>, <31,
-8>, <34, 2>, <39, -14>, <44, -4>, <80, 2>, <85, 2>, <170, 2> ] zero=[]
[PP] 34 5 form=13 oo=[ <5, -6>, <6, -4>, <9, 2>, <10, 2>, <11, -2>, <12, 2>, 
<20, 6>, <23, 4>, <24, 4>, <31, -6>, <34, 2>, <39, -10>, <44, -2>, <80, 2> ] 
zero=[]
[PP] 34 5 form=14 oo=[ <1, -1>, <2, -1>, <3, 2>, <4, -1>, <5, -2>, <6, -2>, <7, 
2>, <9, -1>, <10, 2>, <11, -2>, <13, 1>, <16, -1>, <18, -1>, <19, 1>, <20, 2>, 
<23, 2>, <24, 2>, <31, -4>, <39, -4>, <85, 2> ] zero=[]
[PP] 34 5 form=15 oo=[ <1, 1>, <2, -1>, <3, -4>, <4, -1>, <5, -6>, <6, -4>, <7, 
-2>, <9, 1>, <13, -1>, <16, -1>, <18, -1>, <19, 1>, <20, 6>, <21, 2>, <23, 6>, 
<24, 4>, <31, -4>, <39, -10>, <44, -4>, <80, 2>, <170, 2> ] zero=[]

[AEC] d_divs = [ -24, -11, -11, -51 ]
[AEC] #all_cm_pts = 2, discs = [ <-20, 2, 1>, <-56, 1, 2> ]
[EXP] d=-24   #fs=9   d_fund=-24   Nprimes=[ 5 ]    fires=false  vals[9]=-5Log2
[EXP] d=-51   #fs=9   d_fund=-51   Nprimes=[ 5 ]    fires=false  vals[9]=Log0
[EXP] d=-20   #fs=9   d_fund=-20   Nprimes=[]       fires=false  vals[9]=-4Log2
[EXP] d=-40   #fs=9   d_fund=-40   Nprimes=[]       fires=false  
vals[9]=-6Log2+Log3
[EXP] d=-340  #fs=9   d_fund=-340  Nprimes=[]       fires=false  vals[9]=-6Log2
[EXP] d=-235  #fs=9   d_fund=-235  Nprimes=[]       fires=false  
vals[9]=-7Log2+Log7
[EXP] d=-520  #fs=9   d_fund=-520  Nprimes=[]       fires=false  
vals[9]=-5Log2+Log3
[EXP] d=-595  #fs=9   d_fund=-595  Nprimes=[]       fires=false  vals[9]=-3Log2
[MAP] keys_fs = [ 11, 12, 13, 14, 15, 9, -1, 10, -2 ]  sIndex = 7  sTildeIndex =
9

[VACM] allds = [ -11, -24, -51, -20, -40, -340, -235, -520, -595 ]
[VACM] s_idx=7 stilde_idx=9  #table=9  #s=9
[VACM] s      = [
Logoo,
Log0,
-2Log2,
-2Log2,
-3Log2,
-3Log2+Log3,
-4Log2+Log3,
0,
-2Log2+Log3
]
[VACM] stilde = [
Logoo,
-2Log2,
Log0,
-Log2,
-3Log2+Log3,
-3Log2,
-4Log2+Log7,
-2Log2+Log3,
0
]
[VACM] Index(s,0)=2  Index(stilde,0)=3

[find_signs] ds = [ -11, -24, -51, -20, -40, -340, -235, -520, -595 ]
[find_signs] degs = [ 1, 1, 1, 1, 1, 1, 1, 1, 1 ]
[find_signs] s = [* Infinity, 0, 1/4, 1/4, 1/8, 3/8, 3/16, 1, 3/4 *]
[find_signs] stilde = [* Infinity, 1/4, 0, 1/2, 3/8, 1/8, 7/16, 3/4, 1 *]
[find_signs] Index(s,0)=2 Index(stilde,0)=3 Index(s,oo)=1 Index(stilde,oo)=1
[RCE] cover key=11 g=2 #rat=8 dim(ker)=0
[RCE]    ds  = [ -24, -51, -20, -40, -340, -235, -520, -595 ]
[RCE]    s   = [ 0, 1, -1, -1/2, 3/2, -3/4, 4, -3 ]
[RCE]    y2  = [ 1/8, -51/16, -25, 0, -7225/64, -146875/65536, -143325/8, 
-371875/16 ]
[RCE] cover key=12 g=2 #rat=8 dim(ker)=0
[RCE]    ds  = [ -24, -51, -20, -40, -340, -235, -520, -595 ]
[RCE]    s   = [ 0, 1, -1, -1/2, 3/2, -3/4, 4, -3 ]
[RCE]    y2  = [ -3/8, 17/16, 25, 25/32, 0, 264375/65536, 15925/8, 133875/16 ]
[RCE] cover key=13 g=1 #rat=8 dim(ker)=0
[RCE]    ds  = [ -24, -51, -20, -40, -340, -235, -520, -595 ]
[RCE]    s   = [ 0, 1, -1, -1/2, 3/2, -3/4, 4, -3 ]
[RCE]    y2  = [ 1/4, -3, 0, 0, 25, 235/256, 2925/4, 425 ]
[RCE] cover key=14 g=0 #rat=8 dim(ker)=0
[RCE]    ds  = [ -24, -51, -20, -40, -340, -235, -520, -595 ]
[RCE]    s   = [ 0, 1, -1, -1/2, 3/2, -3/4, 4, -3 ]
[RCE]    y2  = [ 3/5, 3/5, 5, 0, 0, 9/4, 45, 45 ]
[RCE] cover key=15 g=1 #rat=8 dim(ker)=0
[RCE]    ds  = [ -24, -51, -20, -40, -340, -235, -520, -595 ]
[RCE]    s   = [ 0, 1, -1, -1/2, 3/2, -3/4, 4, -3 ]
[RCE]    y2  = [ 1/2, 17/4, 0, 25/256, 7225/256, 625/4096, 1225/2, 875/4 ]
[RCE] cover key=9 g=2 #rat=8 dim(ker)=0
[RCE]    ds  = [ -24, -51, -20, -40, -340, -235, -520, -595 ]
[RCE]    s   = [ 0, 1, -1, -1/2, 3/2, -3/4, 4, -3 ]
[RCE]    y2  = [ -1/6, -17/12, 0, 0, 0, 3125/16384, -30625/2, -21875/4 ]
[RCE] cover key=10 g=1 #rat=8 dim(ker)=1
[RCE]    ds  = [ -24, -51, -20, -40, -340, -235, -520, -595 ]
[RCE]    s   = [ 0, 1, -1, -1/2, 3/2, -3/4, 4, -3 ]
[RCE]    y2  = [ -3/16, 1/4, 0, -1/2, 0, -423/1024, 325/16, 153/4 ]
[ORACLE] 34 5 BUILD_FAIL Runtime error in 'QuadraticConstraintsOnEquations': 
Error in Schofer table  | values at rational points - no solution found!
[ORACLE] 34 5 elapsed 38.050 s
