
[ORACLE] ===== X0^34(7) =====
[PP] 34 7 form=-2 oo=[ <3, -1/2>, <5, 3/2>, <6, 3/2>, <7, -1>, <11, 1/4>, <12, 
-1/2>, <13, -2>, <14, -1>, <17, 2>, <19, 2>, <20, -1>, <22, -1/2>, <23, -9/4>, 
<24, -1>, <27, -1/2>, <28, 1>, <37, 1/4>, <48, -2>, <56, 1>, <63, -2>, <68, -2>,
<80, -1/2>, <96, 1/2>, <108, 1/2> ] zero=[]
[PP] 34 7 form=-1 oo=[ <3, -1/2>, <5, 3/2>, <6, 1/2>, <7, -2>, <10, -1>, <11, 
-9/4>, <12, 1/2>, <14, -2>, <22, 1/2>, <23, -7/4>, <27, -1/2>, <28, -1>, <31, 
-3>, <37, 7/4>, <40, 1>, <48, -3>, <56, 2>, <63, 1>, <80, -1/2>, <96, -1/2>, 
<108, 1/2> ] zero=[]
[PP] 34 7 form=8 oo=[ <1, -2>, <2, -2>, <3, -2>, <5, 4>, <6, 1>, <7, -9>, <10, 
-5>, <11, -13/2>, <12, 2>, <14, -7>, <17, 2>, <19, -1>, <21, 2>, <23, -19/2>, 
<24, 1>, <25, -2>, <26, 1>, <27, -2>, <31, -9>, <37, 13/2>, <40, 5>, <48, -12>, 
<56, 9>, <63, 3>, <68, -2>, <80, -4>, <96, -2>, <108, 2>, <238, 2> ] zero=[]
[PP] 34 7 form=9 oo=[ <3, -1>, <5, 3>, <6, 2>, <7, -1>, <10, 1>, <11, 4>, <12, 
-3>, <13, -8>, <14, -1>, <17, 6>, <19, 9>, <20, -2>, <22, -3>, <23, -6>, <24, 
-3>, <26, -1>, <27, -1>, <28, 6>, <31, 3>, <34, 2>, <37, -1>, <40, -1>, <48, 
-2>, <56, 1>, <63, -7>, <68, -6>, <80, -1>, <96, 1>, <108, 1> ] zero=[]
[PP] 34 7 form=10 oo=[ <1, -2>, <2, -2>, <3, -3>, <5, 7>, <6, 3>, <7, -10>, <10,
-4>, <11, -5/2>, <12, -1>, <13, -8>, <14, -8>, <17, 8>, <19, 8>, <20, -2>, <21, 
2>, <22, -3>, <23, -31/2>, <24, -2>, <25, -2>, <27, -3>, <28, 6>, <31, -6>, <34,
2>, <37, 11/2>, <40, 4>, <48, -14>, <56, 10>, <63, -4>, <68, -8>, <80, -5>, <96,
-1>, <108, 3>, <238, 2> ] zero=[]
[PP] 34 7 form=11 oo=[ <1, -2>, <2, -2>, <3, -2>, <5, 8>, <6, 3>, <7, -13>, <10,
-5>, <11, -5/2>, <13, -10>, <14, -11>, <17, 12>, <19, 11>, <20, -2>, <21, 2>, 
<22, -6>, <23, -43/2>, <24, -3>, <25, -2>, <26, 1>, <27, -4>, <28, 10>, <31, 
-5>, <34, 2>, <37, 13/2>, <40, 5>, <48, -16>, <56, 11>, <63, -5>, <68, -10>, 
<80, -6>, <108, 4>, <238, 2> ] zero=[]
[PP] 34 7 form=12 oo=[ <3, -3>, <5, 7>, <6, 3>, <7, -12>, <10, -4>, <11, -9/2>, 
<12, -1>, <13, -8>, <14, -8>, <17, 8>, <19, 10>, <20, -2>, <22, -1>, <23, 
-31/2>, <24, -2>, <27, -3>, <28, 4>, <31, -8>, <34, 2>, <37, 15/2>, <40, 4>, 
<48, -14>, <56, 10>, <63, -2>, <68, -6>, <80, -5>, <96, -1>, <108, 3> ] zero=[]
[PP] 34 7 form=13 oo=[ <3, -2>, <5, 4>, <6, 1>, <7, -11>, <10, -5>, <11, -17/2>,
<12, 2>, <14, -7>, <17, 2>, <19, 1>, <22, 2>, <23, -19/2>, <24, 1>, <26, 1>, 
<27, -2>, <28, -2>, <31, -11>, <37, 17/2>, <40, 5>, <48, -12>, <56, 9>, <63, 5>,
<80, -4>, <96, -2>, <108, 2> ] zero=[]
[PP] 34 7 form=14 oo=[ <1, -2>, <2, -2>, <3, -1>, <5, 5>, <6, 1>, <7, -12>, <10,
-6>, <11, -13/2>, <12, 3>, <13, -2>, <14, -10>, <17, 6>, <19, 2>, <21, 2>, <22, 
-3>, <23, -31/2>, <25, -2>, <26, 2>, <27, -3>, <28, 4>, <31, -8>, <37, 15/2>, 
<40, 6>, <48, -14>, <56, 10>, <63, 2>, <68, -4>, <80, -5>, <96, -1>, <108, 3>, 
<238, 2> ] zero=[]

[AEC] d_divs = [ -3, -20, -3, -24 ]
[AEC] #all_cm_pts = 2, discs = [ <-3, 3, 1>, <-56, 1, 2> ]
[EXP] d=-20   #fs=9   d_fund=-20   Nprimes=[ 7 ]    fires=false  vals[9]=-5Log2
[EXP] d=-24   #fs=9   d_fund=-24   Nprimes=[ 7 ]    fires=false  vals[9]=Log0
[EXP] d=-40   #fs=9   d_fund=-40   Nprimes=[ 7 ]    fires=false  vals[9]=-6Log2
[EXP] d=-91   #fs=9   d_fund=-91   Nprimes=[]       fires=false  vals[9]=-5Log2
[EXP] d=-187  #fs=9   d_fund=-187  Nprimes=[ 7 ]    fires=false  vals[9]=-4Log2
[EXP] d=-532  #fs=9   d_fund=-532  Nprimes=[]       fires=false  
vals[9]=-7Log2+Log3
[EXP] d=-595  #fs=9   d_fund=-595  Nprimes=[]       fires=false  
vals[9]=-5Log2+Log3
[EXP] d=-1428 #fs=9   d_fund=-1428 Nprimes=[]       fires=false  
vals[9]=-8Log2+Log3
[MAP] keys_fs = [ 11, 12, 13, 14, 8, 9, -1, 10, -2 ]  sIndex = 7  sTildeIndex = 
9

[VACM] allds = [ -3, -20, -24, -40, -91, -187, -532, -595, -1428 ]
[VACM] s_idx=7 stilde_idx=9  #table=9  #s=9
[VACM] s      = [
Logoo,
Log0,
-Log2,
-2Log2,
0,
-Log2,
-3Log2,
0,
-4Log2+Log5
]
[VACM] stilde = [
Logoo,
-Log2,
Log0,
-2Log2,
-Log2,
0,
-3Log2+Log3,
-Log2+Log3,
-4Log2+Log3
]
[VACM] Index(s,0)=2  Index(stilde,0)=3

[find_signs] ds = [ -3, -20, -24, -40, -91, -187, -532, -595, -1428 ]
[find_signs] degs = [ 1, 1, 1, 1, 1, 1, 1, 1, 1 ]
[find_signs] s = [* Infinity, 0, 1/2, 1/4, 1, 1/2, 1/8, 1, 5/16 *]
[find_signs] stilde = [* Infinity, 1/2, 0, 1/4, 1/2, 1, 3/8, 3/2, 3/16 *]
[find_signs] Index(s,0)=2 Index(stilde,0)=3 Index(s,oo)=1 Index(stilde,oo)=1
[RCE] cover key=11 g=2 #rat=8 dim(ker)=1
[RCE]    ds  = [ -20, -24, -40, -91, -187, -532, -595, -1428 ]
[RCE]    s   = [ 0, 1, 1/2, 2, -1, 1/4, -2, 5/8 ]
[RCE]    y2  = [ -5/16, -3/8, -5/2048, -91, 17, -1197/16384, 765/4, 1275/4194304
]
[RCE] cover key=12 g=2 #rat=8 dim(ker)=0
[RCE]    ds  = [ -20, -24, -40, -91, -187, -532, -595, -1428 ]
[RCE]    s   = [ 0, 1, 1/2, 2, -1, 1/4, -2, 5/8 ]
[RCE]    y2  = [ 1/16, 1/16, 1/1024, 91, -11/4, 133/1024, 833/4, 833/1048576 ]
[RCE] cover key=13 g=1 #rat=8 dim(ker)=0
[RCE]    ds  = [ -20, -24, -40, -91, -187, -532, -595, -1428 ]
[RCE]    s   = [ 0, 1, 1/2, 2, -1, 1/4, -2, 5/8 ]
[RCE]    y2  = [ 1/112, 1/224, 1/3584, 1, 11/112, -19/1024, -7/4, 119/65536 ]
[RCE] cover key=14 g=1 #rat=8 dim(ker)=1
[RCE]    ds  = [ -20, -24, -40, -91, -187, -532, -595, -1428 ]
[RCE]    s   = [ 0, 1, 1/2, 2, -1, 1/4, -2, 5/8 ]
[RCE]    y2  = [ 5/16, -3/16, 5/1024, -7, 17/4, 1197/16384, 45/4, -1275/262144 ]
[RCE] cover key=8 g=1 #rat=8 dim(ker)=0
[RCE]    ds  = [ -20, -24, -40, -91, -187, -532, -595, -1428 ]
[RCE]    s   = [ 0, 1, 1/2, 2, -1, 1/4, -2, 5/8 ]
[RCE]    y2  = [ -5/16, -3/32, -5/512, 49, -187/16, 441/1024, 2205/4, 3675/65536
]
[RCE] cover key=9 g=0 #rat=8 dim(ker)=1
[RCE]    ds  = [ -20, -24, -40, -91, -187, -532, -595, -1428 ]
[RCE]    s   = [ 0, 1, 1/2, 2, -1, 1/4, -2, 5/8 ]
[RCE]    y2  = [ -1/4, 1/2, -1/8, 13/4, 1, -1/4, 17/4, -1/64 ]
[RCE] cover key=10 g=2 #rat=8 dim(ker)=0
[RCE]    ds  = [ -20, -24, -40, -91, -187, -532, -595, -1428 ]
[RCE]    s   = [ 0, 1, 1/2, 2, -1, 1/4, -2, 5/8 ]
[RCE]    y2  = [ 5/16, -3/16, 5/1024, 637, -187/4, 441/1024, 37485/4, 
3675/1048576 ]
[ORACLE] 34 7 BUILD_FAIL Runtime error in 'QuadraticConstraintsOnEquations': 
Error in Schofer table  | values at rational points - no solution found!
[ORACLE] 34 7 elapsed 2049.340 s
