
[ORACLE] ===== X0^38(7) =====
[PP] 38 7 form=-2 oo=[ <1, -3>, <4, -6>, <6, 1>, <9, -3>, <11, -9>, <12, 2>, 
<13, 1>, <16, 4>, <19, -2>, <20, -1>, <23, 2>, <24, -1>, <25, -1>, <28, 2>, <33,
2>, <34, 1>, <36, -1>, <39, -2>, <47, 1>, <80, 1>, <96, 1>, <112, -2>, <119, 
-2>, <134, 3> ] zero=[]
[PP] 38 7 form=-1 oo=[ <1, -4>, <4, -5>, <5, 1>, <6, 1>, <9, -3>, <11, -9>, <12,
2>, <13, 1>, <16, 4>, <19, -2>, <20, -2>, <23, 2>, <24, -2>, <25, -1>, <28, 2>, 
<33, 2>, <34, 1>, <36, -1>, <39, -3>, <47, 1>, <80, 2>, <96, 1>, <111, 1>, <112,
-2>, <119, -4>, <134, 3> ] zero=[]
[PP] 38 7 form=8 oo=[ <1, 22>, <2, -2>, <3, -2>, <4, 42>, <5, -25>, <6, -7>, <7,
44>, <9, 55>, <10, 2>, <11, 66>, <12, 4>, <13, -2>, <16, -70>, <18, -2>, <19, 
-4>, <20, 19>, <21, -2>, <23, 11>, <24, 3>, <27, -10>, <28, -2>, <31, -2>, <33, 
4>, <36, 9>, <39, 33>, <44, -2>, <47, -2>, <55, -22>, <63, -24>, <66, 7>, <76, 
-8>, <80, 6>, <96, 4>, <133, 2>, <264, -7>, <266, 2> ] zero=[]
[PP] 38 7 form=9 oo=[ <1, -10>, <2, -2>, <4, -18>, <5, -2>, <9, -14>, <11, -26>,
<12, 8>, <13, 2>, <16, 14>, <19, -8>, <20, -2>, <21, -2>, <22, 2>, <23, 8>, <24,
-2>, <25, -6>, <28, 10>, <33, 8>, <34, 4>, <36, -2>, <38, 2>, <39, -6>, <47, 4>,
<80, 4>, <96, 2>, <112, -4>, <119, -2>, <133, 2>, <134, 8> ] zero=[]
[PP] 38 7 form=10 oo=[ <1, 36>, <3, -2>, <4, 64>, <5, -36>, <6, -10>, <7, 66>, 
<9, 86>, <10, 2>, <11, 100>, <12, 4>, <13, -4>, <16, -104>, <18, -2>, <19, -4>, 
<20, 26>, <22, -2>, <23, 14>, <24, 4>, <25, 2>, <27, -14>, <28, -4>, <31, -2>, 
<33, 4>, <34, -4>, <36, 14>, <38, 2>, <39, 50>, <44, -2>, <47, -2>, <55, -32>, 
<63, -34>, <66, 10>, <76, -12>, <80, 10>, <96, 6>, <264, -10>, <266, 2> ] 
zero=[]
[PP] 38 7 form=11 oo=[ <1, 32>, <2, -2>, <3, -2>, <4, 62>, <5, -36>, <6, -10>, 
<7, 64>, <9, 80>, <10, 2>, <11, 96>, <12, 6>, <13, -4>, <16, -100>, <18, -2>, 
<19, -6>, <20, 26>, <21, -2>, <23, 16>, <24, 4>, <27, -14>, <28, -2>, <31, -2>, 
<33, 6>, <34, -2>, <36, 14>, <38, 2>, <39, 48>, <44, -2>, <47, -2>, <55, -32>, 
<63, -34>, <66, 10>, <76, -12>, <80, 10>, <96, 6>, <133, 2>, <264, -10>, <266, 
2> ] zero=[]
[PP] 38 7 form=12 oo=[ <1, -6>, <4, -16>, <5, -2>, <7, 2>, <9, -8>, <11, -22>, 
<12, 6>, <13, 2>, <16, 10>, <19, -6>, <20, -2>, <23, 6>, <24, -2>, <25, -4>, 
<28, 8>, <33, 6>, <34, 2>, <36, -2>, <38, 2>, <39, -4>, <47, 4>, <80, 4>, <96, 
2>, <112, -4>, <119, -2>, <134, 8> ] zero=[]
[PP] 38 7 form=13 oo=[ <1, -4>, <2, -2>, <4, -2>, <7, -2>, <9, -6>, <11, -4>, 
<12, 2>, <16, 4>, <19, -2>, <21, -2>, <22, 2>, <23, 2>, <25, -2>, <28, 2>, <33, 
2>, <34, 2>, <39, -2>, <133, 2> ] zero=[]
[PP] 38 7 form=14 oo=[ <1, 26>, <3, -2>, <4, 44>, <5, -25>, <6, -7>, <7, 46>, 
<9, 61>, <10, 2>, <11, 70>, <12, 2>, <13, -2>, <16, -74>, <18, -2>, <19, -2>, 
<20, 19>, <22, -2>, <23, 9>, <24, 3>, <25, 2>, <27, -10>, <28, -4>, <31, -2>, 
<33, 2>, <34, -2>, <36, 9>, <39, 35>, <44, -2>, <47, -2>, <55, -22>, <63, -24>, 
<66, 7>, <76, -8>, <80, 6>, <96, 4>, <264, -7>, <266, 2> ] zero=[]

[AEC] d_divs = [ -19, -20, -24, -19 ]
[AEC] #all_cm_pts = 2, discs = [ <-19, 2, 1>, <-68, 1, 2> ]
[EXP] d=-20   #fs=9   d_fund=-20   Nprimes=[ 7 ]    fires=false  
vals[9]=Log2+Log19
[EXP] d=-24   #fs=9   d_fund=-24   Nprimes=[ 7 ]    fires=false  vals[9]=Log0
[EXP] d=-532  #fs=9   d_fund=-532  Nprimes=[]       fires=false  
vals[9]=-2Log2+Log3+Log7+Log19
[EXP] d=-35   #fs=9   d_fund=-35   Nprimes=[]       fires=false  
vals[9]=Log7+Log19
[EXP] d=-168  #fs=9   d_fund=-168  Nprimes=[]       fires=false  
vals[9]=Log2-Log3+Log7+Log19
[EXP] d=-427  #fs=9   d_fund=-427  Nprimes=[]       fires=false  
vals[9]=Log3+Log7+Log19
[EXP] d=-68   #fs=9   d_fund=-68   Nprimes=[ 7 ]    fires=false  
vals[9]=Log2+2Log19
[EXP] d=-115  #fs=9   d_fund=-115  Nprimes=[ 7 ]    fires=false  
vals[9]=2Log2+2Log19
[EXP] d=-187  #fs=9   d_fund=-187  Nprimes=[ 7 ]    fires=false  
vals[9]=2Log2-Log3+2Log19
[EXP] d=-292  #fs=9   d_fund=-292  Nprimes=[ 7 ]    fires=false  
vals[9]=2Log2+2Log19
[EXP] d=-328  #fs=9   d_fund=-328  Nprimes=[ 7 ]    fires=false  
vals[9]=-Log2+2Log19
[EXP] d=-595  #fs=9   d_fund=-595  Nprimes=[]       fires=false  
vals[9]=-2Log2+2Log7+2Log19
[MAP] keys_fs = [ 11, 12, 13, 14, 8, 9, -1, 10, -2 ]  sIndex = 7  sTildeIndex = 
9

[VACM] allds = [ -19, -20, -24, -532, -35, -168, -427, -68, -115, -187, -292, 
-328, -595 ]
[VACM] s_idx=7 stilde_idx=9  #table=9  #s=13
[VACM] s      = [
Logoo,
Log0,
Log2,
-2Log2+Log5+Log7,
Log7,
2Log2-Log3+Log7,
Log7,
Log2,
2Log2,
4Log2-2Log3,
3Log2,
Log2,
-2Log2+2Log7+Log11
]
[VACM] stilde = [
Logoo,
Log2,
Log0,
-2Log2+Log3+Log7,
Log7,
Log2-Log3+Log7,
Log3+Log7,
Log2,
2Log2,
2Log2-Log3,
2Log2,
-Log2,
-2Log2+2Log7
]
[VACM] Index(s,0)=2  Index(stilde,0)=3

[find_signs] ds = [ -19, -20, -24, -532, -35, -168, -427, -68, -115, -187, -292,
-328, -595 ]
[find_signs] degs = [ 1, 1, 1, 1, 1, 1, 1, 2, 2, 2, 2, 2, 2 ]
[find_signs] s = [* Infinity, 0, 2, 35/4, 7, 28/3, 7, 2, 4, 16/9, 8, 2, 539/4 *]
[find_signs] stilde = [* Infinity, 2, 0, 21/4, 7, 14/3, 21, 2, 4, 4/3, 4, 1/2, 
49/4 *]
[find_signs] Index(s,0)=2 Index(stilde,0)=3 Index(s,oo)=1 Index(stilde,oo)=1
[ORACLE] 38 7 BUILD_FAIL Runtime error in '[]': Illegal null sequence
[ORACLE] 38 7 elapsed 2583.010 s
