
[ORACLE] ===== X0^6(19) =====

[AEC] d_divs = [ -3, -40, -3, -51 ]
[AEC] #all_cm_pts = 2, discs = [ <-3, 6, 1>, <-91, 1, 2> ]
[EXP] d=-40   #fs=9   d_fund=-40   Nprimes=[ 19 ]   fires=false  
vals[9]=-10Log2-4Log3
[EXP] d=-51   #fs=9   d_fund=-51   Nprimes=[ 19 ]   fires=false  vals[9]=Log0
[EXP] d=-19   #fs=9   d_fund=-19   Nprimes=[]       fires=false  
vals[9]=-12Log2-4Log3
[EXP] d=-228  #fs=9   d_fund=-228  Nprimes=[]       fires=false  
vals[9]=-14Log2-4Log3
[EXP] d=-52   #fs=9   d_fund=-52   Nprimes=[ 19 ]   fires=false  
vals[9]=-10Log2-5Log3
[EXP] d=-67   #fs=9   d_fund=-67   Nprimes=[ 19 ]   fires=false  
vals[9]=-12Log2-5Log3+Log7
[MAP] keys_fs = [ 11, 12, 13, 14, 15, 9, -1, 10, -2 ]  sIndex = 7  sTildeIndex =
9

[VACM] allds = [ -3, -40, -51, -19, -228, -52, -67 ]
[VACM] s_idx=7 stilde_idx=9  #table=9  #s=7
[VACM] s      = [
Logoo,
Log0,
-Log2-Log3,
-3Log2,
-5Log2+Log5,
-2Log3,
-3Log2-2Log3+Log5
]
[VACM] stilde = [
Logoo,
0,
Log0,
-2Log2,
-4Log2,
-Log3,
-2Log2-Log3+Log7
]
[VACM] Index(s,0)=2  Index(stilde,0)=3

[find_signs] ds = [ -3, -40, -51, -19, -228, -52, -67 ]
[find_signs] degs = [ 1, 1, 1, 1, 1, 1, 1 ]
[find_signs] s = [* Infinity, 0, 1/6, 1/8, 5/32, 1/9, 5/72 *]
[find_signs] stilde = [* Infinity, 1, 0, 1/4, 1/16, 1/3, 7/12 *]
[find_signs] Index(s,0)=2 Index(stilde,0)=3 Index(s,oo)=1 Index(stilde,oo)=1
[RCE] cover key=11 g=0 #rat=6 dim(ker)=0
[RCE]    ds  = [ -40, -51, -19, -228, -52, -67 ]
[RCE]    s   = [ 0, 1, 3/4, 15/16, 2/3, 5/12 ]
[RCE]    y2  = [ -1/18, -17/432, 361/2304, 6859/12288, -1/324, -67/20736 ]
[RCE] cover key=12 g=1 #rat=6 dim(ker)=1
[RCE]    ds  = [ -40, -51, -19, -228, -52, -67 ]
[RCE]    s   = [ 0, 1, 3/4, 15/16, 2/3, 5/12 ]
[RCE]    y2  = [ -5/2, -17/432, 0, 0, -13/2916, -1675/46656 ]
[RCE] cover key=13 g=0 #rat=6 dim(ker)=0
[RCE]    ds  = [ -40, -51, -19, -228, -52, -67 ]
[RCE]    s   = [ 0, 1, 3/4, 15/16, 2/3, 5/12 ]
[RCE]    y2  = [ 1/4, -1/12, 0, 19/16, 1/36, 1/9 ]
[RCE] cover key=14 g=0 #rat=6 dim(ker)=1
[RCE]    ds  = [ -40, -51, -19, -228, -52, -67 ]
[RCE]    s   = [ 0, 1, 3/4, 15/16, 2/3, 5/12 ]
[RCE]    y2  = [ 5/4, 1/36, 0, 0, 13/324, 25/81 ]
[RCE] cover key=15 g=1 #rat=6 dim(ker)=0
[RCE]    ds  = [ -40, -51, -19, -228, -52, -67 ]
[RCE]    s   = [ 0, 1, 3/4, 15/16, 2/3, 5/12 ]
[RCE]    y2  = [ -1/18, 17/1296, 0, 130321/49152, -1/2916, -67/46656 ]
[RCE] cover key=9 g=1 #rat=6 dim(ker)=1
[RCE]    ds  = [ -40, -51, -19, -228, -52, -67 ]
[RCE]    s   = [ 0, 1, 3/4, 15/16, 2/3, 5/12 ]
[RCE]    y2  = [ -5/2, 17/144, -19/256, 0, -13/324, -1675/20736 ]
[RCE] cover key=10 g=0 #rat=6 dim(ker)=0
[RCE]    ds  = [ -40, -51, -19, -228, -52, -67 ]
[RCE]    s   = [ 0, 1, 3/4, 15/16, 2/3, 5/12 ]
[RCE]    y2  = [ 5/19, 1/57, 1/361, 0, 13/171, 25/171 ]
[ORACLE] 6 19 BUILD_FAIL Runtime error in 'QuadraticConstraintsOnEquations': 
Error in Schofer table  | values at rational points - no solution found!
[ORACLE] 6 19 elapsed 180.490 s
