
[ORACLE] ===== X0^6(31) =====
[PP] 6 31 form=-2 oo=[ <6, 2>, <11, -1>, <12, -4>, <15, -8>, <17, 3>, <22, -3>, 
<23, -4>, <24, -2>, <26, 4>, <27, -2>, <43, 1>, <79, -2>, <88, 3>, <89, 3> ] 
zero=[]
[PP] 6 31 form=-1 oo=[ <6, 3>, <11, -4>, <12, -2>, <15, -9>, <17, 2>, <21, 1>, 
<22, -3>, <23, -3>, <24, -1>, <26, 4>, <27, -2>, <29, -2>, <48, -2>, <79, -1>, 
<84, -1>, <88, 3>, <89, 2> ] zero=[]
[PP] 6 31 form=9 oo=[ <1, -2>, <2, -4>, <3, -4>, <5, -2>, <6, 4>, <7, -16>, <11,
-18>, <12, -10>, <13, 8>, <15, -6>, <16, -4>, <17, -4>, <23, -8>, <24, -2>, <25,
14>, <26, 2>, <27, -8>, <29, -10>, <31, -12>, <44, -6>, <46, 6>, <48, -8>, <52, 
-8>, <60, 4>, <93, 2>, <184, -6>, <186, 2> ] zero=[]
[PP] 6 31 form=10 oo=[ <1, -2>, <2, -2>, <3, -2>, <7, -6>, <11, -4>, <12, -2>, 
<15, -4>, <16, -2>, <17, 2>, <21, 2>, <25, 6>, <26, 4>, <27, -2>, <29, -2>, <31,
-4>, <84, -2>, <89, 2>, <92, 2>, <93, 2> ] zero=[]
[PP] 6 31 form=11 oo=[ <2, -2>, <3, -2>, <5, -2>, <6, 4>, <7, -10>, <11, -16>, 
<12, -8>, <13, 5>, <15, -8>, <16, -2>, <17, -2>, <23, -7>, <24, -2>, <25, 8>, 
<26, 2>, <27, -6>, <29, -8>, <31, -8>, <44, -4>, <46, 5>, <48, -8>, <52, -5>, 
<60, 4>, <184, -5>, <186, 2> ] zero=[]
[PP] 6 31 form=12 oo=[ <1, -2>, <2, -4>, <3, -4>, <5, -2>, <6, 2>, <7, -14>, 
<11, -12>, <12, -8>, <13, 9>, <16, -4>, <17, -4>, <23, -5>, <24, -2>, <25, 12>, 
<27, -6>, <29, -6>, <31, -10>, <44, -4>, <46, 5>, <48, -6>, <52, -9>, <60, 4>, 
<93, 2>, <184, -5>, <186, 2> ] zero=[]
[PP] 6 31 form=13 oo=[ <6, 3>, <11, -4>, <12, -2>, <15, -9>, <17, 2>, <21, 1>, 
<22, -3>, <23, -3>, <24, -1>, <26, 4>, <27, -2>, <29, -2>, <48, -2>, <79, -1>, 
<84, -1>, <88, 3>, <89, 2> ] zero=[]
[PP] 6 31 form=14 oo=[ <1, -2>, <2, -2>, <3, -2>, <6, 5>, <7, -2>, <11, 2>, <12,
-4>, <15, -5>, <16, -2>, <17, -1>, <21, 1>, <23, -5>, <24, -3>, <25, 2>, <26, 
3>, <27, -4>, <29, 1>, <48, -2>, <79, -3>, <84, -1>, <89, 4>, <92, -3>, <93, 2> 
] zero=[]
[PP] 6 31 form=15 oo=[ <2, -2>, <3, -2>, <5, -2>, <6, 2>, <7, -8>, <11, -10>, 
<12, -6>, <13, 6>, <15, -2>, <16, -2>, <17, -2>, <23, -4>, <24, -2>, <25, 6>, 
<27, -4>, <29, -4>, <31, -6>, <44, -2>, <46, 4>, <48, -6>, <52, -6>, <60, 4>, 
<184, -4>, <186, 2> ] zero=[]

[AEC] d_divs = [ -3, -24, -3, -43 ]
[AEC] #all_cm_pts = 2, discs = [ <-3, 6, 1>, <-91, 1, 2> ]
[EXP] d=-24   #fs=9   d_fund=-24   Nprimes=[ 31 ]   fires=false  
vals[9]=-10Log2+6Log3
[EXP] d=-43   #fs=9   d_fund=-43   Nprimes=[ 31 ]   fires=false  vals[9]=Log0
[EXP] d=-372  #fs=9   d_fund=-372  Nprimes=[]       fires=false  
vals[9]=-12Log2+6Log3
[EXP] d=-52   #fs=9   d_fund=-52   Nprimes=[ 31 ]   fires=false  
vals[9]=-10Log2+7Log3
[EXP] d=-84   #fs=9   d_fund=-84   Nprimes=[ 31 ]   fires=false  
vals[9]=-10Log2+5Log3
[EXP] d=-88   #fs=9   d_fund=-88   Nprimes=[ 31 ]   fires=false  
vals[9]=-10Log2+4Log3+Log5
[EXP] d=-120  #fs=9   d_fund=-120  Nprimes=[ 31 ]   fires=false  
vals[9]=-10Log2+6Log3
[EXP] d=-123  #fs=9   d_fund=-123  Nprimes=[ 31 ]   fires=false  
vals[9]=-10Log2+5Log3+Log7
[MAP] keys_fs = [ 11, 12, 13, 14, 15, 9, -1, 10, -2 ]  sIndex = 7  sTildeIndex =
9

[VACM] allds = [ -3, -24, -43, -372, -52, -84, -88, -120, -123 ]
[VACM] s_idx=7 stilde_idx=9  #table=9  #s=9
[VACM] s      = [
Logoo,
Log0,
-2Log2+2Log3,
-4Log2+3Log3,
2Log3,
Log3,
0,
-Log2+2Log3,
Log3
]
[VACM] stilde = [
Logoo,
2Log3,
Log0,
-2Log2+2Log3,
3Log3,
Log3,
Log5,
2Log3,
Log3+Log7
]
[VACM] Index(s,0)=2  Index(stilde,0)=3

[find_signs] ds = [ -3, -24, -43, -372, -52, -84, -88, -120, -123 ]
[find_signs] degs = [ 1, 1, 1, 1, 1, 1, 1, 1, 1 ]
[find_signs] s = [* Infinity, 0, 9/4, 27/16, 9, 3, 1, 9/2, 3 *]
[find_signs] stilde = [* Infinity, 9, 0, 9/4, 27, 3, 5, 9, 21 *]
[find_signs] Index(s,0)=2 Index(stilde,0)=3 Index(s,oo)=1 Index(stilde,oo)=1
[RCE] cover key=11 g=1 #rat=8 dim(ker)=0
[RCE]    ds  = [ -24, -43, -372, -52, -84, -88, -120, -123 ]
[RCE]    s   = [ 0, 1, 3/4, 4, 4/3, 4/9, 2, -4/3 ]
[RCE]    y2  = [ 0, 43/98304, 27512614111/8388608, 1/6, 1/2592, 1/2187, 1/2048, 
41/648 ]
[RCE] cover key=12 g=1 #rat=8 dim(ker)=1
[RCE]    ds  = [ -24, -43, -372, -52, -84, -88, -120, -123 ]
[RCE]    s   = [ 0, 1, 3/4, 4, 4/3, 4/9, 2, -4/3 ]
[RCE]    y2  = [ -1/96, -43/147456, 0, -13/36, -7/15552, -11/13122, -5/6144, 
-1025/3888 ]
[RCE] cover key=13 g=0 #rat=8 dim(ker)=1
[RCE]    ds  = [ -24, -43, -372, -52, -84, -88, -120, -123 ]
[RCE]    s   = [ 0, 1, 3/4, 4, 4/3, 4/9, 2, -4/3 ]
[RCE]    y2  = [ 0, 9/4, 27/16, 9, 3, 1, 9/2, -3 ]
[RCE] cover key=14 g=0 #rat=8 dim(ker)=1
[RCE]    ds  = [ -24, -43, -372, -52, -84, -88, -120, -123 ]
[RCE]    s   = [ 0, 1, 3/4, 4, 4/3, 4/9, 2, -4/3 ]
[RCE]    y2  = [ 0, 81/4, 0, 1053, 63, -11, 405/2, 225 ]
[RCE] cover key=15 g=1 #rat=8 dim(ker)=0
[RCE]    ds  = [ -24, -43, -372, -52, -84, -88, -120, -123 ]
[RCE]    s   = [ 0, 1, 3/4, 4, 4/3, 4/9, 2, -4/3 ]
[RCE]    y2  = [ 1/288, -43/147456, -887503681/9437184, -1/36, -1/5184, 1/1458, 
-1/6144, 41/1296 ]
[RCE] cover key=9 g=2 #rat=8 dim(ker)=1
[RCE]    ds  = [ -24, -43, -372, -52, -84, -88, -120, -123 ]
[RCE]    s   = [ 0, 1, 3/4, 4, 4/3, 4/9, 2, -4/3 ]
[RCE]    y2  = [ 0, -43/589824, 0, -13/36, -7/46656, -11/118098, -5/12288, 
1025/11664 ]
[RCE] cover key=10 g=0 #rat=8 dim(ker)=1
[RCE]    ds  = [ -24, -43, -372, -52, -84, -88, -120, -123 ]
[RCE]    s   = [ 0, 1, 3/4, 4, 4/3, 4/9, 2, -4/3 ]
[RCE]    y2  = [ -27, 9, 0, 117, 21, -11, 45, -75 ]
[ORACLE] 6 31 BUILD_FAIL Runtime error in 'QuadraticConstraintsOnEquations': 
Error in Schofer table  | values at rational points - no solution found!
[ORACLE] 6 31 elapsed 701.090 s
