
[ORACLE] ===== X0^6(37) =====
[PP] 6 37 form=-2 oo=[ <1, 3>, <2, -2>, <4, -3>, <5, 2>, <7, -3>, <8, 2>, <9, 
-1>, <10, -1>, <11, -3>, <12, -2>, <14, -2>, <15, -2>, <16, 1>, <17, 2>, <18, 
2>, <19, 2>, <21, 1>, <23, -2>, <24, 2>, <26, -1>, <27, -2>, <28, -1>, <36, 1>, 
<38, -2>, <40, 2>, <41, -1>, <47, -3>, <48, -2>, <64, -1>, <84, -1>, <111, -4> ]
zero=[]
[PP] 6 37 form=-1 oo=[ <1, 4>, <2, -3>, <4, -4>, <5, 3>, <7, -4>, <8, 3>, <10, 
-2>, <11, -4>, <12, -2>, <14, -3>, <15, -3>, <16, 2>, <17, 3>, <18, 3>, <19, 3>,
<21, 2>, <23, -3>, <24, 3>, <27, -2>, <36, 2>, <38, -2>, <40, 2>, <41, -2>, <47,
-4>, <48, -2>, <84, -2>, <111, -6> ] zero=[]
[PP] 6 37 form=9 oo=[ <1, -4>, <2, -1>, <3, -2>, <4, 2>, <5, -1>, <6, -5>, <7, 
2>, <8, 1>, <9, 1>, <10, -6>, <11, -4>, <12, -4>, <13, -5>, <14, -7/2>, <15, 
7/2>, <16, 4>, <17, -1>, <18, -7/2>, <19, -6>, <20, 5/2>, <21, -1>, <22, 9/2>, 
<23, 1>, <24, -3/2>, <26, -4>, <27, -4>, <28, 2>, <29, -5/2>, <31, 19/2>, <35, 
-5/2>, <36, -1>, <37, -7>, <38, -6>, <40, 6>, <47, -4>, <48, -8>, <64, -2>, <84,
1>, <148, 7>, <222, 2> ] zero=[]
[PP] 6 37 form=10 oo=[ <1, 4>, <2, -3>, <4, -4>, <5, 3>, <7, -4>, <8, 3>, <10, 
-2>, <11, -4>, <12, -2>, <14, -3>, <15, -3>, <16, 2>, <17, 3>, <18, 3>, <19, 3>,
<21, 2>, <23, -3>, <24, 3>, <27, -2>, <36, 2>, <38, -2>, <40, 2>, <41, -2>, <47,
-4>, <48, -2>, <84, -2>, <111, -6> ] zero=[]
[PP] 6 37 form=11 oo=[ <1, -6>, <2, -1>, <3, -2>, <4, 4>, <5, -1>, <6, -8>, <7, 
4>, <8, 1>, <9, 4>, <10, -8>, <11, -8>, <12, -6>, <13, -8>, <14, -5>, <15, 5>, 
<16, 6>, <17, -1>, <18, -5>, <19, -9>, <20, 4>, <21, -2>, <22, 6>, <23, 1>, <24,
-3>, <26, -4>, <27, -6>, <28, 2>, <29, -4>, <31, 14>, <35, -4>, <36, -2>, <37, 
-10>, <38, -8>, <40, 8>, <41, -2>, <47, -8>, <48, -10>, <64, -2>, <84, 2>, <148,
10>, <222, 2> ] zero=[]
[PP] 6 37 form=12 oo=[ <1, 12>, <2, -10>, <3, -4>, <4, -16>, <5, 8>, <6, 2>, <7,
-16>, <8, 10>, <9, -6>, <10, -6>, <11, -8>, <12, -6>, <13, 4>, <14, -9>, <15, 
-9>, <16, 4>, <17, 8>, <18, 9>, <19, 10>, <20, -1>, <21, 8>, <22, 1>, <23, -8>, 
<24, 11>, <26, -4>, <27, -6>, <28, 2>, <29, 1>, <31, -3>, <35, 1>, <36, 8>, <37,
2>, <38, -8>, <40, 6>, <41, -2>, <47, -8>, <48, -8>, <64, -2>, <84, -8>, <111, 
-18>, <222, 2> ] zero=[]
[PP] 6 37 form=13 oo=[ <1, 2>, <2, -2>, <3, -2>, <4, -4>, <5, 2>, <7, -4>, <8, 
2>, <11, -4>, <12, -2>, <13, 2>, <14, -2>, <15, -2>, <17, 2>, <18, 2>, <19, 2>, 
<21, 2>, <23, -2>, <24, 2>, <27, -2>, <31, -2>, <36, 2>, <37, 2>, <38, -2>, <41,
-2>, <47, -4>, <84, -2>, <111, -4> ] zero=[]
[PP] 6 37 form=14 oo=[ <1, 6>, <2, -5>, <3, -2>, <4, -8>, <5, 5>, <7, -8>, <8, 
5>, <10, -2>, <11, -8>, <12, -4>, <13, 2>, <14, -5>, <15, -5>, <16, 2>, <17, 5>,
<18, 5>, <19, 5>, <21, 4>, <23, -5>, <24, 5>, <27, -4>, <31, -2>, <36, 4>, <37, 
2>, <38, -4>, <40, 2>, <41, -4>, <47, -8>, <48, -2>, <84, -4>, <111, -10> ] 
zero=[]
[PP] 6 37 form=15 oo=[ <1, 16>, <2, -13>, <3, -4>, <4, -20>, <5, 11>, <6, 2>, 
<7, -20>, <8, 13>, <9, -6>, <10, -8>, <11, -12>, <12, -8>, <13, 4>, <14, -12>, 
<15, -12>, <16, 6>, <17, 11>, <18, 12>, <19, 13>, <20, -1>, <21, 10>, <22, 1>, 
<23, -11>, <24, 14>, <26, -4>, <27, -8>, <28, 2>, <29, 1>, <31, -3>, <35, 1>, 
<36, 10>, <37, 2>, <38, -10>, <40, 8>, <41, -4>, <47, -12>, <48, -10>, <64, -2>,
<84, -10>, <111, -24>, <222, 2> ] zero=[]

[AEC] d_divs = [ -3, -4, -3, -40 ]
[AEC] #all_cm_pts = 2, discs = [ <-3, 6, 1>, <-115, 1, 2> ]
[EXP] d=-4    #fs=9   d_fund=-4    Nprimes=[ 37 ]   fires=false  
vals[9]=-11Log2-3Log3
[EXP] d=-40   #fs=9   d_fund=-40   Nprimes=[ 37 ]   fires=false  vals[9]=Log0
[EXP] d=-148  #fs=9   d_fund=-148  Nprimes=[]       fires=false  
vals[9]=-14Log2-3Log3+Log37
[EXP] d=-67   #fs=9   d_fund=-67   Nprimes=[ 37 ]   fires=false  
vals[9]=-11Log2-2Log3
[EXP] d=-84   #fs=9   d_fund=-84   Nprimes=[ 37 ]   fires=false  
vals[9]=-11Log2-3Log3
[EXP] d=-120  #fs=9   d_fund=-120  Nprimes=[ 37 ]   fires=false  
vals[9]=-11Log2-4Log3
[EXP] d=-123  #fs=9   d_fund=-123  Nprimes=[ 37 ]   fires=false  
vals[9]=-12Log2-3Log3
[EXP] d=-132  #fs=9   d_fund=-132  Nprimes=[ 37 ]   fires=false  
vals[9]=-11Log2-4Log3
[MAP] keys_fs = [ 11, 12, 13, 14, 15, 9, -1, 10, -2 ]  sIndex = 7  sTildeIndex =
9

[VACM] allds = [ -3, -4, -40, -148, -67, -84, -120, -123, -132 ]
[VACM] s_idx=7 stilde_idx=9  #table=9  #s=9
[VACM] s      = [
Logoo,
Log0,
-2Log2-2Log3,
-5Log2+3/2Log37,
-Log2-2Log3,
-Log2-2Log3,
-3Log3,
-3Log2-Log3,
-Log2-3Log3
]
[VACM] stilde = [
Logoo,
-Log3,
Log0,
-3Log2-Log3+Log37,
0,
-Log3,
-2Log3,
-Log2-Log3,
-2Log3
]
[VACM] Index(s,0)=2  Index(stilde,0)=3
[ORACLE] 6 37 BUILD_FAIL Runtime error in 'RationalNumber': s does not represent
a rational number!
[ORACLE] 6 37 elapsed 686.550 s
