
[ORACLE] ===== X0^6(41) =====
[PP] 6 41 form=-2 oo=[ <1, 3>, <2, 4>, <4, -3>, <8, -4>, <9, -4>, <10, -1>, <16,
-2>, <18, 2>, <23, -2>, <31, -2>, <32, -2>, <36, 2>, <39, -2>, <40, 1>, <43, 1>,
<50, 2> ] zero=[]
[PP] 6 41 form=-1 oo=[ <1, 1>, <2, 2>, <4, -1>, <8, -2>, <9, -2>, <16, -1>, <20,
-1>, <23, -1>, <31, -1>, <32, -1>, <39, -2>, <40, 1>, <50, 1>, <64, -1> ] 
zero=[]
[PP] 6 41 form=9 oo=[ <1, 4>, <2, 12>, <3, 4>, <4, -6>, <5, -6>, <6, 4>, <7, 
-4>, <8, -10>, <9, -14>, <11, 2>, <13, 2>, <14, 4>, <15, 2>, <16, -6>, <17, -4>,
<18, 4>, <19, -2>, <20, 2>, <23, -10>, <24, -2>, <27, 2>, <28, 2>, <29, 6>, <30,
4>, <31, 2>, <32, -12>, <34, 2>, <35, -2>, <36, 6>, <37, -4>, <38, 8>, <44, 2>, 
<47, 2>, <48, -4>, <50, 6>, <51, 2>, <123, 2>, <148, 4>, <204, -2>, <246, 2> ] 
zero=[]
[PP] 6 41 form=10 oo=[ <1, 2>, <2, 6>, <3, 2>, <4, -6>, <5, -2>, <6, 2>, <8, 
-6>, <9, -6>, <11, -2>, <12, -2>, <13, 2>, <14, 2>, <16, -2>, <17, -2>, <18, 4>,
<20, 2>, <23, -4>, <24, -4>, <28, 2>, <29, 4>, <30, 2>, <31, -2>, <32, -6>, <34,
2>, <35, -2>, <36, 2>, <38, 4>, <39, -2>, <47, 2>, <50, 4>, <64, -2>, <82, 2>, 
<123, 2> ] zero=[]
[PP] 6 41 form=11 oo=[ <1, 10>, <2, 18>, <3, 6>, <4, -10>, <5, -4>, <6, 6>, <7, 
-4>, <8, -14>, <9, -20>, <12, -2>, <13, 2>, <14, 6>, <15, 2>, <16, -12>, <17, 
-4>, <18, 4>, <23, -12>, <24, -2>, <26, -2>, <27, 2>, <28, 2>, <29, 10>, <30, 
6>, <32, -12>, <34, 4>, <35, -4>, <36, 12>, <37, -6>, <38, 12>, <39, -2>, <44, 
4>, <47, 2>, <48, -4>, <50, 6>, <51, 4>, <82, 2>, <148, 6>, <204, -4>, <246, 2> 
] zero=[]
[PP] 6 41 form=12 oo=[ <1, 10>, <2, 20>, <3, 6>, <4, -12>, <5, -6>, <6, 6>, <7, 
-4>, <8, -16>, <9, -22>, <12, -2>, <13, 3>, <14, 6>, <15, 2>, <16, -12>, <17, 
-5>, <18, 6>, <19, -1>, <20, 2>, <23, -14>, <24, -4>, <26, -1>, <27, 2>, <28, 
3>, <29, 10>, <30, 6>, <32, -16>, <34, 4>, <35, -4>, <36, 12>, <37, -6>, <38, 
12>, <39, -2>, <44, 3>, <47, 3>, <48, -4>, <50, 8>, <51, 4>, <82, 2>, <123, 2>, 
<148, 6>, <204, -4>, <246, 2> ] zero=[]
[PP] 6 41 form=13 oo=[ <1, 2>, <2, 4>, <3, 2>, <4, -4>, <6, 2>, <8, -4>, <9, 
-4>, <11, -2>, <12, -2>, <13, 1>, <14, 2>, <16, -2>, <17, -1>, <18, 2>, <19, 1>,
<23, -2>, <24, -2>, <26, -1>, <28, 1>, <29, 4>, <30, 2>, <31, -2>, <32, -2>, 
<34, 2>, <35, -2>, <36, 2>, <38, 4>, <39, -2>, <44, 1>, <47, 1>, <50, 2>, <64, 
-2>, <82, 2> ] zero=[]
[PP] 6 41 form=14 oo=[ <2, 2>, <4, -2>, <5, -2>, <8, -2>, <9, -2>, <13, 1>, <17,
-1>, <18, 2>, <19, -1>, <20, 2>, <23, -2>, <24, -2>, <26, 1>, <28, 1>, <32, -4>,
<44, -1>, <47, 1>, <50, 2>, <123, 2> ] zero=[]
[PP] 6 41 form=15 oo=[ <1, 4>, <2, 10>, <3, 4>, <4, -4>, <5, -4>, <6, 4>, <7, 
-4>, <8, -8>, <9, -12>, <11, 2>, <13, 1>, <14, 4>, <15, 2>, <16, -6>, <17, -3>, 
<18, 2>, <19, -1>, <23, -8>, <26, -1>, <27, 2>, <28, 1>, <29, 6>, <30, 4>, <31, 
2>, <32, -8>, <34, 2>, <35, -2>, <36, 6>, <37, -4>, <38, 8>, <44, 3>, <47, 1>, 
<48, -4>, <50, 4>, <51, 2>, <148, 4>, <204, -2>, <246, 2> ] zero=[]

[AEC] d_divs = [ -4, -40, -4, -43 ]
[AEC] #all_cm_pts = 2, discs = [ <-4, 4, 1>, <-91, 1, 2> ]
[EXP] d=-40   #fs=9   d_fund=-40   Nprimes=[ 41 ]   fires=false  
vals[9]=-5Log2+Log3
[EXP] d=-43   #fs=9   d_fund=-43   Nprimes=[ 41 ]   fires=false  vals[9]=Log0
[EXP] d=-123  #fs=9   d_fund=-123  Nprimes=[]       fires=false  
vals[9]=-7Log2+3Log3
[EXP] d=-51   #fs=9   d_fund=-51   Nprimes=[ 41 ]   fires=false  
vals[9]=-4Log2+Log3
[EXP] d=-84   #fs=9   d_fund=-84   Nprimes=[ 41 ]   fires=false  
vals[9]=-5Log2+2Log3
[EXP] d=-132  #fs=9   d_fund=-132  Nprimes=[ 41 ]   fires=false  
vals[9]=-6Log2+2Log3
[EXP] d=-148  #fs=9   d_fund=-148  Nprimes=[ 41 ]   fires=false  
vals[9]=-6Log2+Log3+Log5
[EXP] d=-163  #fs=9   d_fund=-163  Nprimes=[ 41 ]   fires=false  
vals[9]=-4Log2-Log3+Log7
[MAP] keys_fs = [ 11, 12, 13, 14, 15, 9, -1, 10, -2 ]  sIndex = 7  sTildeIndex =
9

[VACM] allds = [ -4, -40, -43, -123, -51, -84, -132, -148, -163 ]
[VACM] s_idx=7 stilde_idx=9  #table=9  #s=9
[VACM] s      = [
Logoo,
Log0,
-Log2,
-3Log2+Log5,
-Log2,
0,
-2Log2,
-2Log2+Log3,
-Log2-2Log3+Log5
]
[VACM] stilde = [
Logoo,
-Log2+2Log3,
Log0,
-3Log2+4Log3,
2Log3,
-Log2+3Log3,
-2Log2+3Log3,
-2Log2+2Log3+Log5,
Log7
]
[VACM] Index(s,0)=2  Index(stilde,0)=3

[find_signs] ds = [ -4, -40, -43, -123, -51, -84, -132, -148, -163 ]
[find_signs] degs = [ 1, 1, 1, 1, 1, 1, 1, 1, 1 ]
[find_signs] s = [* Infinity, 0, 1/2, 5/8, 1/2, 1, 1/4, 3/4, 5/18 *]
[find_signs] stilde = [* Infinity, 9/2, 0, 81/8, 9, 27/2, 27/4, 45/4, 7 *]
[find_signs] Index(s,0)=2 Index(stilde,0)=3 Index(s,oo)=1 Index(stilde,oo)=1
[RCE] cover key=11 g=2 #rat=8 dim(ker)=0
[RCE]    ds  = [ -40, -43, -123, -51, -84, -132, -148, -163 ]
[RCE]    s   = [ 0, 1, -5/4, -1, -2, -1/2, -3/2, -5/9 ]
[RCE]    y2  = [ -81/2, -282123/256, 157167283284788643/65536, -4131/256, 
5103/4, -8019/4096, 362637/4096, -163/256 ]
[RCE] cover key=12 g=2 #rat=8 dim(ker)=1
[RCE]    ds  = [ -40, -43, -123, -51, -84, -132, -148, -163 ]
[RCE]    s   = [ 0, 1, -5/4, -1, -2, -1/2, -3/2, -5/9 ]
[RCE]    y2  = [ -3645/2, -22851963/256, 0, -37179/256, -137781/4, -216513/4096,
-3263733/4096, -4075/256 ]
[RCE] cover key=13 g=0 #rat=8 dim(ker)=0
[RCE]    ds  = [ -40, -43, -123, -51, -84, -132, -148, -163 ]
[RCE]    s   = [ 0, 1, -5/4, -1, -2, -1/2, -3/2, -5/9 ]
[RCE]    y2  = [ 1/4, 9/16, 25431849/256, 17/16, 3, 33/64, 121/64, 9/16 ]
[RCE] cover key=14 g=0 #rat=8 dim(ker)=1
[RCE]    ds  = [ -40, -43, -123, -51, -84, -132, -148, -163 ]
[RCE]    s   = [ 0, 1, -5/4, -1, -2, -1/2, -3/2, -5/9 ]
[RCE]    y2  = [ 45, 81, 0, 9, -27, 27, -9, 25 ]
[RCE] cover key=15 g=1 #rat=8 dim(ker)=0
[RCE]    ds  = [ -40, -43, -123, -51, -84, -132, -148, -163 ]
[RCE]    s   = [ 0, 1, -5/4, -1, -2, -1/2, -3/2, -5/9 ]
[RCE]    y2  = [ -8, -387/4, -76295547/64, -3/4, 21, -3/16, 37/16, -163/2916 ]
[RCE] cover key=9 g=1 #rat=8 dim(ker)=1
[RCE]    ds  = [ -40, -43, -123, -51, -84, -132, -148, -163 ]
[RCE]    s   = [ 0, 1, -5/4, -1, -2, -1/2, -3/2, -5/9 ]
[RCE]    y2  = [ -40, -3483/4, 0, -3/4, -63, -9/16, -37/16, -4075/26244 ]
[RCE] cover key=10 g=1 #rat=8 dim(ker)=1
[RCE]    ds  = [ -40, -43, -123, -51, -84, -132, -148, -163 ]
[RCE]    s   = [ 0, 1, -5/4, -1, -2, -1/2, -3/2, -5/9 ]
[RCE]    y2  = [ 5/4, 81/16, 0, 17/16, -9, 99/64, -121/64, 25/16 ]
[ORACLE] 6 41 BUILD_FAIL Runtime error in 'QuadraticConstraintsOnEquations': 
Error in Schofer table  | values at rational points - no solution found!
[ORACLE] 6 41 elapsed 988.360 s
