
[ORACLE] ===== X0^6(5) =====

[AEC] d_divs = [ -24, -4, -4, -19 ]
[AEC] #all_cm_pts = 2, discs = [ <-4, 4, 1>, <-91, 1, 2> ]
[EXP] d=-24   #fs=9   d_fund=-24   Nprimes=[ 5 ]    fires=false  vals[9]=0
[EXP] d=-19   #fs=9   d_fund=-19   Nprimes=[ 5 ]    fires=false  vals[9]=Log0
[EXP] d=-40   #fs=9   d_fund=-40   Nprimes=[]       fires=false  vals[9]=2Log3
[EXP] d=-120  #fs=9   d_fund=-120  Nprimes=[]       fires=false  
vals[9]=-4Log2+Log19
[EXP] d=-51   #fs=9   d_fund=-51   Nprimes=[ 5 ]    fires=false  vals[9]=3Log2
[EXP] d=-84   #fs=9   d_fund=-84   Nprimes=[ 5 ]    fires=false  vals[9]=Log13
[MAP] keys_fs = [ 11, 12, 13, 14, 15, 9, -1, 10, -2 ]  sIndex = 7  sTildeIndex =
9

[VACM] allds = [ -4, -24, -19, -40, -120, -51, -84 ]
[VACM] s_idx=7 stilde_idx=9  #table=9  #s=7
[VACM] s      = [
Logoo,
Log0,
-3Log2,
0,
-7Log2+Log3,
-3Log2+2Log3,
-Log2+Log3
]
[VACM] stilde = [
Logoo,
0,
Log0,
2Log3,
-4Log2+Log19,
3Log2,
Log13
]
[VACM] Index(s,0)=2  Index(stilde,0)=3

[find_signs] ds = [ -4, -24, -19, -40, -120, -51, -84 ]
[find_signs] degs = [ 1, 1, 1, 1, 1, 1, 1 ]
[find_signs] s = [* Infinity, 0, 1/8, 1, 3/128, 9/8, 3/2 *]
[find_signs] stilde = [* Infinity, 1, 0, 9, 19/16, 8, 13 *]
[find_signs] Index(s,0)=2 Index(stilde,0)=3 Index(s,oo)=1 Index(stilde,oo)=1
[RCE] cover key=11 g=1 #rat=6 dim(ker)=1
[RCE]    ds  = [ -24, -19, -40, -120, -51, -84 ]
[RCE]    s   = [ 0, 1, -8, -3/16, 9, -12 ]
[RCE]    y2  = [ 0, -19, 0, 0, -2499, 1008 ]
[RCE] cover key=12 g=0 #rat=6 dim(ker)=1
[RCE]    ds  = [ -24, -19, -40, -120, -51, -84 ]
[RCE]    s   = [ 0, 1, -8, -3/16, 9, -12 ]
[RCE]    y2  = [ -8/3, -19, 0, 0, -833/3, -84 ]
[RCE] cover key=13 g=0 #rat=6 dim(ker)=0
[RCE]    ds  = [ -24, -19, -40, -120, -51, -84 ]
[RCE]    s   = [ 0, 1, -8, -3/16, 9, -12 ]
[RCE]    y2  = [ 0, 1/16, 0, 15625/12288, 17/16, 1/3 ]
[RCE] cover key=14 g=0 #rat=6 dim(ker)=1
[RCE]    ds  = [ -24, -19, -40, -120, -51, -84 ]
[RCE]    s   = [ 0, 1, -8, -3/16, 9, -12 ]
[RCE]    y2  = [ 0, 1/16, -1/2, -3/256, 9/16, -3/4 ]
[RCE] cover key=15 g=0 #rat=6 dim(ker)=0
[RCE]    ds  = [ -24, -19, -40, -120, -51, -84 ]
[RCE]    s   = [ 0, 1, -8, -3/16, 9, -12 ]
[RCE]    y2  = [ -3, -19, 15625, 0, -147, 189 ]
[RCE] cover key=9 g=0 #rat=6 dim(ker)=0
[RCE]    ds  = [ -24, -19, -40, -120, -51, -84 ]
[RCE]    s   = [ 0, 1, -8, -3/16, 9, -12 ]
[RCE]    y2  = [ 0, -19, -15625000, 0, -1323, -2268 ]
[RCE] cover key=10 g=0 #rat=6 dim(ker)=0
[RCE]    ds  = [ -24, -19, -40, -120, -51, -84 ]
[RCE]    s   = [ 0, 1, -8, -3/16, 9, -12 ]
[RCE]    y2  = [ 1/2, 9/16, 0, 15625/256, 17/16, -1/4 ]
[ORACLE] 6 5 BUILD_FAIL Runtime error in 'QuadraticConstraintsOnEquations': 
Error in Schofer table  | values at rational points - no solution found!
[ORACLE] 6 5 elapsed 8.110 s
