
[ORACLE] ===== X0^6(59) =====
[PP] 6 59 form=-2 oo=[ <1, 24>, <3, -45>, <4, 16>, <5, 39>, <6, -1>, <7, 4>, <9,
18>, <11, 1>, <12, 14>, <14, 2>, <15, 9>, <16, 24>, <17, 7>, <18, -1>, <19, 17>,
<20, 18>, <21, 11>, <22, 3>, <23, 1>, <25, 6>, <26, 12>, <27, -11>, <28, -5>, 
<29, -20>, <31, 1>, <32, 1>, <35, 22>, <36, 7>, <38, -1>, <41, 3>, <43, 1>, <45,
-16>, <46, -13>, <48, 31>, <49, -2>, <51, 6>, <53, -20>, <54, -1>, <57, 7>, <59,
2>, <60, -20>, <62, 28>, <63, 10>, <64, -12>, <66, 2>, <68, -14>, <71, -29>, 
<183, -1>, <186, -23> ] zero=[]
[PP] 6 59 form=-1 oo=[ <1, -30>, <2, -1>, <3, 225/4>, <4, -20>, <5, -195/4>, <6,
-1/2>, <7, -5>, <9, -45/2>, <11, -3/2>, <12, -35/2>, <13, 1/2>, <14, -3/2>, <15,
-45/4>, <16, -30>, <17, -35/4>, <19, -85/4>, <20, -45/2>, <21, -55/4>, <22, 
-15/4>, <23, 3/2>, <24, -3/2>, <25, -15/2>, <26, -15>, <27, 55/4>, <28, 25/4>, 
<29, 25>, <32, -3/2>, <35, -55/2>, <36, -35/4>, <41, -15/4>, <42, 1/2>, <43, 1>,
<45, 20>, <46, 65/4>, <48, -155/4>, <49, 5/2>, <51, -15/2>, <52, -1/2>, <53, 
25>, <57, -35/4>, <59, -5/2>, <60, 25>, <62, -35>, <63, -25/2>, <64, 15>, <66, 
-5/2>, <68, 35/2>, <71, 145/4>, <160, 1>, <168, -1/2>, <172, -1>, <183, 2>, 
<185, 1>, <186, 115/4> ] zero=[]
[PP] 6 59 form=9 oo=[ <1, 16/23>, <2, -10>, <3, 16/23>, <4, -20/23>, <5, 
-20/23>, <6, -10>, <7, 18/23>, <8, -22>, <9, 12/23>, <10, -6>, <11, 40>, <12, 
-6/23>, <13, 2>, <14, 248/23>, <15, 6/23>, <16, -30/23>, <17, 66/23>, <18, 8>, 
<19, -4/23>, <20, 12/23>, <21, 38/23>, <22, 48/23>, <23, 432/23>, <25, 4/23>, 
<26, 8/23>, <27, 8/23>, <28, 12/23>, <29, 2/23>, <32, -244/23>, <35, -16/23>, 
<36, -26/23>, <37, 2>, <38, -584/23>, <40, 6>, <41, 48/23>, <45, 20/23>, <46, 
22/23>, <48, -10/23>, <49, 14/23>, <51, 4/23>, <53, 2/23>, <57, 20/23>, <59, 
32/23>, <60, 2/23>, <62, -12/23>, <63, 22/23>, <64, -8/23>, <66, 32/23>, <68, 
6/23>, <71, -4/23>, <177, 2>, <208, -2>, <220, 6>, <327, -4>, <333, -2>, <342, 
4>, <347, -14>, <350, 8>, <351, -12>, <353, 106/23>, <354, 2> ] zero=[]
[PP] 6 59 form=10 oo=[ <1, -174>, <2, -3>, <3, 325>, <4, -116>, <5, -281>, <6, 
-1>, <7, -26>, <8, -6>, <9, -128>, <10, -1>, <11, -5>, <12, -100>, <14, -6>, 
<15, -65>, <16, -174>, <17, -47>, <18, 6>, <19, -121>, <20, -130>, <21, -77>, 
<22, -21>, <23, -2>, <24, -7>, <25, -44>, <26, -86>, <27, 79>, <28, 37>, <29, 
146>, <31, -5>, <32, -7>, <35, -160>, <36, -51>, <38, 6>, <40, -1>, <41, -19>, 
<42, 1>, <43, 2>, <45, 116>, <46, 95>, <48, -225>, <49, 14>, <51, -44>, <53, 
144>, <57, -49>, <59, -14>, <60, 144>, <62, -202>, <63, -70>, <64, 86>, <66, 
-14>, <68, 100>, <71, 209>, <118, 2>, <151, 2>, <160, 2>, <162, -2>, <168, -1>, 
<172, -2>, <176, -3>, <177, 2>, <183, 9>, <185, 8>, <186, 167> ] zero=[]
[PP] 6 59 form=11 oo=[ <1, 74/23>, <2, -18>, <3, -64/23>, <4, -12/23>, <5, 
34/23>, <6, -14>, <7, 20/23>, <8, -28>, <9, 90/23>, <10, -8>, <11, 54>, <12, 
24/23>, <13, 4>, <14, 388/23>, <15, 22/23>, <16, 28/23>, <17, 150/23>, <18, 10>,
<19, 16/23>, <20, 44/23>, <21, 124/23>, <22, 38/23>, <23, 802/23>, <25, 30/23>, 
<26, 14/23>, <27, -32/23>, <28, 44/23>, <29, -8/23>, <32, -266/23>, <35, 18/23>,
<36, -34/23>, <37, 2>, <38, -930/23>, <40, 8>, <41, 84/23>, <45, 12/23>, <46, 
4/23>, <48, 40/23>, <49, -10/23>, <51, 30/23>, <53, -54/23>, <57, 58/23>, <59, 
56/23>, <60, -54/23>, <62, 94/23>, <63, 50/23>, <64, -14/23>, <66, 56/23>, <68, 
-24/23>, <71, -76/23>, <118, 2>, <208, -4>, <220, 10>, <327, -6>, <333, -2>, 
<342, 6>, <347, -20>, <350, 12>, <351, -18>, <353, 82/23>, <354, 2> ] zero=[]
[PP] 6 59 form=12 oo=[ <1, 48/23>, <2, -14>, <3, -44/23>, <4, -14/23>, <5, 
32/23>, <6, -16>, <7, 54/23>, <8, -32>, <9, 82/23>, <10, -8>, <11, 60>, <12, 
28/23>, <13, 4>, <14, 422/23>, <15, 18/23>, <16, 2/23>, <17, 152/23>, <18, 14>, 
<19, 34/23>, <20, 36/23>, <21, 114/23>, <22, 52/23>, <23, 744/23>, <25, 12/23>, 
<26, 24/23>, <27, -22/23>, <28, 36/23>, <29, 6/23>, <32, -364/23>, <35, -2/23>, 
<36, -32/23>, <37, 4>, <38, -924/23>, <40, 8>, <41, 98/23>, <45, 14/23>, <46, 
20/23>, <48, 16/23>, <49, -4/23>, <51, 12/23>, <53, -40/23>, <57, 60/23>, <59, 
50/23>, <60, -40/23>, <62, 56/23>, <63, 66/23>, <64, -24/23>, <66, 50/23>, <68, 
-28/23>, <71, -58/23>, <118, 2>, <177, 2>, <208, -4>, <220, 10>, <327, -6>, 
<333, -4>, <342, 8>, <347, -22>, <350, 12>, <351, -18>, <353, 134/23>, <354, 2> 
] zero=[]
[PP] 6 59 form=13 oo=[ <1, -152>, <2, -3>, <3, 285>, <4, -102>, <5, -247>, <6, 
-1>, <7, -24>, <8, -4>, <9, -112>, <10, -1>, <11, -5>, <12, -88>, <14, -6>, <15,
-57>, <16, -152>, <17, -41>, <18, 4>, <19, -107>, <20, -114>, <21, -67>, <22, 
-19>, <23, -2>, <24, -5>, <25, -38>, <26, -76>, <27, 69>, <28, 33>, <29, 128>, 
<31, -3>, <32, -5>, <35, -140>, <36, -45>, <38, 4>, <40, -1>, <41, -17>, <42, 
1>, <43, 2>, <45, 102>, <46, 83>, <48, -197>, <49, 12>, <51, -38>, <53, 126>, 
<57, -43>, <59, -12>, <60, 126>, <62, -176>, <63, -62>, <64, 76>, <66, -12>, 
<68, 88>, <71, 183>, <118, 2>, <151, 2>, <160, 2>, <162, -2>, <168, -1>, <172, 
-2>, <176, -3>, <183, 7>, <185, 6>, <186, 147> ] zero=[]
[PP] 6 59 form=14 oo=[ <1, -22>, <3, 40>, <4, -14>, <5, -34>, <7, -2>, <8, -2>, 
<9, -16>, <12, -12>, <15, -8>, <16, -22>, <17, -6>, <18, 2>, <19, -14>, <20, 
-16>, <21, -10>, <22, -2>, <24, -2>, <25, -6>, <26, -10>, <27, 10>, <28, 4>, 
<29, 18>, <31, -2>, <32, -2>, <35, -20>, <36, -6>, <38, 2>, <41, -2>, <45, 14>, 
<46, 12>, <48, -28>, <49, 2>, <51, -6>, <53, 18>, <57, -6>, <59, -2>, <60, 18>, 
<62, -26>, <63, -8>, <64, 10>, <66, -2>, <68, 12>, <71, 26>, <177, 2>, <183, 2>,
<185, 2>, <186, 20> ] zero=[]
[PP] 6 59 form=15 oo=[ <1, 42/23>, <2, -6>, <3, -4/23>, <4, -18/23>, <5, 
-18/23>, <6, -8>, <7, -16/23>, <8, -16>, <9, 20/23>, <10, -4>, <11, 28>, <12, 
-10/23>, <14, 214/23>, <15, 10/23>, <16, -4/23>, <17, 64/23>, <18, 6>, <19, 
-22/23>, <20, 20/23>, <21, 48/23>, <22, 34/23>, <23, 352/23>, <25, 22/23>, <26, 
-2/23>, <27, -2/23>, <28, 20/23>, <29, -12/23>, <32, -146/23>, <35, 4/23>, <36, 
-28/23>, <37, 2>, <38, -452/23>, <40, 4>, <41, 34/23>, <45, 18/23>, <46, 6/23>, 
<48, 14/23>, <49, 8/23>, <51, 22/23>, <53, -12/23>, <57, 18/23>, <59, 38/23>, 
<60, -12/23>, <62, 26/23>, <63, 6/23>, <64, 2/23>, <66, 38/23>, <68, 10/23>, 
<71, -22/23>, <124, -2>, <220, 4>, <327, -2>, <333, -2>, <342, 4>, <347, -10>, 
<350, 6>, <351, -8>, <353, 54/23>, <354, 2> ] zero=[]

[AEC] d_divs = [ -24, -40, -24, -43 ]
[AEC] #all_cm_pts = 2, discs = [ <-24, 2, 1>, <-91, 1, 2> ]
[EXP] d=-40   #fs=9   d_fund=-40   Nprimes=[ 59 ]   fires=false  vals[9]=-Log3
[EXP] d=-43   #fs=9   d_fund=-43   Nprimes=[ 59 ]   fires=false  vals[9]=Log0
[EXP] d=-708  #fs=9   d_fund=-708  Nprimes=[]       fires=false  
vals[9]=-2Log2-Log3-11/2Log59
[EXP] d=-52   #fs=9   d_fund=-52   Nprimes=[ 59 ]   fires=false  vals[9]=0
[EXP] d=-67   #fs=9   d_fund=-67   Nprimes=[ 59 ]   fires=false  
vals[9]=Log2-Log3
[EXP] d=-120  #fs=9   d_fund=-120  Nprimes=[ 59 ]   fires=false  vals[9]=-Log3
[EXP] d=-132  #fs=9   d_fund=-132  Nprimes=[ 59 ]   fires=false  vals[9]=0
[EXP] d=-148  #fs=9   d_fund=-148  Nprimes=[ 59 ]   fires=false  vals[9]=Log3
[EXP] d=-168  #fs=9   d_fund=-168  Nprimes=[ 59 ]   fires=false  
vals[9]=-Log3+Log5
[EXP] d=-232  #fs=9   d_fund=-232  Nprimes=[ 59 ]   fires=false  
vals[9]=-Log3+Log7
[MAP] keys_fs = [ 11, 12, 13, 14, 15, 9, -1, 10, -2 ]  sIndex = 7  sTildeIndex =
9

[VACM] allds = [ -24, -40, -43, -708, -52, -67, -120, -132, -148, -168, -232 ]
[VACM] s_idx=7 stilde_idx=9  #table=9  #s=11
[VACM] s      = [
Logoo,
Log0,
2Log2,
Log5+55/8Log59,
3Log2,
2Log2,
3Log2,
4Log2,
5Log2,
4Log2,
3Log2+Log3
]
[VACM] stilde = [
Logoo,
-Log3,
Log0,
-2Log2-Log3-11/2Log59,
0,
Log2-Log3,
-Log3,
0,
Log3,
-Log3+Log5,
-Log3+Log7
]
[VACM] Index(s,0)=2  Index(stilde,0)=3
[ORACLE] 6 59 BUILD_FAIL Runtime error in 'RationalNumber': s does not represent
a rational number!
[ORACLE] 6 59 elapsed 2341.460 s
