
[ORACLE] ===== X0^6(61) =====
[PP] 6 61 form=-2 oo=[ <1, -3>, <2, 3>, <3, -2>, <4, 1>, <5, 7>, <7, 3>, <9, 5>,
<10, -3>, <12, 2>, <13, -1>, <14, -9>, <15, 8>, <16, 4>, <18, -3>, <19, -1>, 
<20, -8>, <21, -3>, <23, 3>, <24, -3>, <26, -3>, <28, -3>, <29, -6>, <31, -3>, 
<32, -3>, <35, 3>, <36, -3>, <37, -3>, <38, 3>, <39, -2>, <40, 3>, <41, -4>, 
<43, -3>, <44, 3>, <45, 5>, <46, 5>, <47, 6>, <48, -6>, <51, 3>, <52, 1>, <55, 
3>, <56, 11>, <60, -2>, <62, 3/2>, <64, -4>, <65, -3>, <156, -2>, <170, 1/2>, 
<171, 2>, <179, -1/2>, <180, -3>, <182, -2>, <183, 6>, <184, -5> ] zero=[]
[PP] 6 61 form=-1 oo=[ <1, -2>, <2, 1>, <3, -2>, <5, 4>, <7, 1>, <9, 6>, <10, 
-1>, <14, -8>, <15, 6>, <16, 4>, <18, -1>, <19, -2>, <20, -10>, <21, -1>, <23, 
1>, <24, -1>, <26, -1>, <28, -1>, <29, -2>, <31, -1>, <32, -1>, <35, 1>, <36, 
-2>, <37, -1>, <38, 1>, <39, -2>, <40, 1>, <41, -2>, <43, -1>, <44, 1>, <45, 4>,
<46, 4>, <47, 4>, <48, -4>, <51, 1>, <55, 1>, <56, 6>, <60, -2>, <62, -1>, <64, 
-2>, <65, -6>, <156, -2>, <170, -1>, <171, 2>, <179, -3>, <180, -2>, <182, -2>, 
<183, 2>, <184, -4> ] zero=[]
[PP] 6 61 form=8 oo=[ <1, -10>, <2, -7>, <3, -16>, <4, 8>, <5, -8>, <6, 2>, <7, 
-9>, <8, -1>, <9, 20>, <10, 9>, <11, 1>, <12, 16>, <13, -6>, <14, -10>, <15, 
-30>, <16, 16>, <17, -3>, <18, 6>, <19, 10>, <20, -14>, <21, 8>, <22, -18>, <23,
-8>, <24, 8>, <25, -12>, <26, 6>, <27, 2>, <28, 5>, <29, 13>, <30, 2>, <31, 6>, 
<32, 7>, <35, -8>, <36, -26>, <37, 6>, <38, -7>, <39, 6>, <40, -6>, <43, 7>, 
<44, -9>, <45, 8>, <47, -10>, <48, -20>, <50, -3>, <51, -8>, <52, 6>, <54, -2>, 
<55, -9>, <56, -8>, <59, 1>, <60, -4>, <62, -4>, <64, -14>, <65, -18>, <74, -6>,
<75, 8>, <76, -10>, <77, 16>, <80, 6>, <81, 6>, <88, 18>, <100, 12>, <183, -14>,
<300, -8>, <366, 2> ] zero=[]
[PP] 6 61 form=9 oo=[ <1, -2>, <2, 1>, <3, -2>, <5, 4>, <7, 1>, <9, 6>, <10, 
-1>, <14, -8>, <15, 6>, <16, 4>, <18, -1>, <19, -2>, <20, -10>, <21, -1>, <23, 
1>, <24, -1>, <26, -1>, <28, -1>, <29, -2>, <31, -1>, <32, -1>, <35, 1>, <36, 
-2>, <37, -1>, <38, 1>, <39, -2>, <40, 1>, <41, -2>, <43, -1>, <44, 1>, <45, 4>,
<46, 4>, <47, 4>, <48, -4>, <51, 1>, <55, 1>, <56, 6>, <60, -2>, <62, -1>, <64, 
-2>, <65, -6>, <156, -2>, <170, -1>, <171, 2>, <179, -3>, <180, -2>, <182, -2>, 
<183, 2>, <184, -4> ] zero=[]
[PP] 6 61 form=10 oo=[ <1, -12>, <2, -10>, <3, -20>, <4, 10>, <5, -10>, <6, 2>, 
<7, -12>, <8, -1>, <9, 26>, <10, 12>, <11, 1>, <12, 18>, <13, -6>, <14, -14>, 
<15, -36>, <16, 20>, <17, -3>, <18, 9>, <19, 12>, <20, -20>, <21, 11>, <22, 
-22>, <23, -11>, <24, 11>, <25, -14>, <26, 9>, <27, 2>, <28, 8>, <29, 19>, <30, 
2>, <31, 9>, <32, 10>, <35, -11>, <36, -32>, <37, 9>, <38, -10>, <39, 6>, <40, 
-9>, <41, -2>, <43, 10>, <44, -12>, <45, 10>, <47, -10>, <48, -24>, <50, -3>, 
<51, -11>, <52, 6>, <54, -2>, <55, -12>, <56, -10>, <59, 1>, <60, -6>, <62, -6>,
<64, -16>, <65, -24>, <74, -6>, <75, 10>, <76, -12>, <77, 20>, <80, 6>, <81, 8>,
<88, 22>, <100, 14>, <183, -20>, <300, -10>, <366, 2> ] zero=[]
[PP] 6 61 form=11 oo=[ <1, -18>, <2, -13>, <3, -30>, <4, 14>, <5, -12>, <6, 2>, 
<7, -17>, <8, -1>, <9, 36>, <10, 15>, <11, 1>, <12, 28>, <13, -10>, <14, -24>, 
<15, -54>, <16, 28>, <17, -3>, <18, 12>, <19, 18>, <20, -32>, <21, 14>, <22, 
-32>, <23, -14>, <24, 14>, <25, -20>, <26, 12>, <27, 2>, <28, 11>, <29, 25>, 
<30, 2>, <31, 12>, <32, 13>, <35, -14>, <36, -46>, <37, 14>, <38, -13>, <39, 8>,
<40, -12>, <41, -2>, <43, 13>, <44, -15>, <45, 16>, <47, -14>, <48, -36>, <50, 
-3>, <51, -14>, <52, 10>, <54, -2>, <55, -17>, <56, -12>, <59, 1>, <60, -8>, 
<61, 2>, <62, -8>, <64, -26>, <65, -36>, <74, -12>, <75, 14>, <76, -18>, <77, 
28>, <80, 8>, <81, 12>, <88, 32>, <100, 20>, <183, -26>, <300, -14>, <366, 2> ] 
zero=[]
[PP] 6 61 form=12 oo=[ <1, -8>, <2, 4>, <3, -8>, <5, 8>, <7, 2>, <9, 14>, <10, 
-4>, <12, 2>, <14, -20>, <15, 8>, <16, 8>, <18, -4>, <19, -4>, <20, -18>, <21, 
-4>, <23, 4>, <24, -4>, <26, -4>, <28, -4>, <29, -8>, <31, -4>, <32, -4>, <35, 
4>, <36, -6>, <37, -2>, <38, 4>, <39, -8>, <40, 4>, <41, -6>, <42, 4>, <43, -4>,
<44, 4>, <45, 8>, <46, 10>, <48, -12>, <51, 4>, <55, 2>, <56, 16>, <61, 2>, <64,
-8>, <65, -8>, <76, -2>, <156, -2>, <168, -4>, <170, 2>, <171, 6>, <179, -2>, 
<182, -2>, <183, 8>, <184, -10> ] zero=[]
[PP] 6 61 form=13 oo=[ <1, -10>, <2, 3>, <3, -10>, <5, 6>, <7, 1>, <9, 20>, <10,
-3>, <13, 2>, <14, -26>, <15, 8>, <16, 10>, <18, -3>, <19, -6>, <20, -26>, <21, 
-3>, <23, 3>, <24, -3>, <26, -3>, <28, -3>, <29, -6>, <31, -3>, <32, -3>, <35, 
3>, <36, -8>, <37, -1>, <38, 3>, <39, -12>, <40, 3>, <41, -6>, <42, 6>, <43, 
-3>, <44, 3>, <45, 8>, <46, 12>, <47, -4>, <48, -14>, <51, 3>, <52, -2>, <55, 
1>, <56, 16>, <61, 2>, <62, -3>, <64, -8>, <65, -14>, <76, -2>, <156, -2>, <168,
-6>, <170, 1>, <171, 8>, <179, -5>, <180, 2>, <182, -2>, <183, 6>, <184, -12> ] 
zero=[]
[PP] 6 61 form=14 oo=[ <1, -20>, <2, -16>, <3, -34>, <4, 16>, <5, -14>, <6, 2>, 
<7, -20>, <8, -1>, <9, 42>, <10, 18>, <11, 1>, <12, 30>, <13, -10>, <14, -28>, 
<15, -60>, <16, 32>, <17, -3>, <18, 15>, <19, 20>, <20, -38>, <21, 17>, <22, 
-36>, <23, -17>, <24, 17>, <25, -22>, <26, 15>, <27, 2>, <28, 14>, <29, 31>, 
<30, 2>, <31, 15>, <32, 16>, <35, -17>, <36, -52>, <37, 17>, <38, -16>, <39, 8>,
<40, -15>, <41, -4>, <43, 16>, <44, -18>, <45, 18>, <47, -14>, <48, -40>, <50, 
-3>, <51, -17>, <52, 10>, <54, -2>, <55, -20>, <56, -14>, <59, 1>, <60, -10>, 
<61, 2>, <62, -10>, <64, -28>, <65, -42>, <74, -12>, <75, 16>, <76, -20>, <77, 
32>, <80, 8>, <81, 14>, <88, 36>, <100, 22>, <183, -32>, <300, -16>, <366, 2> ] 
zero=[]

[AEC] d_divs = [ -3, -4, -3, -19 ]
[AEC] #all_cm_pts = 2, discs = [ <-3, 6, 1>, <-136, 1, 2> ]
[EXP] d=-4    #fs=9   d_fund=-4    Nprimes=[ 61 ]   fires=false  
vals[9]=-14Log2+1/2Log3
[EXP] d=-19   #fs=9   d_fund=-19   Nprimes=[ 61 ]   fires=false  vals[9]=Log0
[EXP] d=-52   #fs=9   d_fund=-52   Nprimes=[ 61 ]   fires=false  
vals[9]=-13Log2+1/2Log3
[EXP] d=-88   #fs=9   d_fund=-88   Nprimes=[ 61 ]   fires=false  
vals[9]=-15Log2+1/2Log3
[EXP] d=-123  #fs=9   d_fund=-123  Nprimes=[ 61 ]   fires=false  
vals[9]=-12Log2+1/2Log3
[EXP] d=-163  #fs=9   d_fund=-163  Nprimes=[ 61 ]   fires=false  
vals[9]=-11Log2-3/2Log3
[EXP] d=-168  #fs=9   d_fund=-168  Nprimes=[ 61 ]   fires=false  
vals[9]=-12Log2-1/2Log3
[EXP] d=-228  #fs=9   d_fund=-228  Nprimes=[ 61 ]   fires=false  
vals[9]=-13Log2-1/2Log3
[EXP] d=-232  #fs=9   d_fund=-232  Nprimes=[ 61 ]   fires=false  
vals[9]=-14Log2+3/2Log3
[EXP] d=-408  #fs=9   d_fund=-408  Nprimes=[ 61 ]   fires=false  
vals[9]=-14Log2+1/2Log3
[MAP] keys_fs = [ 11, 12, 13, 14, 8, 9, -1, 10, -2 ]  sIndex = 7  sTildeIndex = 
9

[VACM] allds = [ -3, -4, -19, -52, -88, -123, -163, -168, -228, -232, -408 ]
[VACM] s_idx=7 stilde_idx=9  #table=9  #s=11
[VACM] s      = [
Logoo,
Log0,
-Log2-Log3,
-Log2-Log3,
-2Log2-Log3,
-Log2,
-Log2-3Log3,
-Log2-2Log3,
-Log2-2Log3,
-Log3,
-Log3
]
[VACM] stilde = [
Logoo,
-3Log2+Log3,
Log0,
-2Log2+Log3,
-4Log2+Log3,
-Log2+Log3,
-Log3,
-Log2,
-2Log2,
-3Log2+2Log3,
-3Log2+Log3
]
[VACM] Index(s,0)=2  Index(stilde,0)=3

[find_signs] ds = [ -3, -4, -19, -52, -88, -123, -163, -168, -228, -232, -408 ]
[find_signs] degs = [ 1, 1, 1, 1, 1, 1, 1, 1, 1, 1, 1 ]
[find_signs] s = [* Infinity, 0, 1/6, 1/6, 1/12, 1/2, 1/54, 1/18, 1/18, 1/3, 1/3
*]
[find_signs] stilde = [* Infinity, 3/8, 0, 3/4, 3/16, 3/2, 1/3, 1/2, 1/4, 9/8, 
3/8 *]
[find_signs] Index(s,0)=2 Index(stilde,0)=3 Index(s,oo)=1 Index(stilde,oo)=1
[RCE] cover key=11 g=2 #rat=10 dim(ker)=1
[RCE]    ds  = [ -4, -19, -52, -88, -123, -163, -168, -228, -232, -408 ]
[RCE]    s   = [ 0, 1, -1, 1/2, -3, 1/9, -1/3, 1/3, -2, 2 ]
[RCE]    y2  = [ -1/4096, -19/9216, -117/16384, -99/8388608, -41/192, 
-47107/544195584, -7/4374, -19/35831808, -29/1179648, -22491/131072 ]
[RCE] cover key=12 g=1 #rat=10 dim(ker)=1
[RCE]    ds  = [ -4, -19, -52, -88, -123, -163, -168, -228, -232, -408 ]
[RCE]    s   = [ 0, 1, -1, 1/2, -3, 1/9, -1/3, 1/3, -2, 2 ]
[RCE]    y2  = [ 81/1024, 9/64, 81/256, 81/4096, -27/16, 289/5184, 1/6, 19/768, 
9/1024, 1377/1024 ]
[RCE] cover key=13 g=1 #rat=10 dim(ker)=1
[RCE]    ds  = [ -4, -19, -52, -88, -123, -163, -168, -228, -232, -408 ]
[RCE]    s   = [ 0, 1, -1, 1/2, -3, 1/9, -1/3, 1/3, -2, 2 ]
[RCE]    y2  = [ 0, 1/64, -9/256, 9/8192, 9/16, 289/419904, -1/162, 19/20736, 
-1/512, 153/512 ]
[RCE] cover key=14 g=3 #rat=10 dim(ker)=1
[RCE]    ds  = [ -4, -19, -52, -88, -123, -163, -168, -228, -232, -408 ]
[RCE]    s   = [ 0, 1, -1, 1/2, -3, 1/9, -1/3, 1/3, -2, 2 ]
[RCE]    y2  = [ 0, -19/82944, 13/16384, -11/16777216, 41/576, 
-47107/44079842304, 7/118098, -19/967458816, 29/5308416, -2499/65536 ]
[RCE] cover key=8 g=1 #rat=10 dim(ker)=1
[RCE]    ds  = [ -4, -19, -52, -88, -123, -163, -168, -228, -232, -408 ]
[RCE]    s   = [ 0, 1, -1, 1/2, -3, 1/9, -1/3, 1/3, -2, 2 ]
[RCE]    y2  = [ -1/4, -19/16, -117/64, -99/2048, 41/4, -163/1296, -7/9, -1/576,
-29/128, -1323/128 ]
[RCE] cover key=9 g=0 #rat=10 dim(ker)=1
[RCE]    ds  = [ -4, -19, -52, -88, -123, -163, -168, -228, -232, -408 ]
[RCE]    s   = [ 0, 1, -1, 1/2, -3, 1/9, -1/3, 1/3, -2, 2 ]
[RCE]    y2  = [ 0, 1/36, -1/36, 1/72, -1/12, 1/324, -1/108, 1/108, -1/18, 1/18 
]
[RCE] cover key=10 g=1 #rat=10 dim(ker)=1
[RCE]    ds  = [ -4, -19, -52, -88, -123, -163, -168, -228, -232, -408 ]
[RCE]    s   = [ 0, 1, -1, 1/2, -3, 1/9, -1/3, 1/3, -2, 2 ]
[RCE]    y2  = [ 0, -19/144, 13/64, -11/4096, -41/12, -163/104976, 7/243, 
-1/15552, 29/576, -147/64 ]
[ORACLE] 6 61 BUILD_OK (term already consistent; multipliers may all be 0)
[ORACLE] 6 61 elapsed 2068.380 s
