
[ORACLE] ===== X0^6(67) =====
[PP] 6 67 form=-2 oo=[ <2, -1>, <3, -2>, <5, 2>, <8, -7/2>, <11, -1/2>, <12, 
-2>, <13, -1/2>, <18, -1>, <20, -1>, <28, -1>, <31, -2>, <32, 1>, <34, 1/2>, 
<38, -7/2>, <41, -4>, <44, -1>, <45, 2>, <46, 1>, <48, -1>, <50, -5/2>, <51, 1>,
<52, 1/2>, <53, -5/2>, <63, -2>, <99, 1>, <124, -1>, <136, -1/2>, <162, 2>, 
<175, -1>, <176, 3/2>, <182, -1/2>, <184, -1>, <185, -2>, <192, -1>, <197, -1> ]
zero=[]
[PP] 6 67 form=-1 oo=[ <2, -3>, <3, -4>, <5, 1>, <7, 3>, <8, -9>, <11, -4>, <12,
-2>, <13, -4>, <18, -4>, <20, -4>, <27, 2>, <28, 1>, <31, -4>, <32, 2>, <34, 1>,
<38, -8>, <41, -8>, <44, -4>, <45, 4>, <46, 3>, <48, -1>, <50, -6>, <52, 3>, 
<53, -6>, <63, -7>, <99, -1>, <117, 1>, <136, -1>, <162, 4>, <172, 1>, <175, 
-1>, <176, 4>, <182, -3>, <184, -3>, <185, -4>, <192, -1>, <197, -1> ] zero=[]
[PP] 6 67 form=8 oo=[ <1, 1>, <2, 18>, <3, -6>, <4, -2>, <5, -44>, <6, -1>, <7, 
-84>, <8, -56>, <9, -3>, <10, 4>, <11, -32>, <12, -14>, <13, 18>, <14, -1>, <15,
-1>, <16, 3>, <17, -4>, <18, -6>, <19, -3>, <20, 34>, <21, -1>, <22, 2>, <23, 
1>, <24, 2>, <25, -4>, <26, -2>, <27, -10>, <28, 8>, <29, -4>, <30, 22>, <31, 
54>, <32, -8>, <35, -3>, <36, 1>, <37, 2>, <38, -2>, <39, 1>, <40, -2>, <41, 4>,
<44, -26>, <45, 2>, <47, 2>, <48, -12>, <49, -1>, <50, -8>, <52, -26>, <53, -6>,
<54, -3>, <55, -4>, <56, -2>, <59, -1>, <60, 5>, <62, -2>, <63, 38>, <64, -3>, 
<72, 20>, <74, -28>, <78, -4>, <79, -8>, <80, 8>, <85, 46>, <87, -26>, <99, 2>, 
<112, 4>, <117, 8>, <120, -22>, <124, 6>, <201, 2>, <312, 4>, <340, -46>, <402, 
2> ] zero=[]
[PP] 6 67 form=9 oo=[ <1, 1>, <2, -22>, <3, -12>, <4, -2>, <5, 16>, <6, -1>, <7,
6>, <8, -11>, <9, -1>, <11, -13>, <12, -6>, <13, -11>, <14, -1>, <15, -1>, <16, 
1>, <18, -10>, <19, -1>, <20, -10>, <21, -1>, <23, -1>, <25, -2>, <27, 4>, <28, 
4>, <31, -10>, <32, 4>, <34, 3>, <35, -1>, <36, -1>, <38, -14>, <39, -1>, <41, 
-22>, <43, -2>, <44, -12>, <45, 10>, <46, 8>, <48, -2>, <49, -1>, <50, -8>, <52,
7>, <53, -15>, <54, -1>, <59, -1>, <60, 1>, <63, -18>, <64, -1>, <99, -4>, <117,
4>, <136, -3>, <162, 12>, <172, 2>, <175, -4>, <176, 11>, <184, -8>, <185, 4>, 
<192, -2>, <197, -2>, <200, 7>, <201, 2> ] zero=[]
[PP] 6 67 form=10 oo=[ <2, 14>, <3, -2>, <5, -28>, <7, -48>, <8, -32>, <9, -2>, 
<10, 4>, <11, -18>, <12, -8>, <13, 10>, <16, 2>, <17, -4>, <18, -4>, <19, -2>, 
<20, 24>, <22, 2>, <23, 2>, <24, 2>, <25, -2>, <26, -2>, <27, -6>, <28, 6>, <29,
-4>, <30, 14>, <31, 34>, <32, -6>, <35, -2>, <36, 2>, <37, 2>, <38, -2>, <39, 
2>, <40, -2>, <41, 4>, <44, -14>, <47, 2>, <48, -8>, <50, -2>, <52, -16>, <53, 
-4>, <54, -2>, <55, -4>, <56, -2>, <60, 4>, <62, -2>, <63, 26>, <64, -2>, <72, 
12>, <74, -14>, <79, -4>, <80, 4>, <85, 28>, <87, -16>, <98, -2>, <112, 2>, 
<117, 6>, <120, -14>, <124, 4>, <340, -28>, <402, 2> ] zero=[]
[PP] 6 67 form=11 oo=[ <1, 1>, <2, 18>, <3, -6>, <4, -2>, <5, -48>, <6, -1>, <7,
-98>, <8, -64>, <9, -3>, <10, 4>, <11, -38>, <12, -18>, <13, 22>, <14, -1>, <15,
-1>, <16, 3>, <17, -4>, <18, -4>, <19, -1>, <20, 38>, <21, -1>, <22, 2>, <23, 
1>, <24, 2>, <25, -4>, <26, -2>, <27, -12>, <28, 8>, <29, -4>, <30, 24>, <31, 
62>, <32, -8>, <35, -3>, <36, 1>, <37, 2>, <38, -2>, <39, 1>, <41, 6>, <44, 
-30>, <45, 2>, <47, 2>, <48, -12>, <49, -1>, <50, -10>, <52, -30>, <53, -6>, 
<54, -3>, <55, -2>, <56, -2>, <59, -1>, <60, 5>, <62, -2>, <63, 44>, <64, -1>, 
<67, 2>, <72, 22>, <74, -34>, <78, -6>, <79, -10>, <80, 8>, <85, 52>, <87, -28>,
<99, 4>, <112, 4>, <117, 8>, <120, -24>, <124, 6>, <201, 2>, <312, 6>, <340, 
-52>, <402, 2> ] zero=[]
[PP] 6 67 form=12 oo=[ <2, -2>, <3, -8>, <5, -4>, <7, 4>, <8, -25>, <11, -9>, 
<12, -4>, <13, -5>, <18, -4>, <19, 2>, <20, -2>, <27, 6>, <28, 2>, <31, -4>, 
<32, 6>, <34, 3>, <38, -17>, <40, 2>, <41, -14>, <44, -8>, <45, 8>, <46, 4>, 
<48, -2>, <50, -11>, <52, 3>, <53, -13>, <55, 2>, <63, -8>, <64, 2>, <67, 2>, 
<117, 2>, <124, 2>, <136, -3>, <162, 8>, <175, -2>, <176, 11>, <182, -7>, <184, 
-4>, <185, -10>, <192, 2>, <197, -2> ] zero=[]
[PP] 6 67 form=13 oo=[ <1, 1>, <2, -6>, <3, -12>, <4, -2>, <5, 10>, <6, -1>, <7,
2>, <8, -14>, <9, -1>, <11, -10>, <12, -10>, <13, -8>, <14, -1>, <15, -1>, <16, 
1>, <18, -6>, <19, 1>, <20, -4>, <21, -1>, <23, -1>, <25, -2>, <27, 2>, <28, 2>,
<31, -10>, <32, 2>, <34, 2>, <35, -1>, <36, -1>, <38, -12>, <39, -1>, <40, 2>, 
<41, -20>, <43, -2>, <44, -8>, <45, 10>, <46, 8>, <49, -1>, <50, -8>, <52, 6>, 
<53, -12>, <54, -1>, <55, 2>, <59, -1>, <60, 1>, <63, -14>, <64, 1>, <67, 2>, 
<117, 2>, <124, -2>, <136, -2>, <162, 12>, <172, 2>, <175, -6>, <176, 6>, <184, 
-8>, <185, -4>, <192, -4>, <200, 2>, <201, 2> ] zero=[]
[PP] 6 67 form=14 oo=[ <2, 14>, <3, -2>, <5, -30>, <7, -56>, <8, -38>, <9, -2>, 
<10, 4>, <11, -22>, <12, -12>, <13, 12>, <16, 2>, <17, -4>, <18, -2>, <20, 28>, 
<22, 2>, <23, 2>, <24, 2>, <25, -2>, <26, -2>, <27, -8>, <28, 6>, <29, -4>, <30,
16>, <31, 38>, <32, -8>, <35, -2>, <36, 2>, <37, 2>, <38, -4>, <39, 2>, <41, 6>,
<44, -16>, <47, 2>, <48, -8>, <50, -2>, <52, -18>, <53, -6>, <54, -2>, <55, -2>,
<56, -2>, <60, 4>, <62, -2>, <63, 30>, <67, 2>, <72, 14>, <74, -18>, <79, -6>, 
<80, 2>, <85, 32>, <87, -18>, <98, -4>, <99, 2>, <112, 2>, <117, 6>, <120, -16>,
<124, 4>, <340, -32>, <402, 2> ] zero=[]

[AEC] d_divs = [ -3, -43, -3, -51 ]
[AEC] #all_cm_pts = 2, discs = [ <-3, 6, 1>, <-115, 1, 2> ]
[EXP] d=-43   #fs=9   d_fund=-43   Nprimes=[ 67 ]   fires=false  
vals[9]=-11Log2-5/2Log3
[EXP] d=-51   #fs=9   d_fund=-51   Nprimes=[ 67 ]   fires=false  vals[9]=Log0
[EXP] d=-67   #fs=9   d_fund=-67   Nprimes=[]       fires=false  
vals[9]=-13Log2-3/2Log3
[EXP] d=-52   #fs=9   d_fund=-52   Nprimes=[ 67 ]   fires=false  
vals[9]=-11Log2-3/2Log3
[EXP] d=-120  #fs=9   d_fund=-120  Nprimes=[ 67 ]   fires=false  
vals[9]=-11Log2-3/2Log3
[EXP] d=-168  #fs=9   d_fund=-168  Nprimes=[ 67 ]   fires=false  
vals[9]=-11Log2-5/2Log3
[EXP] d=-228  #fs=9   d_fund=-228  Nprimes=[ 67 ]   fires=false  
vals[9]=-12Log2-3/2Log3
[EXP] d=-232  #fs=9   d_fund=-232  Nprimes=[ 67 ]   fires=false  
vals[9]=-11Log2-3/2Log3+Log7
[EXP] d=-267  #fs=9   d_fund=-267  Nprimes=[ 67 ]   fires=false  
vals[9]=-10Log2-3/2Log3
[EXP] d=-312  #fs=9   d_fund=-312  Nprimes=[ 67 ]   fires=false  
vals[9]=-11Log2-7/2Log3
[MAP] keys_fs = [ 11, 12, 13, 14, 8, 9, -1, 10, -2 ]  sIndex = 7  sTildeIndex = 
9

[VACM] allds = [ -3, -43, -51, -67, -52, -120, -168, -228, -232, -267, -312 ]
[VACM] s_idx=7 stilde_idx=9  #table=9  #s=11
[VACM] s      = [
Logoo,
Log0,
-2Log2,
-4Log2,
-Log2,
0,
-Log2,
-3Log2+Log5,
Log5,
-2Log2+Log7,
-Log3
]
[VACM] stilde = [
Logoo,
-Log2-Log3,
Log0,
-3Log2,
-Log2,
-Log2,
-Log2-Log3,
-2Log2,
-Log2+Log7,
0,
-Log2-2Log3
]
[VACM] Index(s,0)=2  Index(stilde,0)=3

[find_signs] ds = [ -3, -43, -51, -67, -52, -120, -168, -228, -232, -267, -312 ]
[find_signs] degs = [ 1, 1, 1, 1, 1, 1, 1, 1, 1, 1, 1 ]
[find_signs] s = [* Infinity, 0, 1/4, 1/16, 1/2, 1, 1/2, 5/8, 5, 7/4, 1/3 *]
[find_signs] stilde = [* Infinity, 1/6, 0, 1/8, 1/2, 1/2, 1/6, 1/4, 7/2, 1, 1/18
*]
[find_signs] Index(s,0)=2 Index(stilde,0)=3 Index(s,oo)=1 Index(stilde,oo)=1
[RCE] cover key=11 g=3 #rat=10 dim(ker)=1
[RCE]    ds  = [ -43, -51, -67, -52, -120, -168, -228, -232, -267, -312 ]
[RCE]    s   = [ 0, 1, 1/4, -2, 4, 2, 5/2, -20, 7, 4/3 ]
[RCE]    y2  = [ -43/44079842304, -17/185752092672, 0, -13/2985984, -5/5668704, 
-7/29386561536, -19/16307453952, -29/2, -10769/28311552, -13/188286357654 ]
[RCE] cover key=12 g=0 #rat=10 dim(ker)=1
[RCE]    ds  = [ -43, -51, -67, -52, -120, -168, -228, -232, -267, -312 ]
[RCE]    s   = [ 0, 1, 1/4, -2, 4, 2, 5/2, -20, 7, 4/3 ]
[RCE]    y2  = [ 1/81, -1/27, 0, 1/9, -5/27, -7/81, -1/9, 1, -1/3, -13/243 ]
[RCE] cover key=13 g=1 #rat=10 dim(ker)=1
[RCE]    ds  = [ -43, -51, -67, -52, -120, -168, -228, -232, -267, -312 ]
[RCE]    s   = [ 0, 1, 1/4, -2, 4, 2, 5/2, -20, 7, 4/3 ]
[RCE]    y2  = [ 1/144, 1/256, 0, 117/64, 5/2, 7/192, 171/1024, 21141/4, 
9801/256, 13/2916 ]
[RCE] cover key=14 g=2 #rat=10 dim(ker)=1
[RCE]    ds  = [ -43, -51, -67, -52, -120, -168, -228, -232, -267, -312 ]
[RCE]    s   = [ 0, 1, 1/4, -2, 4, 2, 5/2, -20, 7, 4/3 ]
[RCE]    y2  = [ -43/136048896, 17/107495424, 0, -1/20736, 5/419904, 7/68024448,
1/7077888, -1/2, 89/147456, 13/86093442 ]
[RCE] cover key=8 g=3 #rat=10 dim(ker)=1
[RCE]    ds  = [ -43, -51, -67, -52, -120, -168, -228, -232, -267, -312 ]
[RCE]    s   = [ 0, 1, 1/4, -2, 4, 2, 5/2, -20, 7, 4/3 ]
[RCE]    y2  = [ -43/544195584, 17/6879707136, -67/4294967296, -13/331776, 
1/209952, 1/362797056, 19/1811939328, -29/2, 10769/9437184, 1/774840978 ]
[RCE] cover key=9 g=1 #rat=10 dim(ker)=0
[RCE]    ds  = [ -43, -51, -67, -52, -120, -168, -228, -232, -267, -312 ]
[RCE]    s   = [ 0, 1, 1/4, -2, 4, 2, 5/2, -20, 7, 4/3 ]
[RCE]    y2  = [ 1/16, -3/256, 81/274432, 117/64, -3/2, -3/64, -171/1024, 
2349/4, -3267/256, -1/108 ]
[RCE] cover key=10 g=1 #rat=10 dim(ker)=0
[RCE]    ds  = [ -43, -51, -67, -52, -120, -168, -228, -232, -267, -312 ]
[RCE]    s   = [ 0, 1, 1/4, -2, 4, 2, 5/2, -20, 7, 4/3 ]
[RCE]    y2  = [ -43/1679616, -17/3981312, 4489/4194304, -1/2304, -1/15552, 
-1/839808, -1/786432, -1/2, -89/49152, -1/354294 ]
[ORACLE] 6 67 BUILD_FAIL Runtime error in 'QuadraticConstraintsOnEquations': 
Error in Schofer table  | values at rational points - no solution found!
[ORACLE] 6 67 elapsed 2473.260 s
