
[ORACLE] ===== X0^6(7) =====

[AEC] d_divs = [ -3, -24, -3, -19 ]
[AEC] #all_cm_pts = 2, discs = [ <-3, 6, 1>, <-115, 1, 2> ]
[EXP] d=-24   #fs=9   d_fund=-24   Nprimes=[ 7 ]    fires=false  
vals[9]=-10Log2-3Log3
[EXP] d=-19   #fs=9   d_fund=-19   Nprimes=[ 7 ]    fires=false  vals[9]=Log0
[EXP] d=-84   #fs=9   d_fund=-84   Nprimes=[]       fires=false  
vals[9]=-12Log2-3Log3+2Log7
[EXP] d=-168  #fs=9   d_fund=-168  Nprimes=[]       fires=false  
vals[9]=-10Log2-6Log3+2Log7+Log19
[EXP] d=-40   #fs=9   d_fund=-40   Nprimes=[ 7 ]    fires=false  
vals[9]=-12Log2-2Log3
[EXP] d=-52   #fs=9   d_fund=-52   Nprimes=[ 7 ]    fires=false  
vals[9]=-10Log2-2Log3
[MAP] keys_fs = [ 11, 12, 13, 14, 15, 9, -1, 10, -2 ]  sIndex = 7  sTildeIndex =
9

[VACM] allds = [ -3, -24, -19, -84, -168, -40, -52 ]
[VACM] s_idx=7 stilde_idx=9  #table=9  #s=7
[VACM] s      = [
Logoo,
Log0,
-3Log2-Log3,
-5Log2+Log7,
-4Log3+Log7,
-5Log2-Log3,
-Log2-Log3
]
[VACM] stilde = [
Logoo,
-Log3,
Log0,
-2Log2-Log3+2Log7,
-4Log3+2Log7+Log19,
-2Log2,
0
]
[VACM] Index(s,0)=2  Index(stilde,0)=3

[find_signs] ds = [ -3, -24, -19, -84, -168, -40, -52 ]
[find_signs] degs = [ 1, 1, 1, 1, 1, 1, 1 ]
[find_signs] s = [* Infinity, 0, 1/24, 7/32, 7/81, 1/96, 1/6 *]
[find_signs] stilde = [* Infinity, 1/3, 0, 49/12, 931/81, 1/4, 1 *]
[find_signs] Index(s,0)=2 Index(stilde,0)=3 Index(s,oo)=1 Index(stilde,oo)=1
[ORACLE] 6 7 BUILD_FAIL Runtime error in '[]': Sequence index 3 should be in the
range 1 to 2
[ORACLE] 6 7 elapsed 71.020 s
