
[ORACLE] ===== X0^6(83) =====
[PP] 6 83 form=-2 oo=[ <1, 7/2>, <2, 9/2>, <3, 21/26>, <4, 28/13>, <5, -7/2>, 
<6, -1>, <7, -7/13>, <8, 5>, <9, -49/26>, <10, 28/13>, <11, 7/26>, <12, -49/13>,
<13, -1>, <14, 9/2>, <15, -1>, <16, -63/26>, <17, -35/13>, <18, -1>, <19, -1>, 
<20, 2>, <21, -119/26>, <23, 56/13>, <24, -1>, <25, -21/13>, <26, -56/13>, <27, 
35/13>, <28, 21/13>, <29, 21/26>, <30, -35/26>, <31, -231/26>, <32, 5/2>, <33, 
21/13>, <35, 1/2>, <36, -63/26>, <37, -21/13>, <38, 14/13>, <40, -7/2>, <41, 
-7/13>, <43, 1>, <44, -56/13>, <45, 1>, <46, 1>, <47, 7/2>, <48, -7/13>, <49, 
42/13>, <50, -5>, <51, 35/26>, <52, 1>, <53, 9/2>, <56, 1/2>, <59, -98/13>, <60,
2>, <61, -35/26>, <63, 42/13>, <64, 7/26>, <65, 63/13>, <68, 7>, <70, 28/13>, 
<72, 2>, <75, 7/2>, <76, 1>, <77, -49/13>, <78, 7/2>, <81, -42/13>, <83, 7>, 
<84, -49/26>, <86, -7/2>, <87, -217/26>, <90, 7>, <92, 175/26>, <93, -56/13>, 
<94, 7/26>, <162, -1>, <184, -1>, <240, -1>, <248, -2>, <254, 3>, <256, 133/26>,
<257, -2> ] zero=[]
[PP] 6 83 form=-1 oo=[ <2, 3/2>, <5, -3/2>, <8, 1/2>, <13, 1/2>, <14, 1/2>, <15,
1>, <18, 1>, <19, 1>, <20, 3>, <24, -1>, <32, 7/2>, <35, 1>, <46, -1>, <47, 3>, 
<50, -11/2>, <52, 1/2>, <53, 2>, <56, -2>, <58, 1/2>, <60, -2>, <96, -1>, <162, 
-1>, <184, 1>, <208, -1>, <220, -1>, <232, -1/2>, <240, 1>, <248, 1/2>, <255, 
2>, <257, -2> ] zero=[]
[PP] 6 83 form=8 oo=[ <1, 212>, <2, -37>, <3, -312>, <4, 226>, <5, -3>, <6, 6>, 
<7, -22>, <8, 22>, <9, 128>, <10, -50>, <11, 218>, <12, -16>, <13, -24>, <14, 
-7>, <15, -28>, <16, -30>, <17, 166>, <18, -30>, <19, -2>, <20, -18>, <21, 22>, 
<22, 14>, <23, 174>, <24, -12>, <25, 72>, <26, -34>, <27, 110>, <28, -210>, <29,
-34>, <30, 16>, <31, -154>, <32, -25>, <33, 66>, <35, -21>, <36, 108>, <37, 
214>, <38, -96>, <39, -26>, <40, 66>, <41, 120>, <44, -174>, <45, 4>, <47, -49>,
<48, 116>, <49, 270>, <50, 46>, <51, 124>, <52, 22>, <53, -23>, <55, -26>, <56, 
13>, <58, 8>, <59, -168>, <60, 4>, <61, 152>, <63, -6>, <64, -60>, <65, 58>, 
<68, 284>, <69, 136>, <70, 90>, <72, 34>, <73, -16>, <75, 212>, <76, 2>, <77, 
-154>, <78, 70>, <79, -26>, <81, 10>, <83, 10>, <84, -8>, <86, 64>, <87, -130>, 
<88, -14>, <89, 6>, <90, 148>, <92, 66>, <93, -36>, <94, 82>, <96, -4>, <117, 
2>, <156, 2>, <193, 138>, <232, -8>, <249, 2>, <292, 16>, <498, 2> ] zero=[]
[PP] 6 83 form=9 oo=[ <1, 3>, <2, 5>, <3, -31/13>, <4, 56/13>, <5, -5>, <6, -6>,
<7, -14/13>, <8, 6>, <9, 3/13>, <10, 4/13>, <11, 33/13>, <12, -46/13>, <13, 2>, 
<14, 1>, <15, 2>, <16, -37/13>, <17, 8/13>, <18, -2>, <20, 6>, <21, -41/13>, 
<23, 60/13>, <24, -4>, <25, -42/13>, <26, -60/13>, <27, 44/13>, <28, -10/13>, 
<29, 21/13>, <30, -35/13>, <31, -127/13>, <32, 3>, <33, 42/13>, <35, 1>, <36, 
-11/13>, <37, 10/13>, <38, 2/13>, <40, -1>, <41, 12/13>, <43, 6>, <44, -60/13>, 
<45, 4>, <46, -4>, <47, 7>, <48, 12/13>, <49, 58/13>, <50, -16>, <51, 35/13>, 
<52, 2>, <53, -1>, <54, -6>, <55, 2>, <56, -5>, <58, 2>, <59, -92/13>, <60, -4>,
<61, -9/13>, <63, 32/13>, <64, -19/13>, <65, 74/13>, <68, 8>, <69, 2>, <70, 
30/13>, <75, 5>, <77, -46/13>, <78, 3>, <81, -32/13>, <83, 6>, <84, -23/13>, 
<86, -3>, <87, -87/13>, <90, 6>, <92, 71/13>, <93, -60/13>, <94, 7/13>, <166, 
2>, <172, -6>, <184, 4>, <208, -4>, <220, -6>, <232, -2>, <240, 4>, <248, 2>, 
<249, 2>, <254, 2>, <255, 10>, <256, 55/13>, <257, -4> ] zero=[]
[PP] 6 83 form=10 oo=[ <1, 258>, <2, -54>, <3, -374>, <4, 274>, <5, -4>, <6, 
10>, <7, -26>, <8, 32>, <9, 154>, <10, -58>, <11, 262>, <12, -20>, <13, -36>, 
<14, -10>, <15, -40>, <16, -34>, <17, 200>, <18, -46>, <19, -2>, <20, -24>, <21,
26>, <22, 22>, <23, 210>, <24, -18>, <25, 88>, <26, -38>, <27, 132>, <28, -250>,
<29, -40>, <30, 22>, <31, -184>, <32, -32>, <33, 82>, <35, -32>, <36, 130>, <37,
258>, <38, -114>, <39, -38>, <40, 78>, <41, 146>, <44, -210>, <45, 6>, <47, 
-70>, <48, 138>, <49, 324>, <50, 66>, <51, 150>, <52, 32>, <53, -34>, <55, -38>,
<56, 16>, <58, 12>, <59, -204>, <60, 6>, <61, 184>, <63, -6>, <64, -72>, <65, 
70>, <68, 342>, <69, 162>, <70, 108>, <71, -4>, <72, 50>, <73, -24>, <75, 256>, 
<76, 2>, <77, -186>, <78, 84>, <79, -40>, <81, 14>, <83, 14>, <84, -12>, <86, 
78>, <87, -158>, <88, -22>, <89, 8>, <90, 180>, <92, 80>, <93, -44>, <94, 100>, 
<96, -6>, <117, 4>, <156, 4>, <166, 2>, <193, 166>, <232, -12>, <292, 24>, <498,
2> ] zero=[]
[PP] 6 83 form=11 oo=[ <1, 522>, <2, -83>, <3, -770>, <4, 558>, <5, -9>, <6, 
16>, <7, -54>, <8, 50>, <9, 320>, <10, -124>, <11, 538>, <12, -38>, <13, -54>, 
<14, -15>, <15, -64>, <16, -72>, <17, 412>, <18, -68>, <19, -4>, <20, -36>, <21,
54>, <22, 34>, <23, 430>, <24, -28>, <25, 178>, <26, -86>, <27, 270>, <28, 
-518>, <29, -86>, <30, 38>, <31, -378>, <32, -51>, <33, 164>, <35, -49>, <36, 
268>, <37, 524>, <38, -234>, <39, -58>, <40, 162>, <41, 292>, <44, -430>, <45, 
10>, <47, -107>, <48, 286>, <49, 664>, <50, 102>, <51, 306>, <52, 48>, <53, 
-53>, <55, -60>, <56, 25>, <58, 18>, <59, -414>, <60, 10>, <61, 376>, <63, -16>,
<64, -146>, <65, 144>, <68, 700>, <69, 338>, <70, 218>, <71, -4>, <72, 74>, <73,
-36>, <75, 522>, <76, 4>, <77, -378>, <78, 176>, <79, -60>, <81, 22>, <83, 22>, 
<84, -20>, <86, 160>, <87, -322>, <88, -34>, <89, 12>, <90, 362>, <92, 162>, 
<93, -90>, <94, 200>, <96, -8>, <117, 6>, <156, 4>, <166, 2>, <193, 340>, <232, 
-18>, <249, 2>, <292, 36>, <498, 2> ] zero=[]
[PP] 6 83 form=12 oo=[ <1, 2>, <2, 2>, <3, -10/13>, <4, 34/13>, <5, -2>, <6, 
-4>, <7, -2/13>, <8, 3>, <9, 6/13>, <10, 8/13>, <11, 14/13>, <12, -14/13>, <13, 
1>, <15, 2>, <16, 4/13>, <17, 16/13>, <18, -2>, <20, 4>, <21, -4/13>, <23, 
16/13>, <24, -2>, <25, -6/13>, <26, 10/13>, <27, 10/13>, <28, 6/13>, <29, 
16/13>, <30, 8/13>, <31, -20/13>, <32, 2>, <33, 32/13>, <35, 1>, <36, 4/13>, 
<37, 20/13>, <38, 4/13>, <41, 24/13>, <43, 4>, <44, -16/13>, <45, 2>, <46, -2>, 
<47, 3>, <48, -2/13>, <49, 12/13>, <50, -9>, <51, 18/13>, <52, 1>, <53, -1>, 
<54, -4>, <55, 2>, <56, -3>, <58, 1>, <59, -28/13>, <60, -2>, <61, 8/13>, <63, 
12/13>, <64, -12/13>, <65, 18/13>, <68, 2>, <70, 8/13>, <75, 2>, <77, -14/13>, 
<81, 14/13>, <83, 2>, <84, -20/13>, <87, -18/13>, <90, 2>, <92, 12/13>, <93, 
-16/13>, <94, 14/13>, <166, 2>, <172, -4>, <184, 2>, <208, -2>, <220, -4>, <232,
-1>, <240, 2>, <248, 1>, <255, 6>, <256, 6/13>, <257, -2> ] zero=[]
[PP] 6 83 form=13 oo=[ <1, 4>, <2, 10>, <3, -12/13>, <4, 46/13>, <5, -8>, <6, 
-2>, <7, -18/13>, <8, 7>, <9, -24/13>, <10, 20/13>, <11, 22/13>, <12, -74/13>, 
<13, 1>, <14, 6>, <16, -68/13>, <17, -38/13>, <18, 2>, <20, 6>, <21, -88/13>, 
<23, 92/13>, <24, -2>, <25, -54/13>, <26, -118/13>, <27, 64/13>, <28, 2/13>, 
<29, 14/13>, <30, -58/13>, <31, -206/13>, <32, 8>, <33, 28/13>, <35, 1>, <36, 
-42/13>, <37, -28/13>, <38, 10/13>, <40, -4>, <41, -18/13>, <44, -92/13>, <45, 
2>, <46, -2>, <47, 11>, <48, 8/13>, <49, 82/13>, <50, -17>, <51, 32/13>, <52, 
1>, <53, 9>, <56, -3>, <58, 1>, <59, -148/13>, <60, -2>, <61, -32/13>, <63, 
56/13>, <64, -4/13>, <65, 110/13>, <68, 12>, <69, 2>, <70, 46/13>, <72, 2>, <75,
6>, <77, -74/13>, <78, 6>, <81, -82/13>, <83, 10>, <84, -24/13>, <86, -6>, <87, 
-162/13>, <90, 10>, <92, 134/13>, <93, -92/13>, <94, -4/13>, <96, -2>, <162, 
-2>, <184, 2>, <208, -2>, <220, -2>, <232, -1>, <240, 2>, <248, -1>, <249, 2>, 
<254, 6>, <255, 4>, <256, 106/13>, <257, -6> ] zero=[]
[PP] 6 83 form=14 oo=[ <1, -52>, <2, -8>, <3, 84>, <4, -58>, <5, 2>, <7, 6>, <8,
4>, <9, -38>, <10, 16>, <11, -58>, <12, 2>, <13, -6>, <14, -2>, <15, -4>, <16, 
8>, <17, -46>, <18, -8>, <20, -6>, <21, -6>, <22, 2>, <23, -46>, <24, -2>, <25, 
-18>, <26, 14>, <27, -28>, <28, 58>, <29, 12>, <31, 40>, <32, -6>, <33, -16>, 
<35, -4>, <36, -30>, <37, -52>, <38, 24>, <39, -6>, <40, -18>, <41, -26>, <44, 
46>, <47, -12>, <48, -32>, <49, -70>, <50, 10>, <51, -32>, <52, 6>, <53, -4>, 
<55, -4>, <56, 4>, <58, 2>, <59, 42>, <61, -40>, <63, 4>, <64, 14>, <65, -16>, 
<68, -74>, <69, -40>, <70, -20>, <72, 10>, <73, -4>, <75, -54>, <77, 38>, <78, 
-22>, <79, -6>, <81, 2>, <83, 2>, <86, -18>, <87, 34>, <88, -2>, <89, 2>, <90, 
-34>, <92, -16>, <93, 10>, <94, -18>, <96, -2>, <156, 2>, <193, -36>, <232, -2>,
<292, 4>, <498, 2> ] zero=[]
