PROBE key 11 kerdim 27 solden 1 intsol true
PROBE key 12 kerdim 27 solden 1 intsol true
PROBE key 13 kerdim 10 solden 1 intsol true
PROBE key 14 kerdim 13 solden 1 intsol true
PROBE key 15 kerdim 27 solden 1 intsol true
PROBE key 9 kerdim 27 solden 1 intsol true
PROBE key 11 kerdim 27 solden 1 intsol true
PROBE key 12 kerdim 27 solden 1 intsol true
PROBE key 13 kerdim 10 solden 1 intsol true
PROBE key 14 kerdim 13 solden 1 intsol true
PROBE key 15 kerdim 27 solden 1 intsol true
PROBE key 9 kerdim 27 solden 1 intsol true
PROBE key 11 kerdim 27 solden 1 intsol true
PROBE key 12 kerdim 27 solden 1 intsol true
PROBE key 13 kerdim 10 solden 1 intsol true
PROBE key 14 kerdim 13 solden 1 intsol true
PROBE key 15 kerdim 27 solden 1 intsol true
PROBE key 9 kerdim 27 solden 1 intsol true
PROBE key 11 kerdim 27 solden 1 intsol true
PROBE key 12 kerdim 27 solden 1 intsol true
PROBE key 13 kerdim 10 solden 1 intsol true
PROBE key 14 kerdim 13 solden 1 intsol true
PROBE key 15 kerdim 27 solden 1 intsol true
PROBE key 9 kerdim 27 solden 1 intsol true
PROBE key 11 kerdim 27 solden 1 intsol true
PROBE key 12 kerdim 27 solden 1 intsol true
PROBE key 13 kerdim 10 solden 1 intsol true
PROBE key 14 kerdim 13 solden 1 intsol true
PROBE key 15 kerdim 27 solden 1 intsol true
PROBE key 9 kerdim 27 solden 1 intsol true
PROBE key 11 kerdim 27 solden 1 intsol true
PROBE key 12 kerdim 27 solden 1 intsol true
PROBE key 13 kerdim 10 solden 1 intsol true
PROBE key 14 kerdim 13 solden 1 intsol true
PROBE key 15 kerdim 27 solden 1 intsol true
PROBE key 9 kerdim 27 solden 1 intsol true
PROBE key 11 kerdim 27 solden 1 intsol true
PROBE key 12 kerdim 27 solden 1 intsol true
PROBE key 13 kerdim 10 solden 1 intsol true
PROBE key 14 kerdim 13 solden 1 intsol true
PROBE key 15 kerdim 27 solden 1 intsol true
PROBE key 9 kerdim 27 solden 1 intsol true
PROBE key 11 kerdim 27 solden 1 intsol true
PROBE key 12 kerdim 27 solden 1 intsol true
PROBE key 13 kerdim 10 solden 1 intsol true
PROBE key 14 kerdim 13 solden 1 intsol true
PROBE key 15 kerdim 27 solden 1 intsol true
PROBE key 9 kerdim 27 solden 1 intsol true
PROBE key 11 kerdim 27 solden 1 intsol true
PROBE key 12 kerdim 27 solden 1 intsol true
PROBE key 13 kerdim 10 solden 1 intsol true
PROBE key 14 kerdim 13 solden 1 intsol true
PROBE key 15 kerdim 27 solden 1 intsol true
PROBE key 9 kerdim 27 solden 1 intsol true
PROBE key 11 kerdim 27 solden 1 intsol true
PROBE key 12 kerdim 27 solden 1 intsol true
PROBE key 13 kerdim 10 solden 1 intsol true
PROBE key 14 kerdim 13 solden 1 intsol true
PROBE key 15 kerdim 27 solden 1 intsol true
PROBE key 9 kerdim 27 solden 1 intsol true
PROBE key 11 kerdim 27 solden 1 intsol true
PROBE key 12 kerdim 27 solden 1 intsol true
PROBE key 13 kerdim 10 solden 1 intsol true
PROBE key 14 kerdim 13 solden 1 intsol true
PROBE key 15 kerdim 27 solden 1 intsol true
PROBE key 9 kerdim 27 solden 1 intsol true
PROBE key 11 kerdim 27 solden 1 intsol true
PROBE key 12 kerdim 27 solden 1 intsol true
PROBE key 13 kerdim 10 solden 1 intsol true
PROBE key 14 kerdim 13 solden 1 intsol true
PROBE key 15 kerdim 27 solden 1 intsol true
PROBE key 9 kerdim 27 solden 1 intsol true
PROBE key 11 kerdim 27 solden 1 intsol true
PROBE key 12 kerdim 27 solden 1 intsol true
PROBE key 13 kerdim 10 solden 1 intsol true
PROBE key 14 kerdim 13 solden 1 intsol true
PROBE key 15 kerdim 27 solden 1 intsol true
PROBE key 9 kerdim 27 solden 1 intsol true
PROBE key 11 kerdim 27 solden 1 intsol true
PROBE key 12 kerdim 27 solden 1 intsol true
PROBE key 13 kerdim 10 solden 1 intsol true
PROBE key 14 kerdim 13 solden 1 intsol true
PROBE key 15 kerdim 27 solden 1 intsol true
PROBE key 9 kerdim 27 solden 1 intsol true
PROBE key 11 kerdim 27 solden 1 intsol true
PROBE key 12 kerdim 27 solden 1 intsol true
PROBE key 13 kerdim 10 solden 1 intsol true
PROBE key 14 kerdim 13 solden 1 intsol true
PROBE key 15 kerdim 27 solden 1 intsol true
PROBE key 9 kerdim 27 solden 1 intsol true
PROBE key -1 kerdim 13 solden 1 intsol true
PROBE key 10 kerdim 13 solden 1 intsol true
PROBE key 11 kerdim 27 solden 1 intsol true
PROBE key 12 kerdim 27 solden 1 intsol true
PROBE key 13 kerdim 10 solden 1 intsol true
PROBE key 14 kerdim 13 solden 1 intsol true
PROBE key 15 kerdim 27 solden 1 intsol true
PROBE key 9 kerdim 27 solden 1 intsol true
PROBE key -1 kerdim 13 solden 1 intsol true
PROBE key 10 kerdim 13 solden 1 intsol true
PROBE key 11 kerdim 27 solden 1 intsol true
PROBE key 12 kerdim 27 solden 1 intsol true
PROBE key 13 kerdim 10 solden 1 intsol true
PROBE key 14 kerdim 13 solden 1 intsol true
PROBE key 15 kerdim 27 solden 1 intsol true
PROBE key 9 kerdim 27 solden 1 intsol true
PROBE key -1 kerdim 13 solden 1 intsol true
PROBE key 10 kerdim 13 solden 1 intsol true
PROBE key -2 kerdim 27 solden 1 intsol true
BASE 21 2 9
PP -2 oo 42 2
PP -2 oo 6 -2
PP -2 oo 5 4
PP -2 oo 1 -2
VERD -2 oo 42 4 1 0 INTEGRAL
PP -2 0 21 -2
VERD -2 0 21 1 1 0 INTEGRAL
PP -1 oo 21 2
PP -1 oo 6 2
PP -1 oo 5 -2
PP -1 oo 1 -2
VERD -1 oo 21 4 1 0 INTEGRAL
PP -1 0 21 -2
VERD -1 0 21 1 1 0 INTEGRAL
PP 9 oo 42 2
PP 9 oo 21 2
PP 9 oo 5 2
PP 9 oo 1 -4
VERD 9 oo 42 4 1 0 INTEGRAL
PP 9 0 21 -4
VERD 9 0 21 1 1 0 INTEGRAL
PP 10 oo 21 2
PP 10 oo 6 2
PP 10 oo 5 -2
PP 10 oo 1 -2
VERD 10 oo 21 4 1 0 INTEGRAL
PP 10 0 21 -2
VERD 10 0 21 1 1 0 INTEGRAL
PP 11 oo 42 2
PP 11 oo 6 -2
PP 11 oo 5 4
PP 11 oo 1 -2
VERD 11 oo 42 4 1 0 INTEGRAL
PP 11 0 21 -2
VERD 11 0 21 1 1 0 INTEGRAL
PP 12 oo 42 2
PP 12 oo 21 2
PP 12 oo 7 2
PP 12 oo 6 2
PP 12 oo 5 2
PP 12 oo 3 2
PP 12 oo 2 2
PP 12 oo 1 -10
VERD 12 oo 42 8 1 1 INTEGRAL
PP 12 0 21 -6
VERD 12 0 21 1 1 0 INTEGRAL
PP 13 oo 9 -2
PP 13 oo 7 2
PP 13 oo 6 2
PP 13 oo 3 2
PP 13 oo 2 -2
PP 13 oo 1 -6
VERD 13 oo 9 6 1 0 INTEGRAL
PP 14 oo 21 2
PP 14 oo 18 4
PP 14 oo 7 2
PP 14 oo 6 4
PP 14 oo 5 -2
PP 14 oo 3 2
PP 14 oo 2 -2
PP 14 oo 1 -12
VERD 14 oo 21 8 1 1 INTEGRAL
PP 15 oo 42 2
PP 15 oo 7 2
PP 15 oo 5 4
PP 15 oo 3 2
PP 15 oo 2 2
PP 15 oo 1 -8
VERD 15 oo 42 6 1 0 INTEGRAL
PP 15 0 21 -4
VERD 15 0 21 1 1 0 INTEGRAL
BASEVERD 21 2 oo:INTEGRAL all:INTEGRAL
DONE
