PROBE key 11 kerdim 22 solden 1 intsol true
PROBE key 12 kerdim 22 solden 1 intsol true
PROBE key 13 kerdim 8 solden 1 intsol true
PROBE key 14 kerdim 10 solden 1 intsol true
PROBE key 15 kerdim 22 solden 1 intsol true
PROBE key 9 kerdim 22 solden 1 intsol true
PROBE key 11 kerdim 22 solden 1 intsol true
PROBE key 12 kerdim 22 solden 1 intsol true
PROBE key 13 kerdim 8 solden 1 intsol true
PROBE key 14 kerdim 10 solden 1 intsol true
PROBE key 15 kerdim 22 solden 1 intsol true
PROBE key 9 kerdim 22 solden 1 intsol true
PROBE key 11 kerdim 22 solden 1 intsol true
PROBE key 12 kerdim 22 solden 1 intsol true
PROBE key 13 kerdim 8 solden 1 intsol true
PROBE key 14 kerdim 10 solden 1 intsol true
PROBE key 15 kerdim 22 solden 1 intsol true
PROBE key 9 kerdim 22 solden 1 intsol true
PROBE key 11 kerdim 22 solden 1 intsol true
PROBE key 12 kerdim 22 solden 1 intsol true
PROBE key 13 kerdim 8 solden 1 intsol true
PROBE key 14 kerdim 10 solden 1 intsol true
PROBE key 15 kerdim 22 solden 1 intsol true
PROBE key 9 kerdim 22 solden 1 intsol true
PROBE key 11 kerdim 22 solden 1 intsol true
PROBE key 12 kerdim 22 solden 1 intsol true
PROBE key 13 kerdim 8 solden 1 intsol true
PROBE key 14 kerdim 10 solden 1 intsol true
PROBE key 15 kerdim 22 solden 1 intsol true
PROBE key 9 kerdim 22 solden 1 intsol true
PROBE key 11 kerdim 22 solden 1 intsol true
PROBE key 12 kerdim 22 solden 1 intsol true
PROBE key 13 kerdim 8 solden 1 intsol true
PROBE key 14 kerdim 10 solden 1 intsol true
PROBE key 15 kerdim 22 solden 1 intsol true
PROBE key 9 kerdim 22 solden 1 intsol true
PROBE key 11 kerdim 22 solden 1 intsol true
PROBE key 12 kerdim 22 solden 1 intsol true
PROBE key 13 kerdim 8 solden 1 intsol true
PROBE key 14 kerdim 10 solden 1 intsol true
PROBE key 15 kerdim 22 solden 1 intsol true
PROBE key 9 kerdim 22 solden 1 intsol true
PROBE key 11 kerdim 22 solden 1 intsol true
PROBE key 12 kerdim 22 solden 1 intsol true
PROBE key 13 kerdim 8 solden 1 intsol true
PROBE key 14 kerdim 10 solden 1 intsol true
PROBE key 15 kerdim 22 solden 1 intsol true
PROBE key 9 kerdim 22 solden 1 intsol true
PROBE key 11 kerdim 22 solden 1 intsol true
PROBE key 12 kerdim 22 solden 1 intsol true
PROBE key 13 kerdim 8 solden 1 intsol true
PROBE key 14 kerdim 10 solden 1 intsol true
PROBE key 15 kerdim 22 solden 1 intsol true
PROBE key 9 kerdim 22 solden 1 intsol true
PROBE key -1 kerdim 8 solden 1 intsol true
PROBE key 10 kerdim 10 solden 1 intsol true
PROBE key 11 kerdim 22 solden 1 intsol true
PROBE key 12 kerdim 22 solden 1 intsol true
PROBE key 13 kerdim 8 solden 1 intsol true
PROBE key 14 kerdim 10 solden 1 intsol true
PROBE key 15 kerdim 22 solden 1 intsol true
PROBE key 9 kerdim 22 solden 1 intsol true
PROBE key -1 kerdim 8 solden 1 intsol true
PROBE key 10 kerdim 10 solden 1 intsol true
PROBE key 11 kerdim 22 solden 1 intsol true
PROBE key 12 kerdim 22 solden 1 intsol true
PROBE key 13 kerdim 8 solden 1 intsol true
PROBE key 14 kerdim 10 solden 1 intsol true
PROBE key 15 kerdim 22 solden 1 intsol true
PROBE key 9 kerdim 22 solden 1 intsol true
PROBE key -1 kerdim 8 solden 1 intsol true
PROBE key 10 kerdim 10 solden 1 intsol true
PROBE key -2 kerdim 22 solden 1 intsol true
BASE 15 2 9
PP -2 oo 30 2
PP -2 oo 3 -2
PP -2 oo 2 -2
PP -2 oo 1 -4
VERD -2 oo 30 4 1 0 INTEGRAL
PP -2 0 30 -2
VERD -2 0 30 1 1 0 INTEGRAL
PP -1 oo 10 2
PP -1 oo 2 -2
PP -1 oo 1 2
VERD -1 oo 10 3 1 0 INTEGRAL
PP -1 0 45 -2
VERD -1 0 45 1 1 0 INTEGRAL
PP 9 oo 30 2
PP 9 oo 15 2
PP 9 oo 3 -6
PP 9 oo 1 -6
VERD 9 oo 30 4 1 0 INTEGRAL
PP 9 0 30 -8
VERD 9 0 30 1 1 0 INTEGRAL
PP 10 oo 15 2
PP 10 oo 10 2
PP 10 oo 3 -6
PP 10 oo 2 2
VERD 10 oo 15 4 1 0 INTEGRAL
PP 10 0 30 -8
VERD 10 0 30 1 1 0 INTEGRAL
PP 11 oo 30 2
PP 11 oo 10 2
PP 11 oo 3 -4
PP 11 oo 2 -2
PP 11 oo 1 -2
VERD 11 oo 30 5 1 0 INTEGRAL
PP 11 0 30 -4
VERD 11 0 30 1 1 0 INTEGRAL
PP 12 oo 30 2
PP 12 oo 15 2
PP 12 oo 10 2
PP 12 oo 3 -8
PP 12 oo 1 -4
VERD 12 oo 30 5 1 0 INTEGRAL
PP 12 0 30 -10
VERD 12 0 30 1 1 1 INTEGRAL
PP 13 oo 10 2
PP 13 oo 2 -2
PP 13 oo 1 2
VERD 13 oo 10 3 1 0 INTEGRAL
PP 13 0 45 -2
VERD 13 0 45 1 1 0 INTEGRAL
PP 14 oo 15 2
PP 14 oo 3 -4
PP 14 oo 2 2
PP 14 oo 1 -2
VERD 14 oo 15 4 1 0 INTEGRAL
PP 14 0 30 -6
VERD 14 0 30 1 1 0 INTEGRAL
PP 15 oo 30 2
PP 15 oo 3 -2
PP 15 oo 2 -2
PP 15 oo 1 -4
VERD 15 oo 30 4 1 0 INTEGRAL
PP 15 0 30 -2
VERD 15 0 30 1 1 0 INTEGRAL
BASEVERD 15 2 oo:INTEGRAL all:INTEGRAL
DONE
