PROBE key 11 infty -24 ram [ -312, -24 ] intsol true solden 16384
PROBE key 12 infty -24 ram [ -156, -39, -52, -312, -24 ] intsol true solden 
16384
PROBE key 13 infty -24 ram [ -52, -24 ] intsol true solden 1
PROBE key 14 infty -24 ram [ -156, -39, -52, -24 ] intsol true solden 8192
PROBE key 15 infty -24 ram [ -52, -312, -24 ] intsol true solden 8192
PROBE key 9 infty -24 ram [ -156, -39, -312, -24 ] intsol true solden 8192
PROBE key -1 infty -24 ram [ -52, -24 ] intsol true solden 1
PROBE key 10 infty -24 ram [ -156, -39, -24 ] intsol true solden 16384
PROBE key -2 infty -24 ram [ -312, -24 ] intsol true solden 16384
BASE 39 2 9
PP -2 oo 78 2
PP -2 oo 72 14338
PP -2 oo 14 4
PP -2 oo 12 1146562917234376301439399452791537697158260188607
PP -2 oo 11 -3905985774548692404142886328893647533559800306147/4
PP -2 oo 10 -1146562917234376301439399452791537697158260188607
PP -2 oo 9 1146562917234376301439399452791537697158260188605
PP -2 oo 8 -3905985774548692404142886328893647533559800306147/4
PP -2 oo 6 -2
PP -2 oo 5 -28676
PP -2 oo 4 1146562917234376301439399452791537697158260188607
PP -2 oo 2 -3905985774548692404142886328893647533559800248795/4
PP -2 oo 1 -1146562917234376301439399452791537697158260188609
VERD -2 oo 78 13 4 48 NONINTEGRAL
PP -2 0 195 14336
PP -2 0 78 28676
VERD -2 0 195 2 1 4 INTEGRAL
PP -1 oo 14 5/2
PP -1 oo 13 2
PP -1 oo 12 -304214020429128190962732284667437485633503986308375671/32
PP -1 oo 11 129545402432059816945725905674818291638497503555724351/16
PP -1 oo 10 304214020429128190962732284667437485633503986308375847/32
PP -1 oo 9 -304214020429128190962732284667437485633503986308375863/32
PP -1 oo 8 129545402432059816945725905674818291638497503555724351/16
PP -1 oo 6 -1
PP -1 oo 5 -2
PP -1 oo 4 -304214020429128190962732284667437485633503986308375527/32
PP -1 oo 3 2
PP -1 oo 2 129545402432059816945725905674818291638497503555724367/16
PP -1 oo 1 304214020429128190962732284667437485633503986308376007/32
VERD -1 oo 14 13 32 53 NONINTEGRAL
PP -1 0 234 -1
PP -1 0 156 2
PP -1 0 117 8
PP -1 0 78 1
PP -1 0 39 1
VERD -1 0 234 5 1 0 INTEGRAL
PP 9 oo 78 2
PP 9 oo 72 -8180
PP 9 oo 39 2
PP 9 oo 14 6
PP 9 oo 12 -655178809848215029393942544442391469969014192555
PP 9 oo 11 1115995935585340686897967522524152129783860035337/2
PP 9 oo 10 655178809848215029393942544442391469969014192557
PP 9 oo 9 -655178809848215029393942544442391469969014192559
PP 9 oo 8 1115995935585340686897967522524152129783860035341/2
PP 9 oo 6 -10
PP 9 oo 5 16364
PP 9 oo 4 -655178809848215029393942544442391469969014192555
PP 9 oo 3 2
PP 9 oo 2 1115995935585340686897967522524152129783860018989/2
PP 9 oo 1 655178809848215029393942544442391469969014192555
VERD 9 oo 78 15 2 48 NONINTEGRAL
PP 9 0 195 -8192
PP 9 0 78 -16368
VERD 9 0 195 2 1 4 INTEGRAL
PP 10 oo 39 2
PP 10 oo 32 4603
PP 10 oo 14 2
PP 10 oo 12 -2948304644316967632272741430035243195502409485385/4
PP 10 oo 11 1255495427533508272760213454341878494290128810051/2
PP 10 oo 10 2948304644316967632272741430035243195502409485393/4
PP 10 oo 9 -2948304644316967632272741430035243195502409485393/4
PP 10 oo 8 1255495427533508272760213454341878494290128810055/2
PP 10 oo 6 -8
PP 10 oo 5 9210
PP 10 oo 4 -2948304644316967632272741430035243195502409485385/4
PP 10 oo 3 2
PP 10 oo 2 1255495427533508272760213454341878494290128819269/2
PP 10 oo 1 2948304644316967632272741430035243195502409485393/4
VERD 10 oo 39 14 4 48 NONINTEGRAL
PP 10 0 195 -9216
PP 10 0 78 -9214
VERD 10 0 195 2 1 3 INTEGRAL
PP 11 oo 78 2
PP 11 oo 72 14338
PP 11 oo 14 4
PP 11 oo 12 1146562917234376301439399452791537697158260188607
PP 11 oo 11 -3905985774548692404142886328893647533559800306147/4
PP 11 oo 10 -1146562917234376301439399452791537697158260188607
PP 11 oo 9 1146562917234376301439399452791537697158260188605
PP 11 oo 8 -3905985774548692404142886328893647533559800306147/4
PP 11 oo 6 -2
PP 11 oo 5 -28676
PP 11 oo 4 1146562917234376301439399452791537697158260188607
PP 11 oo 2 -3905985774548692404142886328893647533559800248795/4
PP 11 oo 1 -1146562917234376301439399452791537697158260188609
VERD 11 oo 78 13 4 48 NONINTEGRAL
PP 11 0 195 14336
PP 11 0 78 28676
VERD 11 0 195 2 1 4 INTEGRAL
PP 12 oo 78 2
PP 12 oo 72 6158
PP 12 oo 39 2
PP 12 oo 14 6
PP 12 oo 13 2
PP 12 oo 12 491384107386161272045456908349146227189245996024
PP 12 oo 11 -1673993903378011030346951283845343273992080235393/4
PP 12 oo 10 -491384107386161272045456908349146227189245996020
PP 12 oo 9 491384107386161272045456908349146227189245996020
PP 12 oo 8 -1673993903378011030346951283845343273992080235385/4
PP 12 oo 6 -12
PP 12 oo 5 -12312
PP 12 oo 4 491384107386161272045456908349146227189245996024
PP 12 oo 3 2
PP 12 oo 2 -1673993903378011030346951283845343273992080210729/4
PP 12 oo 1 -491384107386161272045456908349146227189245996022
VERD 12 oo 78 16 4 48 NONINTEGRAL
PP 12 0 195 6144
PP 12 0 78 12308
VERD 12 0 195 2 1 4 INTEGRAL
PP 13 oo 14 5/2
PP 13 oo 13 2
PP 13 oo 12 -304214020429128190962732284667437485633503986308375671/32
PP 13 oo 11 129545402432059816945725905674818291638497503555724351/16
PP 13 oo 10 304214020429128190962732284667437485633503986308375847/32
PP 13 oo 9 -304214020429128190962732284667437485633503986308375863/32
PP 13 oo 8 129545402432059816945725905674818291638497503555724351/16
PP 13 oo 6 -1
PP 13 oo 5 -2
PP 13 oo 4 -304214020429128190962732284667437485633503986308375527/32
PP 13 oo 3 2
PP 13 oo 2 129545402432059816945725905674818291638497503555724367/16
PP 13 oo 1 304214020429128190962732284667437485633503986308376007/32
VERD 13 oo 14 13 32 53 NONINTEGRAL
PP 13 0 234 -1
PP 13 0 156 2
PP 13 0 117 8
PP 13 0 78 1
PP 13 0 39 1
VERD 13 0 234 5 1 0 INTEGRAL
PP 14 oo 39 2
PP 14 oo 32 -7174
PP 14 oo 14 2
PP 14 oo 13 2
PP 14 oo 12 1146562917234376301439399445017561825964822655763
PP 14 oo 11 -3905985774548692404142886302410091999861798560627/4
PP 14 oo 10 -1146562917234376301439399445017561825964822655759
PP 14 oo 9 1146562917234376301439399445017561825964822655761
PP 14 oo 8 -3905985774548692404142886302410091999861798560619/4
PP 14 oo 6 -10
PP 14 oo 5 -14344
PP 14 oo 4 1146562917234376301439399445017561825964822655763
PP 14 oo 3 2
PP 14 oo 2 -3905985774548692404142886302410091999861798589291/4
PP 14 oo 1 -1146562917234376301439399445017561825964822655759
VERD 14 oo 39 15 4 48 NONINTEGRAL
PP 14 0 195 14336
PP 14 0 78 14340
VERD 14 0 195 2 1 4 INTEGRAL
PP 15 oo 78 2
PP 15 oo 72 -4092
PP 15 oo 14 4
PP 15 oo 13 2
PP 15 oo 12 -655178809848215029393942544442391469969014192611/2
PP 15 oo 11 1115995935585340686897967522524152129783860035417/4
PP 15 oo 10 655178809848215029393942544442391469969014192615/2
PP 15 oo 9 -655178809848215029393942544442391469969014192615/2
PP 15 oo 8 1115995935585340686897967522524152129783860035417/4
PP 15 oo 6 -4
PP 15 oo 5 8184
PP 15 oo 4 -655178809848215029393942544442391469969014192611/2
PP 15 oo 2 1115995935585340686897967522524152129783860019057/4
PP 15 oo 1 655178809848215029393942544442391469969014192611/2
VERD 15 oo 78 14 4 48 NONINTEGRAL
PP 15 0 195 -4096
PP 15 0 78 -8184
VERD 15 0 195 2 1 3 INTEGRAL
BASEVERD 39 2 oo:NONINTEGRAL all:NONINTEGRAL
DONE
