PROBE key 11 infty -4 ram [ -88, -264, -4 ] intsol true solden 1
PROBE key 12 infty -4 ram [ -88, -264, -132, -4 ] intsol true solden 1
PROBE key 13 infty -4 ram [ -88, -12, -4 ] intsol true solden 1
PROBE key 14 infty -4 ram [ -132, -4 ] intsol true solden 1
PROBE key 15 infty -4 ram [ -264, -12, -4 ] intsol true solden 1
PROBE key 9 infty -4 ram [ -264, -12, -132, -4 ] intsol true solden 1
PROBE key -1 infty -4 ram [ -12, -4 ] intsol false solden 2
PROBE key 11 infty -4 ram [ -88, -264, -4 ] intsol true solden 1
PROBE key 12 infty -4 ram [ -88, -264, -132, -4 ] intsol true solden 1
PROBE key 13 infty -4 ram [ -88, -12, -4 ] intsol true solden 1
PROBE key 14 infty -4 ram [ -132, -4 ] intsol true solden 1
PROBE key 15 infty -4 ram [ -264, -12, -4 ] intsol true solden 1
PROBE key 9 infty -4 ram [ -264, -12, -132, -4 ] intsol true solden 1
PROBE key -1 infty -4 ram [ -12, -4 ] intsol false solden 2
PROBE key 11 infty -4 ram [ -88, -264, -4 ] intsol true solden 1
PROBE key 12 infty -4 ram [ -88, -264, -132, -4 ] intsol true solden 1
PROBE key 13 infty -4 ram [ -88, -12, -4 ] intsol true solden 1
PROBE key 14 infty -4 ram [ -132, -4 ] intsol true solden 1
PROBE key 15 infty -4 ram [ -264, -12, -4 ] intsol true solden 1
PROBE key 9 infty -4 ram [ -264, -12, -132, -4 ] intsol true solden 1
PROBE key -1 infty -4 ram [ -12, -4 ] intsol false solden 2
PROBE key 11 infty -4 ram [ -88, -264, -4 ] intsol true solden 1
PROBE key 12 infty -4 ram [ -88, -264, -132, -4 ] intsol true solden 1
PROBE key 13 infty -4 ram [ -88, -12, -4 ] intsol true solden 1
PROBE key 14 infty -4 ram [ -132, -4 ] intsol true solden 1
PROBE key 15 infty -4 ram [ -264, -12, -4 ] intsol true solden 1
PROBE key 9 infty -4 ram [ -264, -12, -132, -4 ] intsol true solden 1
PROBE key -1 infty -4 ram [ -12, -4 ] intsol false solden 2
PROBE key 11 infty -4 ram [ -88, -264, -4 ] intsol true solden 1
PROBE key 12 infty -4 ram [ -88, -264, -132, -4 ] intsol true solden 1
PROBE key 13 infty -4 ram [ -88, -12, -4 ] intsol true solden 1
PROBE key 14 infty -4 ram [ -132, -4 ] intsol true solden 1
PROBE key 15 infty -4 ram [ -264, -12, -4 ] intsol true solden 1
PROBE key 9 infty -4 ram [ -264, -12, -132, -4 ] intsol true solden 1
PROBE key -1 infty -4 ram [ -12, -4 ] intsol false solden 2
PROBE key 11 infty -4 ram [ -88, -264, -4 ] intsol true solden 1
PROBE key 12 infty -4 ram [ -88, -264, -132, -4 ] intsol true solden 1
PROBE key 13 infty -4 ram [ -88, -12, -4 ] intsol true solden 1
PROBE key 14 infty -4 ram [ -132, -4 ] intsol true solden 1
PROBE key 15 infty -4 ram [ -264, -12, -4 ] intsol true solden 1
PROBE key 9 infty -4 ram [ -264, -12, -132, -4 ] intsol true solden 1
PROBE key -1 infty -4 ram [ -88, -4 ] intsol false solden 2
PROBE key 11 infty -4 ram [ -88, -264, -4 ] intsol true solden 1
PROBE key 12 infty -4 ram [ -88, -264, -132, -4 ] intsol true solden 1
PROBE key 13 infty -4 ram [ -88, -12, -4 ] intsol true solden 1
PROBE key 14 infty -4 ram [ -132, -4 ] intsol true solden 1
PROBE key 15 infty -4 ram [ -264, -12, -4 ] intsol true solden 1
PROBE key 9 infty -4 ram [ -264, -12, -132, -4 ] intsol true solden 1
PROBE key -1 infty -4 ram [ -88, -4 ] intsol false solden 2
PROBE key 11 infty -4 ram [ -88, -264, -4 ] intsol true solden 1
PROBE key 12 infty -4 ram [ -88, -264, -132, -4 ] intsol true solden 1
PROBE key 13 infty -4 ram [ -88, -12, -4 ] intsol true solden 1
PROBE key 14 infty -4 ram [ -132, -4 ] intsol true solden 1
PROBE key 15 infty -4 ram [ -264, -12, -4 ] intsol true solden 1
PROBE key 9 infty -4 ram [ -264, -12, -132, -4 ] intsol true solden 1
PROBE key -1 infty -4 ram [ -88, -4 ] intsol false solden 2
PROBE key 11 infty -4 ram [ -88, -264, -4 ] intsol true solden 1
PROBE key 12 infty -4 ram [ -88, -264, -132, -4 ] intsol true solden 1
PROBE key 13 infty -4 ram [ -88, -12, -4 ] intsol true solden 1
PROBE key 14 infty -4 ram [ -132, -4 ] intsol true solden 1
PROBE key 15 infty -4 ram [ -264, -12, -4 ] intsol true solden 1
PROBE key 9 infty -4 ram [ -264, -12, -132, -4 ] intsol true solden 1
PROBE key -1 infty -4 ram [ -88, -4 ] intsol false solden 2
PROBE key 11 infty -4 ram [ -88, -264, -4 ] intsol true solden 1
PROBE key 12 infty -4 ram [ -88, -264, -132, -4 ] intsol true solden 1
PROBE key 13 infty -4 ram [ -88, -12, -4 ] intsol true solden 1
PROBE key 14 infty -4 ram [ -132, -4 ] intsol true solden 1
PROBE key 15 infty -4 ram [ -264, -12, -4 ] intsol true solden 1
PROBE key 9 infty -4 ram [ -264, -12, -132, -4 ] intsol true solden 1
PROBE key -1 infty -4 ram [ -88, -4 ] intsol false solden 2
PROBE key 11 infty -4 ram [ -88, -264, -4 ] intsol true solden 1
PROBE key 12 infty -4 ram [ -88, -264, -132, -4 ] intsol true solden 1
PROBE key 13 infty -4 ram [ -88, -12, -4 ] intsol true solden 1
PROBE key 14 infty -4 ram [ -132, -4 ] intsol true solden 1
PROBE key 15 infty -4 ram [ -264, -12, -4 ] intsol true solden 1
PROBE key 9 infty -4 ram [ -264, -12, -132, -4 ] intsol true solden 1
PROBE key -1 infty -4 ram [ -132, -4 ] intsol true solden 1
PROBE key 10 infty -4 ram [ -88, -12, -132, -4 ] intsol true solden 1
PROBE key -2 infty -4 ram [ -12, -4 ] intsol false solden 2
PROBE key 11 infty -4 ram [ -88, -264, -4 ] intsol true solden 1
PROBE key 12 infty -4 ram [ -88, -264, -132, -4 ] intsol true solden 1
PROBE key 13 infty -4 ram [ -88, -12, -4 ] intsol true solden 1
PROBE key 14 infty -4 ram [ -132, -4 ] intsol true solden 1
PROBE key 15 infty -4 ram [ -264, -12, -4 ] intsol true solden 1
PROBE key 9 infty -4 ram [ -264, -12, -132, -4 ] intsol true solden 1
PROBE key -1 infty -4 ram [ -132, -4 ] intsol true solden 1
PROBE key 10 infty -4 ram [ -88, -12, -132, -4 ] intsol true solden 1
PROBE key -2 infty -4 ram [ -88, -4 ] intsol false solden 2
PROBE key 11 infty -4 ram [ -88, -264, -4 ] intsol true solden 1
PROBE key 12 infty -4 ram [ -88, -264, -132, -4 ] intsol true solden 1
PROBE key 13 infty -4 ram [ -88, -12, -4 ] intsol true solden 1
PROBE key 14 infty -4 ram [ -132, -4 ] intsol true solden 1
PROBE key 15 infty -4 ram [ -264, -12, -4 ] intsol true solden 1
PROBE key 9 infty -4 ram [ -264, -12, -132, -4 ] intsol true solden 1
PROBE key -1 infty -4 ram [ -132, -4 ] intsol true solden 1
PROBE key 10 infty -4 ram [ -88, -12, -132, -4 ] intsol true solden 1
PROBE key 11 infty -4 ram [ -88, -264, -4 ] intsol true solden 1
PROBE key 12 infty -4 ram [ -88, -264, -132, -4 ] intsol true solden 1
PROBE key 13 infty -4 ram [ -88, -12, -4 ] intsol true solden 1
PROBE key 14 infty -4 ram [ -132, -4 ] intsol true solden 1
PROBE key 15 infty -4 ram [ -264, -12, -4 ] intsol true solden 1
PROBE key 9 infty -4 ram [ -264, -12, -132, -4 ] intsol true solden 1
PROBE key -1 infty -4 ram [ -132, -4 ] intsol true solden 1
PROBE key 10 infty -4 ram [ -88, -12, -132, -4 ] intsol true solden 1
PROBE key -2 infty -4 ram [ -148, -4 ] intsol true solden 1
BASE 33 2 9
PP -2 oo 37 1
PP -2 oo 14 -1
PP -2 oo 9 -2
PP -2 oo 5 -1
PP -2 oo 1 -2
VERD -2 oo 37 5 1 0 INTEGRAL
PP -1 oo 33 2
PP -1 oo 14 -2
PP -1 oo 9 -2
PP -1 oo 6 -2
PP -1 oo 2 -4
PP -1 oo 1 -2
VERD -1 oo 33 6 1 0 INTEGRAL
PP 9 oo 66 2
PP 9 oo 33 2
PP 9 oo 27 -2
PP 9 oo 11 -6
PP 9 oo 10 761356
PP 9 oo 9 -2
PP 9 oo 8 -4652472
PP 9 oo 7 6267736
PP 9 oo 6 -5506380
PP 9 oo 3 4
PP 9 oo 2 -853916
PP 9 oo 1 -6
VERD 9 oo 66 12 1 6 INTEGRAL
PP 9 0 33 -8
VERD 9 0 33 1 1 0 INTEGRAL
PP 10 oo 33 2
PP 10 oo 27 -2
PP 10 oo 22 2
PP 10 oo 14 2
PP 10 oo 11 -6
PP 10 oo 10 761356
PP 10 oo 9 2
PP 10 oo 8 -4652472
PP 10 oo 7 6267736
PP 10 oo 6 -5506384
PP 10 oo 5 4
PP 10 oo 3 4
PP 10 oo 2 -853920
PP 10 oo 1 -6
VERD 10 oo 33 14 1 6 INTEGRAL
PP 10 0 33 -8
VERD 10 0 33 1 1 0 INTEGRAL
PP 11 oo 66 2
PP 11 oo 27 -3
PP 11 oo 22 2
PP 11 oo 20 -1
PP 11 oo 14 4
PP 11 oo 11 -10
PP 11 oo 10 951695
PP 11 oo 9 3
PP 11 oo 8 -5815590
PP 11 oo 7 7834670
PP 11 oo 6 -6882975
PP 11 oo 5 1
PP 11 oo 3 3
PP 11 oo 2 -1067395
PP 11 oo 1 -5
VERD 11 oo 66 15 1 6 INTEGRAL
PP 11 0 33 -10
VERD 11 0 33 1 1 1 INTEGRAL
PP 12 oo 66 2
PP 12 oo 33 2
PP 12 oo 27 -3
PP 12 oo 22 2
PP 12 oo 20 -1
PP 12 oo 14 2
PP 12 oo 11 -10
PP 12 oo 10 951695
PP 12 oo 9 1
PP 12 oo 8 -5815590
PP 12 oo 7 7834670
PP 12 oo 6 -6882977
PP 12 oo 5 1
PP 12 oo 3 3
PP 12 oo 2 -1067399
PP 12 oo 1 -7
VERD 12 oo 66 16 1 6 INTEGRAL
PP 12 0 33 -10
VERD 12 0 33 1 1 1 INTEGRAL
PP 13 oo 27 -2
PP 13 oo 22 2
PP 13 oo 14 4
PP 13 oo 11 -6
PP 13 oo 10 761356
PP 13 oo 9 4
PP 13 oo 8 -4652472
PP 13 oo 7 6267736
PP 13 oo 6 -5506382
PP 13 oo 5 4
PP 13 oo 3 4
PP 13 oo 2 -853916
PP 13 oo 1 -4
VERD 13 oo 27 13 1 6 INTEGRAL
PP 13 0 33 -8
VERD 13 0 33 1 1 0 INTEGRAL
PP 14 oo 33 2
PP 14 oo 14 -2
PP 14 oo 9 -2
PP 14 oo 6 -2
PP 14 oo 2 -4
PP 14 oo 1 -2
VERD 14 oo 33 6 1 0 INTEGRAL
PP 15 oo 66 2
PP 15 oo 27 -2
PP 15 oo 14 2
PP 15 oo 11 -6
PP 15 oo 10 761356
PP 15 oo 8 -4652472
PP 15 oo 7 6267736
PP 15 oo 6 -5506378
PP 15 oo 3 4
PP 15 oo 2 -853912
PP 15 oo 1 -4
VERD 15 oo 66 11 1 6 INTEGRAL
PP 15 0 33 -8
VERD 15 0 33 1 1 0 INTEGRAL
BASEVERD 33 2 oo:INTEGRAL all:INTEGRAL
DONE
