BASE 10 13 9
PP -2 48 -1
PP -2 35 1
PP -2 25 1
PP -2 23 -1
PP -2 16 -1
PP -2 12 -1
PP -2 9 1
PP -2 3 -1
PP -2 1 1
VERD -2 48 9 1 0 INTEGRAL
PP -1 48 -1
PP -1 40 1
PP -1 23 -1
PP -1 16 1
PP -1 12 -1
PP -1 10 1
PP -1 9 -1
PP -1 3 -1
VERD -1 48 8 1 0 INTEGRAL
PP 9 130 2
PP 9 108 -2
PP 9 65 2
PP 9 40 6
PP 9 27 2
PP 9 25 4
PP 9 23 -10
PP 9 16 -4
PP 9 12 -6
PP 9 10 -4
PP 9 8 -4
PP 9 7 -2
PP 9 6 -2
PP 9 5 -2
PP 9 4 -10
PP 9 3 -6
PP 9 1 6
VERD 9 130 17 1 1 INTEGRAL
PP 10 65 2
PP 10 40 2
PP 10 25 2
PP 10 23 -4
PP 10 16 -2
PP 10 12 -2
PP 10 10 -2
PP 10 7 2
PP 10 6 -2
PP 10 4 -4
PP 10 3 -4
PP 10 1 2
VERD 10 65 12 1 0 INTEGRAL
PP 11 130 2
PP 11 108 -2
PP 11 40 4
PP 11 27 2
PP 11 25 2
PP 11 23 -6
PP 11 16 -2
PP 11 12 -4
PP 11 10 -2
PP 11 8 -4
PP 11 7 -4
PP 11 5 -2
PP 11 4 -6
PP 11 3 -2
PP 11 1 4
VERD 11 130 15 1 0 INTEGRAL
PP 12 130 2
PP 12 108 -2
PP 12 65 2
PP 12 40 6
PP 12 27 2
PP 12 25 6
PP 12 23 -10
PP 12 16 -6
PP 12 13 2
PP 12 12 -6
PP 12 10 -6
PP 12 9 2
PP 12 8 -2
PP 12 7 -2
PP 12 6 -2
PP 12 5 -2
PP 12 4 -12
PP 12 3 -6
PP 12 1 8
VERD 12 130 19 1 1 INTEGRAL
PP 13 48 -2
PP 13 40 2
PP 13 25 2
PP 13 23 -2
PP 13 13 2
PP 13 12 -2
PP 13 8 2
PP 13 4 -2
PP 13 3 -2
PP 13 1 2
VERD 13 48 10 1 0 INTEGRAL
PP 14 65 2
PP 14 48 -2
PP 14 40 4
PP 14 25 4
PP 14 23 -6
PP 14 16 -2
PP 14 13 2
PP 14 12 -4
PP 14 10 -2
PP 14 8 2
PP 14 7 2
PP 14 6 -2
PP 14 4 -6
PP 14 3 -6
PP 14 1 4
VERD 14 65 15 1 0 INTEGRAL
PP 15 130 2
PP 15 108 -2
PP 15 40 4
PP 15 27 2
PP 15 25 4
PP 15 23 -6
PP 15 16 -4
PP 15 13 2
PP 15 12 -4
PP 15 10 -4
PP 15 9 2
PP 15 8 -2
PP 15 7 -4
PP 15 5 -2
PP 15 4 -8
PP 15 3 -2
PP 15 1 6
VERD 15 130 17 1 0 INTEGRAL
BASEVERD 10 13 INTEGRAL
DONE
