BASE 22 3 9
PP -2 33 2
PP -2 25 2
PP -2 23 -2
PP -2 15 -2
PP -2 12 -2
PP -2 6 -2
PP -2 4 -2
PP -2 3 -4
PP -2 2 -4
PP -2 1 2
VERD -2 33 10 1 0 INTEGRAL
PP -1 25 2
PP -1 23 -2
PP -1 15 -2
PP -1 12 -4
PP -1 11 2
PP -1 3 -2
PP -1 2 2
PP -1 1 4
VERD -1 25 8 1 0 INTEGRAL
PP 9 66 2
PP 9 44 -4
PP 9 33 2
PP 9 23 -8
PP 9 16 -8
PP 9 15 -10
PP 9 12 -14
PP 9 11 4
PP 9 4 -16
PP 9 3 -4
PP 9 2 -2
PP 9 1 4
VERD 9 66 12 1 1 INTEGRAL
PP 10 33 2
PP 10 25 2
PP 10 23 -2
PP 10 15 -2
PP 10 12 -2
PP 10 6 -2
PP 10 4 -2
PP 10 3 -4
PP 10 2 -4
PP 10 1 2
VERD 10 33 10 1 0 INTEGRAL
PP 11 66 2
PP 11 44 -4
PP 11 23 -6
PP 11 16 -6
PP 11 15 -8
PP 11 12 -12
PP 11 11 4
PP 11 6 2
PP 11 4 -10
PP 11 2 2
PP 11 1 6
VERD 11 66 11 1 1 INTEGRAL
PP 12 66 2
PP 12 44 -4
PP 12 33 2
PP 12 23 -10
PP 12 16 -10
PP 12 15 -12
PP 12 12 -18
PP 12 11 6
PP 12 4 -20
PP 12 3 -6
PP 12 1 4
VERD 12 66 11 1 1 INTEGRAL
PP 13 25 2
PP 13 23 -2
PP 13 15 -2
PP 13 12 -4
PP 13 11 2
PP 13 3 -2
PP 13 2 2
PP 13 1 4
VERD 13 25 8 1 0 INTEGRAL
PP 14 33 2
PP 14 25 4
PP 14 23 -4
PP 14 15 -4
PP 14 12 -6
PP 14 11 2
PP 14 6 -2
PP 14 4 -2
PP 14 3 -6
PP 14 2 -2
PP 14 1 6
VERD 14 33 11 1 0 INTEGRAL
PP 15 66 2
PP 15 44 -4
PP 15 23 -8
PP 15 16 -8
PP 15 15 -10
PP 15 12 -16
PP 15 11 6
PP 15 6 2
PP 15 4 -14
PP 15 3 -2
PP 15 2 4
PP 15 1 6
VERD 15 66 12 1 1 INTEGRAL
BASEVERD 22 3 INTEGRAL
DONE
