BASE 21 2 9
PP -2 42 2
PP -2 6 -2
PP -2 5 4
PP -2 1 -2
VERD -2 42 4 1 0 INTEGRAL
PP -1 21 2
PP -1 6 2
PP -1 5 -2
PP -1 1 -2
VERD -1 21 4 1 0 INTEGRAL
PP 9 42 2
PP 9 21 2
PP 9 5 2
PP 9 1 -4
VERD 9 42 4 1 0 INTEGRAL
PP 10 21 2
PP 10 6 2
PP 10 5 -2
PP 10 1 -2
VERD 10 21 4 1 0 INTEGRAL
PP 11 42 2
PP 11 6 -2
PP 11 5 4
PP 11 1 -2
VERD 11 42 4 1 0 INTEGRAL
PP 12 42 2
PP 12 21 2
PP 12 7 2
PP 12 6 2
PP 12 5 2
PP 12 3 2
PP 12 2 2
PP 12 1 -10
VERD 12 42 8 1 1 INTEGRAL
PP 13 9 -2
PP 13 7 2
PP 13 6 2
PP 13 3 2
PP 13 2 -2
PP 13 1 -6
VERD 13 9 6 1 0 INTEGRAL
PP 14 21 2
PP 14 18 4
PP 14 7 2
PP 14 6 4
PP 14 5 -2
PP 14 3 2
PP 14 2 -2
PP 14 1 -12
VERD 14 21 8 1 1 INTEGRAL
PP 15 42 2
PP 15 7 2
PP 15 5 4
PP 15 3 2
PP 15 2 2
PP 15 1 -8
VERD 15 42 6 1 0 INTEGRAL
BASEVERD 21 2 INTEGRAL
DONE
