BASE 26 3 9
PP -2 32 -1
PP -2 15 -2
PP -2 8 -1
PP -2 7 -1
PP -2 5 1
VERD -2 32 5 1 0 INTEGRAL
PP -1 32 -2
PP -1 24 2
PP -1 20 1
PP -1 11 1
PP -1 8 1
PP -1 7 -2
PP -1 6 -2
PP -1 5 -1
PP -1 2 -1
VERD -1 32 9 1 0 INTEGRAL
PP 9 78 2
PP 9 20 -1
PP 9 15 -2
PP 9 14 4
PP 9 9 -2
PP 9 8 -2
PP 9 7 -2
PP 9 6 2
PP 9 5 1
PP 9 2 -2
PP 9 1 -2
VERD 9 78 11 1 0 INTEGRAL
PP 10 32 -4
PP 10 26 2
PP 10 24 3
PP 10 15 -2
PP 10 14 2
PP 10 8 -1
PP 10 7 -4
PP 10 6 -3
PP 10 2 -1
VERD 10 32 9 1 0 INTEGRAL
PP 11 78 2
PP 11 32 -4
PP 11 26 2
PP 11 20 -4
PP 11 15 -10
PP 11 14 6
PP 11 9 -2
PP 11 8 -6
PP 11 7 -6
PP 11 6 2
PP 11 5 4
PP 11 1 -2
VERD 11 78 12 1 1 INTEGRAL
PP 12 78 2
PP 12 32 -4
PP 12 26 2
PP 12 20 -3
PP 12 15 -8
PP 12 14 6
PP 12 9 -2
PP 12 8 -4
PP 12 7 -6
PP 12 5 3
PP 12 1 -2
VERD 12 78 11 1 0 INTEGRAL
PP 13 32 -4
PP 13 26 2
PP 13 24 4
PP 13 15 -2
PP 13 14 2
PP 13 8 -2
PP 13 7 -4
PP 13 6 -2
PP 13 2 -2
VERD 13 32 9 1 0 INTEGRAL
PP 14 20 -1
PP 14 15 -2
PP 14 8 -2
PP 14 6 2
PP 14 5 1
VERD 14 20 5 1 0 INTEGRAL
PP 15 78 2
PP 15 14 4
PP 15 9 -2
PP 15 7 -2
PP 15 2 -2
PP 15 1 -2
VERD 15 78 6 1 0 INTEGRAL
BASEVERD 26 3 INTEGRAL
DONE
