BASE 34 3 9
PP -2 51 2
PP -2 46 2
PP -2 39 -2
PP -2 23 -2
PP -2 20 -2
PP -2 12 -4
PP -2 9 -2
PP -2 8 -2
PP -2 7 -2
PP -2 5 2
PP -2 4 -2
PP -2 3 -2
PP -2 2 -2
VERD -2 51 13 1 0 INTEGRAL
PP -1 48 -3
PP -1 46 3
PP -1 44 -1
PP -1 39 -2
PP -1 23 -1
PP -1 12 -1
PP -1 11 1
PP -1 10 2
PP -1 7 2
PP -1 6 2
PP -1 3 -2
VERD -1 48 11 1 0 INTEGRAL
PP 9 102 2
PP 9 51 2
PP 9 48 -6
PP 9 44 -2
PP 9 24 6
PP 9 23 -10
PP 9 22 -6
PP 9 20 -2
PP 9 12 -6
PP 9 11 2
PP 9 10 -2
PP 9 9 -4
PP 9 8 -6
PP 9 7 8
PP 9 6 -4
PP 9 5 2
PP 9 4 -2
PP 9 3 -6
PP 9 2 -2
PP 9 1 -2
VERD 9 102 20 1 1 INTEGRAL
PP 10 51 2
PP 10 46 2
PP 10 39 -2
PP 10 23 -2
PP 10 20 -2
PP 10 12 -4
PP 10 9 -2
PP 10 8 -2
PP 10 7 -2
PP 10 5 2
PP 10 4 -2
PP 10 3 -2
PP 10 2 -2
VERD 10 51 13 1 0 INTEGRAL
PP 11 102 2
PP 11 48 -6
PP 11 44 -2
PP 11 24 4
PP 11 23 -6
PP 11 22 -4
PP 11 12 -2
PP 11 11 2
PP 11 9 -2
PP 11 8 -4
PP 11 7 8
PP 11 6 -2
PP 11 3 -4
PP 11 1 -2
VERD 11 102 14 1 0 INTEGRAL
PP 12 102 2
PP 12 51 2
PP 12 48 -6
PP 12 44 -2
PP 12 24 8
PP 12 23 -14
PP 12 22 -6
PP 12 20 -4
PP 12 17 2
PP 12 12 -8
PP 12 11 2
PP 12 10 -4
PP 12 9 -4
PP 12 8 -4
PP 12 7 8
PP 12 6 -8
PP 12 5 4
PP 12 4 -2
PP 12 3 -10
PP 12 2 -2
PP 12 1 -2
VERD 12 102 21 1 1 INTEGRAL
PP 13 48 -6
PP 13 46 6
PP 13 44 -2
PP 13 39 -10
PP 13 24 -4
PP 13 20 -2
PP 13 17 2
PP 13 12 -4
PP 13 11 2
PP 13 10 2
PP 13 8 2
PP 13 7 -2
PP 13 6 6
PP 13 5 2
PP 13 3 -8
VERD 13 48 15 1 1 INTEGRAL
PP 14 51 2
PP 14 48 -6
PP 14 46 8
PP 14 44 -2
PP 14 39 -14
PP 14 24 -6
PP 14 20 -4
PP 14 17 2
PP 14 12 -8
PP 14 11 2
PP 14 10 2
PP 14 9 -2
PP 14 7 -6
PP 14 6 8
PP 14 5 4
PP 14 4 -2
PP 14 3 -10
PP 14 2 -2
VERD 14 51 18 1 1 INTEGRAL
PP 15 102 2
PP 15 48 -6
PP 15 44 -2
PP 15 24 6
PP 15 23 -10
PP 15 22 -4
PP 15 20 -2
PP 15 17 2
PP 15 12 -4
PP 15 11 2
PP 15 10 -2
PP 15 9 -2
PP 15 8 -2
PP 15 7 8
PP 15 6 -6
PP 15 5 2
PP 15 3 -8
PP 15 1 -2
VERD 15 102 18 1 1 INTEGRAL
BASEVERD 34 3 INTEGRAL
DONE
