BASE 35 2 9
PP -2 22 1
PP -2 2 -2
VERD -2 22 2 1 0 INTEGRAL
PP -1 70 2
PP -1 10 -2
PP -1 9 -1
PP -1 6 2
PP -1 4 -1
PP -1 2 -2
PP -1 1 -2
VERD -1 70 7 1 0 INTEGRAL
PP 9 70 2
PP 9 35 2
PP 9 12 -1
PP 9 10 -1
PP 9 9 -2
PP 9 6 1
PP 9 5 1
PP 9 4 -4
PP 9 3 1
PP 9 2 -8
PP 9 1 -2
VERD 9 70 11 1 0 INTEGRAL
PP 10 35 2
PP 10 12 -1
PP 10 10 1
PP 10 9 -1
PP 10 6 -1
PP 10 5 1
PP 10 4 -3
PP 10 3 1
PP 10 2 -6
VERD 10 35 9 1 0 INTEGRAL
PP 11 70 2
PP 11 10 -2
PP 11 9 -1
PP 11 6 2
PP 11 4 -1
PP 11 2 -2
PP 11 1 -2
VERD 11 70 7 1 0 INTEGRAL
PP 12 70 2
PP 12 35 2
PP 12 9 -3
PP 12 7 2
PP 12 4 -5
PP 12 3 2
PP 12 2 -12
VERD 12 70 7 1 1 INTEGRAL
PP 13 12 1
PP 13 10 1
PP 13 9 -1
PP 13 7 2
PP 13 6 -1
PP 13 5 -1
PP 13 4 -1
PP 13 3 1
PP 13 2 -4
PP 13 1 2
VERD 13 12 10 1 0 INTEGRAL
PP 14 35 2
PP 14 10 2
PP 14 9 -2
PP 14 7 2
PP 14 6 -2
PP 14 4 -4
PP 14 3 2
PP 14 2 -10
PP 14 1 2
VERD 14 35 9 1 1 INTEGRAL
PP 15 70 2
PP 15 12 1
PP 15 10 -1
PP 15 9 -2
PP 15 7 2
PP 15 6 1
PP 15 5 -1
PP 15 4 -2
PP 15 3 1
PP 15 2 -6
VERD 15 70 10 1 0 INTEGRAL
BASEVERD 35 2 INTEGRAL
DONE
