BASE 38 3 9
PP -2 24 -1
PP -2 11 1
PP -2 6 -1
PP -2 4 -1
PP -2 1 -1
VERD -2 24 5 1 0 INTEGRAL
PP -1 57 2
PP -1 18 -2
PP -1 16 -2
PP -1 15 2
PP -1 14 2
PP -1 13 2
PP -1 12 2
PP -1 8 2
PP -1 7 -2
PP -1 6 -2
PP -1 4 -2
PP -1 1 -2
VERD -1 57 12 1 0 INTEGRAL
PP 9 114 2
PP 9 57 2
PP 9 44 -2
PP 9 23 2
PP 9 16 -2
PP 9 15 2
PP 9 14 4
PP 9 12 2
PP 9 11 2
PP 9 8 2
PP 9 7 -6
PP 9 6 -6
PP 9 4 -6
PP 9 2 2
PP 9 1 -4
VERD 9 114 15 1 0 INTEGRAL
PP 10 57 2
PP 10 44 -2
PP 10 38 2
PP 10 24 -1
PP 10 20 -1
PP 10 18 2
PP 10 16 -2
PP 10 15 2
PP 10 14 2
PP 10 12 2
PP 10 11 2
PP 10 10 2
PP 10 8 2
PP 10 7 -4
PP 10 6 -7
PP 10 5 1
PP 10 4 -5
PP 10 2 2
PP 10 1 -5
VERD 10 57 19 1 0 INTEGRAL
PP 11 114 2
PP 11 44 -4
PP 11 38 2
PP 11 24 -1
PP 11 23 2
PP 11 20 -1
PP 11 18 6
PP 11 14 2
PP 11 13 -4
PP 11 11 4
PP 11 10 2
PP 11 7 -6
PP 11 6 -9
PP 11 5 1
PP 11 4 -7
PP 11 2 4
PP 11 1 -5
VERD 11 114 17 1 0 INTEGRAL
PP 12 114 2
PP 12 57 2
PP 12 44 -4
PP 12 38 2
PP 12 24 -1
PP 12 23 2
PP 12 20 -1
PP 12 18 4
PP 12 16 -2
PP 12 15 2
PP 12 14 4
PP 12 13 -2
PP 12 12 2
PP 12 11 4
PP 12 10 2
PP 12 8 2
PP 12 7 -8
PP 12 6 -11
PP 12 5 1
PP 12 4 -9
PP 12 2 4
PP 12 1 -7
VERD 12 114 22 1 1 INTEGRAL
PP 13 44 -2
PP 13 38 2
PP 13 24 -1
PP 13 20 -1
PP 13 18 4
PP 13 13 -2
PP 13 11 2
PP 13 10 2
PP 13 7 -2
PP 13 6 -5
PP 13 5 1
PP 13 4 -3
PP 13 2 2
PP 13 1 -3
VERD 13 44 14 1 0 INTEGRAL
PP 14 57 2
PP 14 18 -2
PP 14 16 -2
PP 14 15 2
PP 14 14 2
PP 14 13 2
PP 14 12 2
PP 14 8 2
PP 14 7 -2
PP 14 6 -2
PP 14 4 -2
PP 14 1 -2
VERD 14 57 12 1 0 INTEGRAL
PP 15 114 2
PP 15 44 -2
PP 15 23 2
PP 15 18 2
PP 15 14 2
PP 15 13 -2
PP 15 11 2
PP 15 7 -4
PP 15 6 -4
PP 15 4 -4
PP 15 2 2
PP 15 1 -2
VERD 15 114 12 1 0 INTEGRAL
BASEVERD 38 3 INTEGRAL
DONE
