BASE 6 29 9
PP -2 52 -2
PP -2 51 1
PP -2 36 -4
PP -2 35 -1
PP -2 28 2
PP -2 24 -1
PP -2 16 -2
PP -2 13 2
PP -2 9 2
PP -2 7 -4
PP -2 6 1
PP -2 5 -2
PP -2 4 3
PP -2 1 -3
VERD -2 52 14 1 0 INTEGRAL
PP -1 52 -1
PP -1 36 -2
PP -1 35 -2
PP -1 16 -2
PP -1 13 1
PP -1 7 -2
PP -1 6 2
PP -1 4 1
PP -1 1 -1
VERD -1 52 9 1 0 INTEGRAL
PP 9 174 2
PP 9 120 -10
PP 9 52 -5
PP 9 35 -6
PP 9 30 10
PP 9 28 4
PP 9 24 -2
PP 9 21 2
PP 9 20 -20
PP 9 17 -2
PP 9 16 -6
PP 9 13 5
PP 9 10 2
PP 9 9 -8
PP 9 7 12
PP 9 6 4
PP 9 5 16
PP 9 4 -3
PP 9 2 -2
PP 9 1 1
VERD 9 174 20 1 1 INTEGRAL
PP 10 58 2
PP 10 52 -1
PP 10 39 -2
PP 10 31 -2
PP 10 27 1
PP 10 26 -1
PP 10 21 3
PP 10 18 1
PP 10 17 -2
PP 10 16 -2
PP 10 15 -1
PP 10 14 2
PP 10 13 1
PP 10 12 -1
PP 10 11 1
PP 10 10 2
PP 10 8 -1
PP 10 7 -2
PP 10 4 -1
PP 10 3 -1
PP 10 2 -1
PP 10 1 -1
VERD 10 58 22 1 0 INTEGRAL
PP 11 174 2
PP 11 120 -10
PP 11 58 2
PP 11 52 -6
PP 11 39 -2
PP 11 35 -6
PP 11 31 -2
PP 11 30 10
PP 11 28 4
PP 11 27 1
PP 11 26 -1
PP 11 24 -2
PP 11 21 5
PP 11 20 -20
PP 11 18 1
PP 11 17 -4
PP 11 16 -8
PP 11 15 -1
PP 11 14 2
PP 11 13 6
PP 11 12 -1
PP 11 11 1
PP 11 10 4
PP 11 9 -8
PP 11 8 -1
PP 11 7 10
PP 11 6 4
PP 11 5 16
PP 11 4 -4
PP 11 3 -1
PP 11 2 -3
VERD 11 174 31 1 1 INTEGRAL
PP 12 174 2
PP 12 120 -8
PP 12 58 2
PP 12 52 -5
PP 12 39 -2
PP 12 35 -4
PP 12 31 -2
PP 12 30 8
PP 12 28 4
PP 12 27 1
PP 12 26 -1
PP 12 24 -2
PP 12 21 5
PP 12 20 -16
PP 12 18 1
PP 12 17 -4
PP 12 16 -6
PP 12 15 -1
PP 12 14 2
PP 12 13 5
PP 12 12 -1
PP 12 11 1
PP 12 10 4
PP 12 9 -6
PP 12 8 -1
PP 12 7 8
PP 12 6 2
PP 12 5 12
PP 12 4 -3
PP 12 3 -1
PP 12 2 -3
PP 12 1 -1
VERD 12 174 32 1 1 INTEGRAL
PP 13 58 2
PP 13 52 -2
PP 13 39 -2
PP 13 36 -2
PP 13 35 -2
PP 13 31 -2
PP 13 27 1
PP 13 26 -1
PP 13 21 3
PP 13 18 1
PP 13 17 -2
PP 13 16 -4
PP 13 15 -1
PP 13 14 2
PP 13 13 2
PP 13 12 -1
PP 13 11 1
PP 13 10 2
PP 13 8 -1
PP 13 7 -4
PP 13 6 2
PP 13 3 -1
PP 13 2 -1
PP 13 1 -2
VERD 13 58 24 1 0 INTEGRAL
PP 14 52 -1
PP 14 36 -2
PP 14 35 -2
PP 14 16 -2
PP 14 13 1
PP 14 7 -2
PP 14 6 2
PP 14 4 1
PP 14 1 -1
VERD 14 52 9 1 0 INTEGRAL
PP 15 174 2
PP 15 120 -8
PP 15 52 -4
PP 15 35 -4
PP 15 30 8
PP 15 28 4
PP 15 24 -2
PP 15 21 2
PP 15 20 -16
PP 15 17 -2
PP 15 16 -4
PP 15 13 4
PP 15 10 2
PP 15 9 -6
PP 15 7 10
PP 15 6 2
PP 15 5 12
PP 15 4 -2
PP 15 2 -2
VERD 15 174 19 1 1 INTEGRAL
BASEVERD 6 29 INTEGRAL
DONE
