MODSYM <1, 1848, 5, W> = -14   formula -14   gcd(n,DN)=1  agree   (1.43 s)
MODSYM <1, 1848, 25, W> = 17   formula 17   gcd(n,DN)=1  agree   (1.90 s)
MODSYM <1, 1848, 125, W> = 12   formula 12   gcd(n,DN)=1  agree   (2.78 s)
MODSYM <1, 1848, 7, W> = -9   formula -20   gcd(n,DN)=7  DIFFER   (1.40 s)
MODSYM <1, 1848, 49, W> = -73   formula 96   gcd(n,DN)=7  DIFFER   (2.63 s)
MODSYM <6, 307, 5, W> = 0   formula 0   gcd(n,DN)=1  agree   (1.35 s)
MODSYM <6, 307, 25, W> = 36   formula 36   gcd(n,DN)=1  agree   (1.39 s)
MODSYM <6, 307, 11, W> = 0   formula 0   gcd(n,DN)=1  agree   (1.42 s)
MODSYM <10, 231, 2, W> = -1   formula 0   gcd(n,DN)=2  DIFFER   (15.0 s)
MODSYM <10, 231, 4, W> = 3   formula 41   gcd(n,DN)=2  DIFFER   (15.6 s)
MODSYM <10, 231, 8, W> = -1   formula 7   gcd(n,DN)=2  DIFFER   (16.5 s)
MODSYM <10, 231, 13, W> = 0   formula 0   gcd(n,DN)=1  agree   (17.0 s)
MODSYM <10, 231, 169, W> = -31   formula -31   gcd(n,DN)=1  agree   (18.2 s)
MODSYM <14, 15, 11, W> = 0   formula 0   gcd(n,DN)=1  agree   (0.280 s)
MODSYM <14, 15, 121, W> = -1   formula -1   gcd(n,DN)=1  agree   (0.350 s)
MODSYM <14, 15, 1331, W> = 0   formula 0   gcd(n,DN)=1  agree   (0.630 s)
MODSYM <1, 4522, 3, W> = -24   formula -24   gcd(n,DN)=1  agree   (1.32 s)
MODSYM <1, 4522, 9, W> = 323   formula 323   gcd(n,DN)=1  agree   (2.55 s)
MODSYM <58, 7, 3, W> = -2   formula -2   gcd(n,DN)=1  agree   (0.110 s)
MODSYM <58, 7, 9, W> = 5   formula 5   gcd(n,DN)=1  agree   (0.120 s)
MODSYM <58, 7, 27, W> = -8   formula -8   gcd(n,DN)=1  agree   (0.120 s)
GENUS X_0(1848): 369, Tr(V2) on S_2 = 1, genus of quotient = 185
