N=12 Q=1 n=2 k=2  FULL formula 0 modsym 0 ok | NEW formula -1 modsym 0 BAD
N=12 Q=1 n=2 k=4  FULL formula -2 modsym -2 ok | NEW formula -2 modsym 0 BAD
N=12 Q=1 n=3 k=2  FULL formula -1 modsym 0 BAD | NEW formula 0 modsym 0 ok
N=12 Q=1 n=3 k=4  FULL formula 0 modsym -3 BAD | NEW formula 3 modsym 3 ok
N=12 Q=1 n=4 k=2  FULL formula -2 modsym 0 BAD | NEW formula 1 modsym 0 BAD
N=12 Q=1 n=4 k=4  FULL formula 34 modsym 4 BAD | NEW formula 4 modsym 0 BAD
N=12 Q=1 n=9 k=2  FULL formula -4 modsym 0 BAD | NEW formula 0 modsym 0 ok
N=12 Q=1 n=9 k=4  FULL formula 111 modsym 27 BAD | NEW formula 9 modsym 9 ok
N=12 Q=3 n=2 k=2  FULL formula -2 modsym 0 BAD | NEW formula 1 modsym 0 BAD
N=12 Q=3 n=2 k=4  FULL formula -4 modsym -2 BAD | NEW formula -2 modsym 0 BAD
N=12 Q=3 n=4 k=2  FULL formula -10 modsym 0 BAD | NEW formula -1 modsym 0 BAD
N=12 Q=3 n=4 k=4  FULL formula 8 modsym 4 BAD | NEW formula 4 modsym 0 BAD
N=12 Q=4 n=3 k=2  FULL formula -3 modsym 0 BAD | NEW formula 0 modsym 0 ok
N=12 Q=4 n=3 k=4  FULL formula -2 modsym -3 BAD | NEW formula -3 modsym -3 ok
N=12 Q=4 n=9 k=2  FULL formula -12 modsym 0 BAD | NEW formula 0 modsym 0 ok
N=12 Q=4 n=9 k=4  FULL formula 19 modsym -9 BAD | NEW formula -9 modsym -9 ok
N=18 Q=1 n=2 k=2  FULL formula -1 modsym 0 BAD | NEW formula -1 modsym 0 BAD
N=18 Q=1 n=2 k=4  FULL formula 0 modsym -2 BAD | NEW formula 1 modsym 2 BAD
N=18 Q=1 n=3 k=2  FULL formula -1 modsym 0 BAD | NEW formula -1 modsym 0 BAD
N=18 Q=1 n=3 k=4  FULL formula -4 modsym -3 BAD | NEW formula -3 modsym 0 BAD
N=18 Q=1 n=4 k=2  FULL formula 3 modsym 0 BAD | NEW formula 3 modsym 0 BAD
N=18 Q=1 n=4 k=4  FULL formula 32 modsym -4 BAD | NEW formula 13 modsym 4 BAD
N=18 Q=1 n=9 k=2  FULL formula -7 modsym 0 BAD | NEW formula 5 modsym 0 BAD
N=18 Q=1 n=9 k=4  FULL formula 128 modsym 9 BAD | NEW formula 9 modsym 0 BAD
N=18 Q=2 n=3 k=2  FULL formula -3 modsym 0 BAD | NEW formula 1 modsym 0 BAD
N=18 Q=2 n=3 k=4  FULL formula -6 modsym -3 BAD | NEW formula -3 modsym 0 BAD
N=18 Q=2 n=9 k=2  FULL formula -21 modsym 0 BAD | NEW formula -5 modsym 0 BAD
N=18 Q=2 n=9 k=4  FULL formula 18 modsym 9 BAD | NEW formula 9 modsym 0 BAD
N=18 Q=9 n=2 k=2  FULL formula -1 modsym 0 BAD | NEW formula 1 modsym 0 BAD
N=18 Q=9 n=2 k=4  FULL formula 0 modsym -2 BAD | NEW formula -1 modsym -2 BAD
N=18 Q=9 n=4 k=2  FULL formula -9 modsym 0 BAD | NEW formula -3 modsym 0 BAD
N=18 Q=9 n=4 k=4  FULL formula -20 modsym -20 ok | NEW formula -13 modsym -4 BAD
N=20 Q=1 n=2 k=2  FULL formula 0 modsym 0 ok | NEW formula -1 modsym 0 BAD
N=20 Q=1 n=2 k=4  FULL formula -2 modsym -2 ok | NEW formula 2 modsym 0 BAD
N=20 Q=1 n=4 k=2  FULL formula -2 modsym 0 BAD | NEW formula 1 modsym 0 BAD
N=20 Q=1 n=4 k=4  FULL formula 58 modsym 4 BAD | NEW formula 12 modsym 0 BAD
N=20 Q=1 n=5 k=2  FULL formula -4 modsym -1 BAD | NEW formula -1 modsym -1 ok
N=20 Q=1 n=5 k=4  FULL formula 3 modsym 0 BAD | NEW formula 5 modsym 5 ok
N=20 Q=4 n=5 k=2  FULL formula -4 modsym 1 BAD | NEW formula 1 modsym 1 ok
N=20 Q=4 n=5 k=4  FULL formula -9 modsym -10 BAD | NEW formula -5 modsym -5 ok
N=20 Q=5 n=2 k=2  FULL formula -2 modsym 0 BAD | NEW formula 1 modsym 0 BAD
N=20 Q=5 n=2 k=4  FULL formula -12 modsym -6 BAD | NEW formula -2 modsym 0 BAD
N=20 Q=5 n=4 k=2  FULL formula -10 modsym 0 BAD | NEW formula -1 modsym 0 BAD
N=20 Q=5 n=4 k=4  FULL formula 16 modsym -4 BAD | NEW formula 4 modsym 0 BAD
N=36 Q=1 n=2 k=4  FULL formula -2 modsym -2 ok | NEW formula 2 modsym 0 BAD
N=36 Q=1 n=3 k=4  FULL formula -3 modsym -3 ok | NEW formula 3 modsym 0 BAD
N=36 Q=1 n=4 k=2  FULL formula 6 modsym 0 BAD | NEW formula 1 modsym 0 BAD
N=36 Q=1 n=4 k=4  FULL formula 68 modsym -4 BAD | NEW formula 16 modsym 0 BAD
N=36 Q=1 n=9 k=4  FULL formula 219 modsym 27 BAD | NEW formula 9 modsym 0 BAD
N=36 Q=4 n=3 k=2  FULL formula -2 modsym 0 BAD | NEW formula 0 modsym 0 ok
N=36 Q=4 n=3 k=4  FULL formula -5 modsym -3 BAD | NEW formula -3 modsym 0 BAD
N=36 Q=4 n=9 k=2  FULL formula -14 modsym 0 BAD | NEW formula 0 modsym 0 ok
N=36 Q=4 n=9 k=4  FULL formula 37 modsym -9 BAD | NEW formula -9 modsym 0 BAD
N=36 Q=9 n=2 k=4  FULL formula -2 modsym -2 ok | NEW formula -2 modsym 0 BAD
N=36 Q=9 n=4 k=2  FULL formula -10 modsym 0 BAD | NEW formula -1 modsym 0 BAD
N=36 Q=9 n=4 k=4  FULL formula -16 modsym -20 BAD | NEW formula 0 modsym 0 ok
N=45 Q=1 n=3 k=2  FULL formula -3 modsym -1 BAD | NEW formula -2 modsym 0 BAD
N=45 Q=1 n=3 k=4  FULL formula 6 modsym 2 BAD | NEW formula 0 modsym 0 ok
N=45 Q=1 n=5 k=2  FULL formula -3 modsym 1 BAD | NEW formula -2 modsym -1 BAD
N=45 Q=1 n=5 k=4  FULL formula -8 modsym -10 BAD | NEW formula 4 modsym 5 BAD
N=45 Q=1 n=9 k=2  FULL formula -5 modsym 1 BAD | NEW formula 6 modsym 0 BAD
N=45 Q=1 n=9 k=4  FULL formula 154 modsym -32 BAD | NEW formula 72 modsym 0 BAD
N=45 Q=5 n=3 k=2  FULL formula -1 modsym 1 BAD | NEW formula 2 modsym 0 BAD
N=45 Q=5 n=3 k=4  FULL formula -8 modsym -4 BAD | NEW formula -6 modsym 0 BAD
N=45 Q=5 n=9 k=2  FULL formula -23 modsym -1 BAD | NEW formula -6 modsym 0 BAD
N=45 Q=5 n=9 k=4  FULL formula 8 modsym -50 BAD | NEW formula 54 modsym 0 BAD
N=45 Q=9 n=5 k=2  FULL formula -3 modsym 1 BAD | NEW formula 2 modsym 1 BAD
N=45 Q=9 n=5 k=4  FULL formula -8 modsym -10 BAD | NEW formula -4 modsym -5 BAD
N=72 Q=1 n=3 k=2  FULL formula -1 modsym -1 ok | NEW formula -1 modsym 0 BAD
N=72 Q=1 n=3 k=4  FULL formula -4 modsym -4 ok | NEW formula 3 modsym 0 BAD
N=72 Q=1 n=4 k=2  FULL formula 12 modsym 0 BAD | NEW formula 1 modsym 0 BAD
N=72 Q=1 n=4 k=4  FULL formula 140 modsym -4 BAD | NEW formula 28 modsym 0 BAD
N=72 Q=1 n=9 k=2  FULL formula 9 modsym 1 BAD | NEW formula 1 modsym 0 BAD
N=72 Q=1 n=9 k=4  FULL formula 360 modsym 16 BAD | NEW formula 63 modsym 0 BAD
N=72 Q=8 n=3 k=2  FULL formula -1 modsym 1 BAD | NEW formula 1 modsym 0 BAD
N=72 Q=8 n=3 k=4  FULL formula -20 modsym -10 BAD | NEW formula -3 modsym 0 BAD
N=72 Q=8 n=9 k=2  FULL formula -23 modsym -1 BAD | NEW formula -1 modsym 0 BAD
N=72 Q=8 n=9 k=4  FULL formula 32 modsym -38 BAD | NEW formula 45 modsym 0 BAD
N=72 Q=9 n=4 k=2  FULL formula -8 modsym 0 BAD | NEW formula -1 modsym 0 BAD
N=72 Q=9 n=4 k=4  FULL formula -24 modsym -20 BAD | NEW formula -12 modsym 0 BAD
N=108 Q=1 n=4 k=2  FULL formula 16 modsym -2 BAD | NEW formula 4 modsym 0 BAD
N=108 Q=1 n=4 k=4  FULL formula 210 modsym -6 BAD | NEW formula 48 modsym 0 BAD
N=108 Q=1 n=9 k=2  FULL formula 12 modsym 0 BAD | NEW formula 0 modsym 0 ok
N=108 Q=1 n=9 k=4  FULL formula 543 modsym 27 BAD | NEW formula 81 modsym 0 BAD
N=108 Q=4 n=3 k=2  FULL formula -2 modsym 0 BAD | NEW formula 0 modsym 0 ok
N=108 Q=4 n=3 k=4  FULL formula -5 modsym -3 BAD | NEW formula 0 modsym 0 ok
N=108 Q=4 n=9 k=2  FULL formula -8 modsym 0 BAD | NEW formula 0 modsym 0 ok
N=108 Q=4 n=9 k=4  FULL formula -17 modsym -9 BAD | NEW formula -81 modsym 0 BAD
N=108 Q=27 n=2 k=2  FULL formula 2 modsym 2 ok | NEW formula 2 modsym 0 BAD
N=108 Q=27 n=2 k=4  FULL formula 0 modsym 0 ok | NEW formula -4 modsym 0 BAD
N=108 Q=27 n=4 k=2  FULL formula -8 modsym 4 BAD | NEW formula -2 modsym 0 BAD
N=108 Q=27 n=4 k=4  FULL formula 48 modsym 0 BAD | NEW formula 8 modsym 0 BAD
gcd(n,N)>1 tuples: 208; full-space Popa wrong: 80; newform wrong: 72 (of which 
full-space right: 12)
