LOADED 18379
BASE 6 1 ndiv 6 M 12 nsub 5 DONE
BASE 10 1 ndiv 6 M 20 nsub 5 DONE
BASE 14 1 ndiv 6 M 28 nsub 5 DONE
BASE 22 1 ndiv 6 M 44 nsub 5 DONE
BASE 26 1 ndiv 6 M 52 nsub 5 DONE
BASE 34 1 ndiv 6 M 68 nsub 5 DONE
BASE 38 1 ndiv 6 M 76 nsub 5 DONE
BASE 46 1 ndiv 6 M 92 nsub 5 DONE
BASE 58 1 ndiv 6 M 116 nsub 5 DONE
BASE 62 1 ndiv 6 M 124 nsub 5 DONE
BASE 74 1 ndiv 6 M 148 nsub 5 DONE
BASE 82 1 ndiv 6 M 164 nsub 5 DONE
BASE 86 1 ndiv 6 M 172 nsub 5 DONE
BASE 94 1 ndiv 6 M 188 nsub 5 DONE
BASE 106 1 ndiv 6 M 212 nsub 4 DONE
BASE 118 1 ndiv 6 M 236 nsub 4 DONE
BASE 122 1 ndiv 6 M 244 nsub 4 DONE
BASE 134 1 ndiv 6 M 268 nsub 5 DONE
BASE 142 1 ndiv 6 M 284 nsub 3 MISSING
BASE 146 1 ndiv 6 M 292 nsub 5 DONE
BASE 158 1 ndiv 6 M 316 nsub 2 MISSING
BASE 166 1 ndiv 6 M 332 nsub 4 MISSING
BASE 178 1 ndiv 6 M 356 nsub 4 DONE
BASE 194 1 ndiv 6 M 388 nsub 5 DONE
BASE 202 1 ndiv 6 M 404 nsub 4 DONE
BASE 206 1 ndiv 6 M 412 nsub 5 DONE
BASE 214 1 ndiv 6 M 428 nsub 1 MISSING
BASE 218 1 ndiv 6 M 436 nsub 1 MISSING
BASE 226 1 ndiv 6 M 452 nsub 1 MISSING
BASE 254 1 ndiv 6 M 508 nsub 2 MISSING
BASE 262 1 ndiv 6 M 524 nsub 1 MISSING
BASE 274 1 ndiv 6 M 548 nsub 1 MISSING
BASE 278 1 ndiv 6 M 556 nsub 1 MISSING
BASE 298 1 ndiv 6 M 596 nsub 1 MISSING
BASE 302 1 ndiv 6 M 604 nsub 1 MISSING
BASE 314 1 ndiv 6 M 628 nsub 4 MISSING
BASE 326 1 ndiv 6 M 652 nsub 2 MISSING
BASE 334 1 ndiv 6 M 668 nsub 1 MISSING
BASE 346 1 ndiv 6 M 692 nsub 1 MISSING
BASE 358 1 ndiv 6 M 716 nsub 1 MISSING
BASE 362 1 ndiv 6 M 724 nsub 1 MISSING
BASE 386 1 ndiv 6 M 772 nsub 1 MISSING
BASE 394 1 ndiv 6 M 788 nsub 1 MISSING
BASE 398 1 ndiv 6 M 796 nsub 1 MISSING
BASE 446 1 ndiv 6 M 892 nsub 2 MISSING
BASE 454 1 ndiv 6 M 908 nsub 1 MISSING
BASE 458 1 ndiv 6 M 916 nsub 1 MISSING
BASE 482 1 ndiv 6 M 964 nsub 1 MISSING
BASE 502 1 ndiv 6 M 1004 nsub 1 MISSING
BASE 514 1 ndiv 6 M 1028 nsub 1 MISSING
BASE 538 1 ndiv 6 M 1076 nsub 1 MISSING
BASE 566 1 ndiv 6 M 1132 nsub 1 MISSING
BASE 586 1 ndiv 6 M 1172 nsub 1 MISSING
BASE 614 1 ndiv 6 M 1228 nsub 1 MISSING
BASE 626 1 ndiv 6 M 1252 nsub 1 MISSING
BASE 15 1 ndiv 12 M 60 nsub 5 DONE
BASE 6 5 ndiv 12 M 60 nsub 16 DONE
BASE 10 3 ndiv 12 M 60 nsub 16 DONE
BASE 14 3 ndiv 12 M 84 nsub 16 DONE
BASE 6 7 ndiv 12 M 84 nsub 16 DONE
BASE 21 1 ndiv 12 M 84 nsub 5 MISSING
BASE 33 1 ndiv 12 M 132 nsub 5 MISSING
BASE 6 11 ndiv 12 M 132 nsub 16 DONE
BASE 22 3 ndiv 12 M 132 nsub 16 DONE
BASE 35 1 ndiv 12 M 140 nsub 5 DONE
BASE 10 7 ndiv 12 M 140 nsub 16 DONE
BASE 14 5 ndiv 12 M 140 nsub 16 DONE
BASE 26 3 ndiv 12 M 156 nsub 16 MISSING
BASE 39 1 ndiv 12 M 156 nsub 5 DONE
BASE 6 13 ndiv 12 M 156 nsub 16 DONE
BASE 34 3 ndiv 12 M 204 nsub 13 MISSING
BASE 6 17 ndiv 12 M 204 nsub 16 DONE
BASE 51 1 ndiv 12 M 204 nsub 5 MISSING
BASE 22 5 ndiv 12 M 220 nsub 16 DONE
BASE 10 11 ndiv 12 M 220 nsub 16 DONE
BASE 55 1 ndiv 12 M 220 nsub 5 DONE
BASE 38 3 ndiv 12 M 228 nsub 13 MISSING
BASE 57 1 ndiv 12 M 228 nsub 5 MISSING
BASE 6 19 ndiv 12 M 228 nsub 16 DONE
BASE 10 13 ndiv 12 M 260 nsub 16 DONE
BASE 26 5 ndiv 12 M 260 nsub 13 DONE
BASE 65 1 ndiv 12 M 260 nsub 4 DONE
BASE 6 23 ndiv 12 M 276 nsub 14 DONE
BASE 69 1 ndiv 12 M 276 nsub 5 MISSING
BASE 46 3 ndiv 12 M 276 nsub 11 MISSING
BASE 77 1 ndiv 12 M 308 nsub 4 MISSING
BASE 14 11 ndiv 12 M 308 nsub 11 DONE
BASE 22 7 ndiv 12 M 308 nsub 14 DONE
BASE 10 17 ndiv 12 M 340 nsub 13 DONE
BASE 34 5 ndiv 12 M 340 nsub 11 DONE
BASE 85 1 ndiv 12 M 340 nsub 4 MISSING
BASE 87 1 ndiv 12 M 348 nsub 5 DONE
BASE 58 3 ndiv 12 M 348 nsub 11 MISSING
BASE 6 29 ndiv 12 M 348 nsub 16 DONE
BASE 26 7 ndiv 12 M 364 nsub 11 MISSING
BASE 14 13 ndiv 12 M 364 nsub 13 DONE
BASE 91 1 ndiv 12 M 364 nsub 2 MISSING
BASE 93 1 ndiv 12 M 372 nsub 5 MISSING
BASE 6 31 ndiv 12 M 372 nsub 16 DONE
BASE 62 3 ndiv 12 M 372 nsub 11 MISSING
BASE 38 5 ndiv 12 M 380 nsub 7 MISSING
BASE 10 19 ndiv 12 M 380 nsub 16 DONE
BASE 95 1 ndiv 12 M 380 nsub 5 MISSING
BASE 74 3 ndiv 12 M 444 nsub 11 MISSING
BASE 111 1 ndiv 12 M 444 nsub 5 MISSING
BASE 6 37 ndiv 12 M 444 nsub 16 DONE
BASE 115 1 ndiv 12 M 460 nsub 4 MISSING
BASE 10 23 ndiv 12 M 460 nsub 16 DONE
BASE 46 5 ndiv 12 M 460 nsub 13 MISSING
BASE 14 17 ndiv 12 M 476 nsub 8 MISSING
BASE 119 1 ndiv 12 M 476 nsub 5 MISSING
BASE 34 7 ndiv 12 M 476 nsub 11 DONE
BASE 82 3 ndiv 12 M 492 nsub 11 MISSING
BASE 123 1 ndiv 12 M 492 nsub 2 MISSING
BASE 6 41 ndiv 12 M 492 nsub 13 DONE
BASE 6 43 ndiv 12 M 516 nsub 13 DONE
BASE 129 1 ndiv 12 M 516 nsub 4 MISSING
BASE 86 3 ndiv 12 M 516 nsub 11 MISSING
BASE 38 7 ndiv 12 M 532 nsub 11 DONE
BASE 133 1 ndiv 12 M 532 nsub 1 MISSING
BASE 14 19 ndiv 12 M 532 nsub 13 DONE
BASE 6 47 ndiv 12 M 564 nsub 13 DONE
BASE 141 1 ndiv 12 M 564 nsub 2 MISSING
BASE 94 3 ndiv 12 M 564 nsub 2 MISSING
BASE 143 1 ndiv 12 M 572 nsub 4 MISSING
BASE 26 11 ndiv 12 M 572 nsub 4 MISSING
BASE 22 13 ndiv 12 M 572 nsub 11 DONE
BASE 10 29 ndiv 12 M 580 nsub 13 DONE
BASE 58 5 ndiv 12 M 580 nsub 11 MISSING
BASE 145 1 ndiv 12 M 580 nsub 2 MISSING
BASE 62 5 ndiv 12 M 620 nsub 2 MISSING
BASE 10 31 ndiv 12 M 620 nsub 13 DONE
BASE 155 1 ndiv 12 M 620 nsub 2 MISSING
BASE 159 1 ndiv 12 M 636 nsub 5 MISSING
BASE 6 53 ndiv 12 M 636 nsub 11 DONE
BASE 106 3 ndiv 12 M 636 nsub 2 MISSING
BASE 14 23 ndiv 12 M 644 nsub 11 MISSING
BASE 46 7 ndiv 12 M 644 nsub 5 MISSING
BASE 161 1 ndiv 12 M 644 nsub 4 MISSING
BASE 6 59 ndiv 12 M 708 nsub 11 DONE
BASE 177 1 ndiv 12 M 708 nsub 1 MISSING
BASE 118 3 ndiv 12 M 708 nsub 2 MISSING
BASE 6 61 ndiv 12 M 732 nsub 11 DONE
BASE 122 3 ndiv 12 M 732 nsub 2 MISSING
BASE 183 1 ndiv 12 M 732 nsub 4 MISSING
BASE 185 1 ndiv 12 M 740 nsub 1 MISSING
BASE 10 37 ndiv 12 M 740 nsub 11 DONE
BASE 74 5 ndiv 12 M 740 nsub 8 MISSING
BASE 22 17 ndiv 12 M 748 nsub 13 MISSING
BASE 34 11 ndiv 12 M 748 nsub 11 MISSING
BASE 187 1 ndiv 12 M 748 nsub 1 MISSING
BASE 134 3 ndiv 12 M 804 nsub 8 MISSING
BASE 6 67 ndiv 12 M 804 nsub 11 DONE
BASE 201 1 ndiv 12 M 804 nsub 1 MISSING
BASE 58 7 ndiv 12 M 812 nsub 3 MISSING
BASE 203 1 ndiv 12 M 812 nsub 1 MISSING
BASE 14 29 ndiv 12 M 812 nsub 8 DONE
BASE 82 5 ndiv 12 M 820 nsub 2 MISSING
BASE 10 41 ndiv 12 M 820 nsub 8 DONE
BASE 209 1 ndiv 12 M 836 nsub 1 MISSING
BASE 22 19 ndiv 12 M 836 nsub 11 MISSING
BASE 38 11 ndiv 12 M 836 nsub 3 MISSING
BASE 142 3 ndiv 12 M 852 nsub 2 MISSING
BASE 6 71 ndiv 12 M 852 nsub 13 DONE
BASE 213 1 ndiv 12 M 852 nsub 1 MISSING
BASE 86 5 ndiv 12 M 860 nsub 2 MISSING
BASE 215 1 ndiv 12 M 860 nsub 4 MISSING
BASE 10 43 ndiv 12 M 860 nsub 4 MISSING
BASE 14 31 ndiv 12 M 868 nsub 5 MISSING
BASE 62 7 ndiv 12 M 868 nsub 8 MISSING
BASE 6 73 ndiv 12 M 876 nsub 8 MISSING
BASE 146 3 ndiv 12 M 876 nsub 3 MISSING
BASE 219 1 ndiv 12 M 876 nsub 1 MISSING
BASE 34 13 ndiv 12 M 884 nsub 3 MISSING
BASE 26 17 ndiv 12 M 884 nsub 8 MISSING
BASE 235 1 ndiv 12 M 940 nsub 1 MISSING
BASE 10 47 ndiv 12 M 940 nsub 4 MISSING
BASE 94 5 ndiv 12 M 940 nsub 2 MISSING
BASE 6 79 ndiv 12 M 948 nsub 11 DONE
BASE 158 3 ndiv 12 M 948 nsub 1 MISSING
BASE 237 1 ndiv 12 M 948 nsub 4 MISSING
BASE 26 19 ndiv 12 M 988 nsub 4 MISSING
BASE 38 13 ndiv 12 M 988 nsub 8 MISSING
BASE 166 3 ndiv 12 M 996 nsub 1 MISSING
BASE 249 1 ndiv 12 M 996 nsub 1 MISSING
BASE 6 83 ndiv 12 M 996 nsub 11 DONE
BASE 22 23 ndiv 12 M 1012 nsub 4 MISSING
BASE 46 11 ndiv 12 M 1012 nsub 3 MISSING
BASE 14 37 ndiv 12 M 1036 nsub 8 MISSING
BASE 74 7 ndiv 12 M 1036 nsub 1 MISSING
BASE 106 5 ndiv 12 M 1060 nsub 2 MISSING
BASE 265 1 ndiv 12 M 1060 nsub 1 MISSING
BASE 10 53 ndiv 12 M 1060 nsub 11 DONE
BASE 178 3 ndiv 12 M 1068 nsub 2 MISSING
BASE 6 89 ndiv 12 M 1068 nsub 11 MISSING
BASE 14 41 ndiv 12 M 1148 nsub 2 MISSING
BASE 287 1 ndiv 12 M 1148 nsub 1 MISSING
BASE 82 7 ndiv 12 M 1148 nsub 2 MISSING
BASE 291 1 ndiv 12 M 1164 nsub 1 MISSING
BASE 6 97 ndiv 12 M 1164 nsub 8 MISSING
BASE 194 3 ndiv 12 M 1164 nsub 2 MISSING
BASE 10 59 ndiv 12 M 1180 nsub 2 MISSING
BASE 118 5 ndiv 12 M 1180 nsub 1 MISSING
BASE 46 13 ndiv 12 M 1196 nsub 1 MISSING
BASE 299 1 ndiv 12 M 1196 nsub 1 MISSING
BASE 26 23 ndiv 12 M 1196 nsub 1 MISSING
BASE 86 7 ndiv 12 M 1204 nsub 1 MISSING
BASE 14 43 ndiv 12 M 1204 nsub 8 MISSING
BASE 202 3 ndiv 12 M 1212 nsub 1 MISSING
BASE 303 1 ndiv 12 M 1212 nsub 1 MISSING
BASE 6 101 ndiv 12 M 1212 nsub 2 MISSING
BASE 122 5 ndiv 12 M 1220 nsub 1 MISSING
BASE 10 61 ndiv 12 M 1220 nsub 8 MISSING
BASE 206 3 ndiv 12 M 1236 nsub 1 MISSING
BASE 309 1 ndiv 12 M 1236 nsub 1 MISSING
BASE 6 103 ndiv 12 M 1236 nsub 2 MISSING
BASE 22 29 ndiv 12 M 1276 nsub 1 MISSING
BASE 58 11 ndiv 12 M 1276 nsub 1 MISSING
BASE 321 1 ndiv 12 M 1284 nsub 1 MISSING
BASE 214 3 ndiv 12 M 1284 nsub 1 MISSING
BASE 6 107 ndiv 12 M 1284 nsub 8 MISSING
BASE 38 17 ndiv 12 M 1292 nsub 1 MISSING
BASE 34 19 ndiv 12 M 1292 nsub 1 MISSING
BASE 6 109 ndiv 12 M 1308 nsub 11 MISSING
BASE 327 1 ndiv 12 M 1308 nsub 1 MISSING
BASE 218 3 ndiv 12 M 1308 nsub 1 MISSING
BASE 14 47 ndiv 12 M 1316 nsub 2 MISSING
BASE 94 7 ndiv 12 M 1316 nsub 2 MISSING
BASE 134 5 ndiv 12 M 1340 nsub 1 MISSING
BASE 335 1 ndiv 12 M 1340 nsub 1 MISSING
BASE 10 67 ndiv 12 M 1340 nsub 1 MISSING
BASE 339 1 ndiv 12 M 1356 nsub 1 MISSING
BASE 6 113 ndiv 12 M 1356 nsub 8 MISSING
BASE 226 3 ndiv 12 M 1356 nsub 1 MISSING
BASE 22 31 ndiv 12 M 1364 nsub 2 MISSING
BASE 62 11 ndiv 12 M 1364 nsub 1 MISSING
BASE 341 1 ndiv 12 M 1364 nsub 1 MISSING
BASE 10 71 ndiv 12 M 1420 nsub 3 MISSING
BASE 142 5 ndiv 12 M 1420 nsub 1 MISSING
BASE 10 73 ndiv 12 M 1460 nsub 2 MISSING
BASE 146 5 ndiv 12 M 1460 nsub 1 MISSING
BASE 371 1 ndiv 12 M 1484 nsub 1 MISSING
BASE 14 53 ndiv 12 M 1484 nsub 1 MISSING
BASE 26 29 ndiv 12 M 1508 nsub 1 MISSING
BASE 58 13 ndiv 12 M 1508 nsub 1 MISSING
BASE 254 3 ndiv 12 M 1524 nsub 1 MISSING
BASE 381 1 ndiv 12 M 1524 nsub 1 MISSING
BASE 6 127 ndiv 12 M 1524 nsub 2 MISSING
BASE 34 23 ndiv 12 M 1564 nsub 1 MISSING
BASE 6 131 ndiv 12 M 1572 nsub 1 MISSING
BASE 10 79 ndiv 12 M 1580 nsub 1 MISSING
BASE 26 31 ndiv 12 M 1612 nsub 1 MISSING
BASE 62 13 ndiv 12 M 1612 nsub 1 MISSING
BASE 6 137 ndiv 12 M 1644 nsub 8 MISSING
BASE 14 59 ndiv 12 M 1652 nsub 1 MISSING
BASE 118 7 ndiv 12 M 1652 nsub 1 MISSING
BASE 10 83 ndiv 12 M 1660 nsub 1 MISSING
BASE 415 1 ndiv 12 M 1660 nsub 1 MISSING
BASE 6 139 ndiv 12 M 1668 nsub 1 MISSING
BASE 417 1 ndiv 12 M 1668 nsub 1 MISSING
BASE 14 61 ndiv 12 M 1708 nsub 3 MISSING
BASE 122 7 ndiv 12 M 1708 nsub 1 MISSING
BASE 46 19 ndiv 12 M 1748 nsub 1 MISSING
BASE 38 23 ndiv 12 M 1748 nsub 1 MISSING
BASE 10 89 ndiv 12 M 1780 nsub 1 MISSING
BASE 6 149 ndiv 12 M 1788 nsub 2 MISSING
BASE 82 11 ndiv 12 M 1804 nsub 1 MISSING
BASE 22 41 ndiv 12 M 1804 nsub 1 MISSING
BASE 453 1 ndiv 12 M 1812 nsub 1 MISSING
BASE 6 151 ndiv 12 M 1812 nsub 2 MISSING
BASE 14 67 ndiv 12 M 1876 nsub 1 MISSING
BASE 471 1 ndiv 12 M 1884 nsub 1 MISSING
BASE 6 157 ndiv 12 M 1884 nsub 1 MISSING
BASE 22 43 ndiv 12 M 1892 nsub 1 MISSING
BASE 26 37 ndiv 12 M 1924 nsub 1 MISSING
BASE 74 13 ndiv 12 M 1924 nsub 1 MISSING
BASE 194 5 ndiv 12 M 1940 nsub 1 MISSING
BASE 10 97 ndiv 12 M 1940 nsub 1 MISSING
BASE 6 163 ndiv 12 M 1956 nsub 2 MISSING
BASE 326 3 ndiv 12 M 1956 nsub 1 MISSING
BASE 34 29 ndiv 12 M 1972 nsub 1 MISSING
BASE 58 17 ndiv 12 M 1972 nsub 1 MISSING
BASE 14 71 ndiv 12 M 1988 nsub 1 MISSING
BASE 6 167 ndiv 12 M 2004 nsub 1 MISSING
BASE 10 101 ndiv 12 M 2020 nsub 1 MISSING
BASE 146 7 ndiv 12 M 2044 nsub 1 MISSING
BASE 94 11 ndiv 12 M 2068 nsub 1 MISSING
BASE 22 47 ndiv 12 M 2068 nsub 1 MISSING
BASE 6 173 ndiv 12 M 2076 nsub 1 MISSING
BASE 10 107 ndiv 12 M 2140 nsub 1 MISSING
BASE 6 179 ndiv 12 M 2148 nsub 1 MISSING
BASE 6 181 ndiv 12 M 2172 nsub 2 MISSING
BASE 10 109 ndiv 12 M 2180 nsub 1 MISSING
BASE 14 79 ndiv 12 M 2212 nsub 1 MISSING
BASE 26 43 ndiv 12 M 2236 nsub 1 MISSING
BASE 10 113 ndiv 12 M 2260 nsub 1 MISSING
BASE 6 191 ndiv 12 M 2292 nsub 1 MISSING
BASE 6 193 ndiv 12 M 2316 nsub 1 MISSING
BASE 6 197 ndiv 12 M 2364 nsub 1 MISSING
BASE 6 199 ndiv 12 M 2388 nsub 1 MISSING
BASE 34 37 ndiv 12 M 2516 nsub 1 MISSING
BASE 6 211 ndiv 12 M 2532 nsub 1 MISSING
BASE 6 227 ndiv 12 M 2724 nsub 1 MISSING
BASE 10 137 ndiv 12 M 2740 nsub 1 MISSING
BASE 6 229 ndiv 12 M 2748 nsub 1 MISSING
BASE 6 233 ndiv 12 M 2796 nsub 1 MISSING
BASE 6 239 ndiv 12 M 2868 nsub 1 MISSING
BASE 6 241 ndiv 12 M 2892 nsub 1 MISSING
BASE 6 251 ndiv 12 M 3012 nsub 1 MISSING
BASE 14 109 ndiv 12 M 3052 nsub 1 MISSING
BASE 6 257 ndiv 12 M 3084 nsub 1 MISSING
BASE 6 263 ndiv 12 M 3156 nsub 1 MISSING
BASE 6 281 ndiv 12 M 3372 nsub 1 MISSING
BASE 15 2 ndiv 16 M 120 nsub 16 DONE
BASE 21 2 ndiv 16 M 168 nsub 16 MISSING
BASE 33 2 ndiv 16 M 264 nsub 13 MISSING
BASE 35 2 ndiv 16 M 280 nsub 13 MISSING
BASE 39 2 ndiv 16 M 312 nsub 16 MISSING
BASE 51 2 ndiv 16 M 408 nsub 11 MISSING
BASE 55 2 ndiv 16 M 440 nsub 11 MISSING
BASE 57 2 ndiv 16 M 456 nsub 11 MISSING
BASE 65 2 ndiv 16 M 520 nsub 3 MISSING
BASE 69 2 ndiv 16 M 552 nsub 8 MISSING
BASE 77 2 ndiv 16 M 616 nsub 8 MISSING
BASE 85 2 ndiv 16 M 680 nsub 2 MISSING
BASE 87 2 ndiv 16 M 696 nsub 11 MISSING
BASE 91 2 ndiv 16 M 728 nsub 2 MISSING
BASE 93 2 ndiv 16 M 744 nsub 11 MISSING
BASE 95 2 ndiv 16 M 760 nsub 11 MISSING
BASE 111 2 ndiv 16 M 888 nsub 11 MISSING
BASE 115 2 ndiv 16 M 920 nsub 8 MISSING
BASE 119 2 ndiv 16 M 952 nsub 8 MISSING
BASE 123 2 ndiv 16 M 984 nsub 1 MISSING
BASE 129 2 ndiv 16 M 1032 nsub 1 MISSING
BASE 133 2 ndiv 16 M 1064 nsub 1 MISSING
BASE 141 2 ndiv 16 M 1128 nsub 1 MISSING
BASE 143 2 ndiv 16 M 1144 nsub 8 MISSING
BASE 145 2 ndiv 16 M 1160 nsub 1 MISSING
BASE 155 2 ndiv 16 M 1240 nsub 1 MISSING
BASE 159 2 ndiv 16 M 1272 nsub 8 MISSING
BASE 161 2 ndiv 16 M 1288 nsub 1 MISSING
BASE 177 2 ndiv 16 M 1416 nsub 1 MISSING
BASE 183 2 ndiv 16 M 1464 nsub 1 MISSING
BASE 187 2 ndiv 16 M 1496 nsub 1 MISSING
BASE 201 2 ndiv 16 M 1608 nsub 1 MISSING
BASE 203 2 ndiv 16 M 1624 nsub 1 MISSING
BASE 213 2 ndiv 16 M 1704 nsub 1 MISSING
BASE 215 2 ndiv 16 M 1720 nsub 1 MISSING
BASE 235 2 ndiv 16 M 1880 nsub 1 MISSING
BASE 237 2 ndiv 16 M 1896 nsub 1 MISSING
BASE 327 2 ndiv 16 M 2616 nsub 1 MISSING
BASE 6 35 ndiv 24 M 420 nsub 51 MISSING
BASE 10 21 ndiv 24 M 420 nsub 51 MISSING
BASE 15 7 ndiv 24 M 420 nsub 14 MISSING
BASE 210 1 ndiv 24 M 420 nsub 66 MISSING
BASE 21 5 ndiv 24 M 420 nsub 14 MISSING
BASE 14 15 ndiv 24 M 420 nsub 42 MISSING
BASE 35 3 ndiv 24 M 420 nsub 13 MISSING
BASE 22 15 ndiv 24 M 660 nsub 29 MISSING
BASE 6 55 ndiv 24 M 660 nsub 42 MISSING
BASE 330 1 ndiv 24 M 660 nsub 66 MISSING
BASE 33 5 ndiv 24 M 660 nsub 13 MISSING
BASE 55 3 ndiv 24 M 660 nsub 8 MISSING
BASE 15 11 ndiv 24 M 660 nsub 13 MISSING
BASE 10 33 ndiv 24 M 660 nsub 42 MISSING
BASE 65 3 ndiv 24 M 780 nsub 8 MISSING
BASE 39 5 ndiv 24 M 780 nsub 11 MISSING
BASE 15 13 ndiv 24 M 780 nsub 13 MISSING
BASE 390 1 ndiv 24 M 780 nsub 57 MISSING
BASE 10 39 ndiv 24 M 780 nsub 34 MISSING
BASE 6 65 ndiv 24 M 780 nsub 42 MISSING
BASE 26 15 ndiv 24 M 780 nsub 23 MISSING
BASE 6 77 ndiv 24 M 924 nsub 38 MISSING
BASE 77 3 ndiv 24 M 924 nsub 8 MISSING
BASE 22 21 ndiv 24 M 924 nsub 23 MISSING
BASE 14 33 ndiv 24 M 924 nsub 8 MISSING
BASE 33 7 ndiv 24 M 924 nsub 13 MISSING
BASE 21 11 ndiv 24 M 924 nsub 13 MISSING
BASE 462 1 ndiv 24 M 924 nsub 57 MISSING
BASE 510 1 ndiv 24 M 1020 nsub 57 MISSING
BASE 51 5 ndiv 24 M 1020 nsub 11 MISSING
BASE 85 3 ndiv 24 M 1020 nsub 8 MISSING
BASE 34 15 ndiv 24 M 1020 nsub 5 MISSING
BASE 6 85 ndiv 24 M 1020 nsub 29 MISSING
BASE 15 17 ndiv 24 M 1020 nsub 13 MISSING
BASE 10 51 ndiv 24 M 1020 nsub 23 MISSING
BASE 39 7 ndiv 24 M 1092 nsub 8 MISSING
BASE 14 39 ndiv 24 M 1092 nsub 23 MISSING
BASE 6 91 ndiv 24 M 1092 nsub 42 MISSING
BASE 26 21 ndiv 24 M 1092 nsub 23 MISSING
BASE 546 1 ndiv 24 M 1092 nsub 56 MISSING
BASE 91 3 ndiv 24 M 1092 nsub 1 MISSING
BASE 21 13 ndiv 24 M 1092 nsub 11 MISSING
BASE 10 57 ndiv 24 M 1140 nsub 23 MISSING
BASE 570 1 ndiv 24 M 1140 nsub 45 MISSING
BASE 57 5 ndiv 24 M 1140 nsub 2 MISSING
BASE 38 15 ndiv 24 M 1140 nsub 3 MISSING
BASE 15 19 ndiv 24 M 1140 nsub 8 MISSING
BASE 95 3 ndiv 24 M 1140 nsub 8 MISSING
BASE 6 95 ndiv 24 M 1140 nsub 29 MISSING
BASE 690 1 ndiv 24 M 1380 nsub 45 MISSING
BASE 6 115 ndiv 24 M 1380 nsub 23 MISSING
BASE 46 15 ndiv 24 M 1380 nsub 4 MISSING
BASE 69 5 ndiv 24 M 1380 nsub 2 MISSING
BASE 10 69 ndiv 24 M 1380 nsub 23 MISSING
BASE 115 3 ndiv 24 M 1380 nsub 1 MISSING
BASE 15 23 ndiv 24 M 1380 nsub 3 MISSING
BASE 21 17 ndiv 24 M 1428 nsub 3 MISSING
BASE 51 7 ndiv 24 M 1428 nsub 1 MISSING
BASE 119 3 ndiv 24 M 1428 nsub 2 MISSING
BASE 714 1 ndiv 24 M 1428 nsub 42 MISSING
BASE 14 51 ndiv 24 M 1428 nsub 3 MISSING
BASE 6 119 ndiv 24 M 1428 nsub 29 MISSING
BASE 34 21 ndiv 24 M 1428 nsub 2 MISSING
BASE 10 77 ndiv 24 M 1540 nsub 23 MISSING
BASE 55 7 ndiv 24 M 1540 nsub 1 MISSING
BASE 770 1 ndiv 24 M 1540 nsub 42 MISSING
BASE 22 35 ndiv 24 M 1540 nsub 16 MISSING
BASE 35 11 ndiv 24 M 1540 nsub 1 MISSING
BASE 14 55 ndiv 24 M 1540 nsub 5 MISSING
BASE 57 7 ndiv 24 M 1596 nsub 8 MISSING
BASE 21 19 ndiv 24 M 1596 nsub 8 MISSING
BASE 14 57 ndiv 24 M 1596 nsub 16 MISSING
BASE 798 1 ndiv 24 M 1596 nsub 34 MISSING
BASE 38 21 ndiv 24 M 1596 nsub 3 MISSING
BASE 6 133 ndiv 24 M 1596 nsub 8 MISSING
BASE 858 1 ndiv 24 M 1716 nsub 34 MISSING
BASE 6 143 ndiv 24 M 1716 nsub 23 MISSING
BASE 26 33 ndiv 24 M 1716 nsub 1 MISSING
BASE 39 11 ndiv 24 M 1716 nsub 1 MISSING
BASE 33 13 ndiv 24 M 1716 nsub 2 MISSING
BASE 22 39 ndiv 24 M 1716 nsub 3 MISSING
BASE 143 3 ndiv 24 M 1716 nsub 1 MISSING
BASE 870 1 ndiv 24 M 1740 nsub 34 MISSING
BASE 145 3 ndiv 24 M 1740 nsub 1 MISSING
BASE 87 5 ndiv 24 M 1740 nsub 1 MISSING
BASE 6 145 ndiv 24 M 1740 nsub 23 MISSING
BASE 58 15 ndiv 24 M 1740 nsub 2 MISSING
BASE 10 87 ndiv 24 M 1740 nsub 5 MISSING
BASE 15 29 ndiv 24 M 1740 nsub 8 MISSING
BASE 65 7 ndiv 24 M 1820 nsub 1 MISSING
BASE 910 1 ndiv 24 M 1820 nsub 29 MISSING
BASE 91 5 ndiv 24 M 1820 nsub 1 MISSING
BASE 14 65 ndiv 24 M 1820 nsub 3 MISSING
BASE 26 35 ndiv 24 M 1820 nsub 1 MISSING
BASE 35 13 ndiv 24 M 1820 nsub 8 MISSING
BASE 10 91 ndiv 24 M 1820 nsub 5 MISSING
BASE 15 31 ndiv 24 M 1860 nsub 1 MISSING
BASE 6 155 ndiv 24 M 1860 nsub 16 MISSING
BASE 155 3 ndiv 24 M 1860 nsub 1 MISSING
BASE 10 93 ndiv 24 M 1860 nsub 16 MISSING
BASE 930 1 ndiv 24 M 1860 nsub 34 MISSING
BASE 93 5 ndiv 24 M 1860 nsub 2 MISSING
BASE 62 15 ndiv 24 M 1860 nsub 1 MISSING
BASE 161 3 ndiv 24 M 1932 nsub 1 MISSING
BASE 21 23 ndiv 24 M 1932 nsub 1 MISSING
BASE 14 69 ndiv 24 M 1932 nsub 2 MISSING
BASE 966 1 ndiv 24 M 1932 nsub 34 MISSING
BASE 6 161 ndiv 24 M 1932 nsub 16 MISSING
BASE 46 21 ndiv 24 M 1932 nsub 1 MISSING
BASE 69 7 ndiv 24 M 1932 nsub 1 MISSING
BASE 1110 1 ndiv 24 M 2220 nsub 29 MISSING
BASE 15 37 ndiv 24 M 2220 nsub 1 MISSING
BASE 6 185 ndiv 24 M 2220 nsub 3 MISSING
BASE 74 15 ndiv 24 M 2220 nsub 1 MISSING
BASE 10 111 ndiv 24 M 2220 nsub 3 MISSING
BASE 111 5 ndiv 24 M 2220 nsub 1 MISSING
BASE 33 17 ndiv 24 M 2244 nsub 1 MISSING
BASE 34 33 ndiv 24 M 2244 nsub 1 MISSING
BASE 1122 1 ndiv 24 M 2244 nsub 23 MISSING
BASE 6 187 ndiv 24 M 2244 nsub 2 MISSING
BASE 22 51 ndiv 24 M 2244 nsub 1 MISSING
BASE 51 11 ndiv 24 M 2244 nsub 1 MISSING
BASE 14 85 ndiv 24 M 2380 nsub 2 MISSING
BASE 10 119 ndiv 24 M 2380 nsub 3 MISSING
BASE 1190 1 ndiv 24 M 2380 nsub 29 MISSING
BASE 34 35 ndiv 24 M 2380 nsub 1 MISSING
BASE 1218 1 ndiv 24 M 2436 nsub 29 MISSING
BASE 58 21 ndiv 24 M 2436 nsub 1 MISSING
BASE 14 87 ndiv 24 M 2436 nsub 1 MISSING
BASE 6 203 ndiv 24 M 2436 nsub 16 MISSING
BASE 87 7 ndiv 24 M 2436 nsub 1 MISSING
BASE 15 41 ndiv 24 M 2460 nsub 8 MISSING
BASE 82 15 ndiv 24 M 2460 nsub 1 MISSING
BASE 123 5 ndiv 24 M 2460 nsub 1 MISSING
BASE 10 123 ndiv 24 M 2460 nsub 1 MISSING
BASE 1230 1 ndiv 24 M 2460 nsub 23 MISSING
BASE 6 205 ndiv 24 M 2460 nsub 3 MISSING
BASE 6 209 ndiv 24 M 2508 nsub 2 MISSING
BASE 22 57 ndiv 24 M 2508 nsub 1 MISSING
BASE 38 33 ndiv 24 M 2508 nsub 1 MISSING
BASE 1254 1 ndiv 24 M 2508 nsub 16 MISSING
BASE 15 43 ndiv 24 M 2580 nsub 1 MISSING
BASE 1290 1 ndiv 24 M 2580 nsub 23 MISSING
BASE 10 129 ndiv 24 M 2580 nsub 1 MISSING
BASE 6 215 ndiv 24 M 2580 nsub 3 MISSING
BASE 14 93 ndiv 24 M 2604 nsub 1 MISSING
BASE 21 31 ndiv 24 M 2604 nsub 1 MISSING
BASE 6 217 ndiv 24 M 2604 nsub 2 MISSING
BASE 1302 1 ndiv 24 M 2604 nsub 23 MISSING
BASE 93 7 ndiv 24 M 2604 nsub 1 MISSING
BASE 62 21 ndiv 24 M 2604 nsub 1 MISSING
BASE 6 221 ndiv 24 M 2652 nsub 5 MISSING
BASE 34 39 ndiv 24 M 2652 nsub 1 MISSING
BASE 1326 1 ndiv 24 M 2652 nsub 23 MISSING
BASE 26 51 ndiv 24 M 2652 nsub 1 MISSING
BASE 51 13 ndiv 24 M 2652 nsub 1 MISSING
BASE 38 35 ndiv 24 M 2660 nsub 1 MISSING
BASE 14 95 ndiv 24 M 2660 nsub 1 MISSING
BASE 10 133 ndiv 24 M 2660 nsub 2 MISSING
BASE 35 19 ndiv 24 M 2660 nsub 1 MISSING
BASE 1330 1 ndiv 24 M 2660 nsub 4 MISSING
BASE 6 235 ndiv 24 M 2820 nsub 16 MISSING
BASE 15 47 ndiv 24 M 2820 nsub 1 MISSING
BASE 1410 1 ndiv 24 M 2820 nsub 29 MISSING
BASE 10 141 ndiv 24 M 2820 nsub 1 MISSING
BASE 55 13 ndiv 24 M 2860 nsub 1 MISSING
BASE 22 65 ndiv 24 M 2860 nsub 1 MISSING
BASE 26 55 ndiv 24 M 2860 nsub 1 MISSING
BASE 10 143 ndiv 24 M 2860 nsub 1 MISSING
BASE 65 11 ndiv 24 M 2860 nsub 1 MISSING
BASE 1430 1 ndiv 24 M 2860 nsub 4 MISSING
BASE 39 19 ndiv 24 M 2964 nsub 1 MISSING
BASE 1482 1 ndiv 24 M 2964 nsub 4 MISSING
BASE 57 13 ndiv 24 M 2964 nsub 1 MISSING
BASE 6 247 ndiv 24 M 2964 nsub 2 MISSING
BASE 38 39 ndiv 24 M 2964 nsub 1 MISSING
BASE 26 57 ndiv 24 M 2964 nsub 1 MISSING
BASE 33 23 ndiv 24 M 3036 nsub 1 MISSING
BASE 1518 1 ndiv 24 M 3036 nsub 5 MISSING
BASE 6 253 ndiv 24 M 3036 nsub 1 MISSING
BASE 22 69 ndiv 24 M 3036 nsub 1 MISSING
BASE 14 111 ndiv 24 M 3108 nsub 1 MISSING
BASE 21 37 ndiv 24 M 3108 nsub 1 MISSING
BASE 6 259 ndiv 24 M 3108 nsub 1 MISSING
BASE 111 7 ndiv 24 M 3108 nsub 1 MISSING
BASE 1554 1 ndiv 24 M 3108 nsub 4 MISSING
BASE 1590 1 ndiv 24 M 3180 nsub 23 MISSING
BASE 10 159 ndiv 24 M 3180 nsub 1 MISSING
BASE 6 265 ndiv 24 M 3180 nsub 2 MISSING
BASE 14 115 ndiv 24 M 3220 nsub 1 MISSING
BASE 10 161 ndiv 24 M 3220 nsub 1 MISSING
BASE 1610 1 ndiv 24 M 3220 nsub 3 MISSING
BASE 46 35 ndiv 24 M 3220 nsub 1 MISSING
BASE 6 287 ndiv 24 M 3444 nsub 1 MISSING
BASE 1722 1 ndiv 24 M 3444 nsub 16 MISSING
BASE 10 177 ndiv 24 M 3540 nsub 1 MISSING
BASE 15 59 ndiv 24 M 3540 nsub 1 MISSING
BASE 6 295 ndiv 24 M 3540 nsub 2 MISSING
BASE 1770 1 ndiv 24 M 3540 nsub 23 MISSING
BASE 6 299 ndiv 24 M 3588 nsub 1 MISSING
BASE 1794 1 ndiv 24 M 3588 nsub 16 MISSING
BASE 14 129 ndiv 24 M 3612 nsub 1 MISSING
BASE 1806 1 ndiv 24 M 3612 nsub 5 MISSING
BASE 6 301 ndiv 24 M 3612 nsub 1 MISSING
BASE 21 43 ndiv 24 M 3612 nsub 1 MISSING
BASE 6 305 ndiv 24 M 3660 nsub 1 MISSING
BASE 1830 1 ndiv 24 M 3660 nsub 3 MISSING
BASE 10 183 ndiv 24 M 3660 nsub 1 MISSING
BASE 15 61 ndiv 24 M 3660 nsub 1 MISSING
BASE 1870 1 ndiv 24 M 3740 nsub 1 MISSING
BASE 22 85 ndiv 24 M 3740 nsub 1 MISSING
BASE 6 319 ndiv 24 M 3828 nsub 1 MISSING
BASE 1914 1 ndiv 24 M 3828 nsub 16 MISSING
BASE 1938 1 ndiv 24 M 3876 nsub 16 MISSING
BASE 6 323 ndiv 24 M 3876 nsub 1 MISSING
BASE 1974 1 ndiv 24 M 3948 nsub 16 MISSING
BASE 6 329 ndiv 24 M 3948 nsub 1 MISSING
BASE 22 91 ndiv 24 M 4004 nsub 1 MISSING
BASE 2002 1 ndiv 24 M 4004 nsub 1 MISSING
BASE 6 335 ndiv 24 M 4020 nsub 1 MISSING
BASE 2010 1 ndiv 24 M 4020 nsub 16 MISSING
BASE 10 203 ndiv 24 M 4060 nsub 1 MISSING
BASE 2030 1 ndiv 24 M 4060 nsub 1 MISSING
BASE 6 341 ndiv 24 M 4092 nsub 1 MISSING
BASE 2046 1 ndiv 24 M 4092 nsub 2 MISSING
BASE 2090 1 ndiv 24 M 4180 nsub 2 MISSING
BASE 10 209 ndiv 24 M 4180 nsub 1 MISSING
BASE 2130 1 ndiv 24 M 4260 nsub 16 MISSING
BASE 6 355 ndiv 24 M 4260 nsub 1 MISSING
BASE 2170 1 ndiv 24 M 4340 nsub 1 MISSING
BASE 2190 1 ndiv 24 M 4380 nsub 2 MISSING
BASE 15 73 ndiv 24 M 4380 nsub 1 MISSING
BASE 2210 1 ndiv 24 M 4420 nsub 1 MISSING
BASE 10 221 ndiv 24 M 4420 nsub 1 MISSING
BASE 6 371 ndiv 24 M 4452 nsub 1 MISSING
BASE 2226 1 ndiv 24 M 4452 nsub 3 MISSING
BASE 2262 1 ndiv 24 M 4524 nsub 2 MISSING
BASE 6 377 ndiv 24 M 4524 nsub 1 MISSING
BASE 2346 1 ndiv 24 M 4692 nsub 1 MISSING
BASE 6 391 ndiv 24 M 4692 nsub 1 MISSING
BASE 6 395 ndiv 24 M 4740 nsub 1 MISSING
BASE 2370 1 ndiv 24 M 4740 nsub 2 MISSING
BASE 2418 1 ndiv 24 M 4836 nsub 1 MISSING
BASE 6 403 ndiv 24 M 4836 nsub 1 MISSING
BASE 6 407 ndiv 24 M 4884 nsub 1 MISSING
BASE 2442 1 ndiv 24 M 4884 nsub 1 MISSING
BASE 2478 1 ndiv 24 M 4956 nsub 2 MISSING
BASE 6 415 ndiv 24 M 4980 nsub 1 MISSING
BASE 2490 1 ndiv 24 M 4980 nsub 2 MISSING
BASE 2530 1 ndiv 24 M 5060 nsub 1 MISSING
BASE 2562 1 ndiv 24 M 5124 nsub 1 MISSING
BASE 2622 1 ndiv 24 M 5244 nsub 1 MISSING
BASE 6 437 ndiv 24 M 5244 nsub 1 MISSING
BASE 2670 1 ndiv 24 M 5340 nsub 2 MISSING
BASE 2706 1 ndiv 24 M 5412 nsub 1 MISSING
BASE 2814 1 ndiv 24 M 5628 nsub 1 MISSING
BASE 6 469 ndiv 24 M 5628 nsub 1 MISSING
BASE 6 473 ndiv 24 M 5676 nsub 1 MISSING
BASE 2838 1 ndiv 24 M 5676 nsub 1 MISSING
BASE 2870 1 ndiv 24 M 5740 nsub 1 MISSING
BASE 6 481 ndiv 24 M 5772 nsub 1 MISSING
BASE 2886 1 ndiv 24 M 5772 nsub 1 MISSING
BASE 2910 1 ndiv 24 M 5820 nsub 1 MISSING
BASE 6 497 ndiv 24 M 5964 nsub 1 MISSING
BASE 2982 1 ndiv 24 M 5964 nsub 1 MISSING
BASE 3010 1 ndiv 24 M 6020 nsub 1 MISSING
BASE 3030 1 ndiv 24 M 6060 nsub 1 MISSING
BASE 3066 1 ndiv 24 M 6132 nsub 1 MISSING
BASE 3090 1 ndiv 24 M 6180 nsub 1 MISSING
BASE 6 527 ndiv 24 M 6324 nsub 1 MISSING
BASE 3162 1 ndiv 24 M 6324 nsub 1 MISSING
BASE 3190 1 ndiv 24 M 6380 nsub 1 MISSING
BASE 3210 1 ndiv 24 M 6420 nsub 1 MISSING
BASE 3290 1 ndiv 24 M 6580 nsub 1 MISSING
BASE 3306 1 ndiv 24 M 6612 nsub 1 MISSING
BASE 3390 1 ndiv 24 M 6780 nsub 1 MISSING
BASE 3458 1 ndiv 24 M 6916 nsub 1 MISSING
BASE 3486 1 ndiv 24 M 6972 nsub 1 MISSING
BASE 3542 1 ndiv 24 M 7084 nsub 1 MISSING
BASE 3738 1 ndiv 24 M 7476 nsub 1 MISSING
BASE 3810 1 ndiv 24 M 7620 nsub 1 MISSING
BASE 3894 1 ndiv 24 M 7788 nsub 1 MISSING
BASE 3930 1 ndiv 24 M 7860 nsub 1 MISSING
BASE 4002 1 ndiv 24 M 8004 nsub 1 MISSING
BASE 4170 1 ndiv 24 M 8340 nsub 1 MISSING
BASE 4242 1 ndiv 24 M 8484 nsub 1 MISSING
BASE 4278 1 ndiv 24 M 8556 nsub 1 MISSING
BASE 4326 1 ndiv 24 M 8652 nsub 1 MISSING
BASE 4710 1 ndiv 24 M 9420 nsub 1 MISSING
BASE 4890 1 ndiv 24 M 9780 nsub 1 MISSING
BASE 35 6 ndiv 32 M 840 nsub 23 MISSING
BASE 15 14 ndiv 32 M 840 nsub 29 MISSING
BASE 21 10 ndiv 32 M 840 nsub 29 MISSING
BASE 15 22 ndiv 32 M 1320 nsub 29 MISSING
BASE 55 6 ndiv 32 M 1320 nsub 2 MISSING
BASE 33 10 ndiv 32 M 1320 nsub 23 MISSING
BASE 65 6 ndiv 32 M 1560 nsub 1 MISSING
BASE 39 10 ndiv 32 M 1560 nsub 16 MISSING
BASE 15 26 ndiv 32 M 1560 nsub 16 MISSING
BASE 21 22 ndiv 32 M 1848 nsub 23 MISSING
BASE 33 14 ndiv 32 M 1848 nsub 16 MISSING
BASE 77 6 ndiv 32 M 1848 nsub 1 MISSING
BASE 85 6 ndiv 32 M 2040 nsub 1 MISSING
BASE 51 10 ndiv 32 M 2040 nsub 16 MISSING
BASE 15 34 ndiv 32 M 2040 nsub 23 MISSING
BASE 91 6 ndiv 32 M 2184 nsub 1 MISSING
BASE 39 14 ndiv 32 M 2184 nsub 2 MISSING
BASE 21 26 ndiv 32 M 2184 nsub 16 MISSING
BASE 15 38 ndiv 32 M 2280 nsub 1 MISSING
BASE 57 10 ndiv 32 M 2280 nsub 1 MISSING
BASE 95 6 ndiv 32 M 2280 nsub 1 MISSING
BASE 15 46 ndiv 32 M 2760 nsub 1 MISSING
BASE 69 10 ndiv 32 M 2760 nsub 1 MISSING
BASE 115 6 ndiv 32 M 2760 nsub 1 MISSING
BASE 51 14 ndiv 32 M 2856 nsub 1 MISSING
BASE 119 6 ndiv 32 M 2856 nsub 1 MISSING
BASE 21 34 ndiv 32 M 2856 nsub 1 MISSING
BASE 55 14 ndiv 32 M 3080 nsub 1 MISSING
BASE 35 22 ndiv 32 M 3080 nsub 1 MISSING
BASE 57 14 ndiv 32 M 3192 nsub 1 MISSING
BASE 21 38 ndiv 32 M 3192 nsub 2 MISSING
BASE 33 26 ndiv 32 M 3432 nsub 1 MISSING
BASE 39 22 ndiv 32 M 3432 nsub 1 MISSING
BASE 15 58 ndiv 32 M 3480 nsub 1 MISSING
BASE 65 14 ndiv 32 M 3640 nsub 1 MISSING
BASE 35 26 ndiv 32 M 3640 nsub 1 MISSING
BASE 15 62 ndiv 32 M 3720 nsub 1 MISSING
BASE 93 10 ndiv 32 M 3720 nsub 1 MISSING
BASE 21 46 ndiv 32 M 3864 nsub 1 MISSING
BASE 15 74 ndiv 32 M 4440 nsub 1 MISSING
BASE 15 82 ndiv 32 M 4920 nsub 1 MISSING
BASE 51 26 ndiv 32 M 5304 nsub 1 MISSING
BASE 330 7 ndiv 48 M 4620 nsub 61 MISSING
BASE 6 385 ndiv 48 M 4620 nsub 2 MISSING
BASE 210 11 ndiv 48 M 4620 nsub 61 MISSING
BASE 21 55 ndiv 48 M 4620 nsub 1 MISSING
BASE 1155 1 ndiv 48 M 4620 nsub 4 MISSING
BASE 22 105 ndiv 48 M 4620 nsub 1 MISSING
BASE 770 3 ndiv 48 M 4620 nsub 32 MISSING
BASE 10 231 ndiv 48 M 4620 nsub 1 MISSING
BASE 14 165 ndiv 48 M 4620 nsub 1 MISSING
BASE 462 5 ndiv 48 M 4620 nsub 47 MISSING
BASE 33 35 ndiv 48 M 4620 nsub 1 MISSING
BASE 15 77 ndiv 48 M 4620 nsub 1 MISSING
BASE 1365 1 ndiv 48 M 5460 nsub 1 MISSING
BASE 546 5 ndiv 48 M 5460 nsub 32 MISSING
BASE 6 455 ndiv 48 M 5460 nsub 1 MISSING
BASE 10 273 ndiv 48 M 5460 nsub 1 MISSING
BASE 210 13 ndiv 48 M 5460 nsub 47 MISSING
BASE 390 7 ndiv 48 M 5460 nsub 47 MISSING
BASE 35 39 ndiv 48 M 5460 nsub 1 MISSING
BASE 15 91 ndiv 48 M 5460 nsub 1 MISSING
BASE 910 3 ndiv 48 M 5460 nsub 2 MISSING
BASE 714 5 ndiv 48 M 7140 nsub 2 MISSING
BASE 6 595 ndiv 48 M 7140 nsub 1 MISSING
BASE 210 17 ndiv 48 M 7140 nsub 47 MISSING
BASE 1190 3 ndiv 48 M 7140 nsub 1 MISSING
BASE 1785 1 ndiv 48 M 7140 nsub 1 MISSING
BASE 510 7 ndiv 48 M 7140 nsub 32 MISSING
BASE 6 665 ndiv 48 M 7980 nsub 1 MISSING
BASE 1330 3 ndiv 48 M 7980 nsub 1 MISSING
BASE 210 19 ndiv 48 M 7980 nsub 32 MISSING
BASE 570 7 ndiv 48 M 7980 nsub 32 MISSING
BASE 798 5 ndiv 48 M 7980 nsub 2 MISSING
BASE 1430 3 ndiv 48 M 8580 nsub 1 MISSING
BASE 390 11 ndiv 48 M 8580 nsub 2 MISSING
BASE 330 13 ndiv 48 M 8580 nsub 32 MISSING
BASE 6 715 ndiv 48 M 8580 nsub 1 MISSING
BASE 858 5 ndiv 48 M 8580 nsub 1 MISSING
BASE 2415 1 ndiv 48 M 9660 nsub 1 MISSING
BASE 966 5 ndiv 48 M 9660 nsub 1 MISSING
BASE 690 7 ndiv 48 M 9660 nsub 1 MISSING
BASE 210 23 ndiv 48 M 9660 nsub 2 MISSING
BASE 510 11 ndiv 48 M 11220 nsub 1 MISSING
BASE 1122 5 ndiv 48 M 11220 nsub 1 MISSING
BASE 330 17 ndiv 48 M 11220 nsub 1 MISSING
BASE 858 7 ndiv 48 M 12012 nsub 1 MISSING
BASE 462 13 ndiv 48 M 12012 nsub 1 MISSING
BASE 546 11 ndiv 48 M 12012 nsub 1 MISSING
BASE 1218 5 ndiv 48 M 12180 nsub 1 MISSING
BASE 210 29 ndiv 48 M 12180 nsub 1 MISSING
BASE 870 7 ndiv 48 M 12180 nsub 1 MISSING
BASE 1254 5 ndiv 48 M 12540 nsub 1 MISSING
BASE 330 19 ndiv 48 M 12540 nsub 1 MISSING
BASE 570 11 ndiv 48 M 12540 nsub 1 MISSING
BASE 930 7 ndiv 48 M 13020 nsub 1 MISSING
BASE 210 31 ndiv 48 M 13020 nsub 1 MISSING
BASE 510 13 ndiv 48 M 13260 nsub 1 MISSING
BASE 390 17 ndiv 48 M 13260 nsub 1 MISSING
BASE 570 13 ndiv 48 M 14820 nsub 1 MISSING
BASE 390 19 ndiv 48 M 14820 nsub 1 MISSING
BASE 330 23 ndiv 48 M 15180 nsub 1 MISSING
BASE 690 11 ndiv 48 M 15180 nsub 1 MISSING
BASE 210 37 ndiv 48 M 15540 nsub 1 MISSING
BASE 1110 7 ndiv 48 M 15540 nsub 1 MISSING
BASE 462 17 ndiv 48 M 15708 nsub 1 MISSING
BASE 714 11 ndiv 48 M 15708 nsub 1 MISSING
BASE 210 41 ndiv 48 M 17220 nsub 1 MISSING
BASE 462 19 ndiv 48 M 17556 nsub 1 MISSING
BASE 390 23 ndiv 48 M 17940 nsub 1 MISSING
BASE 210 43 ndiv 48 M 18060 nsub 1 MISSING
BASE 1155 2 ndiv 64 M 9240 nsub 1 MISSING
BASE 1365 2 ndiv 64 M 10920 nsub 1 MISSING
TOTAL 754
DONEC 76
MISSC 678
FINISHED
