BASE 57 2 9
PP -2 oo 57 2
PP -2 oo 54 2
PP -2 oo 45 2
PP -2 oo 18 -2
PP -2 oo 17 -2
PP -2 oo 15 2
PP -2 oo 14 2
PP -2 oo 13 2
PP -2 oo 12 2
PP -2 oo 8 2
PP -2 oo 6 -2
PP -2 oo 1 -4
VERD -2 oo 57 12 1 0 INTEGRAL
PP -1 oo 47 -3/2
PP -1 oo 45 -1
PP -1 oo 38 162291501/2
PP -1 oo 36 1
PP -1 oo 18 162291501
PP -1 oo 17 162291507/2
PP -1 oo 13 -162291501/2
PP -1 oo 11 1
PP -1 oo 10 162291501/2
PP -1 oo 6 2
PP -1 oo 5 81145755
PP -1 oo 4 -1
PP -1 oo 2 162291501/2
PP -1 oo 1 -1
VERD -1 oo 47 14 2 8 NONINTEGRAL
PP -1 0 57 -3
VERD -1 0 57 1 1 0 INTEGRAL
PP 9 oo 114 2
PP 9 oo 57 2
PP 9 oo 44 5
PP 9 oo 36 2
PP 9 oo 17 2
PP 9 oo 15 2
PP 9 oo 14 4
PP 9 oo 12 2
PP 9 oo 9 -4
PP 9 oo 8 2
PP 9 oo 6 2
PP 9 oo 5 -2
PP 9 oo 4 -2
PP 9 oo 2 2
PP 9 oo 1 -6
VERD 9 oo 114 15 1 0 INTEGRAL
PP 9 0 57 -6
VERD 9 0 57 1 1 0 INTEGRAL
PP 10 oo 57 2
PP 10 oo 54 2
PP 10 oo 45 2
PP 10 oo 18 -2
PP 10 oo 17 -2
PP 10 oo 15 2
PP 10 oo 14 2
PP 10 oo 13 2
PP 10 oo 12 2
PP 10 oo 8 2
PP 10 oo 6 -2
PP 10 oo 1 -4
VERD 10 oo 57 12 1 0 INTEGRAL
PP 11 oo 114 2
PP 11 oo 44 3
PP 11 oo 36 2
PP 11 oo 18 2
PP 11 oo 17 2
PP 11 oo 14 2
PP 11 oo 13 -2
PP 11 oo 11 2
PP 11 oo 9 -2
PP 11 oo 6 2
PP 11 oo 4 -2
PP 11 oo 2 2
PP 11 oo 1 -4
VERD 11 oo 114 13 1 0 INTEGRAL
PP 11 0 57 -6
VERD 11 0 57 1 1 0 INTEGRAL
PP 12 oo 114 2
PP 12 oo 57 2
PP 12 oo 44 5
PP 12 oo 36 4
PP 12 oo 19 2
PP 12 oo 18 2
PP 12 oo 17 2
PP 12 oo 15 4
PP 12 oo 14 4
PP 12 oo 12 2
PP 12 oo 11 4
PP 12 oo 10 2
PP 12 oo 9 -4
PP 12 oo 8 2
PP 12 oo 4 -4
PP 12 oo 3 2
PP 12 oo 2 2
PP 12 oo 1 -10
VERD 12 oo 114 18 1 1 INTEGRAL
PP 12 0 57 -10
VERD 12 0 57 1 1 1 INTEGRAL
PP 13 oo 47 -3
PP 13 oo 45 -2
PP 13 oo 38 270485839
PP 13 oo 36 4
PP 13 oo 19 2
PP 13 oo 18 540971680
PP 13 oo 17 270485845
PP 13 oo 15 2
PP 13 oo 13 -270485839
PP 13 oo 11 6
PP 13 oo 10 270485841
PP 13 oo 6 2
PP 13 oo 5 270485850
PP 13 oo 4 -4
PP 13 oo 3 2
PP 13 oo 2 270485839
PP 13 oo 1 -6
VERD 13 oo 47 17 1 8 INTEGRAL
PP 13 0 57 -10
VERD 13 0 57 1 1 1 INTEGRAL
PP 14 oo 57 2
PP 14 oo 54 -270485839
PP 14 oo 47 -270485844
PP 14 oo 45 -270485841
PP 14 oo 36 4
PP 14 oo 19 2
PP 14 oo 17 270485845
PP 14 oo 15 4
PP 14 oo 14 2
PP 14 oo 13 2
PP 14 oo 12 2
PP 14 oo 11 -270485835
PP 14 oo 10 2
PP 14 oo 9 -270485841
PP 14 oo 8 2
PP 14 oo 6 270485841
PP 14 oo 5 11
PP 14 oo 4 -4
PP 14 oo 3 2
PP 14 oo 1 270485831
VERD 14 oo 57 20 1 8 INTEGRAL
PP 14 0 57 -10
VERD 14 0 57 1 1 1 INTEGRAL
PP 15 oo 114 2
PP 15 oo 44 3
PP 15 oo 36 4
PP 15 oo 19 2
PP 15 oo 18 4
PP 15 oo 17 2
PP 15 oo 15 2
PP 15 oo 14 2
PP 15 oo 13 -2
PP 15 oo 11 6
PP 15 oo 10 2
PP 15 oo 9 -2
PP 15 oo 5 2
PP 15 oo 4 -4
PP 15 oo 3 2
PP 15 oo 2 2
PP 15 oo 1 -8
VERD 15 oo 114 17 1 0 INTEGRAL
PP 15 0 57 -10
VERD 15 0 57 1 1 1 INTEGRAL
BASEVERD 57 2 oo:NONINTEGRAL all:NONINTEGRAL
DONE
