BASE 111 2 9
PP -2 oo 117 1
PP -2 oo 116 1
PP -2 oo 113 1/4
PP -2 oo 98 -5/4
PP -2 oo 72 -1/2
PP -2 oo 46 -274004014529728563598140186961465629815801549791838002148879881146\
7466187218649813506799779296913617319986815239609581872717338626528886716869/15\
98132658113793111615575425024
PP -2 oo 45 -1/2
PP -2 oo 44 2997159682702712172549008902891901826165925527595155470502716810319\
9156038213518068188480074292095796713671290936082823206800265600748645793791/79\
9066329056896555807787712512
PP -2 oo 41 2192605903407191350315088356203096846258594094398217842266277077419\
8391868283606222271224405470151638315342170765812208297988564603321685822931/79\
9066329056896555807787712512
PP -2 oo 40 2011384448238802055584801366722012449768328582992344070591099332250\
191042482477961479313917205486039599582280042567653727202925249356739992715/199\
766582264224138951946928128
PP -2 oo 38 -250210023369361249256419543206711810288672377261072242591079480789\
27789209488738939201137693999501342514039285951473604905636388585260564987273/1\
598132658113793111615575425024
PP -2 oo 36 -782734671394459906051906600749029379175209519449123564849378805816\
8652420479313166251506124171572578414046950857653816780985734787413773460263/79\
9066329056896555807787712512
PP -2 oo 35 -2
PP -2 oo 34 -831942956335772104043262670593575434497587741561219691436569452839\
82530499143207722609600238177994769167244252744106633694662240409770680780095/3\
196265316227586223231150850048
PP -2 oo 33 1530386782678134474550027145336912544386613198077137394455497215389\
23576233019802116961245147347375270993850844585490716710590525642244133980713/3\
196265316227586223231150850048
PP -2 oo 32 1399755142073496245104800504284663055706615793466686150321957324451\
46424720439202928921515706097520594812739825000232203943454345374130945035289/3\
196265316227586223231150850048
PP -2 oo 30 1090236021987610353744397273500894060204511239382501516946544998937\
22207806623160760602025176270457848183458425695502737073170502306368001187409/3\
196265316227586223231150850048
PP -2 oo 29 1399755142073496245104800504284663055706615793466686150321957324451\
46424720439202928921515706097520594812739825001031270272511241929938732747801/3\
196265316227586223231150850048
PP -2 oo 28 3176422303318503959621680788410168312800453772874661289230017353131\
689686119847172838298868597656777288551153864843178128369271046555259738063/159\
8132658113793111615575425024
PP -2 oo 27 5962841649423742349361715138103557772241558076267832172617165268751\
5185762767808034367857972351272225358411700647384012286316809203554116550653/15\
98132658113793111615575425024
PP -2 oo 26 -283802520151702703484920742492732236119332791911658003708191299049\
543090125573554334753616067565832218568334029372437135202511575137055137696999/\
3196265316227586223231150850048
PP -2 oo 25 3880386183076803693551213835161412798779130041357169179228770775044\
784346672760962457093031236773047956262667869578931242724574007629712437771/319\
6265316227586223231150850048
PP -2 oo 23 1399755142073496245104800504284663055706615793466686150321957324451\
46424720439202928921515706097520594812739824997835004956283655706707581897753/3\
196265316227586223231150850048
PP -2 oo 21 7771421534298263913236346332012823085344274316028520910067934766104\
7598124705908095596000679584167534527270622264887469949227563156712907346357/31\
96265316227586223231150850048
PP -2 oo 20 -1/4
PP -2 oo 17 5/4
PP -2 oo 16 -308827814713991312103486595548359027849553849211030457190315807000\
5582861978688854649004439720822746805638550590836496347294083323414673743793/19\
9766582264224138951946928128
PP -2 oo 14 1399755142073496245104800504284663055706615793466686150321957324451\
46424720439202928921515706097520594812739824999433137614397448818323157322777/3\
196265316227586223231150850048
PP -2 oo 12 -376208784597112174533356577892346535133104828279465278507240418649\
14501549569487356188247986812813513953215491202390022467606797535616050154001/1\
598132658113793111615575425024
PP -2 oo 11 6268323379935152908696157992745269282147652604982148943154313501786\
5778263645685949883759927881105210747329397111775228286317869828026178304451/15\
98132658113793111615575425024
PP -2 oo 10 2822599709545945976699773529631270470480756349490183021847081766719\
1748038323980430764779551876807724034930273391270417078973769078499428406295/79\
9066329056896555807787712512
PP -2 oo 9 -2744626532241659060426032951348337852612232343480081659671406337151\
2129083048160650698835297063495591765095219966301552651070005213846276667213/15\
98132658113793111615575425024
PP -2 oo 7 -5384468494505555327250322943807889143636049545589802506560293688776\
95909748105446584845261257668353603028135274134421310045579037028966875539/9988\
3291132112069475973464064
PP -2 oo 6 -1/2
PP -2 oo 5 5/4
PP -2 oo 4 34922191317118118525338223737166855494451272825795885150946388127470\
522866938297197175822454584690250913303295920692041507964142616236726600309/159\
8132658113793111615575425024
PP -2 oo 3 -2744626532241659060426032951348337852612232343480081659671406337151\
2129083048160650698835297063495591765095219966301552651070005213846276667213/15\
98132658113793111615575425024
PP -2 oo 2 13997551420734962451048005042846630557066157934666861503219573244514\
6424720439202928921515706097520594812739824997835004956283655706707581897753/31\
96265316227586223231150850048
PP -2 oo 1 11537644680539804329368308892690974264605203148399947427311453459998\
5587178862855106278622913465771402760560733425189093329909044399478520663535/31\
96265316227586223231150850048
VERD -2 oo 117 39 3196265316227586223231150850048 143 NONINTEGRAL
PP -2 0 666 -3/2
VERD -2 0 666 1 2 0 NONINTEGRAL
PP -1 oo 116 -2
PP -1 oo 113 -2
PP -1 oo 98 2
PP -1 oo 46 17636/48897
PP -1 oo 45 2
PP -1 oo 44 -74848/48897
PP -1 oo 41 -18520/16299
PP -1 oo 40 -19288/48897
PP -1 oo 38 6212/16299
PP -1 oo 37 2
PP -1 oo 36 16840/16299
PP -1 oo 35 2
PP -1 oo 34 107426/48897
PP -1 oo 33 -7316/5433
PP -1 oo 32 -13814/5433
PP -1 oo 30 -4724/5433
PP -1 oo 29 -13814/5433
PP -1 oo 28 4532/16299
PP -1 oo 27 -20596/16299
PP -1 oo 26 140576/48897
PP -1 oo 25 7214/5433
PP -1 oo 23 -2948/5433
PP -1 oo 21 2668/16299
PP -1 oo 18 4
PP -1 oo 16 5576/48897
PP -1 oo 14 -2948/5433
PP -1 oo 12 12820/16299
PP -1 oo 11 -10276/5433
PP -1 oo 10 830/1811
PP -1 oo 9 23212/48897
PP -1 oo 8 2
PP -1 oo 7 -13712/48897
PP -1 oo 6 -2
PP -1 oo 5 2
PP -1 oo 4 -56212/48897
PP -1 oo 3 23212/48897
PP -1 oo 2 -2948/5433
PP -1 oo 1 -9640/16299
VERD -1 oo 116 38 48897 5 NONINTEGRAL
PP 8 oo 222 2
PP 8 oo 111 2
PP 8 oo 80 5/2
PP 8 oo 72 -21/4
PP 8 oo 54 -1/4
PP 8 oo 47 6
PP 8 oo 46 -3710005607892648123096002054680983551321094793639634858767078541049\
906967794449811613070981348713665757790472649000503447100982744519606475887/640\
47301183949723938792144896
PP 8 oo 45 -27/4
PP 8 oo 44 23313146205985450735716243353960474526356948633943511361965234718974\
13951877865768211653399213607361699047937754020775768526517170802806879449/6404\
7301183949723938792144896
PP 8 oo 41 31616051215624632703393951911884660794034343011384613399002315374694\
974245334704672308645278640963433499504574180392025932700199851584262449/266863\
7549331238497449672704
PP 8 oo 40 22464705591765055552716706993011651336841009016016005923149541470067\
6367141404693725177987503746319899294261139135365192982501610017136165751/91496\
14454849960562684592128
PP 8 oo 38 18848957375588378445436319576277363691013088302031352299214545312341\
5089829010406481412891966148115943702591285125122290945724481743095425281/26686\
37549331238497449672704
PP 8 oo 36 31921783490377987677417319022497318619750080386171355671666032606312\
518089378265249875551045790079039589156852381912628000797624576744865071/152493\
5742474993427114098688
PP 8 oo 35 -23/4
PP 8 oo 34 19542119104037131379724902717995345175134820744666933061253942929509\
70863927926829210821786757059151432244338237872919368243756609105700989589557/4\
48331108287648067571545014272
PP 8 oo 33 -3177044099447558077781926474272693690573550370125866960515563654204\
92538528918003424077141185375169403634827889615775009200294095352064066669125/7\
4721851381274677928590835712
PP 8 oo 32 -8800859011209565780636145753396166675813614743017489082575195529368\
38269273052373289153388770569519434280419604511298680147806262317089323285/5337\
275098662476994899345408
PP 8 oo 30 -8289862308354720013380512408228815058528901090232104702934306901352\
4003875865216161482362318081767930424503485875675216875237416247620884385485/18\
680462845318669482147708928
PP 8 oo 29 -8800859011209565780636145753396166675813614743017489082575195529368\
38269273052373289153388770569519434280419604559334156035768555271183431957/5337\
275098662476994899345408
PP 8 oo 28 11038749843186795823729498238561144211549114668299920352662533022366\
27882923028301364015006299686870785932481403852747462729982282456738043153/1067\
4550197324953989798690816
PP 8 oo 27 26542267153318041047792135171106918090536754108248208099594276616883\
6388408456882330038359355242443098989197388687609796479230473805325561605/26686\
37549331238497449672704
PP 8 oo 26 19506721543232984331776931933928350777964888395457833669482261579455\
95966084857031251716120243153587707795400527074703779946362104064809317017999/4\
48331108287648067571545014272
PP 8 oo 25 33129920224688709495199164541006973845842195449178374213839490039116\
7039198436459241622418290176052032968184100558984709563258242279835486964809/74\
721851381274677928590835712
PP 8 oo 23 -8800859011209565780636145753396166675813614743017489082575195529368\
38269273052373289153388770569519434280419604485946623429159496591317432597/5337\
275098662476994899345408
PP 8 oo 21 -3300303249431602791390270476970502337287882896703617916894606404563\
86702117081329648685547271083357848758145257735987148728910581386223039153461/7\
4721851381274677928590835712
PP 8 oo 20 -9
PP 8 oo 18 -2
PP 8 oo 17 -2
PP 8 oo 16 48492027394342604900622859263695439675001506990230574410538795880730\
2785971150347844642181875343509972169391268521075635722373361309283607673/64047\
301183949723938792144896
PP 8 oo 14 -8800859011209565780636145753396166675813614743017489082575195529368\
38269273052373289153388770569519434280419604566005749909096651514807613717/5337\
275098662476994899345408
PP 8 oo 12 13180097115314165844175614395863869833572888666097946526386761593624\
6083655225888094106816836839059414112010755183095334791065613950708540627/15249\
35742474993427114098688
PP 8 oo 11 25172167618713304986115109958654295849819956904308274979015008387280\
5038319679815826030182523430042810701600433475231792613799927456465259363/26686\
37549331238497449672704
PP 8 oo 10 -4218429818595794046126441701183769753344130250006371128248223756128\
2329289200772043861568878717098389975691849102308276813060387235435796733/10674\
550197324953989798690816
PP 8 oo 9 -16125426669746110370448867310220145772855398618686645573308452911213\
02090911649731884214399736685077892810540690303761206873254415543953579003/3202\
3650591974861969396072448
PP 8 oo 8 13/2
PP 8 oo 7 102872483268348996884819904107388499516444285051171307936292793085601\
8677980491601960444047200783874633614609621298363294483892039653410528861/32023\
650591974861969396072448
PP 8 oo 6 -43/4
PP 8 oo 5 9/4
PP 8 oo 4 685506439073975590047634103370261473847883605588187568800801434685937\
6107774115523765562806401162144347910128597023710751223904732637097086193/64047\
301183949723938792144896
PP 8 oo 3 -16125426669746110370448867310220145772855398618686645573308452911213\
02090911649731884214399736685077892810540690239713905689304691605161434107/3202\
3650591974861969396072448
PP 8 oo 2 -88008590112095657806361457533961666758136147430174890825751955293683\
8269273052373289153388770569519434280419604571343025007759128509706959125/53372\
75098662476994899345408
PP 8 oo 1 -32386736744395804345860984756215980139307166334147424387050850293843\
9620322999666536381344228229263626196486573676030522667364887725000734582717/74\
721851381274677928590835712
VERD 8 oo 222 42 448331108287648067571545014272 144 NONINTEGRAL
PP 8 0 666 -11
PP 8 0 555 7/2
PP 8 0 222 8
VERD 8 0 666 3 2 1 NONINTEGRAL
PP 9 oo 117 2
PP 9 oo 113 -2
PP 9 oo 111 2
PP 9 oo 72 -2
PP 9 oo 47 2
PP 9 oo 46 -9133467150990952119938006232048854327193384993061266738295996038224\
88729072883271168933259765637872439995605079869860624239112875509628905623/9988\
3291132112069475973464064
PP 9 oo 44 29971596827027121725490089028919018261659255275951554705027168103199\
156038213518068188480074292095796713671290936082823206800265600748645793791/149\
824936698168104213960196096
PP 9 oo 41 21926059034071913503150883562030968462585940943982178422662770774198\
391868283606222271224405470151638315342170765812208297988564603321685822931/149\
824936698168104213960196096
PP 9 oo 40 67046148274626735186160045557400414992277619433078135686369977741673\
0347494159320493104639068495346533194093347522551242400975083118913330905/12485\
411391514008684496683008
PP 9 oo 38 -2502100233693612492564195432067118102886723772610722425910794807892\
7789209488738939201137693999501342514039285950874305158843716168404724202889/29\
9649873396336208427920392192
PP 9 oo 36 -7827346713944599060519066007490293791752095194491235648493788058168\
652420479313166251506124171572578414046950857653816780985734787413773460263/149\
824936698168104213960196096
PP 9 oo 35 -4
PP 9 oo 34 -8319429563357721040432626705935754344975877415612196914365694528398\
2530499143207722609600238177994769167244252744106633694662240409770680780095/59\
9299746792672416855840784384
PP 9 oo 33 15303867826781344745500271453369125443866131980771373944554972153892\
3576233019802116961245147347375270993850844586689316204175870475955815549481/59\
9299746792672416855840784384
PP 9 oo 32 46658504735783208170160016809488768523553859782222871677398577481715\
474906813067642973838568699173531604246608333410734647818115124710315011763/199\
766582264224138951946928128
PP 9 oo 30 36341200732920345124813242450029802006817041312750050564884833297907\
402602207720253534008392090152616061152808565167579024390167435456000395803/199\
766582264224138951946928128
PP 9 oo 29 46658504735783208170160016809488768523553859782222871677398577481715\
474906813067642973838568699173531604246608333011201483289666846806421155507/199\
766582264224138951946928128
PP 9 oo 28 31764223033185039596216807884101683128004537728746612892300173531316\
89686119847172838298868597656777288551153865442477875161943463411100522447/2996\
49873396336208427920392192
PP 9 oo 27 59628416494237423493617151381035577722415580762678321726171652687515\
185762767808034367857972351272225358411700647384012286316809203554116550653/299\
649873396336208427920392192
PP 9 oo 26 -9460084005056756782830691416424407870644426397055266790273043301651\
4363375191184778251205355855277406189444676457079511902975410101114485376077/19\
9766582264224138951946928128
PP 9 oo 25 12934620610256012311837379450538042662597100137857230597429235916815\
94782224253654152364343745591015985420889289460110583046409724639343623001/1997\
66582264224138951946928128
PP 9 oo 23 46658504735783208170160016809488768523553859782222871677398577481715\
474906813067642973838568699173531604246608333810267812346563402614208868019/199\
766582264224138951946928128
PP 9 oo 21 77714215342982639132363463320128230853442743160285209100679347661047\
598124705908095596000679584167534527270622264887469949227563156712907346357/599\
299746792672416855840784384
PP 9 oo 20 -2
PP 9 oo 18 4
PP 9 oo 17 4
PP 9 oo 16 -3088278147139913121034865955483590278495538492110304571903158070005\
582861978688854649004439720822746805638550590761583878944999271307693645745/374\
56234174542026053490049024
PP 9 oo 14 46658504735783208170160016809488768523553859782222871677398577481715\
474906813067642973838568699173531604246608333410734647818115124710315011763/199\
766582264224138951946928128
PP 9 oo 13 -2
PP 9 oo 12 -1254029281990373915111188592974488450443682760931550928357468062163\
8167183189829118729415995604271171317738497067063807658007150900634789528411/99\
883291132112069475973464064
PP 9 oo 11 62683233799351529086961579927452692821476526049821489431543135017865\
778263645685949883759927881105210747329397112374528033110542244882019088835/299\
649873396336208427920392192
PP 9 oo 10 94086656984864865889992450987709015682691878316339434061569392223972\
49346107993476921593183958935908011643424463656922401859144290023836004701/4994\
1645566056034737986732032
PP 9 oo 9 -27446265322416590604260329513483378526122323434800816596714063371512\
129083048160650698835297063495591765095219965702252904277332796990435882829/299\
649873396336208427920392192
PP 9 oo 8 4
PP 9 oo 7 -53844684945055553272503229438078891436360495455898025065602936887769\
5909748105446584845261257668353603028135274059508841696494984921986777491/18728\
117087271013026745024512
PP 9 oo 6 -8
PP 9 oo 5 6
PP 9 oo 4 116407304390393728417794079123889518314837576085986283836487960424901\
74288979432399058607484861563416971101098640430447084918938344364189128231/9988\
3291132112069475973464064
PP 9 oo 3 -27446265322416590604260329513483378526122323434800816596714063371512\
129083048160650698835297063495591765095219965702252904277332796990435882829/299\
649873396336208427920392192
PP 9 oo 2 466585047357832081701600168094887685235538597822228716773985774817154\
74906813067642973838568699173531604246608333011201483289666846806421155507/1997\
66582264224138951946928128
PP 9 oo 1 115376446805398043293683088926909742646052031483999474273114534599985\
587178862855106278622913465771402760560733425189093329909044399478520663535/599\
299746792672416855840784384
VERD 9 oo 117 41 599299746792672416855840784384 143 NONINTEGRAL
PP 9 0 666 -8
VERD 9 0 666 1 1 0 INTEGRAL
PP 10 oo 222 2
PP 10 oo 80 5/2
PP 10 oo 72 -9/4
PP 10 oo 54 -5/4
PP 10 oo 47 4
PP 10 oo 46 -101181971124344948811644671138400058613361063834276581901274874558\
2915891692522480648281154590910857934511747044668365534233191100579060640647/64\
047301183949723938792144896
PP 10 oo 45 -15/4
PP 10 oo 44 2119376927816859157791035236851098415911003634526221501430505346919\
33433638455771930233602115582084476341859722900908555840974154810325742507/2134\
9100394649907979597381632
PP 10 oo 41 2586767826732924493912402254625416598916023323140159016347275506897\
5504408375530607029662100047775341027320803203344272880630721276858704203/80059\
12647993715492349018112
PP 10 oo 40 6126737888663196968918834152647088526571703207237910416019565193199\
9466521194724419209072792337721528686716106190308669887667941424468024783/91496\
14454849960562684592128
PP 10 oo 38 1542187421639049145534716152124079318850434996247758533532920335693\
88515259235163340813420917111588238387524170328745155642202477011329470011/8005\
912647993715492349018112
PP 10 oo 36 2611782285576380809968843623805882492966341988293211410597771715585\
6772738489919637424490091446303810655442749829026455922726587466123906773/45748\
07227424980281342296064
PP 10 oo 35 -3/4
PP 10 oo 34 1776556282185193761792040906075825150164581196953167871671988070697\
09964235564110268998109444664767626069580336391244791360890322504701262324031/1\
49443702762549355857181671424
PP 10 oo 33 -259939971772982024545628343686732697095199407737228924280404003050\
356766872883795224686935559104415081427930300727651113955311233842797793043687/\
224165554143824033785772507136
PP 10 oo 32 -240023427578442703108105571319881381448696944169762279313088580915\
860735848452575422807721252624346863752810205466899590678751006410426343325/533\
7275098662476994899345408
PP 10 oo 30 -226087153864219636728415360647402214164756936959532112257113116128\
95177819871333345666662351878850694049773192832069063562613771282909889763349/1\
8680462845318669482147708928
PP 10 oo 29 -240023427578442703108105571319881381448696944169762279313088580915\
860735848452575422807721252624346863752810205482911415974738437395124379549/533\
7275098662476994899345408
PP 10 oo 28 9031704417152832946682016047010601660044588706052345728089031746444\
53487839872213253343762708761580992247479142803448303182519457538035754475/3202\
3650591974861969396072448
PP 10 oo 27 2171640039816930631181609051609594357232102154539748353984205303960\
54465520956350776918126536886492316793614083328207772270056075161815653671/8005\
912647993715492349018112
PP 10 oo 26 5320014966336268454117591383369584256775440381480425656894550416681\
10563220407956435040064848248646023262233363529009060231938371589356703550887/4\
48331108287648067571545014272
PP 10 oo 25 9035432788551466225957650896282736667864233276330439603000973066110\
6828152721224158993416475539233015507255718106131480750883063098894421727217/74\
721851381274677928590835712
PP 10 oo 23 -240023427578442703108105571319881381448696944169762279313088580915\
860735848452575422807721252624346863752810205457559359256091671669352488861/533\
7275098662476994899345408
PP 10 oo 21 -270024811317131137477213699401217774576154816777174861117342831214\
105151974269994085766148208065339441875161619243206466411151652609078605728311/\
224165554143824033785772507136
PP 10 oo 20 -5
PP 10 oo 18 -2
PP 10 oo 17 -4
PP 10 oo 16 4408366126758418627326541715563916468932245457475819802270787648749\
0899607199272100621053796182340267258953288235674911500031226409029252747/21349\
100394649907979597381632
PP 10 oo 14 -240023427578442703108105571319881381448696944169762279313088580915\
860735848452575422807721252624346863752810205494920284946729010633647906717/533\
7275098662476994899345408
PP 10 oo 12 3594571940540227048409240643294622926706823524828785739439429560065\
1985925070932663668742315707288859177733462070994301229796595341235311755/15249\
35742474993427114098688
PP 10 oo 11 2059540986985634044317196603049162638633639660875790336802375437073\
39524075986224554872745117207138920442165776703410050811489057595650805969/8005\
912647993715492349018112
PP 10 oo 10 -115048085961703473985193280190741410372060029297784104050736843534\
11875252015603381890418853738537241691007603163539071367431718963591046597/1067\
4550197324953989798690816
PP 10 oo 9 -4397843637203484646483252299585415460328216373092456124723125580602\
21596435462332173208996601181918566367443590044717701050498434614778586099/3202\
3650591974861969396072448
PP 10 oo 8 5/2
PP 10 oo 7 28056131800458817332205732107610684546399329411546416159474659649323\
4482234980443618163335467455535751291936304019592711856884634599181965861/32023\
650591974861969396072448
PP 10 oo 6 -7/4
PP 10 oo 5 -3/4
PP 10 oo 4 18695630156562970637650834927545929798536490873560732772554878726309\
08422989248622517208173683638959336125772531332686912660542280521612987609/6404\
7301183949723938792144896
PP 10 oo 3 -4397843637203484646483252299585415460328216373092456124723125580602\
21596435462332173208996601181918566367443589980670399866548710675986441203/3202\
3650591974861969396072448
PP 10 oo 2 -2400234275784427031081055713198813814486969441697622793130885809158\
60735848452575422807721252624346863752810205500257560045391487628547252125/5337\
275098662476994899345408
PP 10 oo 1 -2649823915450565810114210215439752358356771122572018926988734171322\
30959423576894655226541883584877261651545959985652955737375267259723971893135/2\
24165554143824033785772507136
VERD 10 oo 222 41 448331108287648067571545014272 143 NONINTEGRAL
PP 10 0 666 -3
PP 10 0 555 3/2
PP 10 0 222 4
VERD 10 0 666 3 2 0 NONINTEGRAL
PP 11 oo 222 2
PP 11 oo 111 2
PP 11 oo 80 5/2
PP 11 oo 72 -25/4
PP 11 oo 54 -5/4
PP 11 oo 47 6
PP 11 oo 46 -371000560789264812309363794174133548248990567392347466971341206713\
7358269539646120846930035235899407293512634721849939293239898281133155792111/64\
047301183949723938792144896
PP 11 oo 45 -31/4
PP 11 oo 44 2331314620598545073570138760536208257502103997978843651573555881611\
267770023262976168474066276224372682154629052856566106834105714949513689177/640\
47301183949723938792144896
PP 11 oo 41 9484815364687389811012141600293194196025418851513916393273343525291\
0182830720429039915064250115152676107978655102612299951780899056881367571/80059\
12647993715492349018112
PP 11 oo 40 2246470559176505555270239189303932459742957842653900485873840570839\
98043911071363407021936039329021610470114258898836701707951059749947332599/9149\
614454849960562684592128
PP 11 oo 38 5654687212676513533627292557788290835784928319575114622954041230877\
57889283922779047095384188785167144742450661713147701585625856320061131139/8005\
912647993715492349018112
PP 11 oo 37 2
PP 11 oo 36 9576535047113396303219093287288235807543253957075108505525162957147\
4833374473286971028639338202151675888289918956952364134993055177261179149/45748\
07227424980281342296064
PP 11 oo 35 -27/4
PP 11 oo 34 1954211910403713137971244996683407665181039316648484658839186877766\
809606591414342358892973508370918342027364042952795576776667416832287404338613/\
448331108287648067571545014272
PP 11 oo 33 -953113229834267423333970593518019889349064495036506055694814677851\
308145200675912949538156764932689186573352201263431671370016814436858692585295/\
224165554143824033785772507136
PP 11 oo 32 -880085901120956578063053761506231731978555461955795024147991463358\
156031444420292011177844187520403097877574096886896361459587184614764306069/533\
7275098662476994899345408
PP 11 oo 30 -828986230835472001337522989040474785270775435518284411609414759139\
48985339537093638665928767090251044054958537419276242554083363669685333350477/1\
8680462845318669482147708928
PP 11 oo 29 -880085901120956578063053761506231731978555461955795024147991463358\
156031444420292011177844187520403097877574096945606387544874431558657105557/533\
7275098662476994899345408
PP 11 oo 28 3311624952956038747116739217237220608683015858885860100299311640362\
996122079885841145242269123016341014619746699833611952726678959871013959091/320\
23650591974861969396072448
PP 11 oo 27 7962680145995412314332566522568512643184374566645743964608752781188\
66373576925165230920581750673171567767114101899389370823104370488790324623/8005\
912647993715492349018112
PP 11 oo 26 1950672154323298433176450173902180894150994806542822740861335152783\
072065141704590855759569100049000958575035302359250712768022643311067075031567/\
448331108287648067571545014272
PP 11 oo 25 3312992022468870949517805328637003444883552201321161187767023457573\
91703226679942467480075203413582315151547805662036953490416060586128192198601/7\
4721851381274677928590835712
PP 11 oo 23 -880085901120956578063053761506231731978555461955795024147991463358\
156031444420292011177844187520403097877574096856207029642277941894093069973/533\
7275098662476994899345408
PP 11 oo 21 -990090974829480837416450231137798506779234328182974490763590381118\
385557239095932602410741877511107096540976243002424244806385704332538202427423/\
224165554143824033785772507136
PP 11 oo 20 -11
PP 11 oo 18 -2
PP 11 oo 17 -4
PP 11 oo 16 4849202739434260490059195887120308115825470003223401782497866413623\
99895679243886697872485781120337297957321531366632752934277601599680141305/6404\
7301183949723938792144896
PP 11 oo 14 -880085901120956578063053761506231731978555461955795024147991463358\
156031444420292011177844187520403097877574096957615256516865004797180632725/533\
7275098662476994899345408
PP 11 oo 12 1318009711531416584416721569208028406459168625770554771127790838690\
57281725274191074742939803615473048902524169493857136819809002454573255507/1524\
935742474993427114098688
PP 11 oo 11 7551650285613991495829720877846929674990012089877897901608709935935\
78254945363637126925512689015472496958407971886348650897212792464427793833/8005\
912647993715492349018112
PP 11 oo 10 -421842981859579404612375360699385171364220107425208381519368426291\
76875924061726740519980706774551581183763430724002389416770584659020171901/1067\
4550197324953989798690816
PP 11 oo 9 -5375142223248703456812863921715507784845597789335224152439375709624\
93062310067039024842924909129844999259218865101900190445586687901843323433/1067\
4550197324953989798690816
PP 11 oo 8 13/2
PP 11 oo 7 34290827756116332294918117020413058890043624836334508639357917349173\
1033842790571757837673009403914761874686890631097377876305744621149293215/10674\
550197324953989798690816
PP 11 oo 6 -47/4
PP 11 oo 5 5/4
PP 11 oo 4 68550643907397559004719728067668409261300466536389353499367888663133\
30884294645208545237139786505709840094234346561747719519112565510002738289/6404\
7301183949723938792144896
PP 11 oo 3 -5375142223248703456812863921715507784845597789335224152439375709624\
93062310067039024842924909129844999259218865080551090050936779922245941801/1067\
4550197324953989798690816
PP 11 oo 2 -8800859011209565780630537615062317319785554619557950241479914633581\
56031444420292011177844187520403097877574096952277981418202527802281287317/5337\
275098662476994899345408
PP 11 oo 1 -9716021023318741303752104123279091980641494116097402732292025294848\
46851219885922775974449321221898141557164222133376289196488907452269992520631/2\
24165554143824033785772507136
VERD 11 oo 222 43 448331108287648067571545014272 144 NONINTEGRAL
PP 11 0 666 -11
PP 11 0 555 11/2
PP 11 0 222 12
VERD 11 0 666 3 2 1 NONINTEGRAL
PP 12 oo 116 -2
PP 12 oo 113 -2
PP 12 oo 98 2
PP 12 oo 46 17636/48897
PP 12 oo 45 2
PP 12 oo 44 -74848/48897
PP 12 oo 41 -18520/16299
PP 12 oo 40 -19288/48897
PP 12 oo 38 6212/16299
PP 12 oo 37 2
PP 12 oo 36 16840/16299
PP 12 oo 35 2
PP 12 oo 34 107426/48897
PP 12 oo 33 -7316/5433
PP 12 oo 32 -13814/5433
PP 12 oo 30 -4724/5433
PP 12 oo 29 -13814/5433
PP 12 oo 28 4532/16299
PP 12 oo 27 -20596/16299
PP 12 oo 26 140576/48897
PP 12 oo 25 7214/5433
PP 12 oo 23 -2948/5433
PP 12 oo 21 2668/16299
PP 12 oo 18 4
PP 12 oo 16 5576/48897
PP 12 oo 14 -2948/5433
PP 12 oo 12 12820/16299
PP 12 oo 11 -10276/5433
PP 12 oo 10 830/1811
PP 12 oo 9 23212/48897
PP 12 oo 8 2
PP 12 oo 7 -13712/48897
PP 12 oo 6 -2
PP 12 oo 5 2
PP 12 oo 4 -56212/48897
PP 12 oo 3 23212/48897
PP 12 oo 2 -2948/5433
PP 12 oo 1 -9640/16299
VERD 12 oo 116 38 48897 5 NONINTEGRAL
PP 13 oo 117 2
PP 13 oo 116 -2
PP 13 oo 113 -4
PP 13 oo 111 2
PP 13 oo 98 2
PP 13 oo 72 -2
PP 13 oo 47 2
PP 13 oo 46 -913346715099095211993800623204885432719338499306126673829599603822\
488729072883271168933259765637872439995605079869860624239112875509628905623/998\
83291132112069475973464064
PP 13 oo 45 2
PP 13 oo 44 2997159682702712172549008902891901826165925527595155470502716810319\
9156038213518068188480074292095796713671290936082823206800265600748645793791/14\
9824936698168104213960196096
PP 13 oo 41 2192605903407191350315088356203096846258594094398217842266277077419\
8391868283606222271224405470151638315342170765812208297988564603321685822931/14\
9824936698168104213960196096
PP 13 oo 40 6704614827462673518616004555740041499227761943307813568636997774167\
30347494159320493104639068495346533194093347522551242400975083118913330905/1248\
5411391514008684496683008
PP 13 oo 38 -250210023369361249256419543206711810288672377261072242591079480789\
27789209488738939201137693999501342514039285950874305158843716168404724202889/2\
99649873396336208427920392192
PP 13 oo 37 2
PP 13 oo 36 -782734671394459906051906600749029379175209519449123564849378805816\
8652420479313166251506124171572578414046950857653816780985734787413773460263/14\
9824936698168104213960196096
PP 13 oo 35 -2
PP 13 oo 34 -831942956335772104043262670593575434497587741561219691436569452839\
82530499143207722609600238177994769167244252744106633694662240409770680780095/5\
99299746792672416855840784384
PP 13 oo 33 1530386782678134474550027145336912544386613198077137394455497215389\
23576233019802116961245147347375270993850844587887915697761215309667497118249/5\
99299746792672416855840784384
PP 13 oo 32 4665850473578320817016001680948876852355385978222287167739857748171\
5474906813067642973838568699173531604246608333410734647818115124710315011763/19\
9766582264224138951946928128
PP 13 oo 30 3634120073292034512481324245002980200681704131275005056488483329790\
7402602207720253534008392090152616061152808565567112188918615713359894252059/19\
9766582264224138951946928128
PP 13 oo 29 4665850473578320817016001680948876852355385978222287167739857748171\
5474906813067642973838568699173531604246608333011201483289666846806421155507/19\
9766582264224138951946928128
PP 13 oo 28 3176422303318503959621680788410168312800453772874661289230017353131\
689686119847172838298868597656777288551153865442477875161943463411100522447/299\
649873396336208427920392192
PP 13 oo 27 5962841649423742349361715138103557772241558076267832172617165268751\
5185762767808034367857972351272225358411700647384012286316809203554116550653/29\
9649873396336208427920392192
PP 13 oo 26 -946008400505675678283069141642440787064442639705526679027304330165\
14363375191184778251205355855277406189444676457479045067503858379018379232333/1\
99766582264224138951946928128
PP 13 oo 25 1293462061025601231183737945053804266259710013785723059742923591681\
594782224253654152364343745591015985420889289460110583046409724639343623001/199\
766582264224138951946928128
PP 13 oo 23 4665850473578320817016001680948876852355385978222287167739857748171\
5474906813067642973838568699173531604246608334209800976875011680518102724275/19\
9766582264224138951946928128
PP 13 oo 21 7771421534298263913236346332012823085344274316028520910067934766104\
7598124705908095596000679584167534527270622266086069442812907990424588915125/59\
9299746792672416855840784384
PP 13 oo 20 -2
PP 13 oo 18 8
PP 13 oo 17 4
PP 13 oo 16 -308827814713991312103486595548359027849553849211030457190315807000\
5582861978688854649004439720822746805638550590761583878944999271307693645745/37\
456234174542026053490049024
PP 13 oo 14 4665850473578320817016001680948876852355385978222287167739857748171\
5474906813067642973838568699173531604246608333810267812346563402614208868019/19\
9766582264224138951946928128
PP 13 oo 13 -2
PP 13 oo 12 -125402928199037391511118859297448845044368276093155092835746806216\
38167183189829118729415995604271171317738497067063807658007150900634789528411/9\
9883291132112069475973464064
PP 13 oo 11 6268323379935152908696157992745269282147652604982148943154313501786\
5778263645685949883759927881105210747329397112374528033110542244882019088835/29\
9649873396336208427920392192
PP 13 oo 10 9408665698486486588999245098770901568269187831633943406156939222397\
249346107993476921593183958935908011643424463756805692991256359499809468765/499\
41645566056034737986732032
PP 13 oo 9 -2744626532241659060426032951348337852612232343480081659671406337151\
2129083048160650698835297063495591765095219965702252904277332796990435882829/29\
9649873396336208427920392192
PP 13 oo 8 6
PP 13 oo 7 -5384468494505555327250322943807889143636049545589802506560293688776\
95909748105446584845261257668353603028135274059508841696494984921986777491/1872\
8117087271013026745024512
PP 13 oo 6 -10
PP 13 oo 5 8
PP 13 oo 4 11640730439039372841779407912388951831483757608598628383648796042490\
174288979432399058607484861563416971101098640430447084918938344364189128231/998\
83291132112069475973464064
PP 13 oo 3 -2744626532241659060426032951348337852612232343480081659671406337151\
2129083048160650698835297063495591765095219965702252904277332796990435882829/29\
9649873396336208427920392192
PP 13 oo 2 46658504735783208170160016809488768523553859782222871677398577481715\
474906813067642973838568699173531604246608333410734647818115124710315011763/199\
766582264224138951946928128
PP 13 oo 1 11537644680539804329368308892690974264605203148399947427311453459998\
5587178862855106278622913465771402760560733426387692823494389233190202232303/59\
9299746792672416855840784384
VERD 13 oo 117 45 599299746792672416855840784384 143 NONINTEGRAL
PP 13 0 666 -8
VERD 13 0 666 1 1 0 INTEGRAL
PP 14 oo 222 2
PP 14 oo 80 5/2
PP 14 oo 72 -13/4
PP 14 oo 54 -9/4
PP 14 oo 47 4
PP 14 oo 46 -101181971124344948811408259844435251730242151862660562995908227167\
0367193437718789882140208478096599470233909117517801380372106637192609956871/64\
047301183949723938792144896
PP 14 oo 45 -19/4
PP 14 oo 44 6358130783450577473358249961954903296397102249423589658061840137896\
54119060764523747521473409363264412132270467538516005830511008577684037249/6404\
7301183949723938792144896
PP 14 oo 41 8622559422443081646354527604510708522437130904128971299733081399266\
921501030615210006263504746679238878928578588260165011437006926329094809/266863\
7549331238497449672704
PP 14 oo 40 6126737888663196968904519052674761787160272617760909351608429431532\
1143290861394101053021327920423239862569225953780178613117391157279191631/91496\
14454849960562684592128
PP 14 oo 38 5140624738796830485103709456763870157771456084044891555741993242896\
7045018708907647890043069150802517340733658888841994796884962700701441769/26686\
37549331238497449672704
PP 14 oo 37 2
PP 14 oo 36 8705940951921269366542470681149742381948572765056377382077082969464\
683948276136952942158764092739455925420703880080312018442256304383496903/152493\
5742474993427114098688
PP 14 oo 35 -7/4
PP 14 oo 34 5329668846555581285363669967066206927169316012677417142153890060249\
68635370179843955065515085306069787991766814253610582615581775240690201721149/4\
48331108287648067571545014272
PP 14 oo 33 -866466572576606748483403316409814930907329305786582972735165282133\
95765495601899300664556255970532019032266277714585919241481920741154761873869/7\
4721851381274677928590835712
PP 14 oo 32 -240023427578442703107544757486496445845890931823808395203560491337\
178498019820494144832176669575230527349964697842497271990531928708101326109/533\
7275098662476994899345408
PP 14 oo 30 -226087153864219636727887108864995493582642263454606053573097185133\
20159283543210822850228800887333807680228244375670089241459718704974338728341/1\
8680462845318669482147708928
PP 14 oo 29 -240023427578442703107544757486496445845890931823808395203560491337\
178498019820494144832176669575230527349964697869183647483844313682598053149/533\
7275098662476994899345408
PP 14 oo 28 3010568139050944315553637834566458370742467763337061891031516360991\
88653716891050102180337644239103216356593877026272622573083856679611861369/1067\
4550197324953989798690816
PP 14 oo 27 7238800132723102103921783409486771910851501629036766295715583666947\
0557957503623005907876740610778195864378673054922584551823008078209764493/26686\
37549331238497449672704
PP 14 oo 26 5320014966336268454105161188463042420320500051450819396025640365055\
86662277255516039083513705144059274041868138813555993053598910835614461564455/4\
48331108287648067571545014272
PP 14 oo 25 9035432788551466225936539641645797270857559840363677266831717602733\
1492180964707384851073388776763297690619423209183724678040881405187126961009/74\
721851381274677928590835712
PP 14 oo 23 -240023427578442703107544757486496445845890931823808395203560491337\
178498019820494144832176669575230527349964697827819765469210116972128126237/533\
7275098662476994899345408
PP 14 oo 21 -900082704390437124921942624826218600563414253163546589375170969877\
76867620707312580706749424108790997380567363012556421676935204260982563565117/7\
4721851381274677928590835712
PP 14 oo 20 -7
PP 14 oo 18 -2
PP 14 oo 17 -6
PP 14 oo 16 1322509838027525588194872475419939089004992941443090282125223120175\
69808529691355155093465294323848127564790127552581851711997919517484291873/6404\
7301183949723938792144896
PP 14 oo 14 -240023427578442703107544757486496445845890931823808395203560491337\
178498019820494144832176669575230527349964697886529791554497363916020925725/533\
7275098662476994899345408
PP 14 oo 12 3594571940540227048400841939511037157725621116436386924330576353346\
3183995119235644304865282483702493968246876381756103258539983845100026635/15249\
35742474993427114098688
PP 14 oo 11 6865136623285446814374614977666011862258882264870685815688609522750\
0888020770138067902570078644160995098590816054687774622434022563560940571/26686\
37549331238497449672704
PP 14 oo 10 -115048085961703473984924470771749606401867111722355372745282894213\
06421886876558078548830681795990432899079184785233183971141916387175421765/1067\
4550197324953989798690816
PP 14 oo 9 -4397843637203484646472976754511793042009611122411483008732799798263\
98692454013717363523371591886375671334559495046657065514004082776354977395/3202\
3650591974861969396072448
PP 14 oo 8 5/2
PP 14 oo 7 28056131800458817332140179061461361700085918869378634141255618611240\
8905782860556931232307294883405403301387354614521551001909828809219316645/32023\
650591974861969396072448
PP 14 oo 6 -11/4
PP 14 oo 5 -7/4
PP 14 oo 4 18695630156562970637607152658188191675048596851131329391842623920848\
63199509778307296882507068982524828309878280870723880955750113394518639705/6404\
7301183949723938792144896
PP 14 oo 3 -4397843637203484646472976754511793042009611122411483008732799798263\
98692454013717363523371591886375671334559494982609764330054358837562832499/3202\
3650591974861969396072448
PP 14 oo 2 -2400234275784427031075447574864964458458909318238083952035604913371\
78498019820494144832176669575230527349964697881192516455834886921121580317/5337\
275098662476994899345408
PP 14 oo 1 -8832746384835219367026729706180167657353717794750647810551681260058\
6316558154605940685652840039661508206416820363645892310589837178997253555205/74\
721851381274677928590835712
VERD 14 oo 222 42 448331108287648067571545014272 143 NONINTEGRAL
PP 14 0 666 -3
PP 14 0 555 7/2
PP 14 0 222 8
VERD 14 0 666 3 2 0 NONINTEGRAL
BASEVERD 111 2 oo:NONINTEGRAL all:NONINTEGRAL
DONE
