BASE 39 2 9
PP -2 oo 78 2
PP -2 oo 14 4
PP -2 oo 12 -5241430478785720235151540284532191436262054646951/32768
PP -2 oo 11 8927967484682725495183740059243764757141166954191/65536
PP -2 oo 10 5241430478785720235151540284532191436262054646951/32768
PP -2 oo 9 -5241430478785720235151540284532191436262054712487/32768
PP -2 oo 8 8927967484682725495183740059243764757141166954191/65536
PP -2 oo 6 -2
PP -2 oo 4 -5241430478785720235151540284532191436262054646951/32768
PP -2 oo 2 8927967484682725495183740059243764757141166954191/65536
PP -2 oo 1 5241430478785720235151540284532191436262054581415/32768
VERD -2 oo 78 11 65536 48 NONINTEGRAL
PP -2 0 195 -2
VERD -2 0 195 1 1 0 INTEGRAL
PP -1 oo 32 -2
PP -1 oo 18 2
PP -1 oo 13 2
PP -1 oo 12 -28
PP -1 oo 11 20
PP -1 oo 10 30
PP -1 oo 9 -28
PP -1 oo 8 22
PP -1 oo 6 -2
PP -1 oo 4 -28
PP -1 oo 2 20
PP -1 oo 1 30
VERD -1 oo 32 12 1 1 INTEGRAL
PP 9 oo 78 2
PP 9 oo 39 2
PP 9 oo 14 6
PP 9 oo 12 -15724291436357160705454620924672925131126164240885/16384
PP 9 oo 11 26783902454048176485551220298798976711185794556013/32768
PP 9 oo 10 15724291436357160705454620924672925131126164273653/16384
PP 9 oo 9 -15724291436357160705454620924672925131126164306421/16384
PP 9 oo 8 26783902454048176485551220298798976711185794621549/32768
PP 9 oo 6 -10
PP 9 oo 5 4
PP 9 oo 4 -15724291436357160705454620924672925131126164240885/16384
PP 9 oo 3 2
PP 9 oo 2 26783902454048176485551220298798976711185794752621/32768
PP 9 oo 1 15724291436357160705454620924672925131126164240885/16384
VERD 9 oo 78 14 32768 49 NONINTEGRAL
PP 9 0 195 -12
PP 9 0 78 -8
VERD 9 0 195 2 1 1 INTEGRAL
PP 10 oo 39 2
PP 10 oo 14 2
PP 10 oo 12 -26207152393928601175757701564813658825990273834819/32768
PP 10 oo 11 44639837423413627475918700538354188665230422157835/65536
PP 10 oo 10 26207152393928601175757701564813658825990273900355/32768
PP 10 oo 9 -26207152393928601175757701564813658825990273900355/32768
PP 10 oo 8 44639837423413627475918700538354188665230422288907/65536
PP 10 oo 6 -8
PP 10 oo 5 4
PP 10 oo 4 -26207152393928601175757701564813658825990273834819/32768
PP 10 oo 3 2
PP 10 oo 2 44639837423413627475918700538354188665230422551051/65536
PP 10 oo 1 26207152393928601175757701564813658825990273900355/32768
VERD 10 oo 39 13 65536 49 NONINTEGRAL
PP 10 0 195 -10
PP 10 0 78 -8
VERD 10 0 195 2 1 1 INTEGRAL
PP 11 oo 78 2
PP 11 oo 14 4
PP 11 oo 12 -5241430478785720235151540284532191436262054646951/32768
PP 11 oo 11 8927967484682725495183740059243764757141166954191/65536
PP 11 oo 10 5241430478785720235151540284532191436262054646951/32768
PP 11 oo 9 -5241430478785720235151540284532191436262054712487/32768
PP 11 oo 8 8927967484682725495183740059243764757141166954191/65536
PP 11 oo 6 -2
PP 11 oo 4 -5241430478785720235151540284532191436262054646951/32768
PP 11 oo 2 8927967484682725495183740059243764757141166954191/65536
PP 11 oo 1 5241430478785720235151540284532191436262054581415/32768
VERD 11 oo 78 11 65536 48 NONINTEGRAL
PP 11 0 195 -2
VERD 11 0 195 1 1 0 INTEGRAL
PP 12 oo 78 2
PP 12 oo 39 2
PP 12 oo 14 6
PP 12 oo 13 2
PP 12 oo 12 -36690013351500041646060782133878041698514384046225/32768
PP 12 oo 11 62495772392779078466286180656841718179512757376937/65536
PP 12 oo 10 36690013351500041646060782133878041698514384177297/32768
PP 12 oo 9 -36690013351500041646060782133878041698514384177297/32768
PP 12 oo 8 62495772392779078466286180656841718179512757508009/65536
PP 12 oo 6 -12
PP 12 oo 5 4
PP 12 oo 4 -36690013351500041646060782133878041698514384046225/32768
PP 12 oo 3 2
PP 12 oo 2 62495772392779078466286180656841718179512757901225/65536
PP 12 oo 1 36690013351500041646060782133878041698514384111761/32768
VERD 12 oo 78 15 65536 49 NONINTEGRAL
PP 12 0 195 -14
PP 12 0 78 -8
VERD 12 0 195 2 1 1 INTEGRAL
PP 13 oo 32 -2
PP 13 oo 18 2
PP 13 oo 13 2
PP 13 oo 12 -28
PP 13 oo 11 20
PP 13 oo 10 30
PP 13 oo 9 -28
PP 13 oo 8 22
PP 13 oo 6 -2
PP 13 oo 4 -28
PP 13 oo 2 20
PP 13 oo 1 30
VERD 13 oo 32 12 1 1 INTEGRAL
PP 14 oo 39 2
PP 14 oo 14 2
PP 14 oo 13 2
PP 14 oo 12 -15724291436357160705454620924672925131126164699637/16384
PP 14 oo 11 26783902454048176485551220298798976711185795211373/32768
PP 14 oo 10 15724291436357160705454620924672925131126164765173/16384
PP 14 oo 9 -15724291436357160705454620924672925131126164732405/16384
PP 14 oo 8 26783902454048176485551220298798976711185795276909/32768
PP 14 oo 6 -10
PP 14 oo 5 4
PP 14 oo 4 -15724291436357160705454620924672925131126164699637/16384
PP 14 oo 3 2
PP 14 oo 2 26783902454048176485551220298798976711185795473517/32768
PP 14 oo 1 15724291436357160705454620924672925131126164765173/16384
VERD 14 oo 39 14 32768 49 NONINTEGRAL
PP 14 0 195 -12
PP 14 0 78 -8
VERD 14 0 195 2 1 1 INTEGRAL
PP 15 oo 78 2
PP 15 oo 14 4
PP 15 oo 13 2
PP 15 oo 12 -5241430478785720235151540284532191436262055105703/16384
PP 15 oo 11 8927967484682725495183740059243764757141167609551/32768
PP 15 oo 10 5241430478785720235151540284532191436262055138471/16384
PP 15 oo 9 -5241430478785720235151540284532191436262055138471/16384
PP 15 oo 8 8927967484682725495183740059243764757141167609551/32768
PP 15 oo 6 -4
PP 15 oo 4 -5241430478785720235151540284532191436262055105703/16384
PP 15 oo 2 8927967484682725495183740059243764757141167675087/32768
PP 15 oo 1 5241430478785720235151540284532191436262055105703/16384
VERD 15 oo 78 12 32768 48 NONINTEGRAL
PP 15 0 195 -4
VERD 15 0 195 1 1 0 INTEGRAL
BASEVERD 39 2 oo:NONINTEGRAL all:NONINTEGRAL
DONE
