BASE 55 2 9
PP -2 oo 37 1
PP -2 oo 16 1
PP -2 oo 14 -1
PP -2 oo 13 -22257288505373495448887453428246212209981354781911/4
PP -2 oo 11 3/2
PP -2 oo 10 -22257288505373495448887453428246212209981354781911/4
PP -2 oo 9 5/2
PP -2 oo 8 22257288505373495448887453428246212209981354781911/4
PP -2 oo 7 22257288505373495448887453428246212209981354781911/4
PP -2 oo 6 -22257288505373495448887453428246212209981354781905/4
PP -2 oo 5 1
PP -2 oo 4 1
PP -2 oo 3 1/2
PP -2 oo 1 1
VERD -2 oo 37 14 4 49 NONINTEGRAL
PP -2 0 275 -3
PP -2 0 220 -1/2
PP -2 0 165 -1/2
PP -2 0 55 -7/2
VERD -2 0 275 4 2 0 NONINTEGRAL
PP -1 oo 22 2
PP -1 oo 14 -5/3
PP -1 oo 13 -3709548084374119843882084504753314696508073866757/3
PP -1 oo 10 -3709548084374119843882084504753314696508073866763/3
PP -1 oo 9 -1/3
PP -1 oo 8 3709548084374119843882084504753314696508073866757/3
PP -1 oo 7 3709548084374119843882084504753314696508073866757/3
PP -1 oo 6 -3709548084374119843882084504753314696508073866763/3
PP -1 oo 5 -4/3
PP -1 oo 4 -1
PP -1 oo 3 2/3
PP -1 oo 1 2
VERD -1 oo 22 12 3 48 NONINTEGRAL
PP -1 0 275 -2/3
PP -1 0 220 2/3
PP -1 0 165 -2/3
PP -1 0 55 2/3
VERD -1 0 275 4 3 0 NONINTEGRAL
PP 9 oo 110 2
PP 9 oo 55 2
PP 9 oo 16 4
PP 9 oo 14 -8
PP 9 oo 13 -51933673179370770069390916866005396256099719079383/2
PP 9 oo 11 5
PP 9 oo 10 -51933673179370770069390916866005396256099719079379/2
PP 9 oo 9 7
PP 9 oo 8 51933673179370770069390916866005396256099719079383/2
PP 9 oo 7 51933673179370770069390916866005396256099719079387/2
PP 9 oo 6 -51933673179370770069390916866005396256099719079369/2
PP 9 oo 3 5
PP 9 oo 1 6
VERD 9 oo 110 13 2 49 NONINTEGRAL
PP 9 0 275 -14
PP 9 0 220 -1
PP 9 0 165 -5
PP 9 0 55 -15
VERD 9 0 275 4 1 1 INTEGRAL
PP 10 oo 55 2
PP 10 oo 22 2
PP 10 oo 16 2
PP 10 oo 14 -6
PP 10 oo 13 -14838192336998637310251731718879592023059182148736
PP 10 oo 11 2
PP 10 oo 10 -14838192336998637310251731718879592023059182148736
PP 10 oo 9 4
PP 10 oo 8 14838192336998637310251731718879592023059182148734
PP 10 oo 7 14838192336998637310251731718879592023059182148736
PP 10 oo 6 -14838192336998637310251731718879592023059182148734
PP 10 oo 5 -2
PP 10 oo 4 -2
PP 10 oo 3 4
PP 10 oo 1 6
VERD 10 oo 55 15 1 49 INTEGRAL
PP 10 0 275 -8
PP 10 0 165 -4
PP 10 0 55 -8
VERD 10 0 275 3 1 0 INTEGRAL
PP 11 oo 110 2
PP 11 oo 22 2
PP 11 oo 16 2
PP 11 oo 14 -16/3
PP 11 oo 13 -81610057853616965722190698303751895415976359812761/6
PP 11 oo 11 3
PP 11 oo 10 -81610057853616965722190698303751895415976359812773/6
PP 11 oo 9 7/3
PP 11 oo 8 81610057853616965722190698303751895415976359812773/6
PP 11 oo 7 81610057853616965722190698303751895415976359812773/6
PP 11 oo 6 -81610057853616965722190698303751895415976359812755/6
PP 11 oo 5 -2/3
PP 11 oo 3 7/3
PP 11 oo 1 4
VERD 11 oo 110 14 6 49 NONINTEGRAL
PP 11 0 275 -22/3
PP 11 0 220 1/3
PP 11 0 165 -7/3
PP 11 0 55 -17/3
VERD 11 0 275 4 3 1 NONINTEGRAL
PP 12 oo 110 2
PP 12 oo 55 2
PP 12 oo 22 2
PP 12 oo 16 4
PP 12 oo 14 -29/3
PP 12 oo 13 -163220115706860549895936919607522818161315304971663/6
PP 12 oo 11 5
PP 12 oo 10 -163220115706860549895936919607522818161315304971663/6
PP 12 oo 9 20/3
PP 12 oo 8 163220115706860549895936919607522818161315304971663/6
PP 12 oo 7 163220115706860549895936919607522818161315304971675/6
PP 12 oo 6 -163220115706860549895936919607522818161315304971633/6
PP 12 oo 5 -4/3
PP 12 oo 4 -1
PP 12 oo 3 17/3
PP 12 oo 1 8
VERD 12 oo 110 16 6 50 NONINTEGRAL
PP 12 0 275 -44/3
PP 12 0 220 -1/3
PP 12 0 165 -17/3
PP 12 0 55 -43/3
VERD 12 0 275 4 3 1 NONINTEGRAL
PP 13 oo 22 2
PP 13 oo 14 -5/3
PP 13 oo 13 -3709548084374119843882084504753314696508073866757/3
PP 13 oo 10 -3709548084374119843882084504753314696508073866763/3
PP 13 oo 9 -1/3
PP 13 oo 8 3709548084374119843882084504753314696508073866757/3
PP 13 oo 7 3709548084374119843882084504753314696508073866757/3
PP 13 oo 6 -3709548084374119843882084504753314696508073866763/3
PP 13 oo 5 -4/3
PP 13 oo 4 -1
PP 13 oo 3 2/3
PP 13 oo 1 2
VERD 13 oo 22 12 3 48 NONINTEGRAL
PP 13 0 275 -2/3
PP 13 0 220 2/3
PP 13 0 165 -2/3
PP 13 0 55 2/3
VERD 13 0 275 4 3 0 NONINTEGRAL
PP 14 oo 55 2
PP 14 oo 16 2
PP 14 oo 14 -13/3
PP 14 oo 13 -40805028926621792086873110651885461372669472579451/3
PP 14 oo 11 2
PP 14 oo 10 -40805028926621792086873110651885461372669472579445/3
PP 14 oo 9 13/3
PP 14 oo 8 40805028926621792086873110651885461372669472579445/3
PP 14 oo 7 40805028926621792086873110651885461372669472579451/3
PP 14 oo 6 -40805028926621792086873110651885461372669472579439/3
PP 14 oo 5 -2/3
PP 14 oo 4 -1
PP 14 oo 3 10/3
PP 14 oo 1 4
VERD 14 oo 55 14 3 49 NONINTEGRAL
PP 14 0 275 -22/3
PP 14 0 220 -2/3
PP 14 0 165 -10/3
PP 14 0 55 -26/3
VERD 14 0 275 4 3 1 NONINTEGRAL
PP 15 oo 110 2
PP 15 oo 16 2
PP 15 oo 14 -11/3
PP 15 oo 13 -74190961684868726034426529294245266022960212079247/6
PP 15 oo 11 3
PP 15 oo 10 -74190961684868726034426529294245266022960212079247/6
PP 15 oo 9 8/3
PP 15 oo 8 74190961684868726034426529294245266022960212079259/6
PP 15 oo 7 74190961684868726034426529294245266022960212079259/6
PP 15 oo 6 -74190961684868726034426529294245266022960212079229/6
PP 15 oo 5 2/3
PP 15 oo 4 1
PP 15 oo 3 5/3
PP 15 oo 1 2
VERD 15 oo 110 14 6 49 NONINTEGRAL
PP 15 0 275 -20/3
PP 15 0 220 -1/3
PP 15 0 165 -5/3
PP 15 0 55 -19/3
VERD 15 0 275 4 3 1 NONINTEGRAL
BASEVERD 55 2 oo:NONINTEGRAL all:NONINTEGRAL
DONE
