BASE 14 15  M = 420  forms [ -2, -1, 51, 52, 53, 54, 55, 56, 57, 58, 59, 60, 61, 62, 63, 64, 65 ]
  |L^v/L| = 88200, isotropic 45, support classes [
<{}, 1>,
<{ 3 }, 4>,
<{ 3, 5 }, 32>,
<{ 5 }, 8>
], sampled 10
  class data for 23 classes: 7.600 s
  form 1: [
<{}, 0>,
<{ 3 }, -8>,
<{ 3, 5 }, 5>,
<{ 5 }, -4>
]  (20.550 s)
    verify: every class agrees between two representatives
  form 2: [
<{}, 0>,
<{ 3 }, -7>,
<{ 3, 5 }, -7/3>,
<{ 5 }, -19/3>
]  (20.440 s)
    verify: every class agrees between two representatives
  form 3: [
<{}, 0>,
<{ 3 }, -25>,
<{ 3, 5 }, -98/3>,
<{ 5 }, -51/2>
]  (21.030 s)
    verify: every class agrees between two representatives
  form 4: [
<{}, 0>,
<{ 3 }, -42>,
<{ 3, 5 }, -175/3>,
<{ 5 }, -193/4>
]  (21.300 s)
    verify: every class agrees between two representatives
  form 5: [
<{}, 0>,
<{ 3 }, -23>,
<{ 3, 5 }, 61/6>,
<{ 5 }, -71/6>
]  (20.540 s)
    verify: every class agrees between two representatives
  form 6: [
<{}, 0>,
<{ 3 }, -22>,
<{ 3, 5 }, 17/6>,
<{ 5 }, -85/6>
]  (20.910 s)
    verify: every class agrees between two representatives
  form 7: [
<{}, 0>,
<{ 3 }, -30>,
<{ 3, 5 }, -44>,
<{ 5 }, -36>
]  (21.500 s)
    verify: every class agrees between two representatives
  form 8: [
<{}, 0>,
<{ 3 }, -15>,
<{ 3, 5 }, -3/2>,
<{ 5 }, -25/2>
]  (22.200 s)
    verify: every class agrees between two representatives
  form 9: [
<{}, 0>,
<{ 3 }, -23>,
<{ 3, 5 }, -30>,
<{ 5 }, -101/4>
]  (21.550 s)
    verify: every class agrees between two representatives
  form 10: [
<{}, 0>,
<{ 3 }, -22>,
<{ 3, 5 }, -31>,
<{ 5 }, -24>
]  (21.270 s)
    verify: every class agrees between two representatives
  form 11: [
<{}, 0>,
<{ 3 }, 0>,
<{ 3, 5 }, -25/6>,
<{ 5 }, -13/6>
]  (21.730 s)
    verify: every class agrees between two representatives
  form 12: [
<{}, 0>,
<{ 3 }, -18>,
<{ 3, 5 }, -79/3>,
<{ 5 }, -81/4>
]  (21.190 s)
    verify: every class agrees between two representatives
  form 13: [
<{}, 0>,
<{ 3 }, -15>,
<{ 3, 5 }, 8/3>,
<{ 5 }, -31/3>
]  (20.750 s)
    verify: every class agrees between two representatives
  form 14: [
<{}, 0>,
<{ 3 }, -24>,
<{ 3, 5 }, -9>,
<{ 5 }, -24>
]  (20.560 s)
    verify: every class agrees between two representatives
  form 15: [
<{}, 0>,
<{ 3 }, -37>,
<{ 3, 5 }, -47>,
<{ 5 }, -75/2>
]  (21.150 s)
    verify: every class agrees between two representatives
  form 16: [
<{}, 0>,
<{ 3 }, -19>,
<{ 3, 5 }, -76/3>,
<{ 5 }, -83/4>
]  (24.000 s)
    verify: every class agrees between two representatives
  form 17: [
<{}, 0>,
<{ 3 }, -25>,
<{ 3, 5 }, -5/3>,
<{ 5 }, -65/3>
]  (20.570 s)
    verify: every class agrees between two representatives
EXACT multipliers: [
[ <3, -8>, <5, -4> ],
[ <3, -7>, <5, -19/3> ],
[ <3, -25>, <5, -51/2> ],
[ <3, -42>, <5, -193/4> ],
[ <3, -23>, <5, -71/6> ],
[ <3, -22>, <5, -85/6> ],
[ <3, -30>, <5, -36> ],
[ <3, -15>, <5, -25/2> ],
[ <3, -23>, <5, -101/4> ],
[ <3, -22>, <5, -24> ],
[ <3, 0>, <5, -13/6> ],
[ <3, -18>, <5, -81/4> ],
[ <3, -15>, <5, -31/3> ],
[ <3, -24>, <5, -24> ],
[ <3, -37>, <5, -75/2> ],
[ <3, -19>, <5, -83/4> ],
[ <3, -25>, <5, -65/3> ]
]  (1102.660 s)
