BASE 10 21  M = 420  forms [ -2, -1, 51, 52, 53, 54, 55, 56, 57, 58, 59, 60, 61, 62, 63, 64, 65 ]
  |L^v/L| = 88200, isotropic 65, support classes [
<{}, 1>,
<{ 3 }, 4>,
<{ 3, 7 }, 48>,
<{ 7 }, 12>
], sampled 10
  class data for 23 classes: 7.570 s
  form 1: [
<{}, 0>,
<{ 3 }, 3/2>,
<{ 3, 7 }, 1>,
<{ 7 }, -2>
]  (21.110 s)
    verify: every class agrees between two representatives
  form 2: [
<{}, 0>,
<{ 3 }, 15/2>,
<{ 3, 7 }, 7/2>,
<{ 7 }, -2>
]  (21.030 s)
    verify: every class agrees between two representatives
  form 3: [
<{}, 0>,
<{ 3 }, 3>,
<{ 3, 7 }, 11/2>,
<{ 7 }, 1>
]  (20.740 s)
    verify: every class agrees between two representatives
  form 4: [
<{}, 0>,
<{ 3 }, 3>,
<{ 3, 7 }, 10>,
<{ 7 }, 10>
]  (21.860 s)
    verify: every class agrees between two representatives
  form 5: [
<{}, 0>,
<{ 3 }, 0>,
<{ 3, 7 }, 5/2>,
<{ 7 }, 3>
]  (21.170 s)
    verify: every class agrees between two representatives
  form 6: [
<{}, 0>,
<{ 3 }, 9>,
<{ 3, 7 }, 9/2>,
<{ 7 }, -4>
]  (21.590 s)
    verify: every class agrees between two representatives
  form 7: [
<{}, 0>,
<{ 3 }, 6>,
<{ 3, 7 }, 21/2>,
<{ 7 }, 16>
]  (21.780 s)
    verify: every class agrees between two representatives
  form 8: [
<{}, 0>,
<{ 3 }, 9>,
<{ 3, 7 }, 5>,
<{ 7 }, -10>
]  (22.640 s)
    verify: every class agrees between two representatives
  form 9: [
<{}, 0>,
<{ 3 }, 3>,
<{ 3, 7 }, 3>,
<{ 7 }, 3>
]  (22.200 s)
    verify: every class agrees between two representatives
  form 10: [
<{}, 0>,
<{ 3 }, 6>,
<{ 3, 7 }, 11>,
<{ 7 }, 12>
]  (22.360 s)
    verify: every class agrees between two representatives
  form 11: [
<{}, 0>,
<{ 3 }, 12>,
<{ 3, 7 }, 9>,
<{ 7 }, -7>
]  (22.730 s)
    verify: every class agrees between two representatives
  form 12: [
<{}, 0>,
<{ 3 }, 3>,
<{ 3, 7 }, 11/2>,
<{ 7 }, 6>
]  (21.770 s)
    verify: every class agrees between two representatives
  form 13: [
<{}, 0>,
<{ 3 }, 6>,
<{ 3, 7 }, 6>,
<{ 7 }, -1>
]  (21.150 s)
    verify: every class agrees between two representatives
  form 14: [
<{}, 0>,
<{ 3 }, 6>,
<{ 3, 7 }, 13/2>,
<{ 7 }, -7>
]  (21.110 s)
    verify: every class agrees between two representatives
  form 15: [
<{}, 0>,
<{ 3 }, 6>,
<{ 3, 7 }, 13/2>,
<{ 7 }, 8>
]  (21.030 s)
    verify: every class agrees between two representatives
  form 16: [
<{}, 0>,
<{ 3 }, 6>,
<{ 3, 7 }, 15>,
<{ 7 }, 20>
]  (23.660 s)
    verify: every class agrees between two representatives
  form 17: [
<{}, 0>,
<{ 3 }, 15>,
<{ 3, 7 }, 15/2>,
<{ 7 }, -10>
]  (21.110 s)
    verify: every class agrees between two representatives
EXACT multipliers: [
[ <3, 3/2>, <7, -2> ],
[ <3, 15/2>, <7, -2> ],
[ <3, 3>, <7, 1> ],
[ <3, 3>, <7, 10> ],
[ <3, 0>, <7, 3> ],
[ <3, 9>, <7, -4> ],
[ <3, 6>, <7, 16> ],
[ <3, 9>, <7, -10> ],
[ <3, 3>, <7, 3> ],
[ <3, 6>, <7, 12> ],
[ <3, 12>, <7, -7> ],
[ <3, 3>, <7, 6> ],
[ <3, 6>, <7, -1> ],
[ <3, 6>, <7, -7> ],
[ <3, 6>, <7, 8> ],
[ <3, 6>, <7, 20> ],
[ <3, 15>, <7, -10> ]
]  (1116.940 s)
