BASE 34 11  M = 748  forms [ -2, -1, 8, 9, 10, 11, 12, 13, 14 ]
  |L^v/L| = 279752, isotropic 21, support classes [
<{}, 1>,
<{ 11 }, 20>
], sampled 4
  class data for 11 classes: 21.540 s
  form 1: [
<{}, 0>,
<{ 11 }, -1/2>
]  (4.040 s)
  form 2: [
<{}, 0>,
<{ 11 }, 1/2>
]  (4.030 s)
  form 3: [
<{}, 0>,
<{ 11 }, -5>
]  (4.350 s)
  form 4: [
<{}, 0>,
<{ 11 }, -2>
]  (4.050 s)
  form 5: [
<{}, 0>,
<{ 11 }, -3>
]  (4.350 s)
  form 6: [
<{}, 0>,
<{ 11 }, -8>
]  (4.350 s)
  form 7: [
<{}, 0>,
<{ 11 }, 0>
]  (4.060 s)
  form 8: [
<{}, 0>,
<{ 11 }, -2>
]  (4.090 s)
  form 9: [
<{}, 0>,
<{ 11 }, -6>
]  (4.430 s)
EXACT multipliers: [
[ <11, -1/2> ],
[ <11, 1/2> ],
[ <11, -5> ],
[ <11, -2> ],
[ <11, -3> ],
[ <11, -8> ],
[ <11, 0> ],
[ <11, -2> ],
[ <11, -6> ]
]  (67.510 s)
M0MultipliersBySupport: [
[ <11, -1/2> ],
[ <11, 1/2> ],
[ <11, -5> ],
[ <11, -2> ],
[ <11, -3> ],
[ <11, -8> ],
[ <11, 0> ],
[ <11, -2> ],
[ <11, -6> ]
]  (8051.740 s)
AGREEMENT exact vs numeric on all 9 forms: true
