BASE 10 3  M = 60  forms [ -2, -1, 9, 10, 11, 12, 13, 14, 15 ]
  |L^v/L| = 1800, isotropic 5, support classes [
<{}, 1>,
<{ 3 }, 4>
], sampled 4
  class data for 11 classes: 0.020 s
  form 1: [
<{}, 0>,
<{ 3 }, 0>
]  (0.150 s)
    verify: every class agrees between two representatives
  form 2: [
<{}, 0>,
<{ 3 }, 0>
]  (0.150 s)
    verify: every class agrees between two representatives
  form 3: [
<{}, 0>,
<{ 3 }, 6>
]  (0.150 s)
    verify: every class agrees between two representatives
  form 4: [
<{}, 0>,
<{ 3 }, 3>
]  (0.150 s)
    verify: every class agrees between two representatives
  form 5: [
<{}, 0>,
<{ 3 }, 3>
]  (0.160 s)
    verify: every class agrees between two representatives
  form 6: [
<{}, 0>,
<{ 3 }, 3>
]  (0.150 s)
    verify: every class agrees between two representatives
  form 7: [
<{}, 0>,
<{ 3 }, 3>
]  (0.160 s)
    verify: every class agrees between two representatives
  form 8: [
<{}, 0>,
<{ 3 }, 0>
]  (0.150 s)
    verify: every class agrees between two representatives
  form 9: [
<{}, 0>,
<{ 3 }, 6>
]  (0.150 s)
    verify: every class agrees between two representatives
EXACT multipliers: [
[ <3, 0> ],
[ <3, 0> ],
[ <3, 6> ],
[ <3, 3> ],
[ <3, 3> ],
[ <3, 3> ],
[ <3, 3> ],
[ <3, 0> ],
[ <3, 6> ]
]  (4.260 s)
M0MultipliersBySupport: [
[ <3, 0> ],
[ <3, 0> ],
[ <3, 6> ],
[ <3, 3> ],
[ <3, 3> ],
[ <3, 3> ],
[ <3, 3> ],
[ <3, 0> ],
[ <3, 6> ]
]  (4.370 s)
AGREEMENT exact vs numeric on all 9 forms: true
