BASE 10_7: DN = 70, level 280
dim M = 30, dim S = 19 (Eis 11)
E in M: true
definite structures: [ <2, 1>, <2, 5>, <2, 7>, <2, 35>, <5, 1>, <5, 2>, <5, 7>, 
<5, 14>, <7, 1>, <7, 2>, <7, 5>, <7, 10>, <70, 1> ]
  built GROSS(2,1) disc 4, 1 cls
  built GROSS(2,5) disc 100, 1 cls
  built GROSS(2,7) disc 196, 1 cls
  built GROSS(2,35) disc 4900, 2 cls
  built GROSS(5,1) disc 25, 1 cls
  built GROSS(5,2) disc 100, 1 cls
  built GROSS(5,7) disc 1225, 3 cls
  built GROSS(5,14) disc 4900, 3 cls
  built GROSS(7,1) disc 49, 1 cls
  built GROSS(7,2) disc 196, 2 cls
  built GROSS(7,5) disc 1225, 2 cls
  built GROSS(7,10) disc 4900, 3 cls
  built GROSS(70,1) disc 4900, 1 cls
Gross-average+cusp span: rank 26 vs 26 -> E in span: true
E_eis =
        -1 * GROSS(5,7) disc 1225, 3 cls
       3/2 * GROSS(5,14) disc 4900, 3 cls
      -1/2 * GROSS(70,1) disc 4900, 1 cls
      -1/3 * CUSP_2
      -1/2 * CUSP_3
     -7/12 * CUSP_5
       1/3 * CUSP_7
       1/3 * CUSP_8
       3/4 * CUSP_10
      -5/6 * CUSP_12
      -1/6 * CUSP_13
      -1/3 * CUSP_14
       4/3 * CUSP_15
         1 * CUSP_16
     13/12 * CUSP_18
aliasing dim 6
