BASE 1155_1: DN = 330, level 1320
dim M = 156, dim S = 133 (Eis 23)
E in M: true
definite structures: [ <2, 1>, <2, 3>, <2, 5>, <2, 11>, <2, 15>, <2, 33>, <2, 
55>, <2, 165>, <3, 1>, <3, 2>, <3, 5>, <3, 10>, <3, 11>, <3, 22>, <3, 55>, <3, 
110>, <5, 1>, <5, 2>, <5, 3>, <5, 6>, <5, 11>, <5, 22>, <5, 33>, <5, 66>, <11, 
1>, <11, 2>, <11, 3>, <11, 5>, <11, 6>, <11, 10>, <11, 15>, <11, 30>, <30, 1>, 
<30, 11>, <66, 1>, <66, 5>, <110, 1>, <110, 3>, <165, 1>, <165, 2> ]
GUARD: DEPTH = 400 must exceed ngross + dim S = 40 + 133 = 173
  built GROSS(2,1) disc 4, 1 cls
  built GROSS(2,3) disc 36, 1 cls
  built GROSS(2,5) disc 100, 1 cls
  built GROSS(2,11) disc 484, 1 cls
  built GROSS(2,15) disc 900, 1 cls
  built GROSS(2,33) disc 4356, 2 cls
  built GROSS(2,55) disc 12100, 2 cls
  built GROSS(2,165) disc 108900, 4 cls
  built GROSS(3,1) disc 9, 1 cls
  built GROSS(3,2) disc 36, 1 cls
  built GROSS(3,5) disc 225, 1 cls
  built GROSS(3,10) disc 900, 2 cls
  built GROSS(3,11) disc 1089, 1 cls
  built GROSS(3,22) disc 4356, 2 cls
  built GROSS(3,55) disc 27225, 3 cls
  built GROSS(3,110) disc 108900, 5 cls
  built GROSS(5,1) disc 25, 1 cls
  built GROSS(5,2) disc 100, 1 cls
  built GROSS(5,3) disc 225, 2 cls
  built GROSS(5,6) disc 900, 2 cls
  built GROSS(5,11) disc 3025, 2 cls
  built GROSS(5,22) disc 12100, 4 cls
  built GROSS(5,33) disc 27225, 3 cls
  built GROSS(5,66) disc 108900, 5 cls
  built GROSS(11,1) disc 121, 2 cls
  built GROSS(11,2) disc 484, 2 cls
  built GROSS(11,3) disc 1089, 3 cls
  built GROSS(11,5) disc 3025, 4 cls
  built GROSS(11,6) disc 4356, 3 cls
  built GROSS(11,10) disc 12100, 5 cls
  built GROSS(11,15) disc 27225, 5 cls
  built GROSS(11,30) disc 108900, 7 cls
  built GROSS(30,1) disc 900, 1 cls
  built GROSS(30,11) disc 108900, 2 cls
  built GROSS(66,1) disc 4356, 2 cls
  built GROSS(66,5) disc 108900, 2 cls
  built GROSS(110,1) disc 12100, 2 cls
  built GROSS(110,3) disc 108900, 3 cls
  built GROSS(165,1) disc 27225, 4 cls
  built GROSS(165,2) disc 108900, 4 cls

==== UNRESTRICTED (all definite structures) ====
RESULT ALL: 173 columns, 400 rows, rank 148 vs 148 -> E in span: true
   E_eis =
           -2 * GROSS(165,1) disc 27225, 4 cls
            3 * GROSS(165,2) disc 108900, 4 cls
          -12 * CUSP_1
         36/5 * CUSP_2
        -48/5 * CUSP_3
           12 * CUSP_4
        -36/5 * CUSP_5
           12 * CUSP_6
         24/5 * CUSP_7
        108/5 * CUSP_8
          -12 * CUSP_9
         84/5 * CUSP_10
         36/5 * CUSP_12
         12/5 * CUSP_13
        -48/5 * CUSP_15
          -12 * CUSP_16
         36/5 * CUSP_17
        -36/5 * CUSP_18
        -72/5 * CUSP_20
           24 * CUSP_21
         18/5 * CUSP_22
        -36/5 * CUSP_23
          -12 * CUSP_24
           12 * CUSP_25
           12 * CUSP_27
         12/5 * CUSP_28
        -96/5 * CUSP_30
       -144/5 * CUSP_32
         54/5 * CUSP_33
          -24 * CUSP_34
        144/5 * CUSP_35
           12 * CUSP_36
        -12/5 * CUSP_37
        -72/5 * CUSP_38
           24 * CUSP_39
        -84/5 * CUSP_40
        -84/5 * CUSP_42
         36/5 * CUSP_45
          -24 * CUSP_46
         36/5 * CUSP_47
           12 * CUSP_48
           36 * CUSP_49
         36/5 * CUSP_50
        -12/5 * CUSP_52
         72/5 * CUSP_53
           12 * CUSP_54
        126/5 * CUSP_55
        -96/5 * CUSP_57
         48/5 * CUSP_58
          -12 * CUSP_60
        -48/5 * CUSP_63
           12 * CUSP_64
        -36/5 * CUSP_65
          -24 * CUSP_66
         36/5 * CUSP_67
        -36/5 * CUSP_68
          -24 * CUSP_69
        108/5 * CUSP_70
       -108/5 * CUSP_72
        -12/5 * CUSP_73
        -48/5 * CUSP_75
        -36/5 * CUSP_77
           12 * CUSP_78
          -48 * CUSP_79
        144/5 * CUSP_80
          -12 * CUSP_81
         36/5 * CUSP_82
       -144/5 * CUSP_83
          -24 * CUSP_84
       -228/5 * CUSP_85
        -72/5 * CUSP_87
        -42/5 * CUSP_88
         12/5 * CUSP_90
        216/5 * CUSP_92
        -84/5 * CUSP_93
           24 * CUSP_94
           12 * CUSP_96
        -24/5 * CUSP_97
         36/5 * CUSP_98
          -12 * CUSP_100
           12 * CUSP_102
         24/5 * CUSP_105
           72 * CUSP_106
        192/5 * CUSP_107
        -36/5 * CUSP_108
        -72/5 * CUSP_110
          -24 * CUSP_111
       -144/5 * CUSP_112
           48 * CUSP_113
        -24/5 * CUSP_114
         12/5 * CUSP_116
           48 * CUSP_119
          -12 * CUSP_120
         72/5 * CUSP_121
        -36/5 * CUSP_123
        336/5 * CUSP_125
       -192/5 * CUSP_127
         42/5 * CUSP_129
       -126/5 * CUSP_130
        -72/5 * CUSP_131
        -84/5 * CUSP_132
          -30 * CUSP_133
   aliasing dim 25

==== Q4: the five preregistered candidate supports ====
RESULT 165: 135 columns, 400 rows, rank 135 vs 135 -> E in span: true
   E_eis =
           -2 * GROSS(165,1) disc 27225, 4 cls
            3 * GROSS(165,2) disc 108900, 4 cls
          -12 * CUSP_1
         36/5 * CUSP_2
        -48/5 * CUSP_3
           12 * CUSP_4
        -36/5 * CUSP_5
           12 * CUSP_6
         24/5 * CUSP_7
        108/5 * CUSP_8
          -12 * CUSP_9
         84/5 * CUSP_10
         36/5 * CUSP_12
         12/5 * CUSP_13
        -48/5 * CUSP_15
          -12 * CUSP_16
         36/5 * CUSP_17
        -36/5 * CUSP_18
        -72/5 * CUSP_20
           24 * CUSP_21
         18/5 * CUSP_22
        -36/5 * CUSP_23
          -12 * CUSP_24
           12 * CUSP_25
           12 * CUSP_27
         12/5 * CUSP_28
        -96/5 * CUSP_30
       -144/5 * CUSP_32
         54/5 * CUSP_33
          -24 * CUSP_34
        144/5 * CUSP_35
           12 * CUSP_36
        -12/5 * CUSP_37
        -72/5 * CUSP_38
           24 * CUSP_39
        -84/5 * CUSP_40
        -84/5 * CUSP_42
         36/5 * CUSP_45
          -24 * CUSP_46
         36/5 * CUSP_47
           12 * CUSP_48
           36 * CUSP_49
         36/5 * CUSP_50
        -12/5 * CUSP_52
         72/5 * CUSP_53
           12 * CUSP_54
        126/5 * CUSP_55
        -96/5 * CUSP_57
         48/5 * CUSP_58
          -12 * CUSP_60
        -48/5 * CUSP_63
           12 * CUSP_64
        -36/5 * CUSP_65
          -24 * CUSP_66
         36/5 * CUSP_67
        -36/5 * CUSP_68
          -24 * CUSP_69
        108/5 * CUSP_70
       -108/5 * CUSP_72
        -12/5 * CUSP_73
        -48/5 * CUSP_75
        -36/5 * CUSP_77
           12 * CUSP_78
          -48 * CUSP_79
        144/5 * CUSP_80
          -12 * CUSP_81
         36/5 * CUSP_82
       -144/5 * CUSP_83
          -24 * CUSP_84
       -228/5 * CUSP_85
        -72/5 * CUSP_87
        -42/5 * CUSP_88
         12/5 * CUSP_90
        216/5 * CUSP_92
        -84/5 * CUSP_93
           24 * CUSP_94
           12 * CUSP_96
        -24/5 * CUSP_97
         36/5 * CUSP_98
          -12 * CUSP_100
           12 * CUSP_102
         24/5 * CUSP_105
           72 * CUSP_106
        192/5 * CUSP_107
        -36/5 * CUSP_108
        -72/5 * CUSP_110
          -24 * CUSP_111
       -144/5 * CUSP_112
           48 * CUSP_113
        -24/5 * CUSP_114
         12/5 * CUSP_116
           48 * CUSP_119
          -12 * CUSP_120
         72/5 * CUSP_121
        -36/5 * CUSP_123
        336/5 * CUSP_125
       -192/5 * CUSP_127
         42/5 * CUSP_129
       -126/5 * CUSP_130
        -72/5 * CUSP_131
        -84/5 * CUSP_132
          -30 * CUSP_133
   aliasing dim 0

runtest(
    tag: 33,
    prs: [ <33, 1>, <33, 10> ]
)
In file "/tmp/check330_full.m", line 120, column 44:
>>     for pr in prs do Append(~cols, grosscol[pr]); Append(~names, grossname[
                                              ^
Runtime error in '[]': Value for given index is not set

