BASE 33_1: DN = 33, level 132
dim M = 16, dim S = 9 (Eis 7)
E in M: true
definite structures: [ <3, 1>, <3, 11>, <11, 1>, <11, 3> ]
  built GROSS(3,1) disc 9, 1 cls
  built GROSS(3,11) disc 1089, 1 cls
  built GROSS(11,1) disc 121, 2 cls
  built GROSS(11,3) disc 1089, 3 cls
Gross-average+cusp span: rank 12 vs 12 -> E in span: true
E_eis =
        -1 * GROSS(11,1) disc 121, 2 cls
         2 * GROSS(11,3) disc 1089, 3 cls
       6/5 * CUSP_1
     -42/5 * CUSP_3
      18/5 * CUSP_4
       -12 * CUSP_5
     -54/5 * CUSP_7
        24 * CUSP_8
         6 * CUSP_9
aliasing dim 1
