Loading "vvdata/weyl-campaign/fastcosets.m"
Loading "vvdata/weyl-campaign/etared.m"
Loading "vvdata/weyl-campaign/ctlat.m"
lattice      level    d       a_0(theta|gamma)  vs  1 / (-1|d) / (2|d) / (-2|d)
Gr(5,2)      20       1       -1.0000000 - 5.5494090E-60*$.1
Gr(5,2)      20       3       -8.3241136E-60 + 1.0000000*$.1
Gr(5,2)      20       7       -1.3873523E-59 + 1.0000000*$.1
Gr(5,2)      20       9       -1.0000000 + 1.3222246E-59*$.1
Gr(5,2)      20       11      -4.9071714E-61 - 1.0000000*$.1
Gr(5,2)      20       13      -1.0000000 - 1.2240812E-59*$.1
   --> Gr(5,2) level 20: character is NONE OF THE FOUR
Gr(5,6)      60       1       -1.0000000 - 1.1419937E-60*$.1
Gr(5,6)      60       7       -3.7561388E-60 - 1.0000000*$.1
Gr(5,6)      60       11      7.2633035E-59 - 1.0000000*$.1
Gr(5,6)      60       13      1.0000000 - 4.8481569E-59*$.1
   --> Gr(5,6) level 60: character is NONE OF THE FOUR
Gr(30,1)     60       1       -1.0000000 - 1.1327217E-59*$.1
Gr(30,1)     60       7       3.6984754E-59 - 1.0000000*$.1
Gr(30,1)     60       11      -2.5564817E-59 - 1.0000000*$.1
Gr(30,1)     60       13      1.0000000 + 2.2814993E-59*$.1
   --> Gr(30,1) level 60: character is NONE OF THE FOUR
Gr(7,2)      28       1       -1.0000000 - 6.8519622E-61*$.1
Gr(7,2)      28       3       -1.4043121E-60 - 1.0000000*$.1
Gr(7,2)      28       5       1.0000000 + 1.6419828E-59*$.1
Gr(7,2)      28       9       -1.0000000 - 1.2240812E-59*$.1
Gr(7,2)      28       11      3.0064952E-59 - 1.0000000*$.1
Gr(7,2)      28       13      1.0000000 - 3.1765503E-59*$.1
   --> Gr(7,2) level 28: character is NONE OF THE FOUR
Gr(7,6)      84       1       -1.0000000 - 1.6419828E-59*$.1
Gr(7,6)      84       5       -1.0000000 - 3.8827786E-60*$.1
Gr(7,6)      84       11      4.9908526E-60 - 1.0000000*$.1
Gr(7,6)      84       13      1.0000000 + 5.8463274E-59*$.1
   --> Gr(7,6) level 84: character is NONE OF THE FOUR
Gr(42,1)     84       1       -1.0000000 + 1.3222246E-59*$.1
Gr(42,1)     84       5       -1.0000000 - 3.4438448E-59*$.1
Gr(42,1)     84       11      6.6102192E-59 - 1.0000000*$.1
Gr(42,1)     84       13      1.0000000 + 1.2975984E-58*$.1
   --> Gr(42,1) level 84: character is NONE OF THE FOUR
Gr(11,3)     132      1       -1.0000000 - 7.1482003E-60*$.1
Gr(11,3)     132      5       1.0000000 - 6.3759404E-59*$.1
Gr(11,3)     132      7       -2.0268687E-59 + 1.0000000*$.1
Gr(11,3)     132      13      1.0000000 - 4.6265421E-59*$.1
   --> Gr(11,3) level 132: character is NONE OF THE FOUR
Gr(11,6)     132      1       -1.0000000 - 7.1482003E-60*$.1
Gr(11,6)     132      5       1.0000000 - 6.3759404E-59*$.1
Gr(11,6)     132      7       -2.0268687E-59 + 1.0000000*$.1
Gr(11,6)     132      13      1.0000000 - 4.6265421E-59*$.1
   --> Gr(11,6) level 132: character is NONE OF THE FOUR
Gr(66,1)     132      1       -1.0000000 - 1.7333423E-59*$.1
Gr(66,1)     132      5       1.0000000 - 3.3203734E-59*$.1
Gr(66,1)     132      7       -6.1009580E-59 + 1.0000000*$.1
Gr(66,1)     132      13      1.0000000 + 2.5031141E-59*$.1
   --> Gr(66,1) level 132: character is NONE OF THE FOUR
Gr(11,2)     44       1       -1.0000000 - 1.0870419E-59*$.1
Gr(11,2)     44       3       -1.8966134E-59 + 1.0000000*$.1
Gr(11,2)     44       5       -1.0000000 - 7.1482003E-60*$.1
Gr(11,2)     44       7       3.5157564E-59 - 1.0000000*$.1
Gr(11,2)     44       9       -1.0000000 + 1.6487668E-59*$.1
Gr(11,2)     44       13      -1.0000000 - 3.9531060E-59*$.1
   --> Gr(11,2) level 44: character is NONE OF THE FOUR
Gr(66,1)     132      1       -1.0000000 - 1.7333423E-59*$.1
Gr(66,1)     132      5       1.0000000 - 3.3203734E-59*$.1
Gr(66,1)     132      7       -6.1009580E-59 + 1.0000000*$.1
Gr(66,1)     132      13      1.0000000 + 2.5031141E-59*$.1
   --> Gr(66,1) level 132: character is NONE OF THE FOUR
Gr(11,10)    220      1       -1.0000000 + 1.6487668E-59*$.1
Gr(11,10)    220      3       -3.5750040E-59 - 1.0000000*$.1
Gr(11,10)    220      7       7.4274785E-59 + 1.0000000*$.1
Gr(11,10)    220      9       -1.0000000 - 6.5772034E-59*$.1
Gr(11,10)    220      13      -1.0000000 + 2.9137109E-58*$.1
   --> Gr(11,10) level 220: character is NONE OF THE FOUR
Gr(110,1)    220      1       -1.0000000 + 6.3024446E-60*$.1
Gr(110,1)    220      3       -1.5379594E-59 - 1.0000000*$.1
Gr(110,1)    220      7       3.3533892E-59 + 1.0000000*$.1
Gr(110,1)    220      9       -1.0000000 - 1.1669815E-58*$.1
Gr(110,1)    220      13      -1.0000000 + 2.2007453E-58*$.1
   --> Gr(110,1) level 220: character is NONE OF THE FOUR
Gr(5,7)      140      1       -1.0000000 - 1.2240812E-59*$.1
Gr(5,7)      140      3       -2.1706919E-59 + 1.0000000*$.1
Gr(5,7)      140      9       -1.0000000 - 1.2975984E-58*$.1
Gr(5,7)      140      11      -9.9737842E-59 - 1.0000000*$.1
Gr(5,7)      140      13      -1.0000000 + 1.0617140E-59*$.1
   --> Gr(5,7) level 140: character is NONE OF THE FOUR
Gr(5,14)     140      1       -1.0000000 - 1.2240812E-59*$.1
Gr(5,14)     140      3       -2.1706919E-59 + 1.0000000*$.1
Gr(5,14)     140      9       -1.0000000 - 1.2975984E-58*$.1
Gr(5,14)     140      11      -9.9737842E-59 - 1.0000000*$.1
Gr(5,14)     140      13      -1.0000000 + 1.0617140E-59*$.1
   --> Gr(5,14) level 140: character is NONE OF THE FOUR
Gr(70,1)     140      1       -1.0000000 - 2.2426035E-59*$.1
Gr(70,1)     140      3       -4.2077366E-59 + 1.0000000*$.1
Gr(70,1)     140      9       -1.0000000 + 1.3793243E-58*$.1
Gr(70,1)     140      11      -3.8626504E-59 - 1.0000000*$.1
Gr(70,1)     140      13      -1.0000000 - 6.0679423E-59*$.1
   --> Gr(70,1) level 140: character is NONE OF THE FOUR
Gr(11,1)     44       1       -1.0000000 - 1.0870419E-59*$.1
Gr(11,1)     44       3       -1.8966134E-59 + 1.0000000*$.1
Gr(11,1)     44       5       -1.0000000 - 7.1482003E-60*$.1
Gr(11,1)     44       7       3.5157564E-59 - 1.0000000*$.1
Gr(11,1)     44       9       -1.0000000 + 1.6487668E-59*$.1
Gr(11,1)     44       13      -1.0000000 - 3.9531060E-59*$.1
   --> Gr(11,1) level 44: character is NONE OF THE FOUR
Gr(13,1)     52       1       -1.0000000 + 3.9506179E-60*$.1
Gr(13,1)     52       3       -1.0675940E-59 - 1.0000000*$.1
Gr(13,1)     52       5       1.0000000 + 2.2426035E-59*$.1
Gr(13,1)     52       7       2.4126585E-59 + 1.0000000*$.1
Gr(13,1)     52       9       -1.0000000 - 8.9753902E-60*$.1
Gr(13,1)     52       11      4.2077366E-59 - 1.0000000*$.1
   --> Gr(13,1) level 52: character is NONE OF THE FOUR
Gr(7,1)      28       1       -1.0000000 - 6.8519622E-61*$.1
Gr(7,1)      28       3       -1.4043121E-60 - 1.0000000*$.1
Gr(7,1)      28       5       1.0000000 + 1.6419828E-59*$.1
Gr(7,1)      28       9       -1.0000000 - 1.2240812E-59*$.1
Gr(7,1)      28       11      3.0064952E-59 - 1.0000000*$.1
Gr(7,1)      28       13      1.0000000 - 3.1765503E-59*$.1
   --> Gr(7,1) level 28: character is NONE OF THE FOUR
DONE
