Loading "vvdata/weyl-campaign/fastcosets.m"
Loading "vvdata/weyl-campaign/etared.m"
Loading "vvdata/weyl-campaign/ctlat.m"

=== 15_2  4DN = 120  lattices [ Gr(5,2), Gr(5,6), Gr(30,1), Gr(3,2), Gr(3,10) ] 
===
  Gr(5  ,2  )  [ -1.0000000 - 1.1419937E-60*R8.1, -3.7561388E-60 - 
1.0000000*R8.1, -7.2633035E-59 + 1.0000000*R8.1, -1.0000000 + 
4.8481569E-59*R8.1, -1.0000000 - 2.7907605E-59*R8.1, 6.6102192E-59 - 
1.0000000*R8.1 ]
  Gr(5  ,6  )  [ -1.0000000 - 1.1419937E-60*R8.1, -3.7561388E-60 - 
1.0000000*R8.1, -7.2633035E-59 + 1.0000000*R8.1, -1.0000000 + 
4.8481569E-59*R8.1, -1.0000000 - 2.7907605E-59*R8.1, 6.6102192E-59 - 
1.0000000*R8.1 ]
  Gr(30 ,1  )  [ -1.0000000 - 1.1327217E-59*R8.1, 3.6984754E-59 - 
1.0000000*R8.1, 2.5564817E-59 + 1.0000000*R8.1, -1.0000000 - 2.2814993E-59*R8.1,
-1.0000000 - 1.1957461E-58*R8.1, 1.6795442E-58 - 1.0000000*R8.1 ]
  Gr(3  ,2  )  [ -1.0000000 - 1.1419937E-60*R8.1, -3.7561388E-60 - 
1.0000000*R8.1, -7.2633035E-59 + 1.0000000*R8.1, -1.0000000 + 
4.8481569E-59*R8.1, -1.0000000 - 2.7907605E-59*R8.1, 6.6102192E-59 - 
1.0000000*R8.1 ]
  Gr(3  ,10 )  [ -1.0000000 - 1.1419937E-60*R8.1, -3.7561388E-60 - 
1.0000000*R8.1, -7.2633035E-59 + 1.0000000*R8.1, -1.0000000 + 
4.8481569E-59*R8.1, -1.0000000 - 2.7907605E-59*R8.1, 6.6102192E-59 - 
1.0000000*R8.1 ]
  --> all lattices share one multiplier: true

=== 21_2  4DN = 168  lattices [ Gr(7,2), Gr(7,6), Gr(42,1), Gr(3,2), Gr(3,14) ] 
===
  Gr(7  ,2  )  [ -1.0000000 - 1.6419828E-59*R8.1, 4.9908526E-60 - 
1.0000000*R8.1, -1.0000000 - 5.8463274E-59*R8.1, -1.0000000 - 
1.6540812E-58*R8.1, -9.9737842E-59 - 1.0000000*R8.1, -7.2070007E-60 + 
1.0000000*R8.1 ]
  Gr(7  ,6  )  [ -1.0000000 - 1.6419828E-59*R8.1, 4.9908526E-60 - 
1.0000000*R8.1, -1.0000000 - 5.8463274E-59*R8.1, -1.0000000 - 
1.6540812E-58*R8.1, -9.9737842E-59 - 1.0000000*R8.1, -7.2070007E-60 + 
1.0000000*R8.1 ]
  Gr(42 ,1  )  [ -1.0000000 + 1.3222246E-59*R8.1, 6.6102192E-59 - 
1.0000000*R8.1, -1.0000000 - 1.2975984E-58*R8.1, -1.0000000 + 
6.1543256E-59*R8.1, 2.1143891E-60 - 1.0000000*R8.1, -1.2942968E-58 + 
1.0000000*R8.1 ]
  Gr(3  ,2  )  [ -1.0000000 - 1.6419828E-59*R8.1, 4.9908526E-60 - 
1.0000000*R8.1, -1.0000000 - 5.8463274E-59*R8.1, -1.0000000 - 
1.6540812E-58*R8.1, -9.9737842E-59 - 1.0000000*R8.1, -7.2070007E-60 + 
1.0000000*R8.1 ]
  Gr(3  ,14 )  [ -1.0000000 - 1.6419828E-59*R8.1, 4.9908526E-60 - 
1.0000000*R8.1, -1.0000000 - 5.8463274E-59*R8.1, -1.0000000 - 
1.6540812E-58*R8.1, -9.9737842E-59 - 1.0000000*R8.1, -7.2070007E-60 + 
1.0000000*R8.1 ]
  --> all lattices share one multiplier: true

=== 22_3  4DN = 264  lattices [ Gr(11,3), Gr(11,6), Gr(66,1), Gr(2,3), Gr(2,33) 
] ===
  Gr(11 ,3  )  [ -1.0000000 - 7.1482003E-60*R8.1, -2.0268687E-59 + 
1.0000000*R8.1, -1.0000000 + 4.6265421E-59*R8.1, -1.0000000 - 
1.2179076E-58*R8.1, 2.0581885E-58 - 1.0000000*R8.1, 2.6336173E-58 + 
1.0000000*R8.1 ]
  Gr(11 ,6  )  [ -1.0000000 - 7.1482003E-60*R8.1, -2.0268687E-59 + 
1.0000000*R8.1, -1.0000000 + 4.6265421E-59*R8.1, -1.0000000 - 
1.2179076E-58*R8.1, 2.0581885E-58 - 1.0000000*R8.1, 2.6336173E-58 + 
1.0000000*R8.1 ]
  Gr(66 ,1  )  [ -1.0000000 - 1.7333423E-59*R8.1, -6.1009580E-59 + 
1.0000000*R8.1, -1.0000000 - 2.5031141E-59*R8.1, -1.0000000 - 
2.1345777E-58*R8.1, 3.0767108E-58 - 1.0000000*R8.1, 1.4113905E-58 + 
1.0000000*R8.1 ]
  Gr(2  ,3  )  [ -1.0000000 - 1.7333423E-59*R8.1, -6.1009580E-59 + 
1.0000000*R8.1, -1.0000000 - 2.5031141E-59*R8.1, -1.0000000 - 
2.1345777E-58*R8.1, 3.0767108E-58 - 1.0000000*R8.1, 1.4113905E-58 + 
1.0000000*R8.1 ]
  Gr(2  ,33 )  [ -1.0000000 - 1.7333423E-59*R8.1, -6.1009580E-59 + 
1.0000000*R8.1, -1.0000000 - 2.5031141E-59*R8.1, -1.0000000 - 
2.1345777E-58*R8.1, 3.0767108E-58 - 1.0000000*R8.1, 1.4113905E-58 + 
1.0000000*R8.1 ]
  --> all lattices share one multiplier: true

=== 33_2  4DN = 264  lattices [ Gr(11,2), Gr(11,6), Gr(66,1), Gr(3,2), Gr(3,22) 
] ===
  Gr(11 ,2  )  [ -1.0000000 - 7.1482003E-60*R8.1, -2.0268687E-59 + 
1.0000000*R8.1, -1.0000000 + 4.6265421E-59*R8.1, -1.0000000 - 
1.2179076E-58*R8.1, 2.0581885E-58 - 1.0000000*R8.1, 2.6336173E-58 + 
1.0000000*R8.1 ]
  Gr(11 ,6  )  [ -1.0000000 - 7.1482003E-60*R8.1, -2.0268687E-59 + 
1.0000000*R8.1, -1.0000000 + 4.6265421E-59*R8.1, -1.0000000 - 
1.2179076E-58*R8.1, 2.0581885E-58 - 1.0000000*R8.1, 2.6336173E-58 + 
1.0000000*R8.1 ]
  Gr(66 ,1  )  [ -1.0000000 - 1.7333423E-59*R8.1, -6.1009580E-59 + 
1.0000000*R8.1, -1.0000000 - 2.5031141E-59*R8.1, -1.0000000 - 
2.1345777E-58*R8.1, 3.0767108E-58 - 1.0000000*R8.1, 1.4113905E-58 + 
1.0000000*R8.1 ]
  Gr(3  ,2  )  [ -1.0000000 - 7.1482003E-60*R8.1, -2.0268687E-59 + 
1.0000000*R8.1, -1.0000000 + 4.6265421E-59*R8.1, -1.0000000 - 
1.2179076E-58*R8.1, 2.0581885E-58 - 1.0000000*R8.1, 2.6336173E-58 + 
1.0000000*R8.1 ]
  Gr(3  ,22 )  [ -1.0000000 - 7.1482003E-60*R8.1, -2.0268687E-59 + 
1.0000000*R8.1, -1.0000000 + 4.6265421E-59*R8.1, -1.0000000 - 
1.2179076E-58*R8.1, 2.0581885E-58 - 1.0000000*R8.1, 2.6336173E-58 + 
1.0000000*R8.1 ]
  --> all lattices share one multiplier: true

=== 35_2  4DN = 280  lattices [ Gr(7,2), Gr(7,10), Gr(70,1), Gr(5,2), Gr(5,14) ]
===
  Gr(7  ,2  )  [ -1.0000000 - 1.2240812E-59*R8.1, 2.1706919E-59 - 
1.0000000*R8.1, -1.0000000 - 1.2975984E-58*R8.1, -9.9737842E-59 - 
1.0000000*R8.1, 1.0000000 - 1.0617140E-59*R8.1, -1.0000000 - 1.6762427E-58*R8.1 
]
  Gr(7  ,10 )  [ -1.0000000 - 1.2240812E-59*R8.1, 2.1706919E-59 - 
1.0000000*R8.1, -1.0000000 - 1.2975984E-58*R8.1, -9.9737842E-59 - 
1.0000000*R8.1, 1.0000000 - 1.0617140E-59*R8.1, -1.0000000 - 1.6762427E-58*R8.1 
]
  Gr(70 ,1  )  [ -1.0000000 - 2.2426035E-59*R8.1, 4.2077366E-59 - 
1.0000000*R8.1, -1.0000000 + 1.3793243E-58*R8.1, -3.8626504E-59 - 
1.0000000*R8.1, 1.0000000 + 6.0679423E-59*R8.1, -1.0000000 - 2.5929127E-58*R8.1 
]
  Gr(5  ,2  )  [ -1.0000000 - 1.2240812E-59*R8.1, 2.1706919E-59 - 
1.0000000*R8.1, -1.0000000 - 1.2975984E-58*R8.1, -9.9737842E-59 - 
1.0000000*R8.1, 1.0000000 - 1.0617140E-59*R8.1, -1.0000000 - 1.6762427E-58*R8.1 
]
  Gr(5  ,14 )  [ -1.0000000 - 1.2240812E-59*R8.1, 2.1706919E-59 - 
1.0000000*R8.1, -1.0000000 - 1.2975984E-58*R8.1, -9.9737842E-59 - 
1.0000000*R8.1, 1.0000000 - 1.0617140E-59*R8.1, -1.0000000 - 1.6762427E-58*R8.1 
]
  --> all lattices share one multiplier: true

=== 55_2  4DN = 440  lattices [ Gr(11,2), Gr(11,10), Gr(110,1), Gr(5,2), 
Gr(5,22) ] ===
  Gr(11 ,2  )  [ -1.0000000 + 1.6487668E-59*R8.1, 3.5750040E-59 + 
1.0000000*R8.1, 7.4274785E-59 + 1.0000000*R8.1, -1.0000000 - 6.5772034E-59*R8.1,
1.0000000 - 2.9137109E-58*R8.1, -1.0000000 + 1.1277455E-59*R8.1 ]
  Gr(11 ,10 )  [ -1.0000000 + 1.6487668E-59*R8.1, 3.5750040E-59 + 
1.0000000*R8.1, 7.4274785E-59 + 1.0000000*R8.1, -1.0000000 - 6.5772034E-59*R8.1,
1.0000000 - 2.9137109E-58*R8.1, -1.0000000 + 1.1277455E-59*R8.1 ]
  Gr(110,1  )  [ -1.0000000 + 6.3024446E-60*R8.1, 1.5379594E-59 + 
1.0000000*R8.1, 3.3533892E-59 + 1.0000000*R8.1, -1.0000000 - 1.1669815E-58*R8.1,
1.0000000 - 2.2007453E-58*R8.1, -1.0000000 - 8.0389554E-59*R8.1 ]
  Gr(5  ,2  )  [ -1.0000000 + 1.6487668E-59*R8.1, 3.5750040E-59 + 
1.0000000*R8.1, 7.4274785E-59 + 1.0000000*R8.1, -1.0000000 - 6.5772034E-59*R8.1,
1.0000000 - 2.9137109E-58*R8.1, -1.0000000 + 1.1277455E-59*R8.1 ]
  Gr(5  ,22 )  [ -1.0000000 + 1.6487668E-59*R8.1, 3.5750040E-59 + 
1.0000000*R8.1, 7.4274785E-59 + 1.0000000*R8.1, -1.0000000 - 6.5772034E-59*R8.1,
1.0000000 - 2.9137109E-58*R8.1, -1.0000000 + 1.1277455E-59*R8.1 ]
  --> all lattices share one multiplier: true

=== 10_7  4DN = 280  lattices [ Gr(5,7), Gr(5,14), Gr(70,1), Gr(2,7), Gr(2,35) ]
===
  Gr(5  ,7  )  [ -1.0000000 - 1.2240812E-59*R8.1, 2.1706919E-59 - 
1.0000000*R8.1, -1.0000000 - 1.2975984E-58*R8.1, -9.9737842E-59 - 
1.0000000*R8.1, 1.0000000 - 1.0617140E-59*R8.1, -1.0000000 - 1.6762427E-58*R8.1 
]
  Gr(5  ,14 )  [ -1.0000000 - 1.2240812E-59*R8.1, 2.1706919E-59 - 
1.0000000*R8.1, -1.0000000 - 1.2975984E-58*R8.1, -9.9737842E-59 - 
1.0000000*R8.1, 1.0000000 - 1.0617140E-59*R8.1, -1.0000000 - 1.6762427E-58*R8.1 
]
  Gr(70 ,1  )  [ -1.0000000 - 2.2426035E-59*R8.1, 4.2077366E-59 - 
1.0000000*R8.1, -1.0000000 + 1.3793243E-58*R8.1, -3.8626504E-59 - 
1.0000000*R8.1, 1.0000000 + 6.0679423E-59*R8.1, -1.0000000 - 2.5929127E-58*R8.1 
]
  Gr(2  ,7  )  [ -1.0000000 - 2.2426035E-59*R8.1, 4.2077366E-59 - 
1.0000000*R8.1, -1.0000000 + 1.3793243E-58*R8.1, -3.8626504E-59 - 
1.0000000*R8.1, 1.0000000 + 6.0679423E-59*R8.1, -1.0000000 - 2.5929127E-58*R8.1 
]
  Gr(2  ,35 )  [ -1.0000000 - 2.2426035E-59*R8.1, 4.2077366E-59 - 
1.0000000*R8.1, -1.0000000 + 1.3793243E-58*R8.1, -3.8626504E-59 - 
1.0000000*R8.1, 1.0000000 + 6.0679423E-59*R8.1, -1.0000000 - 2.5929127E-58*R8.1 
]
  --> all lattices share one multiplier: true

=== 34_3  4DN = 408  lattices [ Gr(17,3), Gr(17,6), Gr(102,1), Gr(2,3), Gr(2,51)
] ===
  Gr(17 ,3  )  [ -1.0000000 + 2.6672891E-59*R8.1, -1.1501568E-58 - 
1.0000000*R8.1, 1.4470751E-58 - 1.0000000*R8.1, -1.0000000 - 2.7456911E-58*R8.1,
2.6917132E-59 - 1.0000000*R8.1, 2.8664032E-58 - 1.0000000*R8.1 ]
  Gr(17 ,6  )  [ -1.0000000 + 2.6672891E-59*R8.1, -1.1501568E-58 - 
1.0000000*R8.1, 1.4470751E-58 - 1.0000000*R8.1, -1.0000000 - 2.7456911E-58*R8.1,
2.6917132E-59 - 1.0000000*R8.1, 2.8664032E-58 - 1.0000000*R8.1 ]
  Gr(102,1  )  [ -1.0000000 + 1.6487668E-59*R8.1, -7.4274785E-59 - 
1.0000000*R8.1, 2.0581885E-58 - 1.0000000*R8.1, -1.0000000 + 2.9137109E-58*R8.1,
1.2876936E-58 - 1.0000000*R8.1, 4.0886300E-58 - 1.0000000*R8.1 ]
  Gr(2  ,3  )  [ -1.0000000 + 1.6487668E-59*R8.1, -7.4274785E-59 - 
1.0000000*R8.1, 2.0581885E-58 - 1.0000000*R8.1, -1.0000000 + 2.9137109E-58*R8.1,
1.2876936E-58 - 1.0000000*R8.1, 4.0886300E-58 - 1.0000000*R8.1 ]
  Gr(2  ,51 )  [ -1.0000000 + 1.6487668E-59*R8.1, -7.4274785E-59 - 
1.0000000*R8.1, 2.0581885E-58 - 1.0000000*R8.1, -1.0000000 + 2.9137109E-58*R8.1,
1.2876936E-58 - 1.0000000*R8.1, 4.0886300E-58 - 1.0000000*R8.1 ]
  --> all lattices share one multiplier: true

=== 10_1  4DN = 40  lattices [ Gr(5,1), Gr(5,2), Gr(2,1), Gr(2,5) ] ===
  Gr(5  ,1  )  [ -1.0000000 - 5.5494090E-60*R8.1, 8.3241136E-60 - 
1.0000000*R8.1, -1.3873523E-59 + 1.0000000*R8.1, -1.0000000 + 
1.3222246E-59*R8.1, -4.9071714E-61 - 1.0000000*R8.1, -1.0000000 - 
1.2240812E-59*R8.1 ]
  Gr(5  ,2  )  [ -1.0000000 - 5.5494090E-60*R8.1, 8.3241136E-60 - 
1.0000000*R8.1, -1.3873523E-59 + 1.0000000*R8.1, -1.0000000 + 
1.3222246E-59*R8.1, -4.9071714E-61 - 1.0000000*R8.1, -1.0000000 - 
1.2240812E-59*R8.1 ]
  Gr(2  ,1  )  [ -1.0000000 - 5.7778078E-60*R8.1, 8.7809111E-60 - 
1.0000000*R8.1, -1.4787118E-59 + 1.0000000*R8.1, -1.0000000 - 
3.7703870E-59*R8.1, -1.9033974E-59 - 1.0000000*R8.1, -1.0000000 - 
3.8827786E-60*R8.1 ]
  Gr(2  ,5  )  [ -1.0000000 - 5.7778078E-60*R8.1, 8.7809111E-60 - 
1.0000000*R8.1, -1.4787118E-59 + 1.0000000*R8.1, -1.0000000 - 
3.7703870E-59*R8.1, -1.9033974E-59 - 1.0000000*R8.1, -1.0000000 - 
3.8827786E-60*R8.1 ]
  --> all lattices share one multiplier: true

=== 14_1  4DN = 56  lattices [ Gr(7,1), Gr(7,2), Gr(2,1), Gr(2,7) ] ===
  Gr(7  ,1  )  [ -1.0000000 - 6.8519622E-61*R8.1, 1.4043121E-60 + 
1.0000000*R8.1, -1.0000000 - 1.2240812E-59*R8.1, 3.0064952E-59 - 1.0000000*R8.1,
-1.0000000 + 3.1765503E-59*R8.1, 1.0000000 + 3.8827786E-60*R8.1 ]
  Gr(7  ,2  )  [ -1.0000000 - 6.8519622E-61*R8.1, 1.4043121E-60 + 
1.0000000*R8.1, -1.0000000 - 1.2240812E-59*R8.1, 3.0064952E-59 - 1.0000000*R8.1,
-1.0000000 + 3.1765503E-59*R8.1, 1.0000000 + 3.8827786E-60*R8.1 ]
  Gr(2  ,1  )  [ -1.0000000 - 1.0870419E-59*R8.1, -1.8966134E-59 + 
1.0000000*R8.1, -1.0000000 + 1.6487668E-59*R8.1, 1.1521696E-59 - 1.0000000*R8.1,
-1.0000000 - 3.9531060E-59*R8.1, 1.0000000 - 6.3759404E-59*R8.1 ]
  Gr(2  ,7  )  [ -1.0000000 - 1.0870419E-59*R8.1, -1.8966134E-59 + 
1.0000000*R8.1, -1.0000000 + 1.6487668E-59*R8.1, 1.1521696E-59 - 1.0000000*R8.1,
-1.0000000 - 3.9531060E-59*R8.1, 1.0000000 - 6.3759404E-59*R8.1 ]
  --> all lattices share one multiplier: true

=== 22_1  4DN = 88  lattices [ Gr(11,1), Gr(11,2), Gr(2,1), Gr(2,11) ] ===
  Gr(11 ,1  )  [ -1.0000000 - 1.0870419E-59*R8.1, 1.8966134E-59 - 
1.0000000*R8.1, 3.5157564E-59 - 1.0000000*R8.1, -1.0000000 + 1.6487668E-59*R8.1,
-1.0000000 - 3.9531060E-59*R8.1, 1.0000000 - 6.3759404E-59*R8.1 ]
  Gr(11 ,2  )  [ -1.0000000 - 1.0870419E-59*R8.1, 1.8966134E-59 - 
1.0000000*R8.1, 3.5157564E-59 - 1.0000000*R8.1, -1.0000000 + 1.6487668E-59*R8.1,
-1.0000000 - 3.9531060E-59*R8.1, 1.0000000 - 6.3759404E-59*R8.1 ]
  Gr(2  ,1  )  [ -1.0000000 - 1.1419937E-60*R8.1, -4.9071714E-61 - 
1.0000000*R8.1, -3.7561388E-60 - 1.0000000*R8.1, -1.0000000 - 
3.4438448E-59*R8.1, -1.0000000 + 4.8481569E-59*R8.1, 1.0000000 + 
2.7907605E-59*R8.1 ]
  Gr(2  ,11 )  [ -1.0000000 - 1.1419937E-60*R8.1, -4.9071714E-61 - 
1.0000000*R8.1, -3.7561388E-60 - 1.0000000*R8.1, -1.0000000 - 
3.4438448E-59*R8.1, -1.0000000 + 4.8481569E-59*R8.1, 1.0000000 + 
2.7907605E-59*R8.1 ]
  --> all lattices share one multiplier: true

=== 26_1  4DN = 104  lattices [ Gr(13,1), Gr(13,2), Gr(2,1), Gr(2,13) ] ===
  Gr(13 ,1  )  [ -1.0000000 + 3.9506179E-60*R8.1, 1.0675940E-59 + 
1.0000000*R8.1, 2.4126585E-59 + 1.0000000*R8.1, -1.0000000 - 8.9753902E-60*R8.1,
4.2077366E-59 - 1.0000000*R8.1, -1.0000000 + 1.7925900E-59*R8.1 ]
  Gr(13 ,2  )  [ -1.0000000 + 3.9506179E-60*R8.1, 1.0675940E-59 + 
1.0000000*R8.1, 2.4126585E-59 + 1.0000000*R8.1, -1.0000000 - 8.9753902E-60*R8.1,
4.2077366E-59 - 1.0000000*R8.1, -1.0000000 + 1.7925900E-59*R8.1 ]
  Gr(2  ,1  )  [ -1.0000000 - 6.2346053E-60*R8.1, -9.6945060E-60 + 
1.0000000*R8.1, -1.6614307E-59 + 1.0000000*R8.1, -1.0000000 - 
5.9901506E-59*R8.1, -5.6120487E-59 - 1.0000000*R8.1, -1.0000000 - 
7.3741109E-59*R8.1 ]
  Gr(2  ,13 )  [ -1.0000000 - 6.2346053E-60*R8.1, -9.6945060E-60 + 
1.0000000*R8.1, -1.6614307E-59 + 1.0000000*R8.1, -1.0000000 - 
5.9901506E-59*R8.1, -5.6120487E-59 - 1.0000000*R8.1, -1.0000000 - 
7.3741109E-59*R8.1 ]
  --> all lattices share one multiplier: true

=== is the multiplier the same ACROSS bases? (by d) ===
  d = 1   over 12 bases: SAME   value -1.0000000 - 1.6419828E-59*R8.1
  d = 3   over 7 bases: DIFFERS   value 1.8966134E-59 - 1.0000000*R8.1
  d = 7   over 8 bases: DIFFERS   value -1.3873523E-59 + 1.0000000*R8.1
  d = 9   over 7 bases: SAME   value -1.0000000 - 1.2975984E-58*R8.1
  d = 11  over 8 bases: DIFFERS   value 4.2077366E-59 - 1.0000000*R8.1
  d = 13  over 11 bases: DIFFERS   value -1.0000000 - 5.8463274E-59*R8.1
  d = 17  over 11 bases: DIFFERS   value -1.0000000 - 2.7907605E-59*R8.1
  d = 19  over 12 bases: DIFFERS   value 2.0581885E-58 - 1.0000000*R8.1
  d = 23  over 12 bases: DIFFERS   value -7.2070007E-60 + 1.0000000*R8.1

every base internally consistent: true
DONE
