Loading "vvdata/weyl-campaign/fastcosets.m"
Loading "vvdata/weyl-campaign/etared.m"
Loading "vvdata/weyl-campaign/ctlat.m"
Loading "vvdata/weyl-campaign/ctlatat.m"

=== 22_3  N = 3 = [ 3 ]   #iso = 5 (prod (2p-1) = 5)
  rho^S = rho^0 restricted to {p not| c, p in S}: 4 of 4 cosets agree
  by support: [ <3, 4> ]   (predicted prod_{p in S}(2p-2): [ <3, 4> ])
  DISTINCT rho-vectors among the 4 nonzero isotropic cosets: 1   (2^omega(N) - 1
= 1)
  --> "they all agree" is TRUE here

=== 35_6  N = 6 = [ 2, 3 ]   #iso = 15 (prod (2p-1) = 15)
  rho^S = rho^0 restricted to {p not| c, p in S}: 14 of 14 cosets agree
  by support: [ <2, 2>, <3, 4>, <6, 8> ]   (predicted prod_{p in S}(2p-2): [ <2,
2>, <3, 4>, <6, 8> ])
  DISTINCT rho-vectors among the 14 nonzero isotropic cosets: 3   (2^omega(N) - 
1 = 3)
  --> "they all agree" is FALSE here

=== 15_14  N = 14 = [ 2, 7 ]   #iso = 39 (prod (2p-1) = 39)
  rho^S = rho^0 restricted to {p not| c, p in S}: 38 of 38 cosets agree
  by support: [ <2, 2>, <7, 12>, <14, 24> ]   (predicted prod_{p in S}(2p-2): [ 
<2, 2>, <7, 12>, <14, 24> ])
  DISTINCT rho-vectors among the 38 nonzero isotropic cosets: 3   (2^omega(N) - 
1 = 3)
  --> "they all agree" is FALSE here
DONE
