BASE 15 2  M = 60
#panel monomials = 86, #E pool = 21
pass 1: constants
  coset 24/144
  coset 48/144
  coset 72/144
  coset 96/144
  coset 120/144
  coset 144/144
SOLVE resid = 4.069421639E-42
GROSS resid vs rho (INDEPENDENT eta path) = 5.974920713E-77
GROSS differs from the solved beta by 6.431072807 (expected nonzero: they differ
by a cusp form)
=== USING THE GROSS COMBINATION AS E* FROM HERE ON ===
pass 2: convolutions
  conv coset 1/144 class 60 done
E0COEF g=1 W=60 0/1440 0.0166666666666666666666666666667 
0.0166666666666666666666666666667
E0COEF g=1 W=60 24/1440 -0.0333333333333333333333333333334 
-0.0333333333333333333333333333334
E0COEF g=1 W=60 48/1440 0.0333333333333333333333333333334 
0.0333333333333333333333333333334
E0COEF g=1 W=60 96/1440 -0.0666666666666666666666666666667 
-0.0666666666666666666666666666667
E0COEF g=1 W=60 144/1440 0.0333333333333333333333333333334 
0.0333333333333333333333333333334
E0COEF g=1 W=60 168/1440 0.0666666666666666666666666666667 
0.0666666666666666666666666666667
E0COEF g=1 W=60 192/1440 -0.0333333333333333333333333333334 
-0.0333333333333333333333333333334
E0COEF g=1 W=60 216/1440 -0.0333333333333333333333333333334 
-0.0333333333333333333333333333334
E0COEF g=1 W=60 264/1440 0.0666666666666666666666666666667 
0.0666666666666666666666666666667
E0COEF g=1 W=60 336/1440 0.0666666666666666666666666666667 
0.0666666666666666666666666666667
E0COEF g=1 W=60 384/1440 -0.133333333333333333333333333333 
-0.133333333333333333333333333333
E0COEF g=1 W=60 408/1440 -0.200000000000000000000000000000 
-0.200000000000000000000000000000
E0COEF g=1 W=60 432/1440 0.0333333333333333333333333333334 
0.0333333333333333333333333333334
E0COEF g=1 W=60 456/1440 0.133333333333333333333333333333 
0.133333333333333333333333333333
E0COEF g=1 W=60 480/1440 -0.0333333333333333333333333333334 
-0.0333333333333333333333333333334
E0COEF g=1 W=60 528/1440 0.0666666666666666666666666666667 
0.0666666666666666666666666666667
E0COEF g=1 W=60 552/1440 0.0666666666666666666666666666667 
0.0666666666666666666666666666667
E0COEF g=1 W=60 576/1440 -0.0333333333333333333333333333334 
-0.0333333333333333333333333333334
E0COEF g=1 W=60 600/1440 -0.0333333333333333333333333333334 
-0.0333333333333333333333333333334
E0COEF g=1 W=60 624/1440 0.133333333333333333333333333333 
0.133333333333333333333333333333
E0COEF g=1 W=60 672/1440 -0.0666666666666666666666666666667 
-0.0666666666666666666666666666667
E0COEF g=1 W=60 744/1440 0.133333333333333333333333333333 
0.133333333333333333333333333333
E0COEF g=1 W=60 768/1440 -0.166666666666666666666666666667 
-0.166666666666666666666666666667
E0COEF g=1 W=60 792/1440 -0.133333333333333333333333333333 
-0.133333333333333333333333333333
E0COEF g=1 W=60 816/1440 0.133333333333333333333333333333 
0.133333333333333333333333333333
E0COEF g=1 W=60 864/1440 -0.0666666666666666666666666666667 
-0.0666666666666666666666666666667
E0COEF g=1 W=60 912/1440 0.133333333333333333333333333333 
0.133333333333333333333333333333
E0COEF g=1 W=60 984/1440 -0.333333333333333333333333333333 
-0.333333333333333333333333333333
E0COEF g=1 W=60 1008/1440 0.0666666666666666666666666666667 
0.0666666666666666666666666666667
E0COEF g=1 W=60 1032/1440 0.133333333333333333333333333333 
0.133333333333333333333333333333
E0COEF g=1 W=60 1056/1440 -0.0666666666666666666666666666667 
-0.0666666666666666666666666666667
  conv coset 2/144 class 1 done
  conv coset 3/144 class 1 done
  conv coset 4/144 class 1 done
  conv coset 5/144 class 1 done
  conv coset 6/144 class 1 done
  conv coset 7/144 class 1 done
  conv coset 8/144 class 1 done
  conv coset 9/144 class 1 done
  conv coset 10/144 class 1 done
  conv coset 11/144 class 1 done
  conv coset 12/144 class 1 done
  conv coset 13/144 class 1 done
  conv coset 14/144 class 1 done
  conv coset 15/144 class 1 done
  conv coset 16/144 class 1 done
  conv coset 17/144 class 1 done
  conv coset 18/144 class 1 done
  conv coset 19/144 class 1 done
  conv coset 20/144 class 1 done
  conv coset 21/144 class 1 done
  conv coset 22/144 class 1 done
  conv coset 23/144 class 1 done
  conv coset 24/144 class 1 done
  conv coset 25/144 class 1 done
  conv coset 26/144 class 1 done
  conv coset 27/144 class 1 done
  conv coset 28/144 class 1 done
  conv coset 29/144 class 1 done
  conv coset 30/144 class 1 done
  conv coset 31/144 class 1 done
  conv coset 32/144 class 1 done
  conv coset 33/144 class 1 done
  conv coset 34/144 class 1 done
  conv coset 35/144 class 1 done
  conv coset 36/144 class 1 done
  conv coset 37/144 class 1 done
  conv coset 38/144 class 1 done
  conv coset 39/144 class 1 done
  conv coset 40/144 class 1 done
  conv coset 41/144 class 1 done
  conv coset 42/144 class 1 done
  conv coset 43/144 class 1 done
  conv coset 44/144 class 1 done
  conv coset 45/144 class 1 done
  conv coset 46/144 class 1 done
  conv coset 47/144 class 1 done
  conv coset 48/144 class 1 done
  conv coset 49/144 class 1 done
  conv coset 50/144 class 1 done
  conv coset 51/144 class 1 done
  conv coset 52/144 class 1 done
  conv coset 53/144 class 1 done
  conv coset 54/144 class 1 done
  conv coset 55/144 class 1 done
  conv coset 56/144 class 1 done
  conv coset 57/144 class 1 done
  conv coset 58/144 class 1 done
  conv coset 59/144 class 1 done
  conv coset 60/144 class 1 done
  conv coset 61/144 class 1 done
FORM -2  A_f = (7.52133230332399E-73, -1.64562335724085E-72)  INTERM = 
(4.56513807188174E-73, -2.26346687703138E-73)  CONV = (2.95619423144225E-73, 
-1.41927666953771E-72)  c_eta*(0) = (4.00000000000000, -1.85499447222175E-71)
FORM -1  A_f = (6.97346144170407E-70, -9.10154133693730E-71)  INTERM = 
(4.00000000000000, 7.04153154259249E-72)  CONV = (-4.00000000000000, 
-9.80569449119656E-71)  c_eta*(0) = (8.00000000000000, 4.57171249437736E-69)
FORM 9  A_f = (2.99619623888623E-72, -6.53689286008253E-72)  INTERM = 
(-8.00000000000000, -8.77246119836487E-73)  CONV = (8.00000000000000, 
-5.65964674024605E-72)  c_eta*(0) = (1.64472875470850E-71, 
-7.41700000020047E-71)
FORM 10  A_f = (2.99252463592159E-72, -6.52151262937357E-72)  INTERM = 
(-8.00000000000000, -8.67708723824277E-73)  CONV = (8.00000000000000, 
-5.65380390554929E-72)  c_eta*(0) = (1.64384399490901E-71, 
-7.41600005434796E-71)
FORM 11  A_f = (1.49984027247266E-72, -3.27586648377273E-72)  INTERM = 
(9.03057275852108E-73, -4.43155979394065E-73)  CONV = (5.96782794210352E-73, 
-2.83271050437866E-72)  c_eta*(0) = (8.00000000000000, -3.70899066325677E-71)
FORM 12  A_f = (3.71999080981850E-72, -8.16713598661441E-72)  INTERM = 
(-8.00000000000000, -1.09405541152741E-72)  CONV = (8.00000000000000, 
-7.07308057508700E-72)  c_eta*(0) = (4.00000000000000, -9.27122082970365E-71)
FORM 13  A_f = (6.97346144170407E-70, -9.10154133693730E-71)  INTERM = 
(4.00000000000000, 7.04153154259249E-72)  CONV = (-4.00000000000000, 
-9.80569449119656E-71)  c_eta*(0) = (8.00000000000000, 4.57171249437736E-69)
FORM 14  A_f = (2.25162579581562E-72, -4.89126950284169E-72)  INTERM = 
(-8.00000000000000, -6.50899432133349E-73)  CONV = (8.00000000000000, 
-4.24037007070834E-72)  c_eta*(0) = (-4.00000000000000, -5.56216793752268E-71)
FORM 15  A_f = (7.52133230332399E-73, -1.64562335724085E-72)  INTERM = 
(4.56513807188174E-73, -2.26346687703138E-73)  CONV = (2.95619423144225E-73, 
-1.41927666953771E-72)  c_eta*(0) = (4.00000000000000, -1.85499447222175E-71)
DONE
