Loading "vvdata/weyl-campaign/fastcosets.m"
Loading "vvdata/weyl-campaign/etared.m"
Loading "vvdata/weyl-campaign/ctlat.m"
Loading "vvdata/weyl-campaign/ctlatat.m"

===== D=22 N=3  DN=66  lev=264  576 cosets  #iso=5 =====
  --- s = 2, D' = 11 ---
   mu=[ 0, 22, 0 ]     S=[ 3 ]      [ 1/2 Tel(11;3,6), -1/2 T(66,1) ]   worst 
1.71069E-119  HOLDS
   mu=[ 0, 44, 0 ]     S=[ 3 ]      [ 1/2 Tel(11;3,6), -1/2 T(66,1) ]   worst 
1.71069E-119  HOLDS
   mu=[ 0, 0, 22 ]     S=[ 3 ]      [ 1/2 Tel(11;3,6), -1/2 T(66,1) ]   worst 
1.71069E-119  HOLDS
   mu=[ 0, 0, 44 ]     S=[ 3 ]      [ 1/2 Tel(11;3,6), -1/2 T(66,1) ]   worst 
1.71069E-119  HOLDS
  --- s = 11, D' = 2 ---
   mu=[ 0, 22, 0 ]     S=[ 3 ]      [ 1/2 Tel(2;3,33), -1/2 T(66,1) ]   worst 
1.55593E-120  HOLDS
   mu=[ 0, 44, 0 ]     S=[ 3 ]      [ 1/2 Tel(2;3,33), -1/2 T(66,1) ]   worst 
1.55593E-120  HOLDS
   mu=[ 0, 0, 22 ]     S=[ 3 ]      [ 1/2 Tel(2;3,33), -1/2 T(66,1) ]   worst 
1.55593E-120  HOLDS
   mu=[ 0, 0, 44 ]     S=[ 3 ]      [ 1/2 Tel(2;3,33), -1/2 T(66,1) ]   worst 
1.55593E-120  HOLDS

===== D=35 N=6  DN=210  lev=840  2304 cosets  #iso=15 =====
  --- s = 5, D' = 7 ---
   mu=[ 0, 0, 35 ]     S=[ 2, 3 ]   [ 1/4 Tel(7;6,30), -1/4 T(70,3), -1/4 
T(105,2), 1/4 Tel(42;1,5) ]   worst 6.15512E-120  HOLDS
   mu=[ 1, 0, 35 ]     S=[ 2, 3 ]   [ 1/4 Tel(7;6,30), -1/4 T(70,3), -1/4 
T(105,2), 1/4 Tel(42;1,5) ]   worst 6.15512E-120  HOLDS
   mu=[ 0, 140, 35 ]   S=[ 2, 3 ]   [ 1/4 Tel(7;6,30), -1/4 T(70,3), -1/4 
T(105,2), 1/4 Tel(42;1,5) ]   worst 6.15512E-120  HOLDS
   mu=[ 1, 140, 35 ]   S=[ 2, 3 ]   [ 1/4 Tel(7;6,30), -1/4 T(70,3), -1/4 
T(105,2), 1/4 Tel(42;1,5) ]   worst 6.15512E-120  HOLDS
   mu=[ 0, 0, 70 ]     S=[ 3 ]      [ 1/2 Tel(7;6,30), -1/2 T(105,2) ]   worst 
1.55593E-120  HOLDS
   mu=[ 0, 70, 70 ]    S=[ 3 ]      [ 1/2 Tel(7;6,30), -1/2 T(105,2) ]   worst 
1.55593E-120  HOLDS
   mu=[ 0, 0, 105 ]    S=[ 2 ]      [ 1/2 Tel(7;6,30), -1/2 T(70,3) ]   worst 
3.24667E-119  HOLDS
   mu=[ 1, 0, 105 ]    S=[ 2 ]      [ 1/2 Tel(7;6,30), -1/2 T(70,3) ]   worst 
3.24667E-119  HOLDS
   mu=[ 0, 0, 140 ]    S=[ 3 ]      [ 1/2 Tel(7;6,30), -1/2 T(105,2) ]   worst 
1.55593E-120  HOLDS
   mu=[ 0, 140, 140 ]  S=[ 3 ]      [ 1/2 Tel(7;6,30), -1/2 T(105,2) ]   worst 
1.55593E-120  HOLDS
   mu=[ 0, 0, 175 ]    S=[ 2, 3 ]   [ 1/4 Tel(7;6,30), -1/4 T(70,3), -1/4 
T(105,2), 1/4 Tel(42;1,5) ]   worst 6.15512E-120  HOLDS
   mu=[ 1, 0, 175 ]    S=[ 2, 3 ]   [ 1/4 Tel(7;6,30), -1/4 T(70,3), -1/4 
T(105,2), 1/4 Tel(42;1,5) ]   worst 6.15512E-120  HOLDS
   mu=[ 0, 70, 175 ]   S=[ 2, 3 ]   [ 1/4 Tel(7;6,30), -1/4 T(70,3), -1/4 
T(105,2), 1/4 Tel(42;1,5) ]   worst 6.15512E-120  HOLDS
   mu=[ 1, 70, 175 ]   S=[ 2, 3 ]   [ 1/4 Tel(7;6,30), -1/4 T(70,3), -1/4 
T(105,2), 1/4 Tel(42;1,5) ]   worst 6.15512E-120  HOLDS
  --- s = 7, D' = 5 ---
   mu=[ 0, 0, 35 ]     S=[ 2, 3 ]   [ 1/4 Tel(5;6,42), -1/4 T(70,3), -1/4 
T(105,2), 1/4 Tel(30;1,7) ]   worst 6.14829E-120  HOLDS
   mu=[ 1, 0, 35 ]     S=[ 2, 3 ]   [ 1/4 Tel(5;6,42), -1/4 T(70,3), -1/4 
T(105,2), 1/4 Tel(30;1,7) ]   worst 6.14829E-120  HOLDS
   mu=[ 0, 140, 35 ]   S=[ 2, 3 ]   [ 1/4 Tel(5;6,42), -1/4 T(70,3), -1/4 
T(105,2), 1/4 Tel(30;1,7) ]   worst 6.14829E-120  HOLDS
   mu=[ 1, 140, 35 ]   S=[ 2, 3 ]   [ 1/4 Tel(5;6,42), -1/4 T(70,3), -1/4 
T(105,2), 1/4 Tel(30;1,7) ]   worst 6.14829E-120  HOLDS
   mu=[ 0, 0, 70 ]     S=[ 3 ]      [ 1/2 Tel(5;6,42), -1/2 T(105,2) ]   worst 
1.55593E-120  HOLDS
   mu=[ 0, 70, 70 ]    S=[ 3 ]      [ 1/2 Tel(5;6,42), -1/2 T(105,2) ]   worst 
1.55593E-120  HOLDS
   mu=[ 0, 0, 105 ]    S=[ 2 ]      [ 1/2 Tel(5;6,42), -1/2 T(70,3) ]   worst 
3.24667E-119  HOLDS
   mu=[ 1, 0, 105 ]    S=[ 2 ]      [ 1/2 Tel(5;6,42), -1/2 T(70,3) ]   worst 
3.24667E-119  HOLDS
   mu=[ 0, 0, 140 ]    S=[ 3 ]      [ 1/2 Tel(5;6,42), -1/2 T(105,2) ]   worst 
1.55593E-120  HOLDS
   mu=[ 0, 140, 140 ]  S=[ 3 ]      [ 1/2 Tel(5;6,42), -1/2 T(105,2) ]   worst 
1.55593E-120  HOLDS
   mu=[ 0, 0, 175 ]    S=[ 2, 3 ]   [ 1/4 Tel(5;6,42), -1/4 T(70,3), -1/4 
T(105,2), 1/4 Tel(30;1,7) ]   worst 6.14829E-120  HOLDS
   mu=[ 1, 0, 175 ]    S=[ 2, 3 ]   [ 1/4 Tel(5;6,42), -1/4 T(70,3), -1/4 
T(105,2), 1/4 Tel(30;1,7) ]   worst 6.14829E-120  HOLDS
   mu=[ 0, 70, 175 ]   S=[ 2, 3 ]   [ 1/4 Tel(5;6,42), -1/4 T(70,3), -1/4 
T(105,2), 1/4 Tel(30;1,7) ]   worst 6.14829E-120  HOLDS
   mu=[ 1, 70, 175 ]   S=[ 2, 3 ]   [ 1/4 Tel(5;6,42), -1/4 T(70,3), -1/4 
T(105,2), 1/4 Tel(30;1,7) ]   worst 6.14829E-120  HOLDS

===== D=15 N=14  DN=210  lev=840  2304 cosets  #iso=39 =====
  --- s = 3, D' = 5 ---
   mu=[ 0, 15, 0 ]     S=[ 2, 7 ]   [ 1/4 Tel(5;14,42), -1/4 T(30,7), 1/4 
Tel(70;1,3), -1/4 T(105,2) ]   worst 2.73400E-119  HOLDS
   mu=[ 0, 30, 0 ]     S=[ 7 ]      [ 1/2 Tel(5;14,42), -1/2 T(105,2) ]   worst 
1.18687E-120  HOLDS
   mu=[ 0, 45, 0 ]     S=[ 2, 7 ]   [ 1/4 Tel(5;14,42), -1/4 T(30,7), 1/4 
Tel(70;1,3), -1/4 T(105,2) ]   worst 2.73400E-119  HOLDS
   mu=[ 0, 60, 0 ]     S=[ 7 ]      [ 1/2 Tel(5;14,42), -1/2 T(105,2) ]   worst 
1.18687E-120  HOLDS
   mu=[ 0, 75, 0 ]     S=[ 2, 7 ]   [ 1/4 Tel(5;14,42), -1/4 T(30,7), 1/4 
Tel(70;1,3), -1/4 T(105,2) ]   worst 2.73400E-119  HOLDS
   mu=[ 0, 90, 0 ]     S=[ 7 ]      [ 1/2 Tel(5;14,42), -1/2 T(105,2) ]   worst 
1.18687E-120  HOLDS
   mu=[ 0, 105, 0 ]    S=[ 2 ]      [ 1/2 Tel(5;14,42), -1/2 T(30,7) ]   worst 
3.24667E-119  HOLDS
   mu=[ 0, 120, 0 ]    S=[ 7 ]      [ 1/2 Tel(5;14,42), -1/2 T(105,2) ]   worst 
1.18687E-120  HOLDS
   mu=[ 0, 135, 0 ]    S=[ 2, 7 ]   [ 1/4 Tel(5;14,42), -1/4 T(30,7), 1/4 
Tel(70;1,3), -1/4 T(105,2) ]   worst 2.73400E-119  HOLDS
   mu=[ 0, 150, 0 ]    S=[ 7 ]      [ 1/2 Tel(5;14,42), -1/2 T(105,2) ]   worst 
1.18687E-120  HOLDS
   mu=[ 0, 165, 0 ]    S=[ 2, 7 ]   [ 1/4 Tel(5;14,42), -1/4 T(30,7), 1/4 
Tel(70;1,3), -1/4 T(105,2) ]   worst 2.73400E-119  HOLDS
   mu=[ 0, 180, 0 ]    S=[ 7 ]      [ 1/2 Tel(5;14,42), -1/2 T(105,2) ]   worst 
1.18687E-120  HOLDS
   mu=[ 0, 195, 0 ]    S=[ 2, 7 ]   [ 1/4 Tel(5;14,42), -1/4 T(30,7), 1/4 
Tel(70;1,3), -1/4 T(105,2) ]   worst 2.73400E-119  HOLDS
   mu=[ 0, 60, 15 ]    S=[ 2, 7 ]   [ 1/4 Tel(5;14,42), -1/4 T(30,7), 1/4 
Tel(70;1,3), -1/4 T(105,2) ]   worst 2.73400E-119  HOLDS
   mu=[ 0, 15, 30 ]    S=[ 2, 7 ]   [ 1/4 Tel(5;14,42), -1/4 T(30,7), 1/4 
Tel(70;1,3), -1/4 T(105,2) ]   worst 2.73400E-119  HOLDS
   mu=[ 0, 120, 30 ]   S=[ 7 ]      [ 1/2 Tel(5;14,42), -1/2 T(105,2) ]   worst 
1.18687E-120  HOLDS
   mu=[ 0, 180, 45 ]   S=[ 2, 7 ]   [ 1/4 Tel(5;14,42), -1/4 T(30,7), 1/4 
Tel(70;1,3), -1/4 T(105,2) ]   worst 2.73400E-119  HOLDS
   mu=[ 0, 30, 60 ]    S=[ 7 ]      [ 1/2 Tel(5;14,42), -1/2 T(105,2) ]   worst 
1.18687E-120  HOLDS
   mu=[ 0, 135, 60 ]   S=[ 2, 7 ]   [ 1/4 Tel(5;14,42), -1/4 T(30,7), 1/4 
Tel(70;1,3), -1/4 T(105,2) ]   worst 2.73400E-119  HOLDS
   mu=[ 0, 90, 75 ]    S=[ 2, 7 ]   [ 1/4 Tel(5;14,42), -1/4 T(30,7), 1/4 
Tel(70;1,3), -1/4 T(105,2) ]   worst 2.73400E-119  HOLDS
   mu=[ 0, 45, 90 ]    S=[ 2, 7 ]   [ 1/4 Tel(5;14,42), -1/4 T(30,7), 1/4 
Tel(70;1,3), -1/4 T(105,2) ]   worst 2.73400E-119  HOLDS
   mu=[ 0, 150, 90 ]   S=[ 7 ]      [ 1/2 Tel(5;14,42), -1/2 T(105,2) ]   worst 
1.18687E-120  HOLDS
   mu=[ 0, 0, 105 ]    S=[ 2 ]      [ 1/2 Tel(5;14,42), -1/2 T(30,7) ]   worst 
3.24667E-119  HOLDS
   mu=[ 0, 30, 105 ]   S=[ 2, 7 ]   [ 1/4 Tel(5;14,42), -1/4 T(30,7), 1/4 
Tel(70;1,3), -1/4 T(105,2) ]   worst 2.73400E-119  HOLDS
   mu=[ 0, 60, 105 ]   S=[ 2, 7 ]   [ 1/4 Tel(5;14,42), -1/4 T(30,7), 1/4 
Tel(70;1,3), -1/4 T(105,2) ]   worst 2.73400E-119  HOLDS
   mu=[ 0, 90, 105 ]   S=[ 2, 7 ]   [ 1/4 Tel(5;14,42), -1/4 T(30,7), 1/4 
Tel(70;1,3), -1/4 T(105,2) ]   worst 2.73400E-119  HOLDS
   mu=[ 0, 120, 105 ]  S=[ 2, 7 ]   [ 1/4 Tel(5;14,42), -1/4 T(30,7), 1/4 
Tel(70;1,3), -1/4 T(105,2) ]   worst 2.73400E-119  HOLDS
   mu=[ 0, 150, 105 ]  S=[ 2, 7 ]   [ 1/4 Tel(5;14,42), -1/4 T(30,7), 1/4 
Tel(70;1,3), -1/4 T(105,2) ]   worst 2.73400E-119  HOLDS
   mu=[ 0, 180, 105 ]  S=[ 2, 7 ]   [ 1/4 Tel(5;14,42), -1/4 T(30,7), 1/4 
Tel(70;1,3), -1/4 T(105,2) ]   worst 2.73400E-119  HOLDS
   mu=[ 0, 60, 120 ]   S=[ 7 ]      [ 1/2 Tel(5;14,42), -1/2 T(105,2) ]   worst 
1.18687E-120  HOLDS
   mu=[ 0, 165, 120 ]  S=[ 2, 7 ]   [ 1/4 Tel(5;14,42), -1/4 T(30,7), 1/4 
Tel(70;1,3), -1/4 T(105,2) ]   worst 2.73400E-119  HOLDS
   mu=[ 0, 120, 135 ]  S=[ 2, 7 ]   [ 1/4 Tel(5;14,42), -1/4 T(30,7), 1/4 
Tel(70;1,3), -1/4 T(105,2) ]   worst 2.73400E-119  HOLDS
   mu=[ 0, 75, 150 ]   S=[ 2, 7 ]   [ 1/4 Tel(5;14,42), -1/4 T(30,7), 1/4 
Tel(70;1,3), -1/4 T(105,2) ]   worst 2.73400E-119  HOLDS
   mu=[ 0, 180, 150 ]  S=[ 7 ]      [ 1/2 Tel(5;14,42), -1/2 T(105,2) ]   worst 
1.18687E-120  HOLDS
   mu=[ 0, 30, 165 ]   S=[ 2, 7 ]   [ 1/4 Tel(5;14,42), -1/4 T(30,7), 1/4 
Tel(70;1,3), -1/4 T(105,2) ]   worst 2.73400E-119  HOLDS
   mu=[ 0, 90, 180 ]   S=[ 7 ]      [ 1/2 Tel(5;14,42), -1/2 T(105,2) ]   worst 
1.18687E-120  HOLDS
   mu=[ 0, 195, 180 ]  S=[ 2, 7 ]   [ 1/4 Tel(5;14,42), -1/4 T(30,7), 1/4 
Tel(70;1,3), -1/4 T(105,2) ]   worst 2.73400E-119  HOLDS
   mu=[ 0, 150, 195 ]  S=[ 2, 7 ]   [ 1/4 Tel(5;14,42), -1/4 T(30,7), 1/4 
Tel(70;1,3), -1/4 T(105,2) ]   worst 2.73400E-119  HOLDS
  --- s = 5, D' = 3 ---
   mu=[ 0, 15, 0 ]     S=[ 2, 7 ]   [ 1/4 Tel(3;14,70), -1/4 T(30,7), 1/4 
Tel(42;1,5), -1/4 T(105,2) ]   worst 2.73548E-119  HOLDS
   mu=[ 0, 30, 0 ]     S=[ 7 ]      [ 1/2 Tel(3;14,70), -1/2 T(105,2) ]   worst 
5.80889E-121  HOLDS
   mu=[ 0, 45, 0 ]     S=[ 2, 7 ]   [ 1/4 Tel(3;14,70), -1/4 T(30,7), 1/4 
Tel(42;1,5), -1/4 T(105,2) ]   worst 2.73548E-119  HOLDS
   mu=[ 0, 60, 0 ]     S=[ 7 ]      [ 1/2 Tel(3;14,70), -1/2 T(105,2) ]   worst 
5.80889E-121  HOLDS
   mu=[ 0, 75, 0 ]     S=[ 2, 7 ]   [ 1/4 Tel(3;14,70), -1/4 T(30,7), 1/4 
Tel(42;1,5), -1/4 T(105,2) ]   worst 2.73548E-119  HOLDS
   mu=[ 0, 90, 0 ]     S=[ 7 ]      [ 1/2 Tel(3;14,70), -1/2 T(105,2) ]   worst 
5.80889E-121  HOLDS
   mu=[ 0, 105, 0 ]    S=[ 2 ]      [ 1/2 Tel(3;14,70), -1/2 T(30,7) ]   worst 
3.24667E-119  HOLDS
   mu=[ 0, 120, 0 ]    S=[ 7 ]      [ 1/2 Tel(3;14,70), -1/2 T(105,2) ]   worst 
5.80889E-121  HOLDS
   mu=[ 0, 135, 0 ]    S=[ 2, 7 ]   [ 1/4 Tel(3;14,70), -1/4 T(30,7), 1/4 
Tel(42;1,5), -1/4 T(105,2) ]   worst 2.73548E-119  HOLDS
   mu=[ 0, 150, 0 ]    S=[ 7 ]      [ 1/2 Tel(3;14,70), -1/2 T(105,2) ]   worst 
5.80889E-121  HOLDS
   mu=[ 0, 165, 0 ]    S=[ 2, 7 ]   [ 1/4 Tel(3;14,70), -1/4 T(30,7), 1/4 
Tel(42;1,5), -1/4 T(105,2) ]   worst 2.73548E-119  HOLDS
   mu=[ 0, 180, 0 ]    S=[ 7 ]      [ 1/2 Tel(3;14,70), -1/2 T(105,2) ]   worst 
5.80889E-121  HOLDS
   mu=[ 0, 195, 0 ]    S=[ 2, 7 ]   [ 1/4 Tel(3;14,70), -1/4 T(30,7), 1/4 
Tel(42;1,5), -1/4 T(105,2) ]   worst 2.73548E-119  HOLDS
   mu=[ 0, 60, 15 ]    S=[ 2, 7 ]   [ 1/4 Tel(3;14,70), -1/4 T(30,7), 1/4 
Tel(42;1,5), -1/4 T(105,2) ]   worst 2.73548E-119  HOLDS
   mu=[ 0, 15, 30 ]    S=[ 2, 7 ]   [ 1/4 Tel(3;14,70), -1/4 T(30,7), 1/4 
Tel(42;1,5), -1/4 T(105,2) ]   worst 2.73548E-119  HOLDS
   mu=[ 0, 120, 30 ]   S=[ 7 ]      [ 1/2 Tel(3;14,70), -1/2 T(105,2) ]   worst 
5.80889E-121  HOLDS
   mu=[ 0, 180, 45 ]   S=[ 2, 7 ]   [ 1/4 Tel(3;14,70), -1/4 T(30,7), 1/4 
Tel(42;1,5), -1/4 T(105,2) ]   worst 2.73548E-119  HOLDS
   mu=[ 0, 30, 60 ]    S=[ 7 ]      [ 1/2 Tel(3;14,70), -1/2 T(105,2) ]   worst 
5.80889E-121  HOLDS
   mu=[ 0, 135, 60 ]   S=[ 2, 7 ]   [ 1/4 Tel(3;14,70), -1/4 T(30,7), 1/4 
Tel(42;1,5), -1/4 T(105,2) ]   worst 2.73548E-119  HOLDS
   mu=[ 0, 90, 75 ]    S=[ 2, 7 ]   [ 1/4 Tel(3;14,70), -1/4 T(30,7), 1/4 
Tel(42;1,5), -1/4 T(105,2) ]   worst 2.73548E-119  HOLDS
   mu=[ 0, 45, 90 ]    S=[ 2, 7 ]   [ 1/4 Tel(3;14,70), -1/4 T(30,7), 1/4 
Tel(42;1,5), -1/4 T(105,2) ]   worst 2.73548E-119  HOLDS
   mu=[ 0, 150, 90 ]   S=[ 7 ]      [ 1/2 Tel(3;14,70), -1/2 T(105,2) ]   worst 
5.80889E-121  HOLDS
   mu=[ 0, 0, 105 ]    S=[ 2 ]      [ 1/2 Tel(3;14,70), -1/2 T(30,7) ]   worst 
3.24667E-119  HOLDS
   mu=[ 0, 30, 105 ]   S=[ 2, 7 ]   [ 1/4 Tel(3;14,70), -1/4 T(30,7), 1/4 
Tel(42;1,5), -1/4 T(105,2) ]   worst 2.73548E-119  HOLDS
   mu=[ 0, 60, 105 ]   S=[ 2, 7 ]   [ 1/4 Tel(3;14,70), -1/4 T(30,7), 1/4 
Tel(42;1,5), -1/4 T(105,2) ]   worst 2.73548E-119  HOLDS
   mu=[ 0, 90, 105 ]   S=[ 2, 7 ]   [ 1/4 Tel(3;14,70), -1/4 T(30,7), 1/4 
Tel(42;1,5), -1/4 T(105,2) ]   worst 2.73548E-119  HOLDS
   mu=[ 0, 120, 105 ]  S=[ 2, 7 ]   [ 1/4 Tel(3;14,70), -1/4 T(30,7), 1/4 
Tel(42;1,5), -1/4 T(105,2) ]   worst 2.73548E-119  HOLDS
   mu=[ 0, 150, 105 ]  S=[ 2, 7 ]   [ 1/4 Tel(3;14,70), -1/4 T(30,7), 1/4 
Tel(42;1,5), -1/4 T(105,2) ]   worst 2.73548E-119  HOLDS
   mu=[ 0, 180, 105 ]  S=[ 2, 7 ]   [ 1/4 Tel(3;14,70), -1/4 T(30,7), 1/4 
Tel(42;1,5), -1/4 T(105,2) ]   worst 2.73548E-119  HOLDS
   mu=[ 0, 60, 120 ]   S=[ 7 ]      [ 1/2 Tel(3;14,70), -1/2 T(105,2) ]   worst 
5.80889E-121  HOLDS
   mu=[ 0, 165, 120 ]  S=[ 2, 7 ]   [ 1/4 Tel(3;14,70), -1/4 T(30,7), 1/4 
Tel(42;1,5), -1/4 T(105,2) ]   worst 2.73548E-119  HOLDS
   mu=[ 0, 120, 135 ]  S=[ 2, 7 ]   [ 1/4 Tel(3;14,70), -1/4 T(30,7), 1/4 
Tel(42;1,5), -1/4 T(105,2) ]   worst 2.73548E-119  HOLDS
   mu=[ 0, 75, 150 ]   S=[ 2, 7 ]   [ 1/4 Tel(3;14,70), -1/4 T(30,7), 1/4 
Tel(42;1,5), -1/4 T(105,2) ]   worst 2.73548E-119  HOLDS
   mu=[ 0, 180, 150 ]  S=[ 7 ]      [ 1/2 Tel(3;14,70), -1/2 T(105,2) ]   worst 
5.80889E-121  HOLDS
   mu=[ 0, 30, 165 ]   S=[ 2, 7 ]   [ 1/4 Tel(3;14,70), -1/4 T(30,7), 1/4 
Tel(42;1,5), -1/4 T(105,2) ]   worst 2.73548E-119  HOLDS
   mu=[ 0, 90, 180 ]   S=[ 7 ]      [ 1/2 Tel(3;14,70), -1/2 T(105,2) ]   worst 
5.80889E-121  HOLDS
   mu=[ 0, 195, 180 ]  S=[ 2, 7 ]   [ 1/4 Tel(3;14,70), -1/4 T(30,7), 1/4 
Tel(42;1,5), -1/4 T(105,2) ]   worst 2.73548E-119  HOLDS
   mu=[ 0, 150, 195 ]  S=[ 2, 7 ]   [ 1/4 Tel(3;14,70), -1/4 T(30,7), 1/4 
Tel(42;1,5), -1/4 T(105,2) ]   worst 2.73548E-119  HOLDS

112 of 112 (base, s, mu) instances HOLD
DONE
