Loading "vvdata/weyl-campaign/fastcosets.m"
Loading "vvdata/weyl-campaign/etared.m"
Loading "vvdata/weyl-campaign/ctlat.m"
Loading "vvdata/weyl-campaign/ctlatat.m"

=== 22_3   DN=66  lev=264  |A|=8712  moduli=[ 2, 66, 66 ]  #iso=5
    tracked coset estc = [ 0, 22, 0 ],  order 3
  class  #     nz0  nzM  nzP  | kappa = rho_mu/rho_0       | base = rho_0/pred0
  1      264   264  264  264  | [ 1.0000000 ]              | [ 1.5000000 - 
4.1932909E-120*R8.1, 1.5000000 + 6.2899364E-120*R8.1 ]
  2      66    0    0    0    | []                         | []
  3      88    88   0    88   | [ 0.00000000 ]             | [ -3.0000000 - 
2.7955273E-119*R8.1 ]
  4      33    33   33   33   | [ 1.0000000 ]              | [ 1.0000000 + 
1.4976639E-120*R8.1, 1.0000000 - 1.5373016E-120*R8.1, 1.0000000 - 
6.1213039E-120*R8.1 ]+30
  6      22    0    0    0    | []                         | []
  8      33    33   33   33   | [ 1.0000000 ]              | [ 1.0000000 + 
3.3588632E-121*R8.1, 1.0000000 - 2.6990792E-120*R8.1, 1.0000000 - 
7.2830816E-120*R8.1 ]+30
  11     24    24   24   24   | [ 1.0000000 ]              | [ 1.5000000 + 
8.0598319E-120*R8.1 ]
  12     11    11   0    0    | [ 0.00000000 ]             | [ 1.0000000E9 ]
  22     6     0    0    0    | []                         | []
  24     11    11   0    0    | [ 0.00000000 ]             | [ 1.0000000E9 ]
  33     8     8    0    8    | [ 0.00000000 ]             | [ -3.0000000 - 
1.7426664E-119*R8.1 ]
  44     3     3    3    3    | [ 1.0000000 ]              | [ 1.0000000 - 
3.1611815E-120*R8.1, 1.0000000 - 1.0843257E-119*R8.1, 1.0000000 + 
3.1043843E-119*R8.1 ]
  66     2     0    0    0    | []                         | []
  88     3     3    3    3    | [ 1.0000000 ]              | [ 1.0000000 - 
3.1611815E-120*R8.1, 1.0000000 - 1.0843257E-119*R8.1, 1.0000000 + 
3.1043843E-119*R8.1 ]
  132    1     1    0    0    | [ 0.00000000 ]             | [ 1.0000000E9 ]
  264    1     1    0    0    | [ 0.00000000 ]             | [ 1.0000000E9 ]
  --- residue rho_mu/pred0 by class ---
  1      [ 1.5000000 - 4.1932909E-120*R8.1, 1.5000000 + 6.2899364E-120*R8.1 ]
  2      []
  3      [ 0.00000000 ]
  4      [ 1.0000000 + 1.4976639E-120*R8.1, 1.0000000 - 1.5373016E-120*R8.1, 
1.0000000 - 6.1213039E-120*R8.1 ]+30
  6      []
  8      [ 1.0000000 + 3.3588632E-121*R8.1, 1.0000000 - 2.6990792E-120*R8.1, 
1.0000000 - 7.2830816E-120*R8.1 ]+30
  11     [ 1.5000000 + 8.0598319E-120*R8.1 ]
  12     []
  22     []
  24     []
  33     [ -0.00000000 ]
  44     [ 1.0000000 - 3.1611815E-120*R8.1, 1.0000000 - 1.0843257E-119*R8.1, 
1.0000000 + 3.1043843E-119*R8.1 ]
  66     []
  88     [ 1.0000000 - 3.1611815E-120*R8.1, 1.0000000 - 1.0843257E-119*R8.1, 
1.0000000 + 3.1043843E-119*R8.1 ]
  132    []
  264    []

=== 15_2   DN=30  lev=120  |A|=1800  moduli=[ 2, 30, 30 ]  #iso=3
    tracked coset estc = [ 1, 0, 0 ],  order 2
  class  #     nz0  nzM  nzP  | kappa = rho_mu/rho_0       | base = rho_0/pred0
  1      120   120  120  120  | [ 1.0000000 ]              | [ 1.3333333 - 
3.5498759E-120*R8.1, 1.3333333 + 6.4543199E-120*R8.1 ]
  2      30    0    0    0    | []                         | []
  3      40    40   40   40   | [ 1.0000000 ]              | [ 1.0000000 + 
7.2611098E-120*R8.1 ]
  4      15    15   0    15   | [ -0.00000000 ]            | [ -4.0000000 - 
9.1427614E-119*R8.1, -4.0000000 - 1.3998706E-118*R8.1, -4.0000000 - 
2.1333110E-118*R8.1 ]+12
  5      24    24   24   24   | [ 1.0000000 ]              | [ 1.3333333 + 
4.6471103E-120*R8.1 ]
  6      10    0    0    0    | []                         | []
  8      15    15   0    15   | [ -0.00000000 ]            | [ -4.0000000 - 
9.4835495E-119*R8.1, -4.0000000 - 1.4339494E-118*R8.1, -4.0000000 - 
2.1673898E-118*R8.1 ]+12
  10     6     0    0    0    | []                         | []
  12     5     5    0    0    | [ 0.00000000 ]             | [ 1.0000000E9 ]
  15     8     8    8    8    | [ 1.0000000 ]              | [ 1.0000000 + 
5.8088879E-120*R8.1 ]
  20     3     3    0    3    | [ 0.00000000 ]             | [ -4.0000000 - 
5.4250732E-119*R8.1, -4.0000000 - 7.8025592E-119*R8.1, -4.0000000 - 
3.7140174E-118*R8.1 ]
  24     5     5    0    0    | [ 0.00000000 ]             | [ 1.0000000E9 ]
  30     2     0    0    0    | []                         | []
  40     3     3    0    3    | [ 0.00000000 ]             | [ -4.0000000 - 
5.4250732E-119*R8.1, -4.0000000 - 7.8025592E-119*R8.1, -4.0000000 - 
3.7140174E-118*R8.1 ]
  60     1     1    0    0    | [ 0.00000000 ]             | [ 1.0000000E9 ]
  120    1     1    0    0    | [ 0.00000000 ]             | [ 1.0000000E9 ]
  --- residue rho_mu/pred0 by class ---
  1      [ 1.3333333 - 3.5498759E-120*R8.1, 1.3333333 + 6.4543199E-120*R8.1 ]
  2      []
  3      [ 1.0000000 + 7.2611098E-120*R8.1 ]
  4      [ 0.00000000 ]
  5      [ 1.3333333 + 4.6471103E-120*R8.1 ]
  6      []
  8      [ 0.00000000 ]
  10     []
  12     []
  15     [ 1.0000000 + 5.8088879E-120*R8.1 ]
  20     [ 0.00000000 ]
  24     []
  30     []
  40     [ 0.00000000 ]
  60     []
  120    []

=== 10_7   DN=70  lev=280  |A|=9800  moduli=[ 2, 70, 70 ]  #iso=13
    tracked coset estc = [ 0, 0, 10 ],  order 7
  class  #     nz0  nzM  nzP  | kappa = rho_mu/rho_0       | base = rho_0/pred0
  1      280   280  280  280  | [ 1.0000000 ]              | [ 1.7500000 - 
4.4474298E-120*R8.1, 1.7500000 - 1.2230432E-119*R8.1 ]
  2      70    0    0    0    | []                         | []
  4      35    35   35   35   | [ 1.0000000 ]              | [ 1.0000000 - 
1.8603068E-120*R8.1, 1.0000000 - 4.8952723E-120*R8.1, 1.0000000 - 
9.4792746E-120*R8.1 ]+32
  5      56    56   56   56   | [ 1.0000000 ]              | [ 1.7500000 + 
1.4824766E-121*R8.1 ]
  7      40    40   0    40   | [ 0.00000000 ]             | [ -2.3333333 - 
9.7890517E-120*R8.1 ]
  8      35    35   35   35   | [ 1.0000000 ]              | [ 1.0000000 - 
9.2140082E-121*R8.1, 1.0000000 - 3.9563663E-120*R8.1, 1.0000000 - 
8.5403687E-120*R8.1 ]+32
  10     14    0    0    0    | []                         | []
  14     10    0    0    0    | []                         | []
  20     7     7    7    7    | [ 1.0000000 ]              | [ 1.0000000 + 
4.3479668E-121*R8.1, 1.0000000 - 1.0511321E-120*R8.1, 1.0000000 - 
4.0229896E-120*R8.1 ]+4
  28     5     5    0    0    | [ 0.00000000 ]             | [ 1.0000000E9 ]
  35     8     8    0    8    | [ 0.00000000 ]             | [ -2.3333333 - 
1.5813084E-119*R8.1 ]
  40     7     7    7    7    | [ 1.0000000 ]              | [ 1.0000000 - 
3.1206033E-121*R8.1, 1.0000000 - 1.7979891E-120*R8.1, 1.0000000 - 
4.7698466E-120*R8.1 ]+4
  56     5     5    0    0    | [ 0.00000000 ]             | [ 1.0000000E9 ]
  70     2     0    0    0    | []                         | []
  140    1     1    0    0    | [ 0.00000000 ]             | [ 1.0000000E9 ]
  280    1     1    0    0    | [ 0.00000000 ]             | [ 1.0000000E9 ]
  --- residue rho_mu/pred0 by class ---
  1      [ 1.7500000 - 4.4474298E-120*R8.1, 1.7500000 - 1.2230432E-119*R8.1 ]
  2      []
  4      [ 1.0000000 - 1.8603068E-120*R8.1, 1.0000000 - 4.8952723E-120*R8.1, 
1.0000000 - 9.4792746E-120*R8.1 ]+32
  5      [ 1.7500000 + 1.4824766E-121*R8.1 ]
  7      [ 0.00000000 ]
  8      [ 1.0000000 - 9.2140082E-121*R8.1, 1.0000000 - 3.9563663E-120*R8.1, 
1.0000000 - 8.5403687E-120*R8.1 ]+32
  10     []
  14     []
  20     [ 1.0000000 + 4.3479668E-121*R8.1, 1.0000000 - 1.0511321E-120*R8.1, 
1.0000000 - 4.0229896E-120*R8.1 ]+4
  28     []
  35     [ 0.00000000 ]
  40     [ 1.0000000 - 3.1206033E-121*R8.1, 1.0000000 - 1.7979891E-120*R8.1, 
1.0000000 - 4.7698466E-120*R8.1 ]+4
  56     []
  70     []
  140    []
  280    []
DONE
