Loading "vvdata/weyl-campaign/fastcosets.m"
Loading "vvdata/weyl-campaign/etared.m"
Loading "vvdata/weyl-campaign/ctlat.m"
Loading "vvdata/weyl-campaign/ctsplit.m"

=== 22_3   DN=66  lev=264 ===
  L(shimura)   moduli=[ 2, 66, 66 ]  sig8=[ <2, 5>, <3, 0>, <11, 4> ]  
self-check: 0 bad, worst 9.04178E-120
  G(11,3)      moduli=[ 33, 66 ]  sig8=[ <2, 1>, <3, 0>, <11, 4> ]  self-check: 
0 bad, worst 3.09807E-120
  G(11,6)      moduli=[ 2, 66, 66 ]  sig8=[ <2, 1>, <3, 0>, <11, 4> ]  
self-check: 0 bad, worst 3.09807E-120
  G(66,1)      moduli=[ 2, 66, 66 ]  sig8=[ <2, 5>, <3, 4>, <11, 4> ]  
self-check: 0 bad, worst 5.94372E-120
  --- loc_p by class (one representative each) ---
  class  lattice        [ p=2, p=3, p=11 ]
  1      L(shimura)     [ 0.25000000 + 0.25000000*R8.1, 0.33333333 - 
3.4423039E-121*R8.1, -0.090909091 + 2.1256006E-121*R8.1 ]
         G(11,3)        [ -0.50000000 - 0.50000000*R8.1, 0.33333333 - 
3.4423039E-121*R8.1, -0.090909091 + 1.8055517E-121*R8.1 ]
         G(11,6)        [ -0.25000000 - 0.25000000*R8.1, 0.33333333 - 
3.4423039E-121*R8.1, -0.090909091 + 3.1497572E-121*R8.1 ]
         G(66,1)        [ 0.25000000 + 0.25000000*R8.1, -0.33333333 + 
3.0215839E-121*R8.1, -0.090909091 + 2.6376789E-121*R8.1 ]
  3      L(shimura)     [ -0.25000000 + 0.25000000*R8.1, 1.0000000, -0.090909091
+ 1.6135223E-121*R8.1 ]
         G(11,3)        [ 0.50000000 - 0.50000000*R8.1, 1.0000000, -0.090909091 
+ 2.1256006E-121*R8.1 ]
         G(11,6)        [ 0.25000000 - 0.25000000*R8.1, 1.0000000, -0.090909091 
+ 1.8055517E-121*R8.1 ]
         G(66,1)        [ -0.25000000 + 0.25000000*R8.1, 1.0000000 - 
2.9718575E-120*R8.1, -0.090909091 + 1.6135223E-121*R8.1 ]
  4      L(shimura)     [ -1.0000000 + 1.3625791E-119*R8.1, 0.33333333 - 
3.4423039E-121*R8.1, -0.090909091 + 2.3816398E-121*R8.1 ]
         G(11,3)        [ -1.0000000 + 1.4859288E-120*R8.1, 0.33333333 - 
3.4423039E-121*R8.1, -0.090909091 + 8.4540494E-122*R8.1 ]
         G(11,6)        [ -1.0000000 + 1.4859288E-120*R8.1, 0.33333333 - 
3.4423039E-121*R8.1, -0.090909091 + 2.4456495E-121*R8.1 ]
         G(66,1)        [ -1.0000000 + 1.3625791E-119*R8.1, -0.33333333 + 
3.0215839E-121*R8.1, -0.090909091 + 2.7656985E-121*R8.1 ]
  8      L(shimura)     [ -1.0000000 + 1.3625791E-119*R8.1, 0.33333333 - 
3.4423039E-121*R8.1, -0.090909091 + 2.7977033E-121*R8.1 ]
         G(11,3)        [ -1.0000000 + 1.4859288E-120*R8.1, 0.33333333 - 
3.4423039E-121*R8.1, -0.090909091 + 3.3417865E-121*R8.1 ]
         G(11,6)        [ -1.0000000 + 1.4859288E-120*R8.1, 0.33333333 - 
3.4423039E-121*R8.1, -0.090909091 + 1.5495126E-121*R8.1 ]
         G(66,1)        [ -1.0000000 + 1.3625791E-119*R8.1, -0.33333333 + 
3.0215839E-121*R8.1, -0.090909091 + 2.6376789E-121*R8.1 ]
  11     L(shimura)     [ -0.25000000 + 0.25000000*R8.1, 0.33333333 - 
3.4423039E-121*R8.1, 1.0000000 - 2.9718575E-120*R8.1 ]
         G(11,3)        [ 0.50000000 - 0.50000000*R8.1, 0.33333333 - 
3.4423039E-121*R8.1, 1.0000000 - 2.9718575E-120*R8.1 ]
         G(11,6)        [ 0.25000000 - 0.25000000*R8.1, 0.33333333 - 
3.4423039E-121*R8.1, 1.0000000 - 2.9718575E-120*R8.1 ]
         G(66,1)        [ -0.25000000 + 0.25000000*R8.1, -0.33333333 + 
3.0215839E-121*R8.1, 1.0000000 - 2.9718575E-120*R8.1 ]
  12     L(shimura)     [ 1.0000000 - 8.9155726E-120*R8.1, 1.0000000, 
-0.090909091 + 2.1256006E-121*R8.1 ]
         G(11,3)        [ 1.0000000 + 1.2621599E-121*R8.1, 1.0000000, 
-0.090909091 + 1.8055517E-121*R8.1 ]
         G(11,6)        [ 1.0000000 + 1.2621599E-121*R8.1, 1.0000000, 
-0.090909091 + 3.1497572E-121*R8.1 ]
         G(66,1)        [ 1.0000000 - 8.9155726E-120*R8.1, 1.0000000 - 
2.9718575E-120*R8.1, -0.090909091 + 2.6376789E-121*R8.1 ]
  24     L(shimura)     [ 1.0000000 - 8.9155726E-120*R8.1, 1.0000000, 
-0.090909091 + 3.0217376E-121*R8.1 ]
         G(11,3)        [ 1.0000000 + 1.2621599E-121*R8.1, 1.0000000, 
-0.090909091 + 1.6135223E-121*R8.1 ]
         G(11,6)        [ 1.0000000 + 1.2621599E-121*R8.1, 1.0000000, 
-0.090909091 + 1.9335713E-121*R8.1 ]
         G(66,1)        [ 1.0000000 - 8.9155726E-120*R8.1, 1.0000000 - 
2.9718575E-120*R8.1, -0.090909091 + 1.6775321E-121*R8.1 ]
  33     L(shimura)     [ 0.25000000 + 0.25000000*R8.1, 1.0000000, 1.0000000 - 
2.9718575E-120*R8.1 ]
         G(11,3)        [ -0.50000000 - 0.50000000*R8.1, 1.0000000, 1.0000000 - 
2.9718575E-120*R8.1 ]
         G(11,6)        [ -0.25000000 - 0.25000000*R8.1, 1.0000000, 1.0000000 - 
2.9718575E-120*R8.1 ]
         G(66,1)        [ 0.25000000 + 0.25000000*R8.1, 1.0000000 - 
2.9718575E-120*R8.1, 1.0000000 - 2.9718575E-120*R8.1 ]
  44     L(shimura)     [ 1.0000000 - 2.7251582E-119*R8.1, 0.33333333 - 
3.4423039E-121*R8.1, 1.0000000 - 2.9718575E-120*R8.1 ]
         G(11,3)        [ 1.0000000 - 5.8174991E-120*R8.1, 0.33333333 - 
3.4423039E-121*R8.1, 1.0000000 - 2.9718575E-120*R8.1 ]
         G(11,6)        [ 1.0000000 - 5.8174991E-120*R8.1, 0.33333333 - 
3.4423039E-121*R8.1, 1.0000000 - 2.9718575E-120*R8.1 ]
         G(66,1)        [ 1.0000000 - 2.7251582E-119*R8.1, -0.33333333 + 
3.0215839E-121*R8.1, 1.0000000 - 2.9718575E-120*R8.1 ]
  88     L(shimura)     [ 1.0000000 - 2.7251582E-119*R8.1, 0.33333333 - 
3.4423039E-121*R8.1, 1.0000000 - 2.9718575E-120*R8.1 ]
         G(11,3)        [ 1.0000000 - 5.8174991E-120*R8.1, 0.33333333 - 
3.4423039E-121*R8.1, 1.0000000 - 2.9718575E-120*R8.1 ]
         G(11,6)        [ 1.0000000 - 5.8174991E-120*R8.1, 0.33333333 - 
3.4423039E-121*R8.1, 1.0000000 - 2.9718575E-120*R8.1 ]
         G(66,1)        [ 1.0000000 - 2.7251582E-119*R8.1, -0.33333333 + 
3.0215839E-121*R8.1, 1.0000000 - 2.9718575E-120*R8.1 ]
  132    L(shimura)     [ -1.0000000 + 1.2616063E-119*R8.1, 1.0000000, 1.0000000
- 2.9718575E-120*R8.1 ]
         G(11,3)        [ -1.0000000 + 4.0751157E-119*R8.1, 1.0000000, 1.0000000
- 2.9718575E-120*R8.1 ]
         G(11,6)        [ -1.0000000 + 4.0751157E-119*R8.1, 1.0000000, 1.0000000
- 2.9718575E-120*R8.1 ]
         G(66,1)        [ -1.0000000 + 1.2616063E-119*R8.1, 1.0000000 - 
2.9718575E-120*R8.1, 1.0000000 - 2.9718575E-120*R8.1 ]

=== 15_2   DN=30  lev=120 ===
  L(shimura)   moduli=[ 2, 30, 30 ]  sig8=[ <2, 1>, <3, 4>, <5, 4> ]  
self-check: 0 bad, worst 5.94372E-120
  G(5,2)       moduli=[ 2, 10, 10 ]  sig8=[ <2, 1>, <5, 4> ]  self-check: 0 bad,
worst 3.09807E-120
  G(5,6)       moduli=[ 2, 30, 30 ]  sig8=[ <2, 1>, <3, 0>, <5, 4> ]  
self-check: 0 bad, worst 3.09807E-120
  G(30,1)      moduli=[ 2, 30, 30 ]  sig8=[ <2, 5>, <3, 4>, <5, 4> ]  
self-check: 0 bad, worst 5.94372E-120
  --- loc_p by class (one representative each) ---
  class  lattice        [ p=2, p=3, p=5 ]
  1      L(shimura)     [ -0.25000000 - 0.25000000*R8.1, -0.33333333 + 
3.0215839E-121*R8.1, -0.20000000 + 6.7699007E-122*R8.1 ]
         G(5,2)         [ -0.25000000 - 0.25000000*R8.1,   --  , -0.20000000 + 
1.9162195E-121*R8.1 ]
         G(5,6)         [ -0.25000000 - 0.25000000*R8.1, 0.33333333 - 
3.4423039E-121*R8.1, -0.20000000 + 2.5358342E-121*R8.1 ]
         G(30,1)        [ 0.25000000 + 0.25000000*R8.1, -0.33333333 + 
3.0215839E-121*R8.1, -0.20000000 + 1.9162195E-121*R8.1 ]
  3      L(shimura)     [ 0.25000000 - 0.25000000*R8.1, 1.0000000 - 
2.9718575E-120*R8.1, -0.20000000 + 1.9162195E-121*R8.1 ]
         G(5,2)         [ 0.25000000 - 0.25000000*R8.1,   --  , -0.20000000 + 
6.7699007E-122*R8.1 ]
         G(5,6)         [ 0.25000000 - 0.25000000*R8.1, 1.0000000, -0.20000000 +
3.1554489E-121*R8.1 ]
         G(30,1)        [ -0.25000000 + 0.25000000*R8.1, 1.0000000 - 
2.9718575E-120*R8.1, -0.20000000 + 2.5358342E-121*R8.1 ]
  4      L(shimura)     [ -1.0000000 + 1.4859288E-120*R8.1, -0.33333333 + 
3.0215839E-121*R8.1, -0.20000000 + 2.5358342E-121*R8.1 ]
         G(5,2)         [ -1.0000000 + 1.4859288E-120*R8.1,   --  , -0.20000000 
+ 1.9162195E-121*R8.1 ]
         G(5,6)         [ -1.0000000 + 1.4859288E-120*R8.1, 0.33333333 - 
3.4423039E-121*R8.1, -0.20000000 + 6.7699007E-122*R8.1 ]
         G(30,1)        [ -1.0000000 + 1.3625791E-119*R8.1, -0.33333333 + 
3.0215839E-121*R8.1, -0.20000000 + 3.1554489E-121*R8.1 ]
  5      L(shimura)     [ -0.25000000 - 0.25000000*R8.1, -0.33333333 + 
3.0215839E-121*R8.1, 1.0000000 - 2.9718575E-120*R8.1 ]
         G(5,2)         [ -0.25000000 - 0.25000000*R8.1,   --  , 1.0000000 - 
2.9718575E-120*R8.1 ]
         G(5,6)         [ -0.25000000 - 0.25000000*R8.1, 0.33333333 - 
3.4423039E-121*R8.1, 1.0000000 - 2.9718575E-120*R8.1 ]
         G(30,1)        [ 0.25000000 + 0.25000000*R8.1, -0.33333333 + 
3.0215839E-121*R8.1, 1.0000000 - 2.9718575E-120*R8.1 ]
  8      L(shimura)     [ -1.0000000 + 1.4859288E-120*R8.1, -0.33333333 + 
3.0215839E-121*R8.1, -0.20000000 + 1.9162195E-121*R8.1 ]
         G(5,2)         [ -1.0000000 + 1.4859288E-120*R8.1,   --  , -0.20000000 
+ 6.7699007E-122*R8.1 ]
         G(5,6)         [ -1.0000000 + 1.4859288E-120*R8.1, 0.33333333 - 
3.4423039E-121*R8.1, -0.20000000 + 3.1554489E-121*R8.1 ]
         G(30,1)        [ -1.0000000 + 1.3625791E-119*R8.1, -0.33333333 + 
3.0215839E-121*R8.1, -0.20000000 + 2.5358342E-121*R8.1 ]
  12     L(shimura)     [ 1.0000000 + 1.2621599E-121*R8.1, 1.0000000 - 
2.9718575E-120*R8.1, -0.20000000 + 1.9162195E-121*R8.1 ]
         G(5,2)         [ 1.0000000 + 1.2621599E-121*R8.1,   --  , -0.20000000 +
2.5358342E-121*R8.1 ]
         G(5,6)         [ 1.0000000 + 1.2621599E-121*R8.1, 1.0000000, 
-0.20000000 + 1.9162195E-121*R8.1 ]
         G(30,1)        [ 1.0000000 - 8.9155726E-120*R8.1, 1.0000000 - 
2.9718575E-120*R8.1, -0.20000000 + 6.7699007E-122*R8.1 ]
  15     L(shimura)     [ 0.25000000 - 0.25000000*R8.1, 1.0000000 - 
2.9718575E-120*R8.1, 1.0000000 - 2.9718575E-120*R8.1 ]
         G(5,2)         [ 0.25000000 - 0.25000000*R8.1,   --  , 1.0000000 - 
2.9718575E-120*R8.1 ]
         G(5,6)         [ 0.25000000 - 0.25000000*R8.1, 1.0000000, 1.0000000 - 
2.9718575E-120*R8.1 ]
         G(30,1)        [ -0.25000000 + 0.25000000*R8.1, 1.0000000 - 
2.9718575E-120*R8.1, 1.0000000 - 2.9718575E-120*R8.1 ]
  20     L(shimura)     [ -1.0000000 + 7.5558598E-120*R8.1, -0.33333333 + 
3.0215839E-121*R8.1, 1.0000000 - 2.9718575E-120*R8.1 ]
         G(5,2)         [ -1.0000000 + 7.5558598E-120*R8.1,   --  , 1.0000000 - 
2.9718575E-120*R8.1 ]
         G(5,6)         [ -1.0000000 + 7.5558598E-120*R8.1, 0.33333333 - 
3.4423039E-121*R8.1, 1.0000000 - 2.9718575E-120*R8.1 ]
         G(30,1)        [ -1.0000000 + 1.6597649E-119*R8.1, -0.33333333 + 
3.0215839E-121*R8.1, 1.0000000 - 2.9718575E-120*R8.1 ]
  24     L(shimura)     [ 1.0000000 + 1.2621599E-121*R8.1, 1.0000000 - 
2.9718575E-120*R8.1, -0.20000000 + 2.5358342E-121*R8.1 ]
         G(5,2)         [ 1.0000000 + 1.2621599E-121*R8.1,   --  , -0.20000000 +
1.9162195E-121*R8.1 ]
         G(5,6)         [ 1.0000000 + 1.2621599E-121*R8.1, 1.0000000, 
-0.20000000 + 6.7699007E-122*R8.1 ]
         G(30,1)        [ 1.0000000 - 8.9155726E-120*R8.1, 1.0000000 - 
2.9718575E-120*R8.1, -0.20000000 + 3.1554489E-121*R8.1 ]
  40     L(shimura)     [ -1.0000000 + 7.5558598E-120*R8.1, -0.33333333 + 
3.0215839E-121*R8.1, 1.0000000 - 2.9718575E-120*R8.1 ]
         G(5,2)         [ -1.0000000 + 7.5558598E-120*R8.1,   --  , 1.0000000 - 
2.9718575E-120*R8.1 ]
         G(5,6)         [ -1.0000000 + 7.5558598E-120*R8.1, 0.33333333 - 
3.4423039E-121*R8.1, 1.0000000 - 2.9718575E-120*R8.1 ]
         G(30,1)        [ -1.0000000 + 1.6597649E-119*R8.1, -0.33333333 + 
3.0215839E-121*R8.1, 1.0000000 - 2.9718575E-120*R8.1 ]
  60     L(shimura)     [ 1.0000000 - 2.1181651E-119*R8.1, 1.0000000 - 
2.9718575E-120*R8.1, 1.0000000 - 2.9718575E-120*R8.1 ]
         G(5,2)         [ 1.0000000 - 2.1181651E-119*R8.1,   --  , 1.0000000 - 
2.9718575E-120*R8.1 ]
         G(5,6)         [ 1.0000000 - 2.1181651E-119*R8.1, 1.0000000, 1.0000000 
- 2.9718575E-120*R8.1 ]
         G(30,1)        [ 1.0000000 - 1.7831145E-119*R8.1, 1.0000000 - 
2.9718575E-120*R8.1, 1.0000000 - 2.9718575E-120*R8.1 ]

=== 10_7   DN=70  lev=280 ===
  L(shimura)   moduli=[ 2, 70, 70 ]  sig8=[ <2, 5>, <5, 4>, <7, 0> ]  
self-check: 0 bad, worst 9.04178E-120
  G(5,7)       moduli=[ 35, 70 ]  sig8=[ <2, 1>, <5, 4>, <7, 0> ]  self-check: 0
bad, worst 3.09807E-120
  G(5,14)      moduli=[ 2, 70, 70 ]  sig8=[ <2, 1>, <5, 4>, <7, 0> ]  
self-check: 0 bad, worst 3.09807E-120
  G(70,1)      moduli=[ 2, 70, 70 ]  sig8=[ <2, 5>, <5, 4>, <7, 4> ]  
self-check: 0 bad, worst 5.94372E-120
  --- loc_p by class (one representative each) ---
  class  lattice        [ p=2, p=5, p=7 ]
  1      L(shimura)     [ 0.25000000 + 0.25000000*R8.1, -0.20000000 + 
2.2260268E-121*R8.1, 0.14285714 - 5.8484041E-121*R8.1 ]
         G(5,7)         [ -0.50000000 - 0.50000000*R8.1, -0.20000000 + 
2.2260268E-121*R8.1, 0.14285714 - 5.0580792E-121*R8.1 ]
         G(5,14)        [ -0.25000000 - 0.25000000*R8.1, -0.20000000 + 
1.6064121E-121*R8.1, 0.14285714 - 4.4258194E-121*R8.1 ]
         G(70,1)        [ 0.25000000 + 0.25000000*R8.1, -0.20000000 + 
6.7699007E-122*R8.1, -0.14285714 - 2.5512832E-121*R8.1 ]
  4      L(shimura)     [ -1.0000000 + 1.3625791E-119*R8.1, -0.20000000 + 
9.8679743E-122*R8.1, 0.14285714 - 5.6903391E-121*R8.1 ]
         G(5,7)         [ -1.0000000 + 1.4859288E-120*R8.1, -0.20000000 + 
9.8679743E-122*R8.1, 0.14285714 - 5.2951767E-121*R8.1 ]
         G(5,14)        [ -1.0000000 + 1.4859288E-120*R8.1, -0.20000000 + 
1.6064121E-121*R8.1, 0.14285714 - 5.3742092E-121*R8.1 ]
         G(70,1)        [ -1.0000000 + 1.3625791E-119*R8.1, -0.20000000 + 
2.5358342E-121*R8.1, -0.14285714 - 3.9738680E-121*R8.1 ]
  5      L(shimura)     [ 0.25000000 + 0.25000000*R8.1, 1.0000000 - 
2.9718575E-120*R8.1, 0.14285714 - 5.6903391E-121*R8.1 ]
         G(5,7)         [ -0.50000000 - 0.50000000*R8.1, 1.0000000 - 
2.9718575E-120*R8.1, 0.14285714 - 6.0064691E-121*R8.1 ]
         G(5,14)        [ -0.25000000 - 0.25000000*R8.1, 1.0000000 - 
2.9718575E-120*R8.1, 0.14285714 - 6.6387290E-121*R8.1 ]
         G(70,1)        [ 0.25000000 + 0.25000000*R8.1, 1.0000000 - 
2.9718575E-120*R8.1, -0.14285714 - 2.3932182E-121*R8.1 ]
  7      L(shimura)     [ -0.25000000 + 0.25000000*R8.1, -0.20000000 + 
2.2260268E-121*R8.1, 1.0000000 ]
         G(5,7)         [ 0.50000000 - 0.50000000*R8.1, -0.20000000 + 
2.2260268E-121*R8.1, 1.0000000 ]
         G(5,14)        [ 0.25000000 - 0.25000000*R8.1, -0.20000000 + 
1.6064121E-121*R8.1, 1.0000000 ]
         G(70,1)        [ -0.25000000 + 0.25000000*R8.1, -0.20000000 + 
2.5358342E-121*R8.1, 1.0000000 - 2.9718575E-120*R8.1 ]
  8      L(shimura)     [ -1.0000000 + 1.3625791E-119*R8.1, -0.20000000 + 
2.2260268E-121*R8.1, 0.14285714 - 5.8484041E-121*R8.1 ]
         G(5,7)         [ -1.0000000 + 1.4859288E-120*R8.1, -0.20000000 + 
2.2260268E-121*R8.1, 0.14285714 - 5.0580792E-121*R8.1 ]
         G(5,14)        [ -1.0000000 + 1.4859288E-120*R8.1, -0.20000000 + 
2.2260268E-121*R8.1, 0.14285714 - 4.4258194E-121*R8.1 ]
         G(70,1)        [ -1.0000000 + 1.3625791E-119*R8.1, -0.20000000 + 
2.8456415E-121*R8.1, -0.14285714 - 2.5512832E-121*R8.1 ]
  20     L(shimura)     [ -1.0000000 + 1.6597649E-119*R8.1, 1.0000000 - 
2.9718575E-120*R8.1, 0.14285714 - 6.1645341E-121*R8.1 ]
         G(5,7)         [ -1.0000000 + 7.5558598E-120*R8.1, 1.0000000 - 
2.9718575E-120*R8.1, 0.14285714 - 5.5322742E-121*R8.1 ]
         G(5,14)        [ -1.0000000 + 7.5558598E-120*R8.1, 1.0000000 - 
2.9718575E-120*R8.1, 0.14285714 - 6.0064691E-121*R8.1 ]
         G(70,1)        [ -1.0000000 + 1.6597649E-119*R8.1, 1.0000000 - 
2.9718575E-120*R8.1, -0.14285714 - 2.0770883E-121*R8.1 ]
  28     L(shimura)     [ 1.0000000 - 1.1887430E-119*R8.1, -0.20000000 + 
2.2260268E-121*R8.1, 1.0000000 ]
         G(5,7)         [ 1.0000000 - 2.8456415E-120*R8.1, -0.20000000 + 
2.2260268E-121*R8.1, 1.0000000 ]
         G(5,14)        [ 1.0000000 - 2.8456415E-120*R8.1, -0.20000000 + 
2.2260268E-121*R8.1, 1.0000000 ]
         G(70,1)        [ 1.0000000 - 1.1887430E-119*R8.1, -0.20000000 + 
2.8456415E-121*R8.1, 1.0000000 - 2.9718575E-120*R8.1 ]
  35     L(shimura)     [ -0.25000000 + 0.25000000*R8.1, 1.0000000 - 
2.9718575E-120*R8.1, 1.0000000 ]
         G(5,7)         [ 0.50000000 - 0.50000000*R8.1, 1.0000000 - 
2.9718575E-120*R8.1, 1.0000000 ]
         G(5,14)        [ 0.25000000 - 0.25000000*R8.1, 1.0000000 - 
2.9718575E-120*R8.1, 1.0000000 ]
         G(70,1)        [ -0.25000000 + 0.25000000*R8.1, 1.0000000 - 
2.9718575E-120*R8.1, 1.0000000 - 2.9718575E-120*R8.1 ]
  40     L(shimura)     [ -1.0000000 + 1.6597649E-119*R8.1, 1.0000000 - 
2.9718575E-120*R8.1, 0.14285714 - 5.6903391E-121*R8.1 ]
         G(5,7)         [ -1.0000000 + 7.5558598E-120*R8.1, 1.0000000 - 
2.9718575E-120*R8.1, 0.14285714 - 6.0064691E-121*R8.1 ]
         G(5,14)        [ -1.0000000 + 7.5558598E-120*R8.1, 1.0000000 - 
2.9718575E-120*R8.1, 0.14285714 - 6.6387290E-121*R8.1 ]
         G(70,1)        [ -1.0000000 + 1.6597649E-119*R8.1, 1.0000000 - 
2.9718575E-120*R8.1, -0.14285714 - 2.3932182E-121*R8.1 ]
  56     L(shimura)     [ 1.0000000 - 1.1887430E-119*R8.1, -0.20000000 + 
2.2260268E-121*R8.1, 1.0000000 ]
         G(5,7)         [ 1.0000000 - 2.8456415E-120*R8.1, -0.20000000 + 
2.2260268E-121*R8.1, 1.0000000 ]
         G(5,14)        [ 1.0000000 - 2.8456415E-120*R8.1, -0.20000000 + 
1.6064121E-121*R8.1, 1.0000000 ]
         G(70,1)        [ 1.0000000 - 1.1887430E-119*R8.1, -0.20000000 + 
6.7699007E-122*R8.1, 1.0000000 - 2.9718575E-120*R8.1 ]
  140    L(shimura)     [ 1.0000000 - 4.5082727E-119*R8.1, 1.0000000 - 
2.9718575E-120*R8.1, 1.0000000 ]
         G(5,7)         [ 1.0000000 - 2.3648644E-119*R8.1, 1.0000000 - 
2.9718575E-120*R8.1, 1.0000000 ]
         G(5,14)        [ 1.0000000 - 2.3648644E-119*R8.1, 1.0000000 - 
2.9718575E-120*R8.1, 1.0000000 ]
         G(70,1)        [ 1.0000000 - 4.5082727E-119*R8.1, 1.0000000 - 
2.9718575E-120*R8.1, 1.0000000 - 2.9718575E-120*R8.1 ]
DONE
