Loading "vvdata/weyl-campaign/fastcosets.m"
Loading "vvdata/weyl-campaign/etared.m"
Loading "vvdata/weyl-campaign/ctlat.m"

===== FRESH BASE  D = 39 = [ 3, 13 ],  N = 1,  level 156 =====
  336 cosets;  rho computed from the SHIMURA lattice, |rho|_max = 1.0000000
  support (13,1)+(13,3): m1=1/4     ms=1/2     ms-m1=1/4     max|predicted - 
rho| = 4.1166217E-120  (rel 4.1166217E-120)  PREDICTED
  support (3,1)+(3,13): m1=1/24    ms=7/24    ms-m1=1/4     max|predicted - rho|
= 4.7271009E-120  (rel 4.7271009E-120)  PREDICTED

===== FRESH BASE  D = 51 = [ 3, 17 ],  N = 1,  level 204 =====
  432 cosets;  rho computed from the SHIMURA lattice, |rho|_max = 1.0000000
  support (17,1)+(17,3): m1=1/3     ms=2/3     ms-m1=1/3     max|predicted - 
rho| = 4.1166217E-120  (rel 4.1166217E-120)  PREDICTED
  support (3,1)+(3,17): m1=1/24    ms=3/8     ms-m1=1/3     max|predicted - rho|
= 4.7271009E-120  (rel 4.7271009E-120)  PREDICTED

===== FRESH BASE  D = 55 = [ 5, 11 ],  N = 1,  level 220 =====
  432 cosets;  rho computed from the SHIMURA lattice, |rho|_max = 1.0000000
  support (11,1)+(11,5): m1=5/24    ms=5/8     ms-m1=5/12    max|predicted - 
rho| = 4.1166217E-120  (rel 4.1166217E-120)  PREDICTED
  support (5,1)+(5,11): m1=1/12    ms=1/2     ms-m1=5/12    max|predicted - rho|
= 4.1166217E-120  (rel 4.1166217E-120)  PREDICTED

===== FRESH BASE  D = 46 = [ 2, 23 ],  N = 1,  level 184 =====
  288 cosets;  rho computed from the SHIMURA lattice, |rho|_max = 1.0000000
  support (23,1)+(23,2): m1=11/24   ms=11/16   ms-m1=11/48   max|predicted - 
rho| = 9.4224228E-120  (rel 9.4224228E-120)  PREDICTED
  support (2,1)+(2,23): m1=1/48    ms=1/4     ms-m1=11/48   max|predicted - rho|
= 6.0699311E-120  (rel 6.0699311E-120)  PREDICTED

===== FRESH BASE  D = 390 = [ 2, 3, 5, 13 ],  N = 1,  level 1560 =====
  4032 cosets;  rho computed from the SHIMURA lattice, |rho|_max = 1.0000000
  support (195,1)+(195,2): m1=1/2     ms=3/4     ms-m1=1/4     max|predicted - 
rho| = 1.3941331E-118  (rel 1.3941331E-118)  PREDICTED
  support (130,1)+(130,3): m1=1/4     ms=1/2     ms-m1=1/4     max|predicted - 
rho| = 6.0699311E-120  (rel 6.0699311E-120)  PREDICTED
  support (78,1)+(78,5): m1=1/8     ms=3/8     ms-m1=1/4     max|predicted - 
rho| = 6.0699311E-120  (rel 6.0699311E-120)  PREDICTED
  support (30,1)+(30,13): m1=1/24    ms=7/24    ms-m1=1/4     max|predicted - 
rho| = 6.0699311E-120  (rel 6.0699311E-120)  PREDICTED

DONE
