Loading "vvdata/weyl-campaign/fastcosets.m"
Loading "vvdata/weyl-campaign/etared.m"
Loading "vvdata/weyl-campaign/ctlat.m"
1155_1 Q4: form level 4620 (13824 cosets), eta level 4620 (48 divisors)
E_eis: 12 monomials
ct(E_eis) built

==== Q4 at 1155: ct(E_eis) in span{ct(theta1), ct(theta2)} ? ====

SUPPORT (385,1)+(385,3):  |A| = 296450, 2668050
  w1 = -1.00000000000000000000000 - 6.88643631854279995595221E-117*$.1
  w2 = 2.00000000000000000000000 + 1.10500756932698915364179E-115*$.1
  residual = 4.256695512E-114  relative = 1.740049940E-114
  E_eis IN SPAN: true
  weight sum = 1.0000000000000000000 + 1.0361432061415611541E-115*$.1   |w2/w1| 
= 2.0000000000000000000

SUPPORT (105,1)+(105,11):  |A| = 22050, 2668050
  w1 = -0.200000000000000000000000 - 6.80322904840723827911757E-117*$.1
  w2 = 1.20000000000000000000000 + 6.63005297905377996387136E-116*$.1
  residual = 4.263877107E-114  relative = 1.742985629E-114
  E_eis IN SPAN: true
  weight sum = 1.0000000000000000000 + 5.9497300742130561360E-116*$.1   |w2/w1| 
= 6.0000000000000000000

SUPPORT (11,1)+(11,105):  |A| = 242, 2668050
  w1 = -0.0127388535031847133757962 - 7.31748130948990176985081E-118*$.1
  w2 = 0.305732484076433121019108 + 3.84975775839724987528690E-116*$.1
  residual = 2.350958958  relative = 0.9610238702
  E_eis IN SPAN: false

SUPPORT (231,1)+(231,5):  |A| = 106722, 2668050
  w1 = -0.500000000000000000000000 - 1.10506029056952693059115E-115*$.1
  w2 = 1.50000000000000000000000 + 8.28758126719295661836173E-116*$.1
  residual = 4.227324766E-114  relative = 1.728043781E-114
  E_eis IN SPAN: true
  weight sum = 1.0000000000000000000 - 2.7630216385023126876E-116*$.1   |w2/w1| 
= 3.0000000000000000000

SUPPORT (165,1)+(165,7):  |A| = 54450, 2668050
  w1 = -0.333333333333333333333333 + 3.85986829657661902476644E-116*$.1
  w2 = 1.33333333333333333333333 + 7.36671823696351846418363E-116*$.1
  residual = 4.243314721E-114  relative = 1.734580147E-114
  E_eis IN SPAN: true
  weight sum = 1.0000000000000000000 + 1.1226586533540137489E-115*$.1   |w2/w1| 
= 4.0000000000000000000

==== degeneracy check: rank of the ct(theta) system ====
pairwise |<vi,vj>| (normalised), 1.000 means PARALLEL:
        (385,1)  (385,3)  (105,1) (105,11)   (11,1) (11,105)  (231,1)  (231,5)  (165,1)  (165,7)
  (385,1)   1.0000  0.86603  6.3422E-121  9.3922E-121  4.2357E-121  0.43301  1.3494E-121  5.7037E-121  5.6532E-122  1.0207E-120
  (385,3)  0.86603   1.0000  2.8796E-121  0.41667  2.2834E-121  0.50000  8.2688E-121  0.33333  1.2577E-120  0.37500
  (105,1)  6.3422E-121  2.8796E-121   1.0000  0.55277  9.1517E-122  1.9922E-121  7.2091E-122  1.1802E-120  6.2806E-122  2.2661E-121
 (105,11)  9.3922E-121  0.41667  0.55277   1.0000  1.8048E-121  0.20833  7.5073E-121  0.55556  2.5031E-120  0.62500
   (11,1)  4.2357E-121  2.2834E-121  9.1517E-122  1.8048E-121   1.0000  0.42696  4.9148E-121  3.8534E-121  8.2391E-122  1.0047E-121
 (11,105)  0.43301  0.50000  1.9922E-121  0.20833  0.42696   1.0000  0.27951  0.37500  0.22048  0.33333
  (231,1)  1.3494E-121  8.2688E-121  7.2091E-122  7.5073E-121  4.9148E-121  0.27951   1.0000  0.74535  4.6275E-122  5.7659E-121
  (231,5)  5.7037E-121  0.33333  1.1802E-120  0.55556  3.8534E-121  0.37500  0.74535   1.0000  1.6704E-120  0.50000
  (165,1)  5.6532E-122  1.2577E-120  6.2806E-122  2.5031E-120  8.2391E-122  0.22048  4.6275E-122  1.6704E-120   1.0000  0.66144
  (165,7)  1.0207E-120  0.37500  2.2661E-121  0.62500  1.0047E-121  0.33333  5.7659E-121  0.50000  0.66144   1.0000
eigenvalues of the normalised Gram: [ -1.02489618962E-60, -5.62613319489E-61, 
9.02591242756E-62, 0.294108366072, 0.755870027321, 1.17091676523, 1.41462191972,
1.52489808975, 1.76266281768, 3.07692201422 ]
numerical rank (eig > 1e-30): 7 of 10
DONE
