Loading "vvdata/weyl-campaign/ctlat.m"
Hurwitz gate: passed

 15_1   (s=3 ) [D odd, N=1]   249 of 249  ALL m AGREE
 35_1   (s=5 ) [D odd, N=1]   249 of 249  ALL m AGREE
 39_1   (s=3 ) [D odd, N=1]   249 of 249  ALL m AGREE
 55_1   (s=5 ) [D odd, N=1]   249 of 249  ALL m AGREE
 10_1   (s=2 ) [2|D, N=1]     249 of 249  ALL m AGREE
 14_1   (s=2 ) [2|D, N=1]     249 of 249  ALL m AGREE
 22_1   (s=2 ) [2|D, N=1]     249 of 249  ALL m AGREE
 26_1   (s=2 ) [2|D, N=1]     249 of 249  ALL m AGREE
 15_2   (s=3 ) [D odd, N=2]   249 of 249  ALL m AGREE
 21_2   (s=3 ) [D odd, N=2]   249 of 249  ALL m AGREE
 33_2   (s=3 ) [D odd, N=2]   249 of 249  ALL m AGREE
 35_2   (s=5 ) [D odd, N=2]   249 of 249  ALL m AGREE
 10_3   (s=2 ) [2|D, N odd]   249 of 249  ALL m AGREE
 22_3   (s=2 ) [2|D, N odd]   249 of 249  ALL m AGREE
 10_7   (s=2 ) [2|D, N odd]   249 of 249  ALL m AGREE
  6_5   (s=2 ) [2|D, N odd]   249 of 249  ALL m AGREE
 14_5   (s=2 ) [2|D, N odd]   249 of 249  ALL m AGREE
 34_3   (s=2 ) [2|D, N odd]   249 of 249  ALL m AGREE
 15_7   (s=3 ) [all odd]      249 of 249  ALL m AGREE

4731 of 4731 (base, m) pairs agree across 19 bases
DONE
