Loading "vvdata/weyl-campaign/ctlat.m"
Hurwitz gate: passed

=== 15_7   D = 15, N = 7,  bad primes [ 3, 5, 7 ] ===
  v_p(c) = [ 0, 0, 0 ]  :  1 distinct  [ 1 ]
  v_p(c) = [ 0, 0, 1 ]  :  1 distinct  [ 1 ]
  v_p(c) = [ 0, 1, 0 ]  :  1 distinct  [ 1/7 ]
  v_p(c) = [ 1, 0, 0 ]  :  2 distinct  [ 1/4, 1/5 ]
  --> 3 of 4 conductor classes constant

=== 35_3   D = 35, N = 3,  bad primes [ 3, 5, 7 ] ===
  v_p(c) = [ 0, 0, 0 ]  :  1 distinct  [ 1 ]
  v_p(c) = [ 0, 0, 1 ]  :  1 distinct  [ 1/9 ]
  v_p(c) = [ 0, 1, 0 ]  :  1 distinct  [ 1/7 ]
  v_p(c) = [ 1, 0, 0 ]  :  3 distinct  [ 1, 3/5, 3/4 ]
  --> 3 of 4 conductor classes constant

=== 21_5   D = 21, N = 5,  bad primes [ 3, 5, 7 ] ===
  v_p(c) = [ 0, 0, 0 ]  :  1 distinct  [ 1 ]
  v_p(c) = [ 0, 0, 1 ]  :  1 distinct  [ 1/9 ]
  v_p(c) = [ 0, 1, 0 ]  :  1 distinct  [ 1 ]
  v_p(c) = [ 1, 0, 0 ]  :  2 distinct  [ 1/5, 1/4 ]
  v_p(c) = [ 2, 0, 0 ]  :  1 distinct  [ 1/17 ]
  --> 4 of 5 conductor classes constant
DONE
