Loading "vvdata/weyl-campaign/ctlat.m"
Hurwitz gate (Gauss three-square identity): 0 failures  -- routine trusted

  m   a_E(m)    H(4m)     ratio      (-m|3) (-m|5)  v2 v3 v5
  3       -2       4/3       -3/2      0     -1    0  1  0
  7       -4         2         -2     -1     -1    0  0  0
 10       -4         2         -2     -1      0    1  0  1
 12       -4      10/3       -6/5      0     -1    2  1  0
 13       -8         2         -4     -1     -1    0  0  0
 15       -2         4       -1/2      0      0    0  1  1
 22       -8         2         -4     -1     -1    1  0  0
 27       -2      16/3       -3/8      0     -1    0  3  0
 28       -8         4         -2     -1     -1    2  0  0
 30       -4         4         -1      0      0    1  1  1
 33       -8         4         -2      0     -1    0  1  0
 37       -8         2         -4     -1     -1    0  0  0
 40       -8         6       -4/3     -1      0    3  0  1
 42       -8         4         -2      0     -1    1  1  0
 43      -12         4         -3     -1     -1    0  0  0
 48       -8      22/3     -12/11      0     -1    4  1  0
 52      -16         6       -8/3     -1     -1    2  0  0
 55       -8         8         -1     -1      0    0  0  1
 57       -8         4         -2      0     -1    0  1  0
 58       -8         2         -4     -1     -1    1  0  0
 60       -4         8       -1/2      0      0    2  1  1

=== is a_E(m)/H(4m) constant on each local class? ===
  (-m|3)=-1 (-m|5)=-1  v2=0 v3=0 v5=0 :  3 distinct  [ -2, -4, -3 ]
  (-m|3)=-1 (-m|5)=-1  v2=1 v3=0 v5=0 :  1 distinct  [ -4 ]
  (-m|3)=-1 (-m|5)=-1  v2=2 v3=0 v5=0 :  3 distinct  [ -2, -8/3, -12/5 ]
  (-m|3)=-1 (-m|5)=-1  v2=3 v3=0 v5=0 :  1 distinct  [ -8/3 ]
  (-m|3)=-1 (-m|5)=-1  v2=4 v3=0 v5=0 :  1 distinct  [ -2 ]
  (-m|3)=-1 (-m|5)= 0  v2=0 v3=0 v5=1 :  3 distinct  [ -1, -2, -3/2 ]
  (-m|3)=-1 (-m|5)= 0  v2=0 v3=0 v5=2 :  1 distinct  [ -2/7 ]
  (-m|3)=-1 (-m|5)= 0  v2=1 v3=0 v5=1 :  1 distinct  [ -2 ]
  (-m|3)=-1 (-m|5)= 0  v2=3 v3=0 v5=1 :  1 distinct  [ -4/3 ]
  (-m|3)=-1 (-m|5)= 0  v2=5 v3=0 v5=1 :  1 distinct  [ -8/7 ]
  (-m|3)= 0 (-m|5)=-1  v2=0 v3=1 v5=0 :  3 distinct  [ -3/2, -2, -1 ]
  (-m|3)= 0 (-m|5)=-1  v2=0 v3=2 v5=0 :  2 distinct  [ -2/5, -4/5 ]
  (-m|3)= 0 (-m|5)=-1  v2=0 v3=3 v5=0 :  1 distinct  [ -3/8 ]
  (-m|3)= 0 (-m|5)=-1  v2=1 v3=1 v5=0 :  1 distinct  [ -2 ]
  (-m|3)= 0 (-m|5)=-1  v2=1 v3=2 v5=0 :  1 distinct  [ -4/5 ]
  (-m|3)= 0 (-m|5)=-1  v2=2 v3=1 v5=0 :  2 distinct  [ -6/5, -4/3 ]
  (-m|3)= 0 (-m|5)=-1  v2=2 v3=3 v5=0 :  1 distinct  [ -3/10 ]
  (-m|3)= 0 (-m|5)=-1  v2=3 v3=1 v5=0 :  1 distinct  [ -4/3 ]
  (-m|3)= 0 (-m|5)=-1  v2=4 v3=1 v5=0 :  1 distinct  [ -12/11 ]
  (-m|3)= 0 (-m|5)=-1  v2=6 v3=1 v5=0 :  1 distinct  [ -24/23 ]
  (-m|3)= 0 (-m|5)= 0  v2=0 v3=1 v5=1 :  3 distinct  [ -1/2, -1, -3/4 ]
  (-m|3)= 0 (-m|5)= 0  v2=0 v3=1 v5=2 :  1 distinct  [ -3/14 ]
  (-m|3)= 0 (-m|5)= 0  v2=0 v3=3 v5=1 :  1 distinct  [ -1/8 ]
  (-m|3)= 0 (-m|5)= 0  v2=1 v3=1 v5=1 :  1 distinct  [ -1 ]
  (-m|3)= 0 (-m|5)= 0  v2=1 v3=2 v5=1 :  1 distinct  [ -2/5 ]
  (-m|3)= 0 (-m|5)= 0  v2=2 v3=1 v5=1 :  1 distinct  [ -1/2 ]
  (-m|3)= 0 (-m|5)= 0  v2=3 v3=1 v5=1 :  1 distinct  [ -2/3 ]

20 of 27 local classes carry a CONSTANT ratio
DONE
