Loading "vvdata/weyl-campaign/ctlat.m"
Hurwitz gate: passed

=== 15_7   ramified [ 3, 5 ],  Eichler 7 ===
  [ <5, 1, -1> ]                     : 1  [ 1/7 ]
  [ <7, 1, 1> ]                      : 1  [ 1 ]
  [ <5, 1, -1> ]                     : 1  [ 1/7 ]
  [ <3, 1, -1> ]                     : 1  [ 1/5 ]
  [ <3, 1, -1> ]                     : 1  [ 1/5 ]
  [ <3, 1, -1> ]                     : 1  [ 1/5 ]
  [ <3, 1, -1> ]                     : 1  [ 1/5 ]
  [ <3, 1, 0> ]                      : 1  [ 1/4 ]
  [ <3, 1, 0> ]                      : 1  [ 1/4 ]
  [ <3, 2, 0> ]                      : 1  [ 1/13 ]
  --> 22 of 22 classes constant

=== 35_3   ramified [ 5, 7 ],  Eichler 3 ===
  [ <5, 1, -1> ]                     : 1  [ 1/7 ]
  [ <7, 1, -1> ]                     : 1  [ 1/9 ]
  [ <5, 1, -1> ]                     : 1  [ 1/7 ]
  [ <3, 1, -1> ]                     : 1  [ 3/5 ]
  [ <3, 1, -1> ]                     : 1  [ 3/5 ]
  [ <3, 1, 0> ]                      : 1  [ 3/4 ]
  [ <3, 1, 1> ]                      : 1  [ 1 ]
  [ <3, 2, 1> ]                      : 1  [ 1 ]
  --> 20 of 20 classes constant

=== 21_5   ramified [ 3, 7 ],  Eichler 5 ===
  [ <7, 1, -1> ]                     : 1  [ 1/9 ]
  [ <5, 1, -1> ]                     : 1  [ 5/7 ]
  [ <5, 1, 1> ]                      : 1  [ 1 ]
  [ <3, 1, -1> ]                     : 1  [ 1/5 ]
  [ <3, 1, -1> ]                     : 1  [ 1/5 ]
  [ <3, 1, -1> ]                     : 1  [ 1/5 ]
  [ <3, 1, -1>, <5, 1, 1> ]          : 1  [ 1/5 ]
  [ <3, 1, 0> ]                      : 1  [ 1/4 ]
  [ <3, 1, 0> ]                      : 1  [ 1/4 ]
  [ <3, 2, -1> ]                     : 1  [ 1/17 ]
  --> 22 of 22 classes constant

=== the correction factor by (role, p, k = v_p(c), chi = (D_0|p)) ===
  Eich  p=3   k=1 chi=-1 :  3/5
  Eich  p=3   k=1 chi= 0 :  3/4
  Eich  p=3   k=1 chi= 1 :  1
  Eich  p=3   k=2 chi= 1 :  1
  Eich  p=5   k=1 chi=-1 :  5/7
  Eich  p=5   k=1 chi= 1 :  1
  Eich  p=7   k=1 chi= 1 :  1
  ram   p=3   k=1 chi=-1 :  1/5
  ram   p=3   k=1 chi= 0 :  1/4
  ram   p=3   k=2 chi=-1 :  1/17
  ram   p=3   k=2 chi= 0 :  1/13
  ram   p=5   k=1 chi=-1 :  1/7
  ram   p=7   k=1 chi=-1 :  1/9
DONE
