Loading "vvdata/weyl-campaign/ctlat.m"
Hurwitz gate: passed
15_2   D = 15   (primes [ 3, 5 ]), Eichler 2 :  122 of 122 squarefree m agree   
PREDICTED
21_2   D = 21   (primes [ 3, 7 ]), Eichler 2 :  81 of 122 squarefree m agree   
41 FAIL, e.g. <m, actual, pred> = [ <1, -4/3, -2>, <7, -4/3, -2>, <15, -8/3, 
-4>, <21, -8/3, -4>, <22, -16/3, -8>, <30, -16/3, -8> ]
33_2   D = 33   (primes [ 3, 11 ]), Eichler 2 :  82 of 122 squarefree m agree   
40 FAIL, e.g. <m, actual, pred> = [ <1, -4/5, -2>, <3, -4/5, -2>, <15, -8/5, 
-4>, <22, -8/5, -4>, <31, -24/5, -12>, <33, -8/5, -4> ]
35_2   D = 35   (primes [ 5, 7 ]), Eichler 2 :  80 of 122 squarefree m agree   
42 FAIL, e.g. <m, actual, pred> = [ <2, -4/3, -4>, <7, -2/3, -2>, <15, -4/3, 
-4>, <22, -8/3, -8>, <23, -4, -12>, <30, -8/3, -8> ]
22_3   D = 22   (primes [ 2, 11 ]), Eichler 3 :  69 of 122 squarefree m agree   
53 FAIL, e.g. <m, actual, pred> = [ <1, -3/5, 0>, <3, -3/5, -4>, <5, -6/5, -8>, 
<11, -3/5, -6>, <14, -12/5, -8>, <22, -6/5, -2> ]
10_7   D = 10   (primes [ 2, 5 ]), Eichler 7 :  62 of 122 squarefree m agree   
60 FAIL, e.g. <m, actual, pred> = [ <2, -1, -2>, <3, -1/2, -4>, <5, -3/4, -4>, 
<10, -3/4, -2>, <13, -3/2, -8>, <17, -3, 0> ]
DONE
