Loading "vvdata/weyl-campaign/ctlat.m"
Hurwitz gate: passed

10_1   [2|D, N=1]  11 of 11 (v2(c), (D0|2)) classes constant
   v2(c)=0 chi2= 0 : 1
   v2(c)=1 chi2=-1 : 1/2
   v2(c)=1 chi2= 0 : 1/3
   v2(c)=1 chi2= 1 : 0
   v2(c)=2 chi2=-1 : 1/5
   v2(c)=2 chi2= 0 : 1/7
   v2(c)=2 chi2= 1 : 0
   v2(c)=3 chi2=-1 : 1/11
   v2(c)=3 chi2= 0 : 1/15
   v2(c)=3 chi2= 1 : 0
   v2(c)=4 chi2=-1 : 1/23

14_1   [2|D, N=1]  10 of 10 (v2(c), (D0|2)) classes constant
   v2(c)=0 chi2= 0 : 1
   v2(c)=1 chi2=-1 : 1/2
   v2(c)=1 chi2= 0 : 1/3
   v2(c)=1 chi2= 1 : 0
   v2(c)=2 chi2=-1 : 1/5
   v2(c)=2 chi2= 0 : 1/7
   v2(c)=2 chi2= 1 : 0
   v2(c)=3 chi2=-1 : 1/11
   v2(c)=3 chi2= 0 : 1/15
   v2(c)=3 chi2= 1 : 0

22_1   [2|D, N=1]  11 of 11 (v2(c), (D0|2)) classes constant
   v2(c)=0 chi2= 0 : 1
   v2(c)=1 chi2=-1 : 1/2
   v2(c)=1 chi2= 0 : 1/3
   v2(c)=1 chi2= 1 : 0
   v2(c)=2 chi2=-1 : 1/5
   v2(c)=2 chi2= 0 : 1/7
   v2(c)=2 chi2= 1 : 0
   v2(c)=3 chi2=-1 : 1/11
   v2(c)=3 chi2= 0 : 1/15
   v2(c)=3 chi2= 1 : 0
   v2(c)=4 chi2=-1 : 1/23

26_1   [2|D, N=1]  10 of 10 (v2(c), (D0|2)) classes constant
   v2(c)=0 chi2= 0 : 1
   v2(c)=1 chi2=-1 : 1/2
   v2(c)=1 chi2= 0 : 1/3
   v2(c)=1 chi2= 1 : 0
   v2(c)=2 chi2=-1 : 1/5
   v2(c)=2 chi2= 0 : 1/7
   v2(c)=2 chi2= 1 : 0
   v2(c)=3 chi2=-1 : 1/11
   v2(c)=3 chi2= 0 : 1/15
   v2(c)=3 chi2= 1 : 0

10_3   [2|D, N odd]  11 of 11 (v2(c), (D0|2)) classes constant
   v2(c)=0 chi2= 0 : 1
   v2(c)=1 chi2=-1 : 1/2
   v2(c)=1 chi2= 0 : 1/3
   v2(c)=1 chi2= 1 : 0
   v2(c)=2 chi2=-1 : 1/5
   v2(c)=2 chi2= 0 : 1/7
   v2(c)=2 chi2= 1 : 0
   v2(c)=3 chi2=-1 : 1/11
   v2(c)=3 chi2= 0 : 1/15
   v2(c)=3 chi2= 1 : 0
   v2(c)=4 chi2=-1 : 1/23

22_3   [2|D, N odd]  11 of 11 (v2(c), (D0|2)) classes constant
   v2(c)=0 chi2= 0 : 1
   v2(c)=1 chi2=-1 : 1/2
   v2(c)=1 chi2= 0 : 1/3
   v2(c)=1 chi2= 1 : 0
   v2(c)=2 chi2=-1 : 1/5
   v2(c)=2 chi2= 0 : 1/7
   v2(c)=2 chi2= 1 : 0
   v2(c)=3 chi2=-1 : 1/11
   v2(c)=3 chi2= 0 : 1/15
   v2(c)=3 chi2= 1 : 0
   v2(c)=4 chi2=-1 : 1/23

10_7   [2|D, N odd]  11 of 11 (v2(c), (D0|2)) classes constant
   v2(c)=0 chi2= 0 : 1
   v2(c)=1 chi2=-1 : 1/2
   v2(c)=1 chi2= 0 : 1/3
   v2(c)=1 chi2= 1 : 0
   v2(c)=2 chi2=-1 : 1/5
   v2(c)=2 chi2= 0 : 1/7
   v2(c)=2 chi2= 1 : 0
   v2(c)=3 chi2=-1 : 1/11
   v2(c)=3 chi2= 0 : 1/15
   v2(c)=3 chi2= 1 : 0
   v2(c)=4 chi2=-1 : 1/23

6_5   [2|D, N odd]  11 of 11 (v2(c), (D0|2)) classes constant
   v2(c)=0 chi2= 0 : 1
   v2(c)=1 chi2=-1 : 1/2
   v2(c)=1 chi2= 0 : 1/3
   v2(c)=1 chi2= 1 : 0
   v2(c)=2 chi2=-1 : 1/5
   v2(c)=2 chi2= 0 : 1/7
   v2(c)=2 chi2= 1 : 0
   v2(c)=3 chi2=-1 : 1/11
   v2(c)=3 chi2= 0 : 1/15
   v2(c)=3 chi2= 1 : 0
   v2(c)=4 chi2=-1 : 1/23

15_2   [D odd, N=2]  10 of 10 (v2(c), (D0|2)) classes constant
   v2(c)=0 chi2= 0 : 2/3
   v2(c)=1 chi2=-1 : 1/2
   v2(c)=1 chi2= 0 : 4/9
   v2(c)=1 chi2= 1 : 1/3
   v2(c)=2 chi2=-1 : 2/5
   v2(c)=2 chi2= 0 : 8/21
   v2(c)=2 chi2= 1 : 1/3
   v2(c)=3 chi2=-1 : 4/11
   v2(c)=3 chi2= 1 : 1/3
   v2(c)=4 chi2=-1 : 8/23

21_2   [D odd, N=2]  9 of 9 (v2(c), (D0|2)) classes constant
   v2(c)=0 chi2= 0 : 2/3
   v2(c)=1 chi2=-1 : 1/2
   v2(c)=1 chi2= 0 : 4/9
   v2(c)=1 chi2= 1 : 1/3
   v2(c)=2 chi2=-1 : 2/5
   v2(c)=2 chi2= 0 : 8/21
   v2(c)=2 chi2= 1 : 1/3
   v2(c)=3 chi2= 0 : 16/45
   v2(c)=3 chi2= 1 : 1/3

35_2   [D odd, N=2]  9 of 9 (v2(c), (D0|2)) classes constant
   v2(c)=0 chi2= 0 : 2/3
   v2(c)=1 chi2=-1 : 1/2
   v2(c)=1 chi2= 0 : 4/9
   v2(c)=1 chi2= 1 : 1/3
   v2(c)=2 chi2=-1 : 2/5
   v2(c)=2 chi2= 0 : 8/21
   v2(c)=2 chi2= 1 : 1/3
   v2(c)=3 chi2= 0 : 16/45
   v2(c)=3 chi2= 1 : 1/3

33_2   [D odd, N=2]  11 of 11 (v2(c), (D0|2)) classes constant
   v2(c)=0 chi2= 0 : 2/3
   v2(c)=1 chi2=-1 : 1/2
   v2(c)=1 chi2= 0 : 4/9
   v2(c)=1 chi2= 1 : 1/3
   v2(c)=2 chi2=-1 : 2/5
   v2(c)=2 chi2= 0 : 8/21
   v2(c)=2 chi2= 1 : 1/3
   v2(c)=3 chi2=-1 : 4/11
   v2(c)=3 chi2= 0 : 16/45
   v2(c)=3 chi2= 1 : 1/3
   v2(c)=4 chi2=-1 : 8/23

=== the 2-factor by (regime, v2(c), chi2), across bases ===
  2|D, N odd   v2=0 chi2= 0 : 1
  2|D, N odd   v2=1 chi2=-1 : 1/2
  2|D, N odd   v2=1 chi2= 0 : 1/3
  2|D, N odd   v2=1 chi2= 1 : 0
  2|D, N odd   v2=2 chi2=-1 : 1/5
  2|D, N odd   v2=2 chi2= 0 : 1/7
  2|D, N odd   v2=2 chi2= 1 : 0
  2|D, N odd   v2=3 chi2=-1 : 1/11
  2|D, N odd   v2=3 chi2= 0 : 1/15
  2|D, N odd   v2=3 chi2= 1 : 0
  2|D, N odd   v2=4 chi2=-1 : 1/23
  2|D, N=1     v2=0 chi2= 0 : 1
  2|D, N=1     v2=1 chi2=-1 : 1/2
  2|D, N=1     v2=1 chi2= 0 : 1/3
  2|D, N=1     v2=1 chi2= 1 : 0
  2|D, N=1     v2=2 chi2=-1 : 1/5
  2|D, N=1     v2=2 chi2= 0 : 1/7
  2|D, N=1     v2=2 chi2= 1 : 0
  2|D, N=1     v2=3 chi2=-1 : 1/11
  2|D, N=1     v2=3 chi2= 0 : 1/15
  2|D, N=1     v2=3 chi2= 1 : 0
  2|D, N=1     v2=4 chi2=-1 : 1/23
  D odd, N=2   v2=0 chi2= 0 : 2/3
  D odd, N=2   v2=1 chi2=-1 : 1/2
  D odd, N=2   v2=1 chi2= 0 : 4/9
  D odd, N=2   v2=1 chi2= 1 : 1/3
  D odd, N=2   v2=2 chi2=-1 : 2/5
  D odd, N=2   v2=2 chi2= 0 : 8/21
  D odd, N=2   v2=2 chi2= 1 : 1/3
  D odd, N=2   v2=3 chi2=-1 : 4/11
  D odd, N=2   v2=3 chi2= 0 : 16/45
  D odd, N=2   v2=3 chi2= 1 : 1/3
  D odd, N=2   v2=4 chi2=-1 : 8/23
DONE
