Loading "vvdata/weyl-campaign/ctlat.m"

=== 15_2   D = 15 = [ 3, 5 ],  Eichler N = 2
   m=1 mod 8, (-m|2)= 1 :  1  [ 8 ]
   m=2 mod 8, (-m|2)= 0 :  1  [ 8 ]
   m=3 mod 8, (-m|2)=-1 :  1  [ 6 ]
   m=5 mod 8, (-m|2)=-1 :  1  [ 8 ]
   m=6 mod 8, (-m|2)= 0 :  1  [ 8 ]
   m=7 mod 8, (-m|2)= 1 :  1  [ 4 ]
   --> 6 of 6 classes constant

=== 21_2   D = 21 = [ 3, 7 ],  Eichler N = 2
   m=1 mod 8, (-m|2)= 1 :  1  [ 8 ]
   m=2 mod 8, (-m|2)= 0 :  1  [ 8 ]
   m=3 mod 8, (-m|2)=-1 :  1  [ 6 ]
   m=5 mod 8, (-m|2)=-1 :  1  [ 8 ]
   m=6 mod 8, (-m|2)= 0 :  1  [ 8 ]
   m=7 mod 8, (-m|2)= 1 :  1  [ 4 ]
   --> 6 of 6 classes constant

=== 33_2   D = 33 = [ 3, 11 ],  Eichler N = 2
   m=1 mod 8, (-m|2)= 1 :  1  [ 8 ]
   m=2 mod 8, (-m|2)= 0 :  1  [ 8 ]
   m=3 mod 8, (-m|2)=-1 :  1  [ 6 ]
   m=5 mod 8, (-m|2)=-1 :  1  [ 8 ]
   m=6 mod 8, (-m|2)= 0 :  1  [ 8 ]
   m=7 mod 8, (-m|2)= 1 :  1  [ 4 ]
   --> 6 of 6 classes constant

=== 35_2   D = 35 = [ 5, 7 ],  Eichler N = 2
   m=1 mod 8, (-m|2)= 1 :  1  [ 8 ]
   m=2 mod 8, (-m|2)= 0 :  1  [ 8 ]
   m=3 mod 8, (-m|2)=-1 :  1  [ 6 ]
   m=5 mod 8, (-m|2)=-1 :  1  [ 8 ]
   m=6 mod 8, (-m|2)= 0 :  1  [ 8 ]
   m=7 mod 8, (-m|2)= 1 :  1  [ 4 ]
   --> 6 of 6 classes constant

=== 15_7   D = 15 = [ 3, 5 ],  Eichler N = 7
   m=1 mod 8, (-m|7)=-1 :  1  [ 2 ]
   m=1 mod 8, (-m|7)= 0 :  1  [ 7/4 ]
   m=1 mod 8, (-m|7)= 1 :  1  [ 3/2 ]
   m=2 mod 8, (-m|7)=-1 :  1  [ 2 ]
   m=2 mod 8, (-m|7)= 0 :  1  [ 7/4 ]
   m=2 mod 8, (-m|7)= 1 :  1  [ 3/2 ]
   m=3 mod 8, (-m|7)=-1 :  1  [ 2 ]
   m=3 mod 8, (-m|7)= 1 :  1  [ 3/2 ]
   m=5 mod 8, (-m|7)=-1 :  1  [ 2 ]
   m=5 mod 8, (-m|7)= 0 :  1  [ 7/4 ]
   m=5 mod 8, (-m|7)= 1 :  1  [ 3/2 ]
   m=6 mod 8, (-m|7)=-1 :  1  [ 2 ]
   m=6 mod 8, (-m|7)= 0 :  1  [ 7/4 ]
   m=6 mod 8, (-m|7)= 1 :  1  [ 3/2 ]
   m=7 mod 8, (-m|7)=-1 :  1  [ 2 ]
   m=7 mod 8, (-m|7)= 0 :  1  [ 7/4 ]
   m=7 mod 8, (-m|7)= 1 :  1  [ 3/2 ]
   --> 17 of 17 classes constant

=== 35_3   D = 35 = [ 5, 7 ],  Eichler N = 3
   m=1 mod 8, (-m|3)= 0 :  1  [ 9/2 ]
   m=1 mod 8, (-m|3)= 1 :  1  [ 3 ]
   m=2 mod 8, (-m|3)=-1 :  1  [ 6 ]
   m=2 mod 8, (-m|3)= 0 :  1  [ 9/2 ]
   m=2 mod 8, (-m|3)= 1 :  1  [ 3 ]
   m=3 mod 8, (-m|3)=-1 :  1  [ 6 ]
   m=3 mod 8, (-m|3)= 0 :  1  [ 9/2 ]
   m=3 mod 8, (-m|3)= 1 :  1  [ 3 ]
   m=5 mod 8, (-m|3)=-1 :  1  [ 6 ]
   m=5 mod 8, (-m|3)= 0 :  1  [ 9/2 ]
   m=5 mod 8, (-m|3)= 1 :  1  [ 3 ]
   m=6 mod 8, (-m|3)=-1 :  1  [ 6 ]
   m=6 mod 8, (-m|3)= 0 :  1  [ 9/2 ]
   m=6 mod 8, (-m|3)= 1 :  1  [ 3 ]
   m=7 mod 8, (-m|3)=-1 :  1  [ 6 ]
   m=7 mod 8, (-m|3)= 0 :  1  [ 9/2 ]
   m=7 mod 8, (-m|3)= 1 :  1  [ 3 ]
   --> 17 of 17 classes constant

=== 22_3   D = 22 = [ 2, 11 ],  Eichler N = 3   (2 | D)
   m=1 mod 8, (-m|3)=-1 :  1  [ 6 ]
   m=1 mod 8, (-m|3)= 0 :  1  [ 9/2 ]
   m=1 mod 8, (-m|3)= 1 :  1  [ 3 ]
   m=2 mod 8, (-m|3)=-1 :  1  [ 6 ]
   m=2 mod 8, (-m|3)= 0 :  1  [ 9/2 ]
   m=2 mod 8, (-m|3)= 1 :  1  [ 3 ]
   m=3 mod 8, (-m|3)=-1 :  1  [ 3 ]
   m=3 mod 8, (-m|3)= 0 :  1  [ 9/4 ]
   m=3 mod 8, (-m|3)= 1 :  1  [ 3/2 ]
   m=5 mod 8, (-m|3)=-1 :  1  [ 6 ]
   m=5 mod 8, (-m|3)= 0 :  1  [ 9/2 ]
   m=5 mod 8, (-m|3)= 1 :  1  [ 3 ]
   m=6 mod 8, (-m|3)=-1 :  1  [ 6 ]
   m=6 mod 8, (-m|3)= 0 :  1  [ 9/2 ]
   m=6 mod 8, (-m|3)= 1 :  1  [ 3 ]
   m=7 mod 8, (-m|3)=-1 :  1  [ 0 ]
   m=7 mod 8, (-m|3)= 0 :  1  [ 0 ]
   m=7 mod 8, (-m|3)= 1 :  1  [ 0 ]
   --> 18 of 18 classes constant

=== 10_7   D = 10 = [ 2, 5 ],  Eichler N = 7   (2 | D)
   m=1 mod 8, (-m|7)=-1 :  1  [ 2 ]
   m=1 mod 8, (-m|7)= 0 :  1  [ 7/4 ]
   m=1 mod 8, (-m|7)= 1 :  1  [ 3/2 ]
   m=2 mod 8, (-m|7)=-1 :  1  [ 2 ]
   m=2 mod 8, (-m|7)= 0 :  1  [ 7/4 ]
   m=2 mod 8, (-m|7)= 1 :  1  [ 3/2 ]
   m=3 mod 8, (-m|7)=-1 :  1  [ 1 ]
   m=3 mod 8, (-m|7)= 0 :  1  [ 7/8 ]
   m=3 mod 8, (-m|7)= 1 :  1  [ 3/4 ]
   m=5 mod 8, (-m|7)=-1 :  1  [ 2 ]
   m=5 mod 8, (-m|7)= 0 :  1  [ 7/4 ]
   m=5 mod 8, (-m|7)= 1 :  1  [ 3/2 ]
   m=6 mod 8, (-m|7)=-1 :  1  [ 2 ]
   m=6 mod 8, (-m|7)= 0 :  1  [ 7/4 ]
   m=6 mod 8, (-m|7)= 1 :  1  [ 3/2 ]
   m=7 mod 8, (-m|7)=-1 :  1  [ 0 ]
   m=7 mod 8, (-m|7)= 0 :  1  [ 0 ]
   m=7 mod 8, (-m|7)= 1 :  1  [ 0 ]
   --> 18 of 18 classes constant
DONE
