BASE 6 13  M = 156  ds = [ 1, 2, 3, 4, 6, 12, 13, 26, 39, 52, 78, 156 ]
#isotropic = 25 (2N-1 = 25)
#cosets = 336
#monomials = 156
a0 table built
FORM -2:
  c_eta(0)[1] (trivial) = 6.35372763200E-70 + -2.25121484069E-70 i   (half: 
3.17686381600E-70)
  c_eta(0)[2] = 7.06400868149E-70 + 8.14167108319E-72 i   (half: 
3.53200434075E-70)
  c_eta(0)[3] = 7.06400868149E-70 + 8.14167108319E-72 i   (half: 
3.53200434075E-70)
  c_eta(0)[4] = 7.06400868149E-70 + 8.14167108319E-72 i   (half: 
3.53200434075E-70)
  c_eta(0)[5] = 7.06400868149E-70 + 8.14167108319E-72 i   (half: 
3.53200434075E-70)
  c_eta(0)[6] = 7.06400868149E-70 + 8.14167108319E-72 i   (half: 
3.53200434075E-70)
  c_eta(0)[7] = 7.06400868149E-70 + 8.14167108319E-72 i   (half: 
3.53200434075E-70)
  c_eta(0)[8] = 7.06400868149E-70 + 8.14167108319E-72 i   (half: 
3.53200434075E-70)
  c_eta(0)[9] = 7.06400868149E-70 + 8.14167108319E-72 i   (half: 
3.53200434075E-70)
  c_eta(0)[10] = 7.06400868149E-70 + 8.14167108319E-72 i   (half: 
3.53200434075E-70)
  c_eta(0)[11] = 7.06400868149E-70 + 8.14167108319E-72 i   (half: 
3.53200434075E-70)
  c_eta(0)[12] = 7.06400868149E-70 + 8.14167108319E-72 i   (half: 
3.53200434075E-70)
  c_eta(0)[13] = 7.06400868149E-70 + 8.14167108319E-72 i   (half: 
3.53200434075E-70)
  c_eta(0)[14] = 7.06400868149E-70 + 8.14167108319E-72 i   (half: 
3.53200434075E-70)
  c_eta(0)[15] = 7.06400868149E-70 + 8.14167108319E-72 i   (half: 
3.53200434075E-70)
  c_eta(0)[16] = 7.06400868149E-70 + 8.14167108319E-72 i   (half: 
3.53200434075E-70)
  c_eta(0)[17] = 7.06400868149E-70 + 8.14167108319E-72 i   (half: 
3.53200434075E-70)
  c_eta(0)[18] = 7.06400868149E-70 + 8.14167108319E-72 i   (half: 
3.53200434075E-70)
  c_eta(0)[19] = 7.06400868149E-70 + 8.14167108319E-72 i   (half: 
3.53200434075E-70)
  c_eta(0)[20] = 7.06400868149E-70 + 8.14167108319E-72 i   (half: 
3.53200434075E-70)
  c_eta(0)[21] = 7.06400868149E-70 + 8.14167108319E-72 i   (half: 
3.53200434075E-70)
  c_eta(0)[22] = 7.06400868149E-70 + 8.14167108319E-72 i   (half: 
3.53200434075E-70)
  c_eta(0)[23] = 7.06400868149E-70 + 8.14167108319E-72 i   (half: 
3.53200434075E-70)
  c_eta(0)[24] = 7.06400868149E-70 + 8.14167108319E-72 i   (half: 
3.53200434075E-70)
  c_eta(0)[25] = 7.06400868149E-70 + 8.14167108319E-72 i   (half: 
3.53200434075E-70)
FORM -1:
  c_eta(0)[1] (trivial) = -1.53325838428E-69 + 2.59419253349E-69 i   (half: 
-7.66629192139E-70)
  c_eta(0)[2] = 6.00000000000 + 1.12823485729E-71 i   (half: 3.00000000000)
  c_eta(0)[3] = 6.00000000000 + 1.12823484670E-71 i   (half: 3.00000000000)
  c_eta(0)[4] = 6.00000000000 + 1.12823484507E-71 i   (half: 3.00000000000)
  c_eta(0)[5] = 6.00000000000 + 1.12823484372E-71 i   (half: 3.00000000000)
  c_eta(0)[6] = 6.00000000000 + 1.12823484754E-71 i   (half: 3.00000000000)
  c_eta(0)[7] = 6.00000000000 + 1.12823482918E-71 i   (half: 3.00000000000)
  c_eta(0)[8] = 6.00000000000 + 1.12823484764E-71 i   (half: 3.00000000000)
  c_eta(0)[9] = 6.00000000000 + 1.12823483320E-71 i   (half: 3.00000000000)
  c_eta(0)[10] = 6.00000000000 + 1.12823484227E-71 i   (half: 3.00000000000)
  c_eta(0)[11] = 6.00000000000 + 1.12823484767E-71 i   (half: 3.00000000000)
  c_eta(0)[12] = 6.00000000000 + 1.12823483538E-71 i   (half: 3.00000000000)
  c_eta(0)[13] = 6.00000000000 + 1.12823484228E-71 i   (half: 3.00000000000)
  c_eta(0)[14] = 6.00000000000 + 1.12823483808E-71 i   (half: 3.00000000000)
  c_eta(0)[15] = 6.00000000000 + 1.12823484685E-71 i   (half: 3.00000000000)
  c_eta(0)[16] = 6.00000000000 + 1.12823482337E-71 i   (half: 3.00000000000)
  c_eta(0)[17] = 6.00000000000 + 1.12823483882E-71 i   (half: 3.00000000000)
  c_eta(0)[18] = 6.00000000000 + 1.12823485553E-71 i   (half: 3.00000000000)
  c_eta(0)[19] = 6.00000000000 + 1.12823483936E-71 i   (half: 3.00000000000)
  c_eta(0)[20] = 6.00000000000 + 1.12823485502E-71 i   (half: 3.00000000000)
  c_eta(0)[21] = 6.00000000000 + 1.12823484128E-71 i   (half: 3.00000000000)
  c_eta(0)[22] = 6.00000000000 + 1.12823484306E-71 i   (half: 3.00000000000)
  c_eta(0)[23] = 6.00000000000 + 1.12823483609E-71 i   (half: 3.00000000000)
  c_eta(0)[24] = 6.00000000000 + 1.12823483946E-71 i   (half: 3.00000000000)
  c_eta(0)[25] = 6.00000000000 + 1.12823483802E-71 i   (half: 3.00000000000)
FORM 9:
  c_eta(0)[1] (trivial) = 2.09250817938E-68 + 5.22374310869E-68 i   (half: 
1.04625408969E-68)
  c_eta(0)[2] = 8.00000000000 + 1.00703600433E-68 i   (half: 4.00000000000)
  c_eta(0)[3] = 8.00000000000 + 1.00703600432E-68 i   (half: 4.00000000000)
  c_eta(0)[4] = 8.00000000000 + 1.00703600432E-68 i   (half: 4.00000000000)
  c_eta(0)[5] = 8.00000000000 + 1.00703600432E-68 i   (half: 4.00000000000)
  c_eta(0)[6] = 8.00000000000 + 1.00703600432E-68 i   (half: 4.00000000000)
  c_eta(0)[7] = 8.00000000000 + 1.00703600431E-68 i   (half: 4.00000000000)
  c_eta(0)[8] = 8.00000000000 + 1.00703600432E-68 i   (half: 4.00000000000)
  c_eta(0)[9] = 8.00000000000 + 1.00703600431E-68 i   (half: 4.00000000000)
  c_eta(0)[10] = 8.00000000000 + 1.00703600431E-68 i   (half: 4.00000000000)
  c_eta(0)[11] = 8.00000000000 + 1.00703600432E-68 i   (half: 4.00000000000)
  c_eta(0)[12] = 8.00000000000 + 1.00703600431E-68 i   (half: 4.00000000000)
  c_eta(0)[13] = 8.00000000000 + 1.00703600432E-68 i   (half: 4.00000000000)
  c_eta(0)[14] = 8.00000000000 + 1.00703600432E-68 i   (half: 4.00000000000)
  c_eta(0)[15] = 8.00000000000 + 1.00703600432E-68 i   (half: 4.00000000000)
  c_eta(0)[16] = 8.00000000000 + 1.00703600431E-68 i   (half: 4.00000000000)
  c_eta(0)[17] = 8.00000000000 + 1.00703600432E-68 i   (half: 4.00000000000)
  c_eta(0)[18] = 8.00000000000 + 1.00703600433E-68 i   (half: 4.00000000000)
  c_eta(0)[19] = 8.00000000000 + 1.00703600432E-68 i   (half: 4.00000000000)
  c_eta(0)[20] = 8.00000000000 + 1.00703600433E-68 i   (half: 4.00000000000)
  c_eta(0)[21] = 8.00000000000 + 1.00703600432E-68 i   (half: 4.00000000000)
  c_eta(0)[22] = 8.00000000000 + 1.00703600432E-68 i   (half: 4.00000000000)
  c_eta(0)[23] = 8.00000000000 + 1.00703600431E-68 i   (half: 4.00000000000)
  c_eta(0)[24] = 8.00000000000 + 1.00703600431E-68 i   (half: 4.00000000000)
  c_eta(0)[25] = 8.00000000000 + 1.00703600432E-68 i   (half: 4.00000000000)
FORM 10:
  c_eta(0)[1] (trivial) = -9.14663521313E-70 + 2.37957602576E-69 i   (half: 
-4.57331760657E-70)
  c_eta(0)[2] = 6.00000000000 + 2.89439704475E-71 i   (half: 3.00000000000)
  c_eta(0)[3] = 6.00000000000 + 2.89439703417E-71 i   (half: 3.00000000000)
  c_eta(0)[4] = 6.00000000000 + 2.89439703253E-71 i   (half: 3.00000000000)
  c_eta(0)[5] = 6.00000000000 + 2.89439703119E-71 i   (half: 3.00000000000)
  c_eta(0)[6] = 6.00000000000 + 2.89439703500E-71 i   (half: 3.00000000000)
  c_eta(0)[7] = 6.00000000000 + 2.89439701664E-71 i   (half: 3.00000000000)
  c_eta(0)[8] = 6.00000000000 + 2.89439703511E-71 i   (half: 3.00000000000)
  c_eta(0)[9] = 6.00000000000 + 2.89439702067E-71 i   (half: 3.00000000000)
  c_eta(0)[10] = 6.00000000000 + 2.89439702973E-71 i   (half: 3.00000000000)
  c_eta(0)[11] = 6.00000000000 + 2.89439703513E-71 i   (half: 3.00000000000)
  c_eta(0)[12] = 6.00000000000 + 2.89439702284E-71 i   (half: 3.00000000000)
  c_eta(0)[13] = 6.00000000000 + 2.89439702975E-71 i   (half: 3.00000000000)
  c_eta(0)[14] = 6.00000000000 + 2.89439702554E-71 i   (half: 3.00000000000)
  c_eta(0)[15] = 6.00000000000 + 2.89439703432E-71 i   (half: 3.00000000000)
  c_eta(0)[16] = 6.00000000000 + 2.89439701084E-71 i   (half: 3.00000000000)
  c_eta(0)[17] = 6.00000000000 + 2.89439702629E-71 i   (half: 3.00000000000)
  c_eta(0)[18] = 6.00000000000 + 2.89439704300E-71 i   (half: 3.00000000000)
  c_eta(0)[19] = 6.00000000000 + 2.89439702683E-71 i   (half: 3.00000000000)
  c_eta(0)[20] = 6.00000000000 + 2.89439704249E-71 i   (half: 3.00000000000)
  c_eta(0)[21] = 6.00000000000 + 2.89439702874E-71 i   (half: 3.00000000000)
  c_eta(0)[22] = 6.00000000000 + 2.89439703052E-71 i   (half: 3.00000000000)
  c_eta(0)[23] = 6.00000000000 + 2.89439702356E-71 i   (half: 3.00000000000)
  c_eta(0)[24] = 6.00000000000 + 2.89439702693E-71 i   (half: 3.00000000000)
  c_eta(0)[25] = 6.00000000000 + 2.89439702548E-71 i   (half: 3.00000000000)
FORM 11:
  c_eta(0)[1] (trivial) = 2.31072567520E-68 + 4.94350238764E-68 i   (half: 
1.15536283760E-68)
  c_eta(0)[2] = 2.00000000000 + 1.00741147321E-68 i   (half: 1.00000000000)
  c_eta(0)[3] = 2.00000000000 + 1.00741147321E-68 i   (half: 1.00000000000)
  c_eta(0)[4] = 2.00000000000 + 1.00741147320E-68 i   (half: 1.00000000000)
  c_eta(0)[5] = 2.00000000000 + 1.00741147321E-68 i   (half: 1.00000000000)
  c_eta(0)[6] = 2.00000000000 + 1.00741147321E-68 i   (half: 1.00000000000)
  c_eta(0)[7] = 2.00000000000 + 1.00741147321E-68 i   (half: 1.00000000000)
  c_eta(0)[8] = 2.00000000000 + 1.00741147321E-68 i   (half: 1.00000000000)
  c_eta(0)[9] = 2.00000000000 + 1.00741147321E-68 i   (half: 1.00000000000)
  c_eta(0)[10] = 2.00000000000 + 1.00741147320E-68 i   (half: 1.00000000000)
  c_eta(0)[11] = 2.00000000000 + 1.00741147321E-68 i   (half: 1.00000000000)
  c_eta(0)[12] = 2.00000000000 + 1.00741147321E-68 i   (half: 1.00000000000)
  c_eta(0)[13] = 2.00000000000 + 1.00741147321E-68 i   (half: 1.00000000000)
  c_eta(0)[14] = 2.00000000000 + 1.00741147321E-68 i   (half: 1.00000000000)
  c_eta(0)[15] = 2.00000000000 + 1.00741147320E-68 i   (half: 1.00000000000)
  c_eta(0)[16] = 2.00000000000 + 1.00741147322E-68 i   (half: 1.00000000000)
  c_eta(0)[17] = 2.00000000000 + 1.00741147321E-68 i   (half: 1.00000000000)
  c_eta(0)[18] = 2.00000000000 + 1.00741147321E-68 i   (half: 1.00000000000)
  c_eta(0)[19] = 2.00000000000 + 1.00741147321E-68 i   (half: 1.00000000000)
  c_eta(0)[20] = 2.00000000000 + 1.00741147321E-68 i   (half: 1.00000000000)
  c_eta(0)[21] = 2.00000000000 + 1.00741147321E-68 i   (half: 1.00000000000)
  c_eta(0)[22] = 2.00000000000 + 1.00741147321E-68 i   (half: 1.00000000000)
  c_eta(0)[23] = 2.00000000000 + 1.00741147321E-68 i   (half: 1.00000000000)
  c_eta(0)[24] = 2.00000000000 + 1.00741147321E-68 i   (half: 1.00000000000)
  c_eta(0)[25] = 2.00000000000 + 1.00741147321E-68 i   (half: 1.00000000000)
FORM 12:
  c_eta(0)[1] (trivial) = 2.25301569915E-68 + 5.07478826723E-68 i   (half: 
1.12650784958E-68)
  c_eta(0)[2] = 6.00000000000 + 1.00749431970E-68 i   (half: 3.00000000000)
  c_eta(0)[3] = 6.00000000000 + 1.00749431971E-68 i   (half: 3.00000000000)
  c_eta(0)[4] = 6.00000000000 + 1.00749431970E-68 i   (half: 3.00000000000)
  c_eta(0)[5] = 6.00000000000 + 1.00749431971E-68 i   (half: 3.00000000000)
  c_eta(0)[6] = 6.00000000000 + 1.00749431971E-68 i   (half: 3.00000000000)
  c_eta(0)[7] = 6.00000000000 + 1.00749431971E-68 i   (half: 3.00000000000)
  c_eta(0)[8] = 6.00000000000 + 1.00749431971E-68 i   (half: 3.00000000000)
  c_eta(0)[9] = 6.00000000000 + 1.00749431971E-68 i   (half: 3.00000000000)
  c_eta(0)[10] = 6.00000000000 + 1.00749431970E-68 i   (half: 3.00000000000)
  c_eta(0)[11] = 6.00000000000 + 1.00749431971E-68 i   (half: 3.00000000000)
  c_eta(0)[12] = 6.00000000000 + 1.00749431971E-68 i   (half: 3.00000000000)
  c_eta(0)[13] = 6.00000000000 + 1.00749431971E-68 i   (half: 3.00000000000)
  c_eta(0)[14] = 6.00000000000 + 1.00749431971E-68 i   (half: 3.00000000000)
  c_eta(0)[15] = 6.00000000000 + 1.00749431971E-68 i   (half: 3.00000000000)
  c_eta(0)[16] = 6.00000000000 + 1.00749431971E-68 i   (half: 3.00000000000)
  c_eta(0)[17] = 6.00000000000 + 1.00749431971E-68 i   (half: 3.00000000000)
  c_eta(0)[18] = 6.00000000000 + 1.00749431971E-68 i   (half: 3.00000000000)
  c_eta(0)[19] = 6.00000000000 + 1.00749431971E-68 i   (half: 3.00000000000)
  c_eta(0)[20] = 6.00000000000 + 1.00749431971E-68 i   (half: 3.00000000000)
  c_eta(0)[21] = 6.00000000000 + 1.00749431971E-68 i   (half: 3.00000000000)
  c_eta(0)[22] = 6.00000000000 + 1.00749431971E-68 i   (half: 3.00000000000)
  c_eta(0)[23] = 6.00000000000 + 1.00749431971E-68 i   (half: 3.00000000000)
  c_eta(0)[24] = 6.00000000000 + 1.00749431971E-68 i   (half: 3.00000000000)
  c_eta(0)[25] = 6.00000000000 + 1.00749431971E-68 i   (half: 3.00000000000)
FORM 13:
  c_eta(0)[1] (trivial) = -1.43908348286E-69 + 3.68965732242E-69 i   (half: 
-7.19541741430E-70)
  c_eta(0)[2] = 10.0000000000 + 2.46696597177E-71 i   (half: 5.00000000000)
  c_eta(0)[3] = 10.0000000000 + 2.46696596119E-71 i   (half: 5.00000000000)
  c_eta(0)[4] = 10.0000000000 + 2.46696596099E-71 i   (half: 5.00000000000)
  c_eta(0)[5] = 10.0000000000 + 2.46696595849E-71 i   (half: 5.00000000000)
  c_eta(0)[6] = 10.0000000000 + 2.46696596158E-71 i   (half: 5.00000000000)
  c_eta(0)[7] = 10.0000000000 + 2.46696594173E-71 i   (half: 5.00000000000)
  c_eta(0)[8] = 10.0000000000 + 2.46696596296E-71 i   (half: 5.00000000000)
  c_eta(0)[9] = 10.0000000000 + 2.46696594663E-71 i   (half: 5.00000000000)
  c_eta(0)[10] = 10.0000000000 + 2.46696595902E-71 i   (half: 5.00000000000)
  c_eta(0)[11] = 10.0000000000 + 2.46696596169E-71 i   (half: 5.00000000000)
  c_eta(0)[12] = 10.0000000000 + 2.46696595057E-71 i   (half: 5.00000000000)
  c_eta(0)[13] = 10.0000000000 + 2.46696595651E-71 i   (half: 5.00000000000)
  c_eta(0)[14] = 10.0000000000 + 2.46696595309E-71 i   (half: 5.00000000000)
  c_eta(0)[15] = 10.0000000000 + 2.46696596476E-71 i   (half: 5.00000000000)
  c_eta(0)[16] = 10.0000000000 + 2.46696593669E-71 i   (half: 5.00000000000)
  c_eta(0)[17] = 10.0000000000 + 2.46696595203E-71 i   (half: 5.00000000000)
  c_eta(0)[18] = 10.0000000000 + 2.46696597173E-71 i   (half: 5.00000000000)
  c_eta(0)[19] = 10.0000000000 + 2.46696595374E-71 i   (half: 5.00000000000)
  c_eta(0)[20] = 10.0000000000 + 2.46696597082E-71 i   (half: 5.00000000000)
  c_eta(0)[21] = 10.0000000000 + 2.46696595512E-71 i   (half: 5.00000000000)
  c_eta(0)[22] = 10.0000000000 + 2.46696595928E-71 i   (half: 5.00000000000)
  c_eta(0)[23] = 10.0000000000 + 2.46696595076E-71 i   (half: 5.00000000000)
  c_eta(0)[24] = 10.0000000000 + 2.46696595500E-71 i   (half: 5.00000000000)
  c_eta(0)[25] = 10.0000000000 + 2.46696595289E-71 i   (half: 5.00000000000)
FORM 14:
  c_eta(0)[1] (trivial) = 7.25733905391E-70 + 8.79456523546E-70 i   (half: 
3.62866952696E-70)
  c_eta(0)[2] = 4.00000000000 + 2.97691663103E-71 i   (half: 2.00000000000)
  c_eta(0)[3] = 4.00000000000 + 2.97691663104E-71 i   (half: 2.00000000000)
  c_eta(0)[4] = 4.00000000000 + 2.97691663248E-71 i   (half: 2.00000000000)
  c_eta(0)[5] = 4.00000000000 + 2.97691663132E-71 i   (half: 2.00000000000)
  c_eta(0)[6] = 4.00000000000 + 2.97691663059E-71 i   (half: 2.00000000000)
  c_eta(0)[7] = 4.00000000000 + 2.97691662911E-71 i   (half: 2.00000000000)
  c_eta(0)[8] = 4.00000000000 + 2.97691663187E-71 i   (half: 2.00000000000)
  c_eta(0)[9] = 4.00000000000 + 2.97691662998E-71 i   (half: 2.00000000000)
  c_eta(0)[10] = 4.00000000000 + 2.97691663331E-71 i   (half: 2.00000000000)
  c_eta(0)[11] = 4.00000000000 + 2.97691663058E-71 i   (half: 2.00000000000)
  c_eta(0)[12] = 4.00000000000 + 2.97691663175E-71 i   (half: 2.00000000000)
  c_eta(0)[13] = 4.00000000000 + 2.97691663078E-71 i   (half: 2.00000000000)
  c_eta(0)[14] = 4.00000000000 + 2.97691663156E-71 i   (half: 2.00000000000)
  c_eta(0)[15] = 4.00000000000 + 2.97691663446E-71 i   (half: 2.00000000000)
  c_eta(0)[16] = 4.00000000000 + 2.97691662987E-71 i   (half: 2.00000000000)
  c_eta(0)[17] = 4.00000000000 + 2.97691662976E-71 i   (half: 2.00000000000)
  c_eta(0)[18] = 4.00000000000 + 2.97691663275E-71 i   (half: 2.00000000000)
  c_eta(0)[19] = 4.00000000000 + 2.97691663093E-71 i   (half: 2.00000000000)
  c_eta(0)[20] = 4.00000000000 + 2.97691663234E-71 i   (half: 2.00000000000)
  c_eta(0)[21] = 4.00000000000 + 2.97691663039E-71 i   (half: 2.00000000000)
  c_eta(0)[22] = 4.00000000000 + 2.97691663277E-71 i   (half: 2.00000000000)
  c_eta(0)[23] = 4.00000000000 + 2.97691663122E-71 i   (half: 2.00000000000)
  c_eta(0)[24] = 4.00000000000 + 2.97691663210E-71 i   (half: 2.00000000000)
  c_eta(0)[25] = 4.00000000000 + 2.97691663142E-71 i   (half: 2.00000000000)
FORM 15:
  c_eta(0)[1] (trivial) = 2.16265168287E-68 + 5.31123941501E-68 i   (half: 
1.08132584143E-68)
  c_eta(0)[2] = 12.0000000000 + 1.00995829420E-68 i   (half: 6.00000000000)
  c_eta(0)[3] = 12.0000000000 + 1.00995829419E-68 i   (half: 6.00000000000)
  c_eta(0)[4] = 12.0000000000 + 1.00995829419E-68 i   (half: 6.00000000000)
  c_eta(0)[5] = 12.0000000000 + 1.00995829419E-68 i   (half: 6.00000000000)
  c_eta(0)[6] = 12.0000000000 + 1.00995829419E-68 i   (half: 6.00000000000)
  c_eta(0)[7] = 12.0000000000 + 1.00995829418E-68 i   (half: 6.00000000000)
  c_eta(0)[8] = 12.0000000000 + 1.00995829419E-68 i   (half: 6.00000000000)
  c_eta(0)[9] = 12.0000000000 + 1.00995829418E-68 i   (half: 6.00000000000)
  c_eta(0)[10] = 12.0000000000 + 1.00995829419E-68 i   (half: 6.00000000000)
  c_eta(0)[11] = 12.0000000000 + 1.00995829419E-68 i   (half: 6.00000000000)
  c_eta(0)[12] = 12.0000000000 + 1.00995829418E-68 i   (half: 6.00000000000)
  c_eta(0)[13] = 12.0000000000 + 1.00995829419E-68 i   (half: 6.00000000000)
  c_eta(0)[14] = 12.0000000000 + 1.00995829419E-68 i   (half: 6.00000000000)
  c_eta(0)[15] = 12.0000000000 + 1.00995829419E-68 i   (half: 6.00000000000)
  c_eta(0)[16] = 12.0000000000 + 1.00995829418E-68 i   (half: 6.00000000000)
  c_eta(0)[17] = 12.0000000000 + 1.00995829419E-68 i   (half: 6.00000000000)
  c_eta(0)[18] = 12.0000000000 + 1.00995829420E-68 i   (half: 6.00000000000)
  c_eta(0)[19] = 12.0000000000 + 1.00995829419E-68 i   (half: 6.00000000000)
  c_eta(0)[20] = 12.0000000000 + 1.00995829420E-68 i   (half: 6.00000000000)
  c_eta(0)[21] = 12.0000000000 + 1.00995829419E-68 i   (half: 6.00000000000)
  c_eta(0)[22] = 12.0000000000 + 1.00995829419E-68 i   (half: 6.00000000000)
  c_eta(0)[23] = 12.0000000000 + 1.00995829418E-68 i   (half: 6.00000000000)
  c_eta(0)[24] = 12.0000000000 + 1.00995829419E-68 i   (half: 6.00000000000)
  c_eta(0)[25] = 12.0000000000 + 1.00995829419E-68 i   (half: 6.00000000000)
