BASE 14 3  M = 84  ds = [ 1, 2, 3, 4, 6, 7, 12, 14, 21, 28, 42, 84 ]
#isotropic = 5 (2N-1 = 5)
#cosets = 192
#monomials = 78
a0 table built
FORM -2:
  c_eta(0)[1] (trivial) = 5.69387669960E-73 + 2.45898494625E-73 i   (half: 
2.84693834980E-73)
  c_eta(0)[2] = 2.00000000000 + 9.01458983017E-74 i   (half: 1.00000000000)
  c_eta(0)[3] = 2.00000000000 + 9.01459170393E-74 i   (half: 1.00000000000)
  c_eta(0)[4] = 2.00000000000 + 9.01459068643E-74 i   (half: 1.00000000000)
  c_eta(0)[5] = 2.00000000000 + 9.01459798967E-74 i   (half: 1.00000000000)
FORM -1:
  c_eta(0)[1] (trivial) = -9.11652169594E-75 + -1.68433146853E-74 i   (half: 
-4.55826084797E-75)
  c_eta(0)[2] = 2.00000000000 + -4.40696213426E-75 i   (half: 1.00000000000)
  c_eta(0)[3] = 2.00000000000 + -4.40694339656E-75 i   (half: 1.00000000000)
  c_eta(0)[4] = 2.00000000000 + -4.40695357163E-75 i   (half: 1.00000000000)
  c_eta(0)[5] = 2.00000000000 + -4.40688053925E-75 i   (half: 1.00000000000)
FORM 9:
  c_eta(0)[1] (trivial) = -6.07074665555E-72 + -3.78404287804E-72 i   (half: 
-3.03537332777E-72)
  c_eta(0)[2] = 12.0000000000 + -1.61082489071E-72 i   (half: 6.00000000000)
  c_eta(0)[3] = 12.0000000000 + -1.61082487007E-72 i   (half: 6.00000000000)
  c_eta(0)[4] = 12.0000000000 + -1.61082484304E-72 i   (half: 6.00000000000)
  c_eta(0)[5] = 12.0000000000 + -1.61082494434E-72 i   (half: 6.00000000000)
FORM 10:
  c_eta(0)[1] (trivial) = 1.32202603182E-73 + 1.39105636282E-73 i   (half: 
6.61013015908E-74)
  c_eta(0)[2] = 12.0000000000 + 4.57876687770E-74 i   (half: 6.00000000000)
  c_eta(0)[3] = 12.0000000000 + 4.57877162431E-74 i   (half: 6.00000000000)
  c_eta(0)[4] = 12.0000000000 + 4.57877015784E-74 i   (half: 6.00000000000)
  c_eta(0)[5] = 12.0000000000 + 4.57877862577E-74 i   (half: 6.00000000000)
FORM 11:
  c_eta(0)[1] (trivial) = -5.15811850614E-72 + -1.68137714478E-72 i   (half: 
-2.57905925307E-72)
  c_eta(0)[2] = 12.0000000000 + -1.68940973899E-72 i   (half: 6.00000000000)
  c_eta(0)[3] = 12.0000000000 + -1.68940971846E-72 i   (half: 6.00000000000)
  c_eta(0)[4] = 12.0000000000 + -1.68940980431E-72 i   (half: 6.00000000000)
  c_eta(0)[5] = 12.0000000000 + -1.68940964987E-72 i   (half: 6.00000000000)
FORM 12:
  c_eta(0)[1] (trivial) = -6.07252320145E-72 + -3.82102048405E-72 i   (half: 
-3.03626160072E-72)
  c_eta(0)[2] = 18.0000000000 + -1.62399693335E-72 i   (half: 9.00000000000)
  c_eta(0)[3] = 18.0000000000 + -1.62399688904E-72 i   (half: 9.00000000000)
  c_eta(0)[4] = 18.0000000000 + -1.62399692577E-72 i   (half: 9.00000000000)
  c_eta(0)[5] = 18.0000000000 + -1.62399685687E-72 i   (half: 9.00000000000)
FORM 13:
  c_eta(0)[1] (trivial) = -2.79689065663E-74 + -4.27148749489E-74 i   (half: 
-1.39844532832E-74)
  c_eta(0)[2] = 6.00000000000 + -1.25039444021E-74 i   (half: 3.00000000000)
  c_eta(0)[3] = 6.00000000000 + -1.25039207250E-74 i   (half: 3.00000000000)
  c_eta(0)[4] = 6.00000000000 + -1.25039844947E-74 i   (half: 3.00000000000)
  c_eta(0)[5] = 6.00000000000 + -1.25038142883E-74 i   (half: 3.00000000000)
FORM 14:
  c_eta(0)[1] (trivial) = 1.89058283320E-73 + 1.87479713333E-73 i   (half: 
9.45291416602E-74)
  c_eta(0)[2] = 6.00000000000 + 6.55077051004E-74 i   (half: 3.00000000000)
  c_eta(0)[3] = 6.00000000000 + 6.55077288894E-74 i   (half: 3.00000000000)
  c_eta(0)[4] = 6.00000000000 + 6.55077779944E-74 i   (half: 3.00000000000)
  c_eta(0)[5] = 6.00000000000 + 6.55076924672E-74 i   (half: 3.00000000000)
FORM 15:
  c_eta(0)[1] (trivial) = -1.47739056075E-72 + -2.52850716625E-72 i   (half: 
-7.38695280374E-73)
  c_eta(0)[2] = 6.00000000000 + -2.23047493985E-73 i   (half: 3.00000000000)
  c_eta(0)[3] = 6.00000000000 + -2.23047497132E-73 i   (half: 3.00000000000)
  c_eta(0)[4] = 6.00000000000 + -2.23047519203E-73 i   (half: 3.00000000000)
  c_eta(0)[5] = 6.00000000000 + -2.23047534975E-73 i   (half: 3.00000000000)
