BASE 15 2  M = 60  ds = [ 1, 2, 3, 4, 5, 6, 10, 12, 15, 20, 30, 60 ]
#isotropic = 3 (2N-1 = 3)
#cosets = 144
#monomials = 58
a0 table built
FORM -1:
  c_eta(0)[1] (trivial) = 1.32960952959E-69 + 7.79418599413E-69 i   (half: 
6.64804764794E-70)
  c_eta(0)[2] = 8.00000000000 + 4.40513322691E-69 i   (half: 4.00000000000)
  c_eta(0)[3] = 8.00000000000 + 4.40513322702E-69 i   (half: 4.00000000000)
COSET -1 c=0 d=1 gcd=60 a0=(-22.00000000,3.379490499E-69) 
rho=(0.0000000000,0.0000000000) contrib=(-0.0000000000,0.0000000000)
COSET -1 c=1 d=0 gcd=1 a0=(2.000000000,-2.000000000) 
rho=(0.01666666667,0.01666666667) contrib=(0.06666666667,1.305799445E-69)
COSET -1 c=1 d=1 gcd=1 a0=(2.000000000,-2.000000000) 
rho=(0.01666666667,0.01666666667) contrib=(0.06666666667,-2.679903236E-70)
COSET -1 c=1 d=2 gcd=1 a0=(2.000000000,-2.000000000) 
rho=(0.01666666667,0.01666666667) contrib=(0.06666666667,1.402451132E-71)
COSET -1 c=1 d=3 gcd=1 a0=(2.000000000,-2.000000000) 
rho=(0.01666666667,0.01666666667) contrib=(0.06666666667,3.671559051E-71)
COSET -1 c=1 d=4 gcd=1 a0=(2.000000000,-2.000000000) 
rho=(0.01666666667,0.01666666667) contrib=(0.06666666667,-1.747227247E-71)
COSET -1 c=1 d=5 gcd=1 a0=(2.000000000,-2.000000000) 
rho=(0.01666666667,0.01666666667) contrib=(0.06666666667,-2.765283669E-71)
COSET -1 c=1 d=6 gcd=1 a0=(2.000000000,-2.000000000) 
rho=(0.01666666667,0.01666666667) contrib=(0.06666666667,5.026609363E-72)
COSET -1 c=1 d=7 gcd=1 a0=(2.000000000,-2.000000000) 
rho=(0.01666666667,0.01666666667) contrib=(0.06666666667,3.502236719E-71)
COSET -1 c=1 d=8 gcd=1 a0=(2.000000000,-2.000000000) 
rho=(0.01666666667,0.01666666667) contrib=(0.06666666667,-5.330823583E-72)
COSET -1 c=1 d=9 gcd=1 a0=(2.000000000,-2.000000000) 
rho=(0.01666666667,0.01666666667) contrib=(0.06666666667,6.411609448E-71)
COSET -1 c=1 d=10 gcd=1 a0=(2.000000000,-2.000000000) 
rho=(0.01666666667,0.01666666667) contrib=(0.06666666667,1.893285446E-70)
COSET -1 c=1 d=11 gcd=1 a0=(2.000000000,-2.000000000) 
rho=(0.01666666667,0.01666666667) contrib=(0.06666666667,1.181754329E-70)
COSET -1 c=1 d=12 gcd=1 a0=(2.000000000,-2.000000000) 
rho=(0.01666666667,0.01666666667) contrib=(0.06666666667,-1.059408331E-70)
COSET -1 c=1 d=13 gcd=1 a0=(2.000000000,-2.000000000) 
rho=(0.01666666667,0.01666666667) contrib=(0.06666666667,1.417803338E-70)
COSET -1 c=1 d=14 gcd=1 a0=(2.000000000,-2.000000000) 
rho=(0.01666666667,0.01666666667) contrib=(0.06666666667,-1.797693792E-71)
COSET -1 c=1 d=15 gcd=1 a0=(2.000000000,-2.000000000) 
rho=(0.01666666667,0.01666666667) contrib=(0.06666666667,1.866790510E-71)
COSET -1 c=1 d=16 gcd=1 a0=(2.000000000,-2.000000000) 
rho=(0.01666666667,0.01666666667) contrib=(0.06666666667,-4.809886211E-71)
COSET -1 c=1 d=17 gcd=1 a0=(2.000000000,-2.000000000) 
rho=(0.01666666667,0.01666666667) contrib=(0.06666666667,-4.672282337E-71)
COSET -1 c=1 d=18 gcd=1 a0=(2.000000000,-2.000000000) 
rho=(0.01666666667,0.01666666667) contrib=(0.06666666667,5.423502798E-71)
COSET -1 c=1 d=19 gcd=1 a0=(2.000000000,-2.000000000) 
rho=(0.01666666667,0.01666666667) contrib=(0.06666666667,-1.729894112E-71)
COSET -1 c=1 d=20 gcd=1 a0=(2.000000000,-2.000000000) 
rho=(0.01666666667,0.01666666667) contrib=(0.06666666667,4.392511377E-70)
COSET -1 c=1 d=21 gcd=1 a0=(2.000000000,-2.000000000) 
rho=(0.01666666667,0.01666666667) contrib=(0.06666666667,2.817342032E-70)
COSET -1 c=1 d=22 gcd=1 a0=(2.000000000,-2.000000000) 
rho=(0.01666666667,0.01666666667) contrib=(0.06666666667,-4.628418891E-71)
COSET -1 c=1 d=23 gcd=1 a0=(2.000000000,-2.000000000) 
rho=(0.01666666667,0.01666666667) contrib=(0.06666666667,-6.919930184E-71)
COSET -1 c=1 d=24 gcd=1 a0=(2.000000000,-2.000000000) 
rho=(0.01666666667,0.01666666667) contrib=(0.06666666667,1.554511077E-70)
COSET -1 c=1 d=25 gcd=1 a0=(2.000000000,-2.000000000) 
rho=(0.01666666667,0.01666666667) contrib=(0.06666666667,-4.598587032E-74)
COSET -1 c=1 d=26 gcd=1 a0=(2.000000000,-2.000000000) 
rho=(0.01666666667,0.01666666667) contrib=(0.06666666667,-1.765043824E-70)
COSET -1 c=1 d=27 gcd=1 a0=(2.000000000,-2.000000000) 
rho=(0.01666666667,0.01666666667) contrib=(0.06666666667,4.015627692E-71)
COSET -1 c=1 d=28 gcd=1 a0=(2.000000000,-2.000000000) 
rho=(0.01666666667,0.01666666667) contrib=(0.06666666667,-1.087872406E-70)
COSET -1 c=1 d=29 gcd=1 a0=(2.000000000,-2.000000000) 
rho=(0.01666666667,0.01666666667) contrib=(0.06666666667,-4.407639549E-70)
COSET -1 c=1 d=30 gcd=1 a0=(2.000000000,-2.000000000) 
rho=(0.01666666667,0.01666666667) contrib=(0.06666666667,3.596802534E-70)
COSET -1 c=1 d=31 gcd=1 a0=(2.000000000,-2.000000000) 
rho=(0.01666666667,0.01666666667) contrib=(0.06666666667,-8.055545356E-71)
COSET -1 c=1 d=32 gcd=1 a0=(2.000000000,-2.000000000) 
rho=(0.01666666667,0.01666666667) contrib=(0.06666666667,-1.290693676E-70)
COSET -1 c=1 d=33 gcd=1 a0=(2.000000000,-2.000000000) 
rho=(0.01666666667,0.01666666667) contrib=(0.06666666667,8.027246358E-71)
COSET -1 c=1 d=34 gcd=1 a0=(2.000000000,-2.000000000) 
rho=(0.01666666667,0.01666666667) contrib=(0.06666666667,-7.690252468E-72)
COSET -1 c=1 d=35 gcd=1 a0=(2.000000000,-2.000000000) 
rho=(0.01666666667,0.01666666667) contrib=(0.06666666667,-3.529108975E-70)
COSET -1 c=1 d=36 gcd=1 a0=(2.000000000,-2.000000000) 
rho=(0.01666666667,0.01666666667) contrib=(0.06666666667,-3.468431209E-70)
COSET -1 c=1 d=37 gcd=1 a0=(2.000000000,-2.000000000) 
rho=(0.01666666667,0.01666666667) contrib=(0.06666666667,-3.458750593E-70)
COSET -1 c=1 d=38 gcd=1 a0=(2.000000000,-2.000000000) 
rho=(0.01666666667,0.01666666667) contrib=(0.06666666667,6.183012507E-70)
COSET -1 c=1 d=39 gcd=1 a0=(2.000000000,-2.000000000) 
rho=(0.01666666667,0.01666666667) contrib=(0.06666666667,-5.971677955E-71)
COSET -1 c=1 d=40 gcd=1 a0=(2.000000000,-2.000000000) 
rho=(0.01666666667,0.01666666667) contrib=(0.06666666667,-5.490595004E-71)
COSET -1 c=1 d=41 gcd=1 a0=(2.000000000,-2.000000000) 
rho=(0.01666666667,0.01666666667) contrib=(0.06666666667,-1.091110283E-69)
COSET -1 c=1 d=42 gcd=1 a0=(2.000000000,-2.000000000) 
rho=(0.01666666667,0.01666666667) contrib=(0.06666666667,6.895876036E-71)
COSET -1 c=1 d=43 gcd=1 a0=(2.000000000,-2.000000000) 
rho=(0.01666666667,0.01666666667) contrib=(0.06666666667,-3.240919063E-70)
COSET -1 c=1 d=44 gcd=1 a0=(2.000000000,-2.000000000) 
rho=(0.01666666667,0.01666666667) contrib=(0.06666666667,5.893808548E-70)
COSET -1 c=1 d=45 gcd=1 a0=(2.000000000,-2.000000000) 
rho=(0.01666666667,0.01666666667) contrib=(0.06666666667,1.031510236E-70)
COSET -1 c=1 d=46 gcd=1 a0=(2.000000000,-2.000000000) 
rho=(0.01666666667,0.01666666667) contrib=(0.06666666667,-9.942498901E-71)
COSET -1 c=1 d=47 gcd=1 a0=(2.000000000,-2.000000000) 
rho=(0.01666666667,0.01666666667) contrib=(0.06666666667,3.046693613E-70)
COSET -1 c=1 d=48 gcd=1 a0=(2.000000000,-2.000000000) 
rho=(0.01666666667,0.01666666667) contrib=(0.06666666667,-9.500268115E-70)
COSET -1 c=1 d=49 gcd=1 a0=(2.000000000,-2.000000000) 
rho=(0.01666666667,0.01666666667) contrib=(0.06666666667,4.594825624E-70)
COSET -1 c=1 d=50 gcd=1 a0=(2.000000000,-2.000000000) 
rho=(0.01666666667,0.01666666667) contrib=(0.06666666667,3.319236537E-72)
COSET -1 c=1 d=51 gcd=1 a0=(2.000000000,-2.000000000) 
rho=(0.01666666667,0.01666666667) contrib=(0.06666666667,3.888246831E-70)
COSET -1 c=1 d=52 gcd=1 a0=(2.000000000,-2.000000000) 
rho=(0.01666666667,0.01666666667) contrib=(0.06666666667,-1.120168636E-73)
COSET -1 c=1 d=53 gcd=1 a0=(2.000000000,-2.000000000) 
rho=(0.01666666667,0.01666666667) contrib=(0.06666666667,2.607398847E-71)
COSET -1 c=1 d=54 gcd=1 a0=(2.000000000,-2.000000000) 
rho=(0.01666666667,0.01666666667) contrib=(0.06666666667,1.068809494E-69)
COSET -1 c=1 d=55 gcd=1 a0=(2.000000000,-2.000000000) 
rho=(0.01666666667,0.01666666667) contrib=(0.06666666667,-2.538455415E-70)
COSET -1 c=1 d=56 gcd=1 a0=(2.000000000,-2.000000000) 
rho=(0.01666666667,0.01666666667) contrib=(0.06666666667,2.152987701E-70)
COSET -1 c=1 d=57 gcd=1 a0=(2.000000000,-2.000000000) 
rho=(0.01666666667,0.01666666667) contrib=(0.06666666667,1.768805233E-70)
COSET -1 c=1 d=58 gcd=1 a0=(2.000000000,-2.000000000) 
rho=(0.01666666667,0.01666666667) contrib=(0.06666666667,-5.500122333E-70)
COSET -1 c=1 d=59 gcd=1 a0=(2.000000000,-2.000000000) 
rho=(0.01666666667,0.01666666667) contrib=(0.06666666667,3.077758837E-69)
COSET -1 c=3 d=1 gcd=3 a0=(2.000000000,2.000000000) 
rho=(0.05000000000,-0.05000000000) contrib=(0.2000000000,1.185573114E-74)
COSET -1 c=3 d=2 gcd=3 a0=(2.000000000,2.000000000) 
rho=(0.05000000000,-0.05000000000) contrib=(0.2000000000,-1.962134333E-75)
COSET -1 c=3 d=4 gcd=3 a0=(2.000000000,2.000000000) 
rho=(0.05000000000,-0.05000000000) contrib=(0.2000000000,1.431531194E-74)
COSET -1 c=3 d=5 gcd=3 a0=(2.000000000,2.000000000) 
rho=(0.05000000000,-0.05000000000) contrib=(0.2000000000,2.169405857E-74)
COSET -1 c=3 d=7 gcd=3 a0=(2.000000000,2.000000000) 
rho=(0.05000000000,-0.05000000000) contrib=(0.2000000000,-1.707888799E-74)
COSET -1 c=3 d=8 gcd=3 a0=(2.000000000,2.000000000) 
rho=(0.05000000000,-0.05000000000) contrib=(0.2000000000,2.810555011E-74)
COSET -1 c=3 d=10 gcd=3 a0=(2.000000000,2.000000000) 
rho=(0.05000000000,-0.05000000000) contrib=(0.2000000000,1.680252849E-74)
COSET -1 c=3 d=11 gcd=3 a0=(2.000000000,2.000000000) 
rho=(0.05000000000,-0.05000000000) contrib=(0.2000000000,-9.810684316E-75)
COSET -1 c=3 d=13 gcd=3 a0=(2.000000000,2.000000000) 
rho=(0.05000000000,-0.05000000000) contrib=(0.2000000000,6.336874933E-74)
COSET -1 c=3 d=14 gcd=3 a0=(2.000000000,2.000000000) 
rho=(0.05000000000,-0.05000000000) contrib=(0.2000000000,-2.606049907E-74)
COSET -1 c=3 d=16 gcd=3 a0=(2.000000000,2.000000000) 
rho=(0.05000000000,-0.05000000000) contrib=(0.2000000000,1.706783253E-73)
COSET -1 c=3 d=17 gcd=3 a0=(2.000000000,2.000000000) 
rho=(0.05000000000,-0.05000000000) contrib=(0.2000000000,1.632166799E-73)
COSET -1 c=3 d=19 gcd=3 a0=(2.000000000,2.000000000) 
rho=(0.05000000000,-0.05000000000) contrib=(0.2000000000,-2.382200840E-74)
COSET -1 c=3 d=20 gcd=3 a0=(2.000000000,2.000000000) 
rho=(0.05000000000,-0.05000000000) contrib=(0.2000000000,2.724883934E-73)
COSET -1 c=3 d=23 gcd=3 a0=(2.000000000,2.000000000) 
rho=(0.05000000000,-0.05000000000) contrib=(0.2000000000,-1.102665969E-73)
COSET -1 c=3 d=26 gcd=3 a0=(2.000000000,2.000000000) 
rho=(0.05000000000,-0.05000000000) contrib=(0.2000000000,1.309105006E-73)
COSET -1 c=3 d=29 gcd=3 a0=(2.000000000,2.000000000) 
rho=(0.05000000000,-0.05000000000) contrib=(0.2000000000,2.592232385E-73)
COSET -1 c=3 d=32 gcd=3 a0=(2.000000000,2.000000000) 
rho=(0.05000000000,-0.05000000000) contrib=(0.2000000000,1.417160747E-73)
COSET -1 c=3 d=35 gcd=3 a0=(2.000000000,2.000000000) 
rho=(0.05000000000,-0.05000000000) contrib=(0.2000000000,3.045182153E-73)
COSET -1 c=3 d=38 gcd=3 a0=(2.000000000,2.000000000) 
rho=(0.05000000000,-0.05000000000) contrib=(0.2000000000,-2.188197812E-73)
COSET -1 c=4 d=1 gcd=4 a0=(8.000000000,5.903821279E-74) 
rho=(-7.920649814E-81,-1.435001788E-81) contrib=(-6.336519851E-80,-1.148001430E\
-80)
COSET -1 c=4 d=3 gcd=4 a0=(7.359425144E-74,8.000000000) 
rho=(8.543572917E-82,4.552911737E-81) contrib=(-3.642329389E-80,6.834858333E-81\
)
COSET -1 c=4 d=5 gcd=4 a0=(8.000000000,-7.306545153E-74) 
rho=(-7.920649814E-81,-1.435001788E-81) contrib=(-6.336519851E-80,-1.148001430E\
-80)
COSET -1 c=4 d=7 gcd=4 a0=(2.107541137E-73,8.000000000) 
rho=(8.543572917E-82,4.552911737E-81) contrib=(-3.642329389E-80,6.834858333E-81\
)
COSET -1 c=4 d=9 gcd=4 a0=(8.000000000,3.190151486E-73) 
rho=(-7.920649814E-81,-1.435001788E-81) contrib=(-6.336519851E-80,-1.148001430E\
-80)
COSET -1 c=4 d=11 gcd=4 a0=(-1.034853887E-72,8.000000000) 
rho=(8.543572917E-82,4.552911737E-81) contrib=(-3.642329389E-80,6.834858333E-81\
)
COSET -1 c=4 d=13 gcd=4 a0=(8.000000000,-3.989023435E-73) 
rho=(-7.920649814E-81,-1.435001788E-81) contrib=(-6.336519851E-80,-1.148001430E\
-80)
COSET -1 c=4 d=15 gcd=4 a0=(-1.935453489E-72,8.000000000) 
rho=(8.543572917E-82,4.552911737E-81) contrib=(-3.642329389E-80,6.834858333E-81\
)
COSET -1 c=4 d=17 gcd=4 a0=(8.000000000,-4.119750016E-73) 
rho=(-7.920649814E-81,-1.435001788E-81) contrib=(-6.336519851E-80,-1.148001430E\
-80)
COSET -1 c=4 d=19 gcd=4 a0=(4.731432970E-73,8.000000000) 
rho=(8.543572917E-82,4.552911737E-81) contrib=(-3.642329389E-80,6.834858333E-81\
)
COSET -1 c=4 d=21 gcd=4 a0=(8.000000000,3.674967987E-73) 
rho=(-7.920649814E-81,-1.435001788E-81) contrib=(-6.336519851E-80,-1.148001430E\
-80)
COSET -1 c=4 d=23 gcd=4 a0=(-1.386531247E-72,8.000000000) 
rho=(8.543572917E-82,4.552911737E-81) contrib=(-3.642329389E-80,6.834858333E-81\
)
COSET -1 c=4 d=25 gcd=4 a0=(8.000000000,1.796261618E-72) 
rho=(-7.920649814E-81,-1.435001788E-81) contrib=(-6.336519851E-80,-1.148001430E\
-80)
COSET -1 c=4 d=27 gcd=4 a0=(4.109182356E-72,8.000000000) 
rho=(8.543572917E-82,4.552911737E-81) contrib=(-3.642329389E-80,6.834858333E-81\
)
COSET -1 c=4 d=29 gcd=4 a0=(8.000000000,-2.167166728E-73) 
rho=(-7.920649814E-81,-1.435001788E-81) contrib=(-6.336519851E-80,-1.148001430E\
-80)
COSET -1 c=5 d=1 gcd=5 a0=(-1.000000000,1.000000000) 
rho=(0.08333333334,0.08333333334) contrib=(-0.1666666667,-2.395100575E-75)
COSET -1 c=5 d=2 gcd=5 a0=(-1.000000000,1.000000000) 
rho=(0.08333333334,0.08333333334) contrib=(-0.1666666667,-2.993877037E-75)
COSET -1 c=5 d=3 gcd=5 a0=(1.000000000,-1.000000000) 
rho=(-0.08333333334,-0.08333333334) contrib=(-0.1666666667,3.270225997E-75)
COSET -1 c=5 d=4 gcd=5 a0=(1.000000000,-1.000000000) 
rho=(-0.08333333334,-0.08333333334) contrib=(-0.1666666667,-3.039932386E-75)
COSET -1 c=5 d=6 gcd=5 a0=(-1.000000000,1.000000000) 
rho=(0.08333333334,0.08333333334) contrib=(-0.1666666667,4.559893834E-75)
COSET -1 c=5 d=7 gcd=5 a0=(-1.000000000,1.000000000) 
rho=(0.08333333334,0.08333333334) contrib=(-0.1666666667,-1.473911371E-75)
COSET -1 c=5 d=8 gcd=5 a0=(1.000000000,-1.000000000) 
rho=(-0.08333333334,-0.08333333334) contrib=(-0.1666666667,1.211366260E-74)
COSET -1 c=5 d=9 gcd=5 a0=(1.000000000,-1.000000000) 
rho=(-0.08333333334,-0.08333333334) contrib=(-0.1666666667,1.658143308E-75)
COSET -1 c=5 d=11 gcd=5 a0=(-1.000000000,1.000000000) 
rho=(0.08333333334,0.08333333334) contrib=(-0.1666666667,-1.842414252E-76)
COSET -1 c=5 d=12 gcd=5 a0=(-1.000000000,1.000000000) 
rho=(0.08333333334,0.08333333334) contrib=(-0.1666666667,-1.298880278E-74)
COSET -1 c=5 d=17 gcd=5 a0=(-1.000000000,1.000000000) 
rho=(0.08333333334,0.08333333334) contrib=(-0.1666666667,1.906865490E-74)
COSET -1 c=5 d=22 gcd=5 a0=(-1.000000000,1.000000000) 
rho=(0.08333333334,0.08333333334) contrib=(-0.1666666667,1.612079526E-75)
COSET -1 c=12 d=1 gcd=12 a0=(10.00000000,-1.862765531E-72) 
rho=(-1.020781260E-80,-1.277747335E-80) contrib=(-1.020781260E-79,-1.277747335E\
-79)
COSET -1 c=12 d=5 gcd=12 a0=(-10.00000000,-4.039682970E-72) 
rho=(2.302811363E-81,2.270965140E-81) contrib=(-2.302811363E-80,-2.270965140E-8\
0)
COSET -1 c=12 d=7 gcd=12 a0=(7.642909847E-73,10.00000000) 
rho=(9.713098001E-82,2.674533655E-81) contrib=(-2.674533655E-80,9.713098001E-81\
)
COSET -1 c=12 d=13 gcd=12 a0=(10.00000000,-1.345628583E-72) 
rho=(-1.020781260E-80,-1.277747335E-80) contrib=(-1.020781260E-79,-1.277747335E\
-79)
COSET -1 c=12 d=19 gcd=12 a0=(-1.267222404E-71,10.00000000) 
rho=(9.713098001E-82,2.674533655E-81) contrib=(-2.674533655E-80,9.713098001E-81\
)
COSET -1 c=15 d=1 gcd=15 a0=(-1.000000000,-1.000000000) 
rho=(-0.2500000000,0.2500000000) contrib=(0.5000000000,-5.571365501E-73)
COSET -1 c=15 d=2 gcd=15 a0=(-1.000000000,-1.000000000) 
rho=(-0.2500000000,0.2500000000) contrib=(0.5000000000,2.918334226E-73)
COSET -1 c=15 d=4 gcd=15 a0=(-1.000000000,-1.000000000) 
rho=(-0.2500000000,0.2500000000) contrib=(0.5000000000,-7.932562658E-72)
COSET -1 c=15 d=7 gcd=15 a0=(-1.000000000,-1.000000000) 
rho=(-0.2500000000,0.2500000000) contrib=(0.5000000000,1.403453390E-71)
COSET -1 c=20 d=1 gcd=20 a0=(12.00000000,1.131846749E-71) 
rho=(-3.204388916E-81,1.629867728E-80) contrib=(-3.845266700E-80,1.955841273E-7\
9)
COSET -1 c=20 d=3 gcd=20 a0=(2.693923921E-71,12.00000000) 
rho=(-2.440344386E-81,-1.101922641E-81) contrib=(1.322307169E-80,-2.928413263E-\
80)
COSET -1 c=20 d=11 gcd=20 a0=(3.685030882E-71,-12.00000000) 
rho=(-4.678100337E-82,-1.319971034E-81) contrib=(-1.583965241E-80,5.613720405E-\
81)
