BASE 6 7  M = 84  ds = [ 1, 2, 3, 4, 6, 7, 12, 14, 21, 28, 42, 84 ]
#isotropic = 13 (2N-1 = 13)
#cosets = 192
#monomials = 78
a0 table built
FORM -2:
  c_eta(0)[1] (trivial) = 7.92652303067E-74 + -2.32645428536E-74 i   (half: 
3.96326151534E-74)
  c_eta(0)[2] = 4.00000000000 + -2.12458768268E-74 i   (half: 2.00000000000)
  c_eta(0)[3] = 4.00000000000 + -2.12458435417E-74 i   (half: 2.00000000000)
  c_eta(0)[4] = 4.00000000000 + -2.12457310629E-74 i   (half: 2.00000000000)
  c_eta(0)[5] = 4.00000000000 + -2.12457483531E-74 i   (half: 2.00000000000)
  c_eta(0)[6] = 4.00000000000 + -2.12457893788E-74 i   (half: 2.00000000000)
  c_eta(0)[7] = 4.00000000000 + -2.12457777058E-74 i   (half: 2.00000000000)
  c_eta(0)[8] = 4.00000000000 + -2.12456294765E-74 i   (half: 2.00000000000)
  c_eta(0)[9] = 4.00000000000 + -2.12456243421E-74 i   (half: 2.00000000000)
  c_eta(0)[10] = 4.00000000000 + -2.12456777576E-74 i   (half: 2.00000000000)
  c_eta(0)[11] = 4.00000000000 + -2.12455480649E-74 i   (half: 2.00000000000)
  c_eta(0)[12] = 4.00000000000 + -2.12456220059E-74 i   (half: 2.00000000000)
  c_eta(0)[13] = 4.00000000000 + -2.12455799470E-74 i   (half: 2.00000000000)
FORM -1:
  c_eta(0)[1] (trivial) = -1.26422628098E-74 + 2.16358857252E-75 i   (half: 
-6.32113140492E-75)
  c_eta(0)[2] = 2.00000000000 + 5.67434849335E-75 i   (half: 1.00000000000)
  c_eta(0)[3] = 2.00000000000 + 5.67435950071E-75 i   (half: 1.00000000000)
  c_eta(0)[4] = 2.00000000000 + 5.67444840887E-75 i   (half: 1.00000000000)
  c_eta(0)[5] = 2.00000000000 + 5.67444548658E-75 i   (half: 1.00000000000)
  c_eta(0)[6] = 2.00000000000 + 5.67441773286E-75 i   (half: 1.00000000000)
  c_eta(0)[7] = 2.00000000000 + 5.67442885813E-75 i   (half: 1.00000000000)
  c_eta(0)[8] = 2.00000000000 + 5.67452493631E-75 i   (half: 1.00000000000)
  c_eta(0)[9] = 2.00000000000 + 5.67461253130E-75 i   (half: 1.00000000000)
  c_eta(0)[10] = 2.00000000000 + 5.67450047222E-75 i   (half: 1.00000000000)
  c_eta(0)[11] = 2.00000000000 + 5.67464351604E-75 i   (half: 1.00000000000)
  c_eta(0)[12] = 2.00000000000 + 5.67458145462E-75 i   (half: 1.00000000000)
  c_eta(0)[13] = 2.00000000000 + 5.67457533870E-75 i   (half: 1.00000000000)
FORM 9:
  c_eta(0)[1] (trivial) = -3.48336776974E-72 + 1.01517050840E-72 i   (half: 
-1.74168388487E-72)
  c_eta(0)[2] = 20.0000000000 + 8.25030125905E-73 i   (half: 10.0000000000)
  c_eta(0)[3] = 20.0000000000 + 8.25030218967E-73 i   (half: 10.0000000000)
  c_eta(0)[4] = 20.0000000000 + 8.25030556083E-73 i   (half: 10.0000000000)
  c_eta(0)[5] = 20.0000000000 + 8.25030502842E-73 i   (half: 10.0000000000)
  c_eta(0)[6] = 20.0000000000 + 8.25030398926E-73 i   (half: 10.0000000000)
  c_eta(0)[7] = 20.0000000000 + 8.25030426551E-73 i   (half: 10.0000000000)
  c_eta(0)[8] = 20.0000000000 + 8.25030853963E-73 i   (half: 10.0000000000)
  c_eta(0)[9] = 20.0000000000 + 8.25030924761E-73 i   (half: 10.0000000000)
  c_eta(0)[10] = 20.0000000000 + 8.25030714959E-73 i   (half: 10.0000000000)
  c_eta(0)[11] = 20.0000000000 + 8.25031123660E-73 i   (half: 10.0000000000)
  c_eta(0)[12] = 20.0000000000 + 8.25030910383E-73 i   (half: 10.0000000000)
  c_eta(0)[13] = 20.0000000000 + 8.25031003252E-73 i   (half: 10.0000000000)
FORM 10:
  c_eta(0)[1] (trivial) = 1.38427855405E-73 + -4.27388752399E-74 i   (half: 
6.92139277023E-74)
  c_eta(0)[2] = 10.0000000000 + -4.13864233721E-74 i   (half: 5.00000000000)
  c_eta(0)[3] = 10.0000000000 + -4.13863905714E-74 i   (half: 5.00000000000)
  c_eta(0)[4] = 10.0000000000 + -4.13862429060E-74 i   (half: 5.00000000000)
  c_eta(0)[5] = 10.0000000000 + -4.13862681674E-74 i   (half: 5.00000000000)
  c_eta(0)[6] = 10.0000000000 + -4.13863054560E-74 i   (half: 5.00000000000)
  c_eta(0)[7] = 10.0000000000 + -4.13862958080E-74 i   (half: 5.00000000000)
  c_eta(0)[8] = 10.0000000000 + -4.13861146783E-74 i   (half: 5.00000000000)
  c_eta(0)[9] = 10.0000000000 + -4.13860879758E-74 i   (half: 5.00000000000)
  c_eta(0)[10] = 10.0000000000 + -4.13861757896E-74 i   (half: 5.00000000000)
  c_eta(0)[11] = 10.0000000000 + -4.13860281501E-74 i   (half: 5.00000000000)
  c_eta(0)[12] = 10.0000000000 + -4.13860941524E-74 i   (half: 5.00000000000)
  c_eta(0)[13] = 10.0000000000 + -4.13860619121E-74 i   (half: 5.00000000000)
FORM 11:
  c_eta(0)[1] (trivial) = -3.73809454683E-72 + 1.08472058938E-72 i   (half: 
-1.86904727341E-72)
  c_eta(0)[2] = 10.0000000000 + 8.63631500582E-73 i   (half: 5.00000000000)
  c_eta(0)[3] = 10.0000000000 + 8.63631560843E-73 i   (half: 5.00000000000)
  c_eta(0)[4] = 10.0000000000 + 8.63631750293E-73 i   (half: 5.00000000000)
  c_eta(0)[5] = 10.0000000000 + 8.63631722313E-73 i   (half: 5.00000000000)
  c_eta(0)[6] = 10.0000000000 + 8.63631655686E-73 i   (half: 5.00000000000)
  c_eta(0)[7] = 10.0000000000 + 8.63631673663E-73 i   (half: 5.00000000000)
  c_eta(0)[8] = 10.0000000000 + 8.63631919945E-73 i   (half: 5.00000000000)
  c_eta(0)[9] = 10.0000000000 + 8.63631964041E-73 i   (half: 5.00000000000)
  c_eta(0)[10] = 10.0000000000 + 8.63631842053E-73 i   (half: 5.00000000000)
  c_eta(0)[11] = 10.0000000000 + 8.63632103114E-73 i   (half: 5.00000000000)
  c_eta(0)[12] = 10.0000000000 + 8.63631955840E-73 i   (half: 5.00000000000)
  c_eta(0)[13] = 10.0000000000 + 8.63632016468E-73 i   (half: 5.00000000000)
FORM 12:
  c_eta(0)[1] (trivial) = -3.32836958641E-72 + 1.02769611200E-72 i   (half: 
-1.66418479320E-72)
  c_eta(0)[2] = 18.0000000000 + 8.06029791820E-73 i   (half: 9.00000000000)
  c_eta(0)[3] = 18.0000000000 + 8.06029873875E-73 i   (half: 9.00000000000)
  c_eta(0)[4] = 18.0000000000 + 8.06030122083E-73 i   (half: 9.00000000000)
  c_eta(0)[5] = 18.0000000000 + 8.06030071763E-73 i   (half: 9.00000000000)
  c_eta(0)[6] = 18.0000000000 + 8.06029995601E-73 i   (half: 9.00000000000)
  c_eta(0)[7] = 18.0000000000 + 8.06030012101E-73 i   (half: 9.00000000000)
  c_eta(0)[8] = 18.0000000000 + 8.06030343434E-73 i   (half: 9.00000000000)
  c_eta(0)[9] = 18.0000000000 + 8.06030326638E-73 i   (half: 9.00000000000)
  c_eta(0)[10] = 18.0000000000 + 8.06030228895E-73 i   (half: 9.00000000000)
  c_eta(0)[11] = 18.0000000000 + 8.06030494552E-73 i   (half: 9.00000000000)
  c_eta(0)[12] = 18.0000000000 + 8.06030343338E-73 i   (half: 9.00000000000)
  c_eta(0)[13] = 18.0000000000 + 8.06030442322E-73 i   (half: 9.00000000000)
FORM 13:
  c_eta(0)[1] (trivial) = -1.26422628098E-74 + 2.16358857252E-75 i   (half: 
-6.32113140492E-75)
  c_eta(0)[2] = 2.00000000000 + 5.67434849335E-75 i   (half: 1.00000000000)
  c_eta(0)[3] = 2.00000000000 + 5.67435950071E-75 i   (half: 1.00000000000)
  c_eta(0)[4] = 2.00000000000 + 5.67444840887E-75 i   (half: 1.00000000000)
  c_eta(0)[5] = 2.00000000000 + 5.67444548658E-75 i   (half: 1.00000000000)
  c_eta(0)[6] = 2.00000000000 + 5.67441773286E-75 i   (half: 1.00000000000)
  c_eta(0)[7] = 2.00000000000 + 5.67442885813E-75 i   (half: 1.00000000000)
  c_eta(0)[8] = 2.00000000000 + 5.67452493631E-75 i   (half: 1.00000000000)
  c_eta(0)[9] = 2.00000000000 + 5.67461253130E-75 i   (half: 1.00000000000)
  c_eta(0)[10] = 2.00000000000 + 5.67450047222E-75 i   (half: 1.00000000000)
  c_eta(0)[11] = 2.00000000000 + 5.67464351604E-75 i   (half: 1.00000000000)
  c_eta(0)[12] = 2.00000000000 + 5.67458145462E-75 i   (half: 1.00000000000)
  c_eta(0)[13] = 2.00000000000 + 5.67457533870E-75 i   (half: 1.00000000000)
FORM 14:
  c_eta(0)[1] (trivial) = 1.24973927691E-73 + -4.12514346462E-74 i   (half: 
6.24869638454E-74)
  c_eta(0)[2] = 12.0000000000 + -3.60087841363E-74 i   (half: 6.00000000000)
  c_eta(0)[3] = 12.0000000000 + -3.60087403282E-74 i   (half: 6.00000000000)
  c_eta(0)[4] = 12.0000000000 + -3.60085037546E-74 i   (half: 6.00000000000)
  c_eta(0)[5] = 12.0000000000 + -3.60085319383E-74 i   (half: 6.00000000000)
  c_eta(0)[6] = 12.0000000000 + -3.60085969806E-74 i   (half: 6.00000000000)
  c_eta(0)[7] = 12.0000000000 + -3.60085762074E-74 i   (half: 6.00000000000)
  c_eta(0)[8] = 12.0000000000 + -3.60082989995E-74 i   (half: 6.00000000000)
  c_eta(0)[9] = 12.0000000000 + -3.60081847020E-74 i   (half: 6.00000000000)
  c_eta(0)[10] = 12.0000000000 + -3.60083845749E-74 i   (half: 6.00000000000)
  c_eta(0)[11] = 12.0000000000 + -3.60080938916E-74 i   (half: 6.00000000000)
  c_eta(0)[12] = 12.0000000000 + -3.60082219552E-74 i   (half: 6.00000000000)
  c_eta(0)[13] = 12.0000000000 + -3.60081958309E-74 i   (half: 6.00000000000)
FORM 15:
  c_eta(0)[1] (trivial) = -4.76270683967E-72 + -1.25360770568E-72 i   (half: 
-2.38135341984E-72)
  c_eta(0)[2] = 8.00000000000 + -1.44524686966E-72 i   (half: 4.00000000000)
  c_eta(0)[3] = 8.00000000000 + -1.44524682040E-72 i   (half: 4.00000000000)
  c_eta(0)[4] = 8.00000000000 + -1.44524671986E-72 i   (half: 4.00000000000)
  c_eta(0)[5] = 8.00000000000 + -1.44524674492E-72 i   (half: 4.00000000000)
  c_eta(0)[6] = 8.00000000000 + -1.44524678379E-72 i   (half: 4.00000000000)
  c_eta(0)[7] = 8.00000000000 + -1.44524677694E-72 i   (half: 4.00000000000)
  c_eta(0)[8] = 8.00000000000 + -1.44524662673E-72 i   (half: 4.00000000000)
  c_eta(0)[9] = 8.00000000000 + -1.44524667024E-72 i   (half: 4.00000000000)
  c_eta(0)[10] = 8.00000000000 + -1.44524668016E-72 i   (half: 4.00000000000)
  c_eta(0)[11] = 8.00000000000 + -1.44524656215E-72 i   (half: 4.00000000000)
  c_eta(0)[12] = 8.00000000000 + -1.44524664736E-72 i   (half: 4.00000000000)
  c_eta(0)[13] = 8.00000000000 + -1.44524658061E-72 i   (half: 4.00000000000)
