BASE 15 2  M = 60  ds = [ 1, 2, 3, 4, 5, 6, 10, 12, 15, 20, 30, 60 ]
#isotropic = 3 (2N-1 = 3)
#cosets = 144
#monomials = 86
MONO 1 [ -21, 8, 3, 1, 20, 8, -9, -4, -6, 0, 2, -1 ]
MONO 2 [ -21, 10, 7, 0, 16, -4, -1, 1, -6, -3, 4, -2 ]
MONO 3 [ -21, 11, 6, -1, 17, -2, -9, 0, -4, 4, 3, -3 ]
MONO 4 [ -21, 13, 8, -1, 17, -5, -6, 1, -6, -1, 3, -1 ]
MONO 5 [ -20, 9, 6, 2, 18, -2, -7, 0, -6, -1, 3, -1 ]
MONO 6 [ -20, 10, 7, 1, 19, -4, -9, 1, -6, 0, 4, -2 ]
MONO 7 [ -20, 14, 6, -2, 18, -3, -9, 0, -6, 0, 3, 0 ]
MONO 8 [ -16, 6, 3, 1, 10, 4, 1, -3, -3, -3, -2, 3 ]
MONO 9 [ -16, 8, 4, -1, 11, 0, -5, 0, -3, 4, 2, -3 ]
MONO 10 [ -15, 5, 1, 1, 14, 9, -6, -4, -4, 0, 1, -1 ]
MONO 11 [ -15, 7, 5, 0, 10, -3, 2, 1, -4, -3, 3, -2 ]
MONO 12 [ -15, 8, 4, -1, 11, -1, -6, 0, -2, 4, 2, -3 ]
MONO 13 [ -15, 10, 6, -1, 11, -4, -3, 1, -4, -1, 2, -1 ]
MONO 14 [ -14, 6, 4, 2, 12, -1, -4, 0, -4, -1, 2, -1 ]
MONO 15 [ -14, 7, 5, 1, 13, -3, -6, 1, -4, 0, 3, -2 ]
MONO 16 [ -14, 11, 4, -2, 12, -2, -6, 0, -4, 0, 2, 0 ]
MONO 17 [ -10, 3, 1, 1, 4, 5, 4, -3, -1, -3, -3, 3 ]
MONO 18 [ -10, 5, 2, -1, 5, 1, -2, 0, -1, 4, 1, -3 ]
MONO 19 [ -9, 2, -1, 1, 8, 10, -3, -4, -2, 0, 0, -1 ]
MONO 20 [ -9, 4, 3, 0, 4, -2, 5, 1, -2, -3, 2, -2 ]
MONO 21 [ -9, 5, 2, -1, 5, 0, -3, 0, 0, 4, 1, -3 ]
MONO 22 [ -9, 7, 4, -1, 5, -3, 0, 1, -2, -1, 1, -1 ]
MONO 23 [ -8, 3, 2, 2, 6, 0, -1, 0, -2, -1, 1, -1 ]
MONO 24 [ -8, 4, 3, 1, 7, -2, -3, 1, -2, 0, 2, -2 ]
MONO 25 [ -8, 8, 2, -2, 6, -1, -3, 0, -2, 0, 1, 0 ]
MONO 26 [ -4, 0, -1, 1, -2, 6, 7, -3, 1, -3, -4, 3 ]
MONO 27 [ -4, 2, 0, -1, -1, 2, 1, 0, 1, 4, 0, -3 ]
MONO 28 [ -3, -1, -3, 1, 2, 11, 0, -4, 0, 0, -1, -1 ]
MONO 29 [ -3, 1, 1, 0, -2, -1, 8, 1, 0, -3, 1, -2 ]
MONO 30 [ -3, 2, 0, -1, -1, 1, 0, 0, 2, 4, 0, -3 ]
MONO 31 [ -3, 4, 2, -1, -1, -2, 3, 1, 0, -1, 0, -1 ]
MONO 32 [ -2, 0, 0, 2, 0, 1, 2, 0, 0, -1, 0, -1 ]
MONO 33 [ -2, 1, 1, 1, 1, -1, 0, 1, 0, 0, 1, -2 ]
MONO 34 [ -2, 5, 0, -2, 0, 0, 0, 0, 0, 0, 0, 0 ]
MONO 35 [ 1, -2, -1, 0, -6, 1, 14, 2, 2, -4, -2, -4 ]
MONO 36 [ 1, -1, -1, -2, -6, -2, 13, 8, 2, -2, 1, -10 ]
MONO 37 [ 1, 0, -2, -1, -3, 1, 2, 2, 6, 2, 0, -7 ]
MONO 38 [ 1, 0, -1, -4, -6, -5, 12, 14, 2, 0, 4, -16 ]
MONO 39 [ 1, 1, -2, -3, -3, -2, 1, 8, 6, 4, 3, -13 ]
MONO 40 [ 1, 1, -1, -6, -6, -8, 11, 20, 2, 2, 7, -22 ]
MONO 41 [ 1, 2, -2, -5, -3, -5, 0, 14, 6, 6, 6, -19 ]
MONO 42 [ 1, 3, -2, -7, -3, -8, -1, 20, 6, 8, 9, -25 ]
MONO 43 [ 2, -2, -2, 0, -4, 3, 7, 0, 2, 0, 1, -6 ]
MONO 44 [ 2, -1, -2, -2, -4, 0, 6, 6, 2, 2, 4, -12 ]
MONO 45 [ 2, 0, -2, -4, -4, -3, 5, 12, 2, 4, 7, -18 ]
MONO 46 [ 2, 0, -1, -1, 0, 0, -1, 1, 1, 3, 2, -5 ]
MONO 47 [ 2, 1, -2, -6, -4, -6, 4, 18, 2, 6, 10, -24 ]
MONO 48 [ 2, 1, -1, -3, 0, -3, -2, 7, 1, 5, 5, -11 ]
MONO 49 [ 2, 2, -1, -5, 0, -6, -3, 13, 1, 7, 8, -17 ]
MONO 50 [ 2, 3, -1, -7, 0, -9, -4, 19, 1, 9, 11, -23 ]
MONO 51 [ 3, -4, -5, 1, -1, 12, 1, -4, 1, 1, 0, -4 ]
MONO 52 [ 3, -3, -5, -1, -1, 9, 0, 2, 1, 3, 3, -10 ]
MONO 53 [ 3, -2, -5, -3, -1, 6, -1, 8, 1, 5, 6, -16 ]
MONO 54 [ 3, -2, -2, 1, 0, 2, -1, 1, -1, 2, 6, -8 ]
MONO 55 [ 3, -1, -5, -5, -1, 3, -2, 14, 1, 7, 9, -22 ]
MONO 56 [ 3, -1, -2, -1, 0, -1, -2, 7, -1, 4, 9, -14 ]
MONO 57 [ 3, 0, -2, -3, 0, -4, -3, 13, -1, 6, 12, -20 ]
MONO 58 [ 3, 1, -2, -5, 0, -7, -4, 19, -1, 8, 15, -26 ]
MONO 59 [ 4, -3, -2, 0, -3, 4, 5, 0, 1, 0, 1, -6 ]
MONO 60 [ 4, -2, -2, -2, -3, 1, 4, 6, 1, 2, 4, -12 ]
MONO 61 [ 4, -2, -1, 0, -2, 1, 2, 1, 1, 1, 2, -6 ]
MONO 62 [ 4, -1, -2, -4, -3, -2, 3, 12, 1, 4, 7, -18 ]
MONO 63 [ 4, -1, -1, -2, -2, -2, 1, 7, 1, 3, 5, -12 ]
MONO 64 [ 4, -1, 0, -1, -1, -1, 0, 2, 1, 2, 3, -7 ]
MONO 65 [ 4, 0, -2, -6, -3, -5, 2, 18, 1, 6, 10, -24 ]
MONO 66 [ 4, 0, -1, -4, -2, -5, 0, 13, 1, 5, 8, -18 ]
MONO 67 [ 4, 0, 0, -3, -1, -4, -1, 8, 1, 4, 6, -13 ]
MONO 68 [ 4, 1, -1, -6, -2, -8, -1, 19, 1, 7, 11, -24 ]
MONO 69 [ 4, 1, 0, -5, -1, -7, -2, 14, 1, 6, 9, -19 ]
MONO 70 [ 4, 2, 0, -7, -1, -10, -3, 20, 1, 8, 12, -25 ]
MONO 71 [ -33, 16, 11, 0, 28, -6, -7, 1, -10, -3, 6, -2 ]
MONO 72 [ -33, 17, 10, -1, 29, -4, -15, 0, -8, 4, 5, -3 ]
MONO 73 [ -33, 19, 12, -1, 29, -7, -12, 1, -10, -1, 5, -1 ]
MONO 74 [ -32, 15, 10, 2, 30, -4, -13, 0, -10, -1, 5, -1 ]
MONO 75 [ -32, 16, 11, 1, 31, -6, -15, 1, -10, 0, 6, -2 ]
MONO 76 [ -32, 20, 10, -2, 30, -5, -15, 0, -10, 0, 5, 0 ]
MONO 77 [ -28, 14, 8, -1, 23, -2, -11, 0, -7, 4, 4, -3 ]
MONO 78 [ -27, 11, 5, 1, 26, 7, -12, -4, -8, 0, 3, -1 ]
MONO 79 [ -27, 13, 9, 0, 22, -5, -4, 1, -8, -3, 5, -2 ]
MONO 80 [ -27, 14, 8, -1, 23, -3, -12, 0, -6, 4, 4, -3 ]
MONO 81 [ -27, 16, 10, -1, 23, -6, -9, 1, -8, -1, 4, -1 ]
MONO 82 [ -26, 12, 8, 2, 24, -3, -10, 0, -8, -1, 4, -1 ]
MONO 83 [ -26, 13, 9, 1, 25, -5, -12, 1, -8, 0, 5, -2 ]
MONO 84 [ -26, 17, 8, -2, 24, -4, -12, 0, -8, 0, 4, 0 ]
MONO 85 [ -22, 9, 5, 1, 16, 3, -2, -3, -5, -3, -1, 3 ]
MONO 86 [ -22, 11, 6, -1, 17, -1, -8, 0, -5, 4, 3, -3 ]
a0 table built
TG 1 g=1 241.76266666666666666666666666666666666666666666667 
7.3040395554711265419205070879634379372713573082220E-76
TG 2 g=1 238.69920000000000000000000000000000000000000000000 
6.1892541311510186481935521683402863592998002611793E-77
TG 3 g=1 237.03600000000000000000000000000000000000000000000 
5.6703643371324274336182555272503623517352472392828E-76
TG 4 g=1 23.528000000000000000000000000000000000000000000000 
8.6384175573223338036742128919313371751709784895312E-78
TG 5 g=1 21.736000000000000000000000000000000000000000000000 
2.4167777940897109881354619041055493174794932269852E-77
TG 6 g=1 213.72800000000000000000000000000000000000000000000 
3.2382033678039544659938241838891998225197036366484E-76
TG 7 g=1 -0.19200000000000000000000000000000000000000000000000 
-1.8870534318382636571583947551773334023800830874440E-80
TG 8 g=1 0.052000000000000000000000000000000000000000000000000 
-4.6284641553258343006233718657596745951766609619174E-80
TG 9 g=1 132.13800000000000000000000000000000000000000000000 
2.6478852630276029489960612576006975101690453617377E-76
TG 10 g=1 118.84000000000000000000000000000000000000000000000 
3.3587498872188144222231753453074553998665311417354E-76
TG 11 g=1 115.84800000000000000000000000000000000000000000000 
2.4109303882971991245870232283651115469365501017385E-78
TG 12 g=1 114.70800000000000000000000000000000000000000000000 
2.4889257855603958276100437186260276555631914800298E-76
TG 13 g=1 14.520000000000000000000000000000000000000000000000 
2.0151059961887037459234821013200932332604000850351E-78
TG 14 g=1 13.560000000000000000000000000000000000000000000000 
1.2204210589640625979077874579032908404338795827504E-77
TG 15 g=1 99.840000000000000000000000000000000000000000000000 
1.2786027465995556402147522815206466573361636789556E-76
TG 16 g=1 0.24000000000000000000000000000000000000000000000000 
1.3622276775644374426395749103249409561129221766251E-79
TG 17 g=1 0.066666666666666666666666666666666666666666666666666 
-7.9242187873282766236353448285379642874619876390804E-80
TG 18 g=1 50.970000000000000000000000000000000000000000000000 
8.9276392438288821314931412381699130566411653767360E-77
TG 19 g=1 44.466666666666666666666666666666666666666666666667 
1.1602602493680270787075049286507099319632147364616E-76
TG 20 g=1 42.280000000000000000000000000000000000000000000000 
-8.0424319669317015573910401722328721006017753393813E-78
TG 21 g=1 41.180000000000000000000000000000000000000000000000 
8.1544322778805826361265194229535647825396859691076E-77
TG 22 g=1 7.8000000000000000000000000000000000000000000000000 
-4.9196923735075775046960012239260088702646486451053E-79
TG 23 g=1 6.6000000000000000000000000000000000000000000000000 
4.5699725270708102809336111940652114397155501928475E-78
TG 24 g=1 33.600000000000000000000000000000000000000000000000 
3.6505804163097141968560224853379189020404926540502E-77
TG 26 g=1 0.016666666666666666666666666666666666666666666666667 
-2.2386796590697650672038544855124021613664090910517E-80
TG 27 g=1 10.500000000000000000000000000000000000000000000000 
1.6190567038574194494311548713619811591787522558223E-77
TG 28 g=1 9.0000000000000000000000000000000000000000000000000 
2.1611786908901058757200559433744906166312293099492E-77
TG 29 g=1 7.0000000000000000000000000000000000000000000000000 
-2.7763932503291905963644404621424722058704954296606E-78
TG 30 g=1 6.6000000000000000000000000000000000000000000000000 
1.1562120453578265577893550762150222446642541112908E-77
TG 31 g=1 2.0000000000000000000000000000000000000000000000000 
-5.2865608619319997129033316009102055317329553012117E-79
TG 32 g=1 2.0000000000000000000000000000000000000000000000000 
9.6229182825808215991853783939992733502376527498260E-79
TG 33 g=1 4.0000000000000000000000000000000000000000000000000 
3.5435841353178865398110340244335623891249083526601E-78
TG 34 g=1 1.0000000000000000000000000000000000000000000000000 
1.5785184386997170107924598212768308460877715509866E-79
TG 35 g=1 6.0000000000000000000000000000000000000000000000000 
-1.3201643077709476549744240998603735802721594307094E-78
TG 36 g=1 30.000000000000000000000000000000000000000000000000 
4.9626483160602608099941468803269171077147308344180E-77
TG 38 g=1 150.00000000000000000000000000000000000000000000000 
5.2914524417776586756794293392699948205525327232932E-76
TG 40 g=1 750.00000000000000000000000000000000000000000000000 
4.0475562975588888348029484592979772689927914708022E-75
TG 71 g=1 664.93459200000000000000000000000000000000000000000 
-5.2536692043491204804433640498702430724289002216987E-77
TG 72 g=1 662.79273600000000000000000000000000000000000000000 
2.0056062107780998568355571142710127937321724846343E-75
TG 73 g=1 45.079360000000000000000000000000000000000000000000 
1.2233672518825974214648854060648191017459009266247E-76
TG 74 g=1 42.784640000000000000000000000000000000000000000000 
2.3609575587935015830307511610756779848349361621297E-76
TG 75 g=1 617.99488000000000000000000000000000000000000000000 
7.9488734742515117406160213603858677719146853354332E-76
TG 76 g=1 -0.19200000000000000000000000000000000000000000000000 
2.1742879140325130313495333952072448852673166469282E-77
TG 77 g=1 454.05512000000000000000000000000000000000000000000 
1.2508770471341378502820015143944478745463933527856E-75
TG 78 g=1 422.44320000000000000000000000000000000000000000000 
1.3859971009857196818166921445811791261694791084875E-75
TG 79 g=1 418.49120000000000000000000000000000000000000000000 
2.2414455804034706488138160730576537053533985945864E-76
TG 80 g=1 416.95024000000000000000000000000000000000000000000 
9.5796699697385127007098108038113432242604234042510E-76
TG 81 g=1 33.108800000000000000000000000000000000000000000000 
1.9584311400458964530693841672204656110749513326435E-77
TG 82 g=1 31.864000000000000000000000000000000000000000000000 
3.9820833447005790764867381792381217397442682930393E-77
TG 83 g=1 383.26400000000000000000000000000000000000000000000 
6.1698227519020561477864328766489854602647892603593E-76
TG 84 g=1 0.35520000000000000000000000000000000000000000000000 
1.2744814500169487210022469456382034979054162647191E-78
TG 85 g=1 0.027466666666666666666666666666666666666666666666667 
5.3510439726847597466255970455238071479967812316672E-80
TG 86 g=1 263.57720000000000000000000000000000000000000000000 
5.8510041960764862336992533870472707094310902469056E-76
TG 2 g=3 -0.0016000000000000000000000000000000000000000000000000 
8.7058129502569112694372046301266021341856842968186E-82
TG 3 g=3 0.00080000000000000000000000000000000000000000000000000 
-8.3403610696811106627881460927805448815215386667729E-83
TG 5 g=3 0.0040000000000000000000000000000000000000000000000000 
1.1744008508758802871924311493114801174588896979959E-81
TG 7 g=3 0.0080000000000000000000000000000000000000000000000000 
-3.5449458358855538157275123819151847665800708893387E-81
TG 8 g=3 0.0020000000000000000000000000000000000000000000000000 
1.9543917212006486242539212719298206487918304657738E-81
TG 9 g=3 -0.0020000000000000000000000000000000000000000000000000 
-2.0998740528172298447499315938373469110982279328505E-82
TG 11 g=3 0.0080000000000000000000000000000000000000000000000000 
-3.4823515355976225840829427234857690287217929936309E-81
TG 12 g=3 -0.0040000000000000000000000000000000000000000000000000 
8.3019808802940370391745020653751399685715945886152E-84
TG 14 g=3 -0.020000000000000000000000000000000000000000000000000 
-7.9606772218819488497862169804652731031969845888610E-81
TG 16 g=3 -0.040000000000000000000000000000000000000000000000000 
1.3425489080704071326207909054292369206318635820446E-80
TG 17 g=3 -0.010000000000000000000000000000000000000000000000000 
-1.0839356147755333597734899482340192668489785918834E-80
TG 18 g=3 0.010000000000000000000000000000000000000000000000000 
2.0794485443022207060027562316130112492707898826722E-81
TG 20 g=3 -0.040000000000000000000000000000000000000000000000000 
1.3465022322991185788299216206984631777597548175630E-80
TG 21 g=3 0.020000000000000000000000000000000000000000000000000 
2.0570463736728558441510155117540624588794062147347E-81
TG 23 g=3 0.10000000000000000000000000000000000000000000000000 
4.9811885281764222235047012392250839811429567531691E-80
TG 25 g=3 0.20000000000000000000000000000000000000000000000000 
-4.6491092929646607419377211566100783824000929696245E-80
TG 26 g=3 0.050000000000000000000000000000000000000000000000000 
5.9444818652391112831295521931598819679724544744830E-80
TG 27 g=3 -0.050000000000000000000000000000000000000000000000000 
-1.5536564218835983601883711008059190512612555587266E-80
TG 29 g=3 0.20000000000000000000000000000000000000000000000000 
-4.6491092929646607419377211566100783824000929696245E-80
TG 30 g=3 -0.10000000000000000000000000000000000000000000000000 
-2.0372797525292986131053619354079311732399500371427E-80
TG 32 g=3 -0.50000000000000000000000000000000000000000000000000 
-3.0211303755812871930176926087427056971344821831523E-79
TG 34 g=3 -1.0000000000000000000000000000000000000000000000000 
1.2887836985599314641766131777677598236925427789946E-79
TG 35 g=3 -2.0000000000000000000000000000000000000000000000000 
3.9607037672717075753877592710621461411966324913559E-79
TG 36 g=3 10.000000000000000000000000000000000000000000000000 
-9.6871202680550954856216612099715077659946064146446E-78
TG 37 g=3 -8.0000000000000000000000000000000000000000000000000 
-8.3620714085704510215532889374673790769155413684947E-79
TG 38 g=3 -50.000000000000000000000000000000000000000000000000 
8.6751852296823407918396659353641499114635349315124E-77
TG 39 g=3 40.000000000000000000000000000000000000000000000000 
-2.6414952854476128211856761085824210426478387638118E-77
TG 40 g=3 250.00000000000000000000000000000000000000000000000 
-6.2706100297119191343363875057229456409854659848273E-76
TG 41 g=3 -200.00000000000000000000000000000000000000000000000 
2.8612242087387779706461285678182317948217359469122E-76
TG 42 g=3 1000.0000000000000000000000000000000000000000000000 
-2.2025236450344243139958781463460441115766799810299E-75
TG 43 g=3 -4.0000000000000000000000000000000000000000000000000 
-1.9292222236111857500557890513824134784109229329734E-79
TG 44 g=3 20.000000000000000000000000000000000000000000000000 
-1.4374708583512547637328254661868721717772840743315E-77
TG 45 g=3 -100.00000000000000000000000000000000000000000000000 
1.4880966013142363823607921884958810570561088508819E-76
TG 46 g=3 4.0000000000000000000000000000000000000000000000000 
-1.7932278701435120004616924461210302332114644311409E-78
TG 47 g=3 500.00000000000000000000000000000000000000000000000 
-1.1285737055726983381257234109391283194319943416675E-75
TG 48 g=3 -20.000000000000000000000000000000000000000000000000 
2.4346784461973164165704057828446058097545847414125E-77
TG 49 g=3 100.00000000000000000000000000000000000000000000000 
-1.9933124617872613929458937724697044319663948722014E-76
TG 50 g=3 -500.00000000000000000000000000000000000000000000000 
1.3801021147398240378401009089431899569407478522817E-75
TG 54 g=3 -20.000000000000000000000000000000000000000000000000 
2.2623556786172702839452039914025460790545577126563E-79
TG 56 g=3 100.00000000000000000000000000000000000000000000000 
-7.8532838514342595096997780566049854195654432122588E-77
TG 57 g=3 -500.00000000000000000000000000000000000000000000000 
7.7664983695259971964122957253001203690901732681669E-76
TG 58 g=3 2500.0000000000000000000000000000000000000000000000 
-5.8123533357572201664018242100030994387431232154894E-75
TG 71 g=3 -6.4000000000000000000000000000000000000000000000000E-5 
4.7806421553183907615078883692436702453366792167064E-83
TG 72 g=3 3.2000000000000000000000000000000000000000000000000E-5 
-9.9661986031072655116782288365437533441762083673393E-84
TG 74 g=3 0.00016000000000000000000000000000000000000000000000000 
1.3381014183131067556355188507513573813629859420864E-83
TG 76 g=3 0.00032000000000000000000000000000000000000000000000000 
-2.0642233043663957487898415644324036265069987618820E-82
TG 77 g=3 -8.0000000000000000000000000000000000000000000000000E-5 
8.5720011612071719641043989405867708851089157479285E-84
TG 79 g=3 0.00032000000000000000000000000000000000000000000000000 
-2.0662823274021829603570971453017923020944421137145E-82
TG 80 g=3 -0.00016000000000000000000000000000000000000000000000000 
3.3770613336396077333797613401487097138822897543245E-83
TG 82 g=3 -0.00080000000000000000000000000000000000000000000000000 
-1.5338403841871822360651033905189224374077007406906E-82
TG 84 g=3 -0.0016000000000000000000000000000000000000000000000000 
8.7099309963284856925717157918653794853605710004836E-82
TG 85 g=3 -0.00040000000000000000000000000000000000000000000000000 
-3.4930666914758592330789407663300676964788481965672E-82
TG 86 g=3 0.00040000000000000000000000000000000000000000000000000 
6.1111803702164439316145640203455891435318682388418E-85
TG 1 g=4 2.5469950230844944110026154907868365922627266699802E-82 
1.3025471236524824250528460383346956818414974507993E-83
TG 2 g=4 -1.5281970138506966466015692944721019553576360019881E-82 
-7.8152827419148945503170762300081740910489847047958E-84
TG 3 g=4 -1.5281970138506966466015692944721019553576360019881E-82 
-7.8152827419148945503170762300081740910489847047958E-84
TG 7 g=4 7.6409850692534832330078464723605097767881800099407E-82 
3.9076413709574472751585381150040870455244923523979E-83
TG 8 g=4 2.5469950230844944110026154907868365922627266699802E-82 
1.3025471236524824250528460383346956818414974507993E-83
TG 9 g=4 -7.6409850692534832330078464723605097767881800099407E-82 
-3.9076413709574472751585381150040870455244923523979E-83
TG 10 g=4 1.2734975115422472055013077453934182961313633349901E-81 
6.5127356182624121252642301916734784092074872539965E-83
TG 11 g=4 -7.6409850692534832330078464723605097767881800099407E-82 
-3.9076413709574472751585381150040870455244923523979E-83
TG 12 g=4 -7.6409850692534832330078464723605097767881800099407E-82 
-3.9076413709574472751585381150040870455244923523979E-83
TG 16 g=4 3.8204925346267416165039232361802548883940900049704E-81 
1.9538206854787236375792690575020435227622461761990E-82
TG 17 g=4 1.2734975115422472055013077453934182961313633349901E-81 
6.5127356182624121252642301916734784092074872539965E-83
TG 18 g=4 -3.8204925346267416165039232361802548883940900049704E-81 
-1.9538206854787236375792690575020435227622461761990E-82
TG 19 g=4 6.3674875577112360275065387269670914806568166749506E-81 
3.2563678091312060626321150958367392046037436269983E-82
TG 20 g=4 -3.8204925346267416165039232361802548883940900049704E-81 
-1.9538206854787236375792690575020435227622461761990E-82
TG 21 g=4 -3.8204925346267416165039232361802548883940900049704E-81 
-1.9538206854787236375792690575020435227622461761990E-82
TG 25 g=4 1.9102462673133708082519616180901274441970450024852E-80 
9.7691034273936181878963452875102176138112308809948E-82
TG 26 g=4 6.3674875577112360275065387269670914806568166749506E-81 
3.2563678091312060626321150958367392046037436269983E-82
TG 27 g=4 -1.9102462673133708082519616180901274441970450024852E-80 
-9.7691034273936181878963452875102176138112308809948E-82
TG 28 g=4 3.1837437788556180137532693634835457403284083374753E-80 
1.6281839045656030313160575479183696023018718134991E-81
TG 29 g=4 -1.9102462673133708082519616180901274441970450024852E-80 
-9.7691034273936181878963452875102176138112308809948E-82
TG 30 g=4 -1.9102462673133708082519616180901274441970450024852E-80 
-9.7691034273936181878963452875102176138112308809948E-82
TG 34 g=4 9.5512313365668540412598080904506372209852250124259E-80 
4.8845517136968090939481726437551088069056154404974E-81
TG 35 g=4 2.8653694009700562123779424271351911662955675037278E-79 
1.4653655141090427281844517931265326420716846321492E-80
TG 36 g=4 1.4326847004850281061889712135675955831477837518639E-78 
7.3268275705452136409222589656326632103584231607461E-80
TG 37 g=4 -9.5512313365668540412598080904506372209852250124259E-80 
-4.8845517136968090939481726437551088069056154404974E-81
TG 38 g=4 7.1634235024251405309448560678379779157389187593194E-78 
3.6634137852726068204611294828163316051792115803731E-79
TG 39 g=4 -4.7756156682834270206299040452253186104926125062129E-79 
-2.4422758568484045469740863218775544034528077202487E-80
TG 40 g=4 3.5817117512125702654724280339189889578694593796597E-77 
1.8317068926363034102305647414081658025896057901865E-78
TG 41 g=4 -2.3878078341417135103149520226126593052463062531065E-78 
-1.2211379284242022734870431609387772017264038601243E-79
TG 42 g=4 -1.1939039170708567551574760113063296526231531265532E-77 
-6.1056896421210113674352158046938860086320193006217E-79
TG 43 g=4 -2.8653694009700562123779424271351911662955675037278E-79 
-1.4653655141090427281844517931265326420716846321492E-80
TG 44 g=4 -1.4326847004850281061889712135675955831477837518639E-78 
-7.3268275705452136409222589656326632103584231607461E-80
TG 45 g=4 -7.1634235024251405309448560678379779157389187593194E-78 
-3.6634137852726068204611294828163316051792115803731E-79
TG 46 g=4 2.8653694009700562123779424271351911662955675037278E-79 
1.4653655141090427281844517931265326420716846321492E-80
TG 47 g=4 -3.5817117512125702654724280339189889578694593796597E-77 
-1.8317068926363034102305647414081658025896057901865E-78
TG 48 g=4 1.4326847004850281061889712135675955831477837518639E-78 
7.3268275705452136409222589656326632103584231607461E-80
TG 49 g=4 7.1634235024251405309448560678379779157389187593194E-78 
3.6634137852726068204611294828163316051792115803731E-79
TG 50 g=4 3.5817117512125702654724280339189889578694593796597E-77 
1.8317068926363034102305647414081658025896057901865E-78
TG 51 g=4 -4.7756156682834270206299040452253186104926125062129E-79 
-2.4422758568484045469740863218775544034528077202487E-80
TG 52 g=4 -2.3878078341417135103149520226126593052463062531065E-78 
-1.2211379284242022734870431609387772017264038601243E-79
TG 53 g=4 -1.1939039170708567551574760113063296526231531265532E-77 
-6.1056896421210113674352158046938860086320193006217E-79
TG 55 g=4 -5.9695195853542837757873800565316482631157656327662E-77 
-3.0528448210605056837176079023469430043160096503109E-78
TG 59 g=4 1.4326847004850281061889712135675955831477837518639E-78 
7.3268275705452136409222589656326632103584231607461E-80
TG 60 g=4 7.1634235024251405309448560678379779157389187593194E-78 
3.6634137852726068204611294828163316051792115803731E-79
TG 62 g=4 3.5817117512125702654724280339189889578694593796597E-77 
1.8317068926363034102305647414081658025896057901865E-78
TG 64 g=4 1.4326847004850281061889712135675955831477837518639E-78 
7.3268275705452136409222589656326632103584231607461E-80
TG 65 g=4 1.7908558756062851327362140169594944789347296898299E-76 
9.1585344631815170511528237070408290129480289509326E-78
TG 67 g=4 7.1634235024251405309448560678379779157389187593194E-78 
3.6634137852726068204611294828163316051792115803731E-79
TG 69 g=4 3.5817117512125702654724280339189889578694593796597E-77 
1.8317068926363034102305647414081658025896057901865E-78
TG 70 g=4 1.7908558756062851327362140169594944789347296898299E-76 
9.1585344631815170511528237070408290129480289509326E-78
TG 71 g=4 -6.1127880554027865864062771778884078214305440079525E-84 
-3.1261130967659578201268304920032696364195938819183E-85
TG 72 g=4 -6.1127880554027865864062771778884078214305440079525E-84 
-3.1261130967659578201268304920032696364195938819183E-85
TG 76 g=4 3.0563940277013932932031385889442039107152720039763E-83 
1.5630565483829789100634152460016348182097969409592E-84
TG 77 g=4 -3.0563940277013932932031385889442039107152720039763E-83 
-1.5630565483829789100634152460016348182097969409592E-84
TG 78 g=4 5.0939900461689888220052309815736731845254533399604E-83 
2.6050942473049648501056920766693913636829949015986E-84
TG 79 g=4 -3.0563940277013932932031385889442039107152720039763E-83 
-1.5630565483829789100634152460016348182097969409592E-84
TG 80 g=4 -3.0563940277013932932031385889442039107152720039763E-83 
-1.5630565483829789100634152460016348182097969409592E-84
TG 84 g=4 1.5281970138506966466015692944721019553576360019881E-82 
7.8152827419148945503170762300081740910489847047958E-84
TG 85 g=4 5.0939900461689888220052309815736731845254533399604E-83 
2.6050942473049648501056920766693913636829949015986E-84
TG 86 g=4 -1.5281970138506966466015692944721019553576360019881E-82 
-7.8152827419148945503170762300081740910489847047958E-84
TG 26 g=5 0.083333333333333333333333333333333333333333333333333 
3.3515404294520371750741508337995935428677918894780E-80
TG 27 g=5 0.25000000000000000000000000000000000000000000000000 
3.9796797235695225171915867043544321754105104218441E-80
TG 30 g=5 0.50000000000000000000000000000000000000000000000000 
6.7118660238567664528352588126419121015753420801079E-80
TG 31 g=5 -1.0000000000000000000000000000000000000000000000000 
-1.1139589160013586207061659914175320084813525860703E-79
TG 34 g=5 -1.0000000000000000000000000000000000000000000000000 
2.2841428876999466986088577111085041183371582995132E-80
TG 35 g=5 -6.0000000000000000000000000000000000000000000000000 
-2.5849469356801242946102703573714086606904825309568E-78
TG 36 g=5 6.0000000000000000000000000000000000000000000000000 
4.4712975543221725835537085409453240618033849543085E-78
TG 37 g=5 8.0000000000000000000000000000000000000000000000000 
4.6048320616030925443954571455947443025677111318186E-78
TG 38 g=5 -6.0000000000000000000000000000000000000000000000000 
-6.2704993366335152138425318456954073057858850302328E-78
TG 39 g=5 -8.0000000000000000000000000000000000000000000000000 
-7.0506219844325739324443263254893887123564221725281E-78
TG 40 g=5 6.0000000000000000000000000000000000000000000000000 
8.0443998438811045883929185727224425041498811988393E-78
TG 41 g=5 8.0000000000000000000000000000000000000000000000000 
9.5301469406803929948111109423480971829698050896611E-78
TG 42 g=5 -8.0000000000000000000000000000000000000000000000000 
-1.1973125610725012910000153835829069587689793474002E-77
TG 43 g=5 12.000000000000000000000000000000000000000000000000 
3.3763145946186289046513699828200780875359102987265E-78
TG 44 g=5 -12.000000000000000000000000000000000000000000000000 
-7.0871682706357730796220680488671247782498167053203E-78
TG 45 g=5 12.000000000000000000000000000000000000000000000000 
1.0814889463362086091751723833396203499376059050126E-77
TG 47 g=5 -12.000000000000000000000000000000000000000000000000 
-1.4402048016845325460890065297241681967066168576500E-77
TG 51 g=5 -4.0000000000000000000000000000000000000000000000000 
-1.7879567711718967388495181590953952237076094504497E-78
TG 52 g=5 4.0000000000000000000000000000000000000000000000000 
3.0178798645487911150235184650768974412737716117260E-78
TG 53 g=5 -4.0000000000000000000000000000000000000000000000000 
-4.2337466940013781268983873389900396334963204911592E-78
TG 55 g=5 4.0000000000000000000000000000000000000000000000000 
5.4566416554161188209228219289373618383906760115139E-78
TG 59 g=5 -24.000000000000000000000000000000000000000000000000 
-6.4939939330300023061987216155823317087493362115390E-78
TG 60 g=5 24.000000000000000000000000000000000000000000000000 
1.3870721240506507090382897165057673009077586522828E-77
TG 61 g=5 24.000000000000000000000000000000000000000000000000 
3.8739063375391096008406226780400229846998204759743E-78
TG 62 g=5 -24.000000000000000000000000000000000000000000000000 
-2.1179978481146336525931241840604886187756493081271E-77
TG 63 g=5 -24.000000000000000000000000000000000000000000000000 
-1.1250633645015614385024798227515364285028070787264E-77
TG 65 g=5 24.000000000000000000000000000000000000000000000000 
2.8500480732925611852918891661806787386710290265187E-77
TG 66 g=5 24.000000000000000000000000000000000000000000000000 
1.8503665829958214363376617174789137362332524218333E-77
TG 68 g=5 -24.000000000000000000000000000000000000000000000000 
-2.5734207992621922558849825830753534399087196398454E-77
TG 3 g=12 4.7270337060950396927710310331390492728987491008425E-83 
4.0999486317718774029760300199893376422568015646146E-83
TG 7 g=12 -2.3635168530475198463855155165695246364493745504213E-82 
-2.0499743158859387014880150099946688211284007823073E-82
TG 8 g=12 -2.3635168530475198463855155165695246364493745504213E-82 
-2.0499743158859387014880150099946688211284007823073E-82
TG 12 g=12 -2.3635168530475198463855155165695246364493745504213E-82 
-2.0499743158859387014880150099946688211284007823073E-82
TG 16 g=12 1.1817584265237599231927577582847623182246872752106E-81 
1.0249871579429693507440075049973344105642003911537E-81
TG 17 g=12 1.1817584265237599231927577582847623182246872752106E-81 
1.0249871579429693507440075049973344105642003911537E-81
TG 21 g=12 1.1817584265237599231927577582847623182246872752106E-81 
1.0249871579429693507440075049973344105642003911537E-81
TG 25 g=12 -5.9087921326187996159637887914238115911234363760531E-81 
-5.1249357897148467537200375249866720528210019557683E-81
TG 26 g=12 -5.9087921326187996159637887914238115911234363760531E-81 
-5.1249357897148467537200375249866720528210019557683E-81
TG 30 g=12 -5.9087921326187996159637887914238115911234363760531E-81 
-5.1249357897148467537200375249866720528210019557683E-81
TG 34 g=12 2.9543960663093998079818943957119057955617181880266E-80 
2.5624678948574233768600187624933360264105009778841E-80
TG 43 g=12 -2.9543960663093998079818943957119057955617181880266E-80 
-2.5624678948574233768600187624933360264105009778841E-80
TG 46 g=12 -2.9543960663093998079818943957119057955617181880266E-80 
-2.5624678948574233768600187624933360264105009778841E-80
TG 51 g=12 1.4771980331546999039909471978559528977808590940133E-79 
1.2812339474287116884300093812466680132052504889421E-79
TG 72 g=12 1.8908134824380158771084124132556197091594996403370E-84 
1.6399794527087509611904120079957350569027206258459E-84
TG 76 g=12 -9.4540674121900793855420620662780985457974982016850E-84 
-8.1998972635437548059520600399786752845136031292293E-84
TG 80 g=12 -9.4540674121900793855420620662780985457974982016850E-84 
-8.1998972635437548059520600399786752845136031292293E-84
TG 84 g=12 4.7270337060950396927710310331390492728987491008425E-83 
4.0999486317718774029760300199893376422568015646146E-83
TG 85 g=12 4.7270337060950396927710310331390492728987491008425E-83 
4.0999486317718774029760300199893376422568015646146E-83
TG 1 g=15 1.0000000000000000000000000000000000000000000000000 
4.4835967852559415273154485440051390839790465759213E-78
TG 4 g=15 -1.0000000000000000000000000000000000000000000000000 
-7.4322495499775188731657447061453634004355227745698E-78
TG 5 g=15 -0.50000000000000000000000000000000000000000000000000 
-3.1326141188309499761151787793348861481410150247708E-78
TG 7 g=15 1.0000000000000000000000000000000000000000000000000 
5.9879684317549371914299900611213707963792580651853E-78
TG 8 g=15 0.25000000000000000000000000000000000000000000000000 
1.1301236195143120896501671382961460376265078601899E-78
TG 10 g=15 1.0000000000000000000000000000000000000000000000000 
2.5606998804106940911942686370534876169727496197773E-78
TG 13 g=15 -1.0000000000000000000000000000000000000000000000000 
-5.5051357659549792277548253695732039258261418338728E-78
TG 14 g=15 -0.50000000000000000000000000000000000000000000000000 
-2.1738012158941338888606759693718779193897940370444E-78
TG 16 g=15 1.0000000000000000000000000000000000000000000000000 
4.0650715269096897553088101541697193293729611090413E-78
TG 17 g=15 0.25000000000000000000000000000000000000000000000000 
6.4887228340583870445865473285566966992454812308478E-79
TG 19 g=15 1.0000000000000000000000000000000000000000000000000 
6.3464031618247749810578415788645514426413967521858E-79
TG 22 g=15 -1.0000000000000000000000000000000000000000000000000 
-3.5716966631665012684092968885702824398121349163465E-78
TG 23 g=15 -0.50000000000000000000000000000000000000000000000000 
-1.2076087743970564353491291575729806773331760763503E-78
TG 25 g=15 1.0000000000000000000000000000000000000000000000000 
2.1453372814474114761549348194334488680689771413120E-78
TG 26 g=15 0.25000000000000000000000000000000000000000000000000 
1.6946583193743066083140332787416555554893762922157E-79
TG 28 g=15 1.0000000000000000000000000000000000000000000000000 
-1.2872023688684468856929608916600693208413862847872E-78
TG 31 g=15 -1.0000000000000000000000000000000000000000000000000 
-1.6561792968815151985451609834545199861112349331701E-78
TG 32 g=15 -0.50000000000000000000000000000000000000000000000000 
-2.4985009125456340041706120501509945048272608476213E-79
TG 34 g=15 1.0000000000000000000000000000000000000000000000000 
2.1611505783622572609914576805103538965805420833855E-79
TG 35 g=15 2.0000000000000000000000000000000000000000000000000 
1.8828365526609714478686553255568253947769991028910E-78
TG 36 g=15 2.0000000000000000000000000000000000000000000000000 
2.1948856117805949353093731174744179574052139598091E-78
TG 38 g=15 2.0000000000000000000000000000000000000000000000000 
2.5448865834958483063577457759765825884611846777038E-78
TG 40 g=15 2.0000000000000000000000000000000000000000000000000 
2.8611525217927640030882029975146831586924835191748E-78
TG 51 g=15 -4.0000000000000000000000000000000000000000000000000 
1.2886782765804991589443696920272471235024656793807E-77
TG 52 g=15 -4.0000000000000000000000000000000000000000000000000 
1.2245817130856575777403303617955254079355891141759E-77
TG 53 g=15 -4.0000000000000000000000000000000000000000000000000 
1.1575333341667114500334734308294480870465537597841E-77
TG 54 g=15 4.0000000000000000000000000000000000000000000000000 
-3.8753119639315403372705358212468589872341818041587E-78
TG 55 g=15 -4.0000000000000000000000000000000000000000000000000 
1.0875331398236607758237988991290151608353596162051E-77
TG 56 g=15 4.0000000000000000000000000000000000000000000000000 
-3.2090450539193712694917059412065937859469122447930E-78
TG 57 g=15 4.0000000000000000000000000000000000000000000000000 
-2.5090431104888645273949606242022645238349708090037E-78
TG 58 g=15 4.0000000000000000000000000000000000000000000000000 
-1.8680774755404487153545673218850473681662051569557E-78
TG 59 g=15 8.0000000000000000000000000000000000000000000000000 
-1.0112076267146717876795152229978202232195394957968E-77
TG 60 g=15 8.0000000000000000000000000000000000000000000000000 
-8.6867711052219511368632250182464956623530081790717E-78
TG 62 g=15 8.0000000000000000000000000000000000000000000000000 
-7.4217073520342883499413961320940933814278128131874E-78
TG 65 g=15 8.0000000000000000000000000000000000000000000000000 
-5.9964021901095216100094689203623868115854260342912E-78
TG 73 g=15 -1.0000000000000000000000000000000000000000000000000 
-1.1275934920079367640763234805238412330646574694581E-77
TG 74 g=15 -0.50000000000000000000000000000000000000000000000000 
-5.0576194632648435168812284010967916189488539731913E-78
TG 76 g=15 1.0000000000000000000000000000000000000000000000000 
9.8421959998000164822518287342656897455980199465792E-78
TG 78 g=15 1.0000000000000000000000000000000000000000000000000 
6.4075479098955120157590633083619175528861145282036E-78
TG 81 g=15 -1.0000000000000000000000000000000000000000000000000 
-9.3551464548227663092869246130970148674418197307138E-78
TG 82 g=15 -0.50000000000000000000000000000000000000000000000000 
-4.0988065603280274296267255911337833901976329854649E-78
TG 84 g=15 1.0000000000000000000000000000000000000000000000000 
7.9150822157774768368409093976935302709886390058823E-78
TG 85 g=15 0.25000000000000000000000000000000000000000000000000 
1.6124291754171085271641144011417494072292385934333E-78
TG 1 g=20 1.9975717304878802270980499401548485034730513152237E-81 
-5.6868689824128957970071894498141496867343650134183E-81
TG 2 g=20 5.9927151914636406812941498204645455104191539456712E-81 
-1.7060606947238687391021568349442449060203095040255E-80
TG 4 g=20 5.9927151914636406812941498204645455104191539456712E-81 
-1.7060606947238687391021568349442449060203095040255E-80
TG 5 g=20 -5.9927151914636406812941498204645455104191539456712E-81 
1.7060606947238687391021568349442449060203095040255E-80
TG 6 g=20 5.9927151914636406812941498204645455104191539456712E-81 
-1.7060606947238687391021568349442449060203095040255E-80
TG 7 g=20 -5.9927151914636406812941498204645455104191539456712E-81 
1.7060606947238687391021568349442449060203095040255E-80
TG 10 g=20 -1.9975717304878802270980499401548485034730513152237E-81 
5.6868689824128957970071894498141496867343650134183E-81
TG 11 g=20 -5.9927151914636406812941498204645455104191539456712E-81 
1.7060606947238687391021568349442449060203095040255E-80
TG 13 g=20 -5.9927151914636406812941498204645455104191539456712E-81 
1.7060606947238687391021568349442449060203095040255E-80
TG 14 g=20 5.9927151914636406812941498204645455104191539456712E-81 
-1.7060606947238687391021568349442449060203095040255E-80
TG 15 g=20 -5.9927151914636406812941498204645455104191539456712E-81 
1.7060606947238687391021568349442449060203095040255E-80
TG 16 g=20 5.9927151914636406812941498204645455104191539456712E-81 
-1.7060606947238687391021568349442449060203095040255E-80
TG 19 g=20 1.9975717304878802270980499401548485034730513152237E-81 
-5.6868689824128957970071894498141496867343650134183E-81
TG 20 g=20 5.9927151914636406812941498204645455104191539456712E-81 
-1.7060606947238687391021568349442449060203095040255E-80
TG 22 g=20 5.9927151914636406812941498204645455104191539456712E-81 
-1.7060606947238687391021568349442449060203095040255E-80
TG 23 g=20 -5.9927151914636406812941498204645455104191539456712E-81 
1.7060606947238687391021568349442449060203095040255E-80
TG 24 g=20 5.9927151914636406812941498204645455104191539456712E-81 
-1.7060606947238687391021568349442449060203095040255E-80
TG 25 g=20 -5.9927151914636406812941498204645455104191539456712E-81 
1.7060606947238687391021568349442449060203095040255E-80
TG 28 g=20 -1.9975717304878802270980499401548485034730513152237E-81 
5.6868689824128957970071894498141496867343650134183E-81
TG 29 g=20 -5.9927151914636406812941498204645455104191539456712E-81 
1.7060606947238687391021568349442449060203095040255E-80
TG 31 g=20 -5.9927151914636406812941498204645455104191539456712E-81 
1.7060606947238687391021568349442449060203095040255E-80
TG 32 g=20 5.9927151914636406812941498204645455104191539456712E-81 
-1.7060606947238687391021568349442449060203095040255E-80
TG 33 g=20 -5.9927151914636406812941498204645455104191539456712E-81 
1.7060606947238687391021568349442449060203095040255E-80
TG 34 g=20 5.9927151914636406812941498204645455104191539456712E-81 
-1.7060606947238687391021568349442449060203095040255E-80
TG 35 g=20 1.7978145574390922043882449461393636531257461837014E-80 
-5.1181820841716062173064705048327347180609285120765E-80
TG 36 g=20 -1.7978145574390922043882449461393636531257461837014E-80 
5.1181820841716062173064705048327347180609285120765E-80
TG 38 g=20 1.7978145574390922043882449461393636531257461837014E-80 
-5.1181820841716062173064705048327347180609285120765E-80
TG 40 g=20 -1.7978145574390922043882449461393636531257461837014E-80 
5.1181820841716062173064705048327347180609285120765E-80
TG 51 g=20 -5.9927151914636406812941498204645455104191539456712E-81 
1.7060606947238687391021568349442449060203095040255E-80
TG 52 g=20 5.9927151914636406812941498204645455104191539456712E-81 
-1.7060606947238687391021568349442449060203095040255E-80
TG 53 g=20 -5.9927151914636406812941498204645455104191539456712E-81 
1.7060606947238687391021568349442449060203095040255E-80
TG 54 g=20 1.7978145574390922043882449461393636531257461837014E-80 
-5.1181820841716062173064705048327347180609285120765E-80
TG 55 g=20 5.9927151914636406812941498204645455104191539456712E-81 
-1.7060606947238687391021568349442449060203095040255E-80
TG 56 g=20 -1.7978145574390922043882449461393636531257461837014E-80 
5.1181820841716062173064705048327347180609285120765E-80
TG 57 g=20 1.7978145574390922043882449461393636531257461837014E-80 
-5.1181820841716062173064705048327347180609285120765E-80
TG 58 g=20 -1.7978145574390922043882449461393636531257461837014E-80 
5.1181820841716062173064705048327347180609285120765E-80
TG 59 g=20 1.7978145574390922043882449461393636531257461837014E-80 
-5.1181820841716062173064705048327347180609285120765E-80
TG 60 g=20 -1.7978145574390922043882449461393636531257461837014E-80 
5.1181820841716062173064705048327347180609285120765E-80
TG 61 g=20 -1.7978145574390922043882449461393636531257461837014E-80 
5.1181820841716062173064705048327347180609285120765E-80
TG 62 g=20 1.7978145574390922043882449461393636531257461837014E-80 
-5.1181820841716062173064705048327347180609285120765E-80
TG 63 g=20 1.7978145574390922043882449461393636531257461837014E-80 
-5.1181820841716062173064705048327347180609285120765E-80
TG 64 g=20 1.7978145574390922043882449461393636531257461837014E-80 
-5.1181820841716062173064705048327347180609285120765E-80
TG 65 g=20 -1.7978145574390922043882449461393636531257461837014E-80 
5.1181820841716062173064705048327347180609285120765E-80
TG 66 g=20 -1.7978145574390922043882449461393636531257461837014E-80 
5.1181820841716062173064705048327347180609285120765E-80
TG 67 g=20 -1.7978145574390922043882449461393636531257461837014E-80 
5.1181820841716062173064705048327347180609285120765E-80
TG 68 g=20 1.7978145574390922043882449461393636531257461837014E-80 
-5.1181820841716062173064705048327347180609285120765E-80
TG 69 g=20 1.7978145574390922043882449461393636531257461837014E-80 
-5.1181820841716062173064705048327347180609285120765E-80
TG 70 g=20 -1.7978145574390922043882449461393636531257461837014E-80 
5.1181820841716062173064705048327347180609285120765E-80
TG 71 g=20 5.9927151914636406812941498204645455104191539456712E-81 
-1.7060606947238687391021568349442449060203095040255E-80
TG 73 g=20 5.9927151914636406812941498204645455104191539456712E-81 
-1.7060606947238687391021568349442449060203095040255E-80
TG 74 g=20 -5.9927151914636406812941498204645455104191539456712E-81 
1.7060606947238687391021568349442449060203095040255E-80
TG 75 g=20 5.9927151914636406812941498204645455104191539456712E-81 
-1.7060606947238687391021568349442449060203095040255E-80
TG 76 g=20 -5.9927151914636406812941498204645455104191539456712E-81 
1.7060606947238687391021568349442449060203095040255E-80
TG 78 g=20 -1.9975717304878802270980499401548485034730513152237E-81 
5.6868689824128957970071894498141496867343650134183E-81
TG 79 g=20 -5.9927151914636406812941498204645455104191539456712E-81 
1.7060606947238687391021568349442449060203095040255E-80
TG 81 g=20 -5.9927151914636406812941498204645455104191539456712E-81 
1.7060606947238687391021568349442449060203095040255E-80
TG 82 g=20 5.9927151914636406812941498204645455104191539456712E-81 
-1.7060606947238687391021568349442449060203095040255E-80
TG 83 g=20 -5.9927151914636406812941498204645455104191539456712E-81 
1.7060606947238687391021568349442449060203095040255E-80
TG 84 g=20 5.9927151914636406812941498204645455104191539456712E-81 
-1.7060606947238687391021568349442449060203095040255E-80
TG 1 g=60 0.00000000000000000000000000000000000000000000000000 
0.00000000000000000000000000000000000000000000000000
TG 2 g=60 0.00000000000000000000000000000000000000000000000000 
0.00000000000000000000000000000000000000000000000000
TG 3 g=60 0.00000000000000000000000000000000000000000000000000 
0.00000000000000000000000000000000000000000000000000
TG 4 g=60 0.00000000000000000000000000000000000000000000000000 
0.00000000000000000000000000000000000000000000000000
TG 5 g=60 0.00000000000000000000000000000000000000000000000000 
0.00000000000000000000000000000000000000000000000000
TG 6 g=60 0.00000000000000000000000000000000000000000000000000 
0.00000000000000000000000000000000000000000000000000
TG 7 g=60 0.00000000000000000000000000000000000000000000000000 
0.00000000000000000000000000000000000000000000000000
TG 9 g=60 0.00000000000000000000000000000000000000000000000000 
0.00000000000000000000000000000000000000000000000000
TG 10 g=60 0.00000000000000000000000000000000000000000000000000 
0.00000000000000000000000000000000000000000000000000
TG 11 g=60 0.00000000000000000000000000000000000000000000000000 
0.00000000000000000000000000000000000000000000000000
TG 12 g=60 0.00000000000000000000000000000000000000000000000000 
0.00000000000000000000000000000000000000000000000000
TG 13 g=60 0.00000000000000000000000000000000000000000000000000 
0.00000000000000000000000000000000000000000000000000
TG 14 g=60 0.00000000000000000000000000000000000000000000000000 
0.00000000000000000000000000000000000000000000000000
TG 15 g=60 0.00000000000000000000000000000000000000000000000000 
0.00000000000000000000000000000000000000000000000000
TG 16 g=60 0.00000000000000000000000000000000000000000000000000 
0.00000000000000000000000000000000000000000000000000
TG 18 g=60 0.00000000000000000000000000000000000000000000000000 
0.00000000000000000000000000000000000000000000000000
TG 19 g=60 0.00000000000000000000000000000000000000000000000000 
0.00000000000000000000000000000000000000000000000000
TG 20 g=60 0.00000000000000000000000000000000000000000000000000 
0.00000000000000000000000000000000000000000000000000
TG 21 g=60 0.00000000000000000000000000000000000000000000000000 
0.00000000000000000000000000000000000000000000000000
TG 22 g=60 0.00000000000000000000000000000000000000000000000000 
0.00000000000000000000000000000000000000000000000000
TG 23 g=60 0.00000000000000000000000000000000000000000000000000 
0.00000000000000000000000000000000000000000000000000
TG 24 g=60 0.00000000000000000000000000000000000000000000000000 
0.00000000000000000000000000000000000000000000000000
TG 25 g=60 0.00000000000000000000000000000000000000000000000000 
0.00000000000000000000000000000000000000000000000000
TG 27 g=60 0.00000000000000000000000000000000000000000000000000 
0.00000000000000000000000000000000000000000000000000
TG 28 g=60 0.00000000000000000000000000000000000000000000000000 
0.00000000000000000000000000000000000000000000000000
TG 29 g=60 0.00000000000000000000000000000000000000000000000000 
0.00000000000000000000000000000000000000000000000000
TG 30 g=60 0.00000000000000000000000000000000000000000000000000 
0.00000000000000000000000000000000000000000000000000
TG 31 g=60 0.00000000000000000000000000000000000000000000000000 
0.00000000000000000000000000000000000000000000000000
TG 32 g=60 0.00000000000000000000000000000000000000000000000000 
0.00000000000000000000000000000000000000000000000000
TG 33 g=60 0.00000000000000000000000000000000000000000000000000 
0.00000000000000000000000000000000000000000000000000
TG 34 g=60 0.00000000000000000000000000000000000000000000000000 
0.00000000000000000000000000000000000000000000000000
TG 35 g=60 0.00000000000000000000000000000000000000000000000000 
0.00000000000000000000000000000000000000000000000000
TG 36 g=60 0.00000000000000000000000000000000000000000000000000 
0.00000000000000000000000000000000000000000000000000
TG 37 g=60 -0.00000000000000000000000000000000000000000000000000 
0.00000000000000000000000000000000000000000000000000
TG 38 g=60 0.00000000000000000000000000000000000000000000000000 
0.00000000000000000000000000000000000000000000000000
TG 39 g=60 0.00000000000000000000000000000000000000000000000000 
0.00000000000000000000000000000000000000000000000000
TG 40 g=60 0.00000000000000000000000000000000000000000000000000 
0.00000000000000000000000000000000000000000000000000
TG 41 g=60 0.00000000000000000000000000000000000000000000000000 
0.00000000000000000000000000000000000000000000000000
TG 42 g=60 0.00000000000000000000000000000000000000000000000000 
-0.00000000000000000000000000000000000000000000000000
TG 44 g=60 0.00000000000000000000000000000000000000000000000000 
0.00000000000000000000000000000000000000000000000000
TG 45 g=60 -0.00000000000000000000000000000000000000000000000000 
0.00000000000000000000000000000000000000000000000000
TG 47 g=60 0.00000000000000000000000000000000000000000000000000 
-0.00000000000000000000000000000000000000000000000000
TG 48 g=60 0.00000000000000000000000000000000000000000000000000 
0.00000000000000000000000000000000000000000000000000
TG 49 g=60 0.00000000000000000000000000000000000000000000000000 
-0.00000000000000000000000000000000000000000000000000
TG 50 g=60 0.00000000000000000000000000000000000000000000000000 
0.00000000000000000000000000000000000000000000000000
TG 51 g=60 -0.00000000000000000000000000000000000000000000000000 
0.00000000000000000000000000000000000000000000000000
TG 52 g=60 -0.00000000000000000000000000000000000000000000000000 
0.00000000000000000000000000000000000000000000000000
TG 54 g=60 0.00000000000000000000000000000000000000000000000000 
0.00000000000000000000000000000000000000000000000000
TG 55 g=60 -0.00000000000000000000000000000000000000000000000000 
0.00000000000000000000000000000000000000000000000000
TG 56 g=60 -0.00000000000000000000000000000000000000000000000000 
0.00000000000000000000000000000000000000000000000000
TG 57 g=60 0.00000000000000000000000000000000000000000000000000 
0.00000000000000000000000000000000000000000000000000
TG 58 g=60 0.00000000000000000000000000000000000000000000000000 
-0.00000000000000000000000000000000000000000000000000
TG 59 g=60 0.00000000000000000000000000000000000000000000000000 
0.00000000000000000000000000000000000000000000000000
TG 60 g=60 0.00000000000000000000000000000000000000000000000000 
0.00000000000000000000000000000000000000000000000000
TG 61 g=60 -0.00000000000000000000000000000000000000000000000000 
0.00000000000000000000000000000000000000000000000000
TG 62 g=60 0.00000000000000000000000000000000000000000000000000 
0.00000000000000000000000000000000000000000000000000
TG 63 g=60 0.00000000000000000000000000000000000000000000000000 
0.00000000000000000000000000000000000000000000000000
TG 64 g=60 -0.00000000000000000000000000000000000000000000000000 
0.00000000000000000000000000000000000000000000000000
TG 65 g=60 0.00000000000000000000000000000000000000000000000000 
0.00000000000000000000000000000000000000000000000000
TG 66 g=60 -0.00000000000000000000000000000000000000000000000000 
0.00000000000000000000000000000000000000000000000000
TG 67 g=60 0.00000000000000000000000000000000000000000000000000 
0.00000000000000000000000000000000000000000000000000
TG 68 g=60 0.00000000000000000000000000000000000000000000000000 
0.00000000000000000000000000000000000000000000000000
TG 69 g=60 0.00000000000000000000000000000000000000000000000000 
-0.00000000000000000000000000000000000000000000000000
TG 70 g=60 0.00000000000000000000000000000000000000000000000000 
0.00000000000000000000000000000000000000000000000000
TG 71 g=60 0.00000000000000000000000000000000000000000000000000 
0.00000000000000000000000000000000000000000000000000
TG 72 g=60 0.00000000000000000000000000000000000000000000000000 
0.00000000000000000000000000000000000000000000000000
TG 73 g=60 0.00000000000000000000000000000000000000000000000000 
0.00000000000000000000000000000000000000000000000000
TG 74 g=60 0.00000000000000000000000000000000000000000000000000 
0.00000000000000000000000000000000000000000000000000
TG 75 g=60 0.00000000000000000000000000000000000000000000000000 
0.00000000000000000000000000000000000000000000000000
TG 76 g=60 0.00000000000000000000000000000000000000000000000000 
0.00000000000000000000000000000000000000000000000000
TG 77 g=60 0.00000000000000000000000000000000000000000000000000 
0.00000000000000000000000000000000000000000000000000
TG 78 g=60 0.00000000000000000000000000000000000000000000000000 
0.00000000000000000000000000000000000000000000000000
TG 79 g=60 0.00000000000000000000000000000000000000000000000000 
0.00000000000000000000000000000000000000000000000000
TG 80 g=60 0.00000000000000000000000000000000000000000000000000 
0.00000000000000000000000000000000000000000000000000
TG 81 g=60 0.00000000000000000000000000000000000000000000000000 
0.00000000000000000000000000000000000000000000000000
TG 82 g=60 0.00000000000000000000000000000000000000000000000000 
0.00000000000000000000000000000000000000000000000000
TG 83 g=60 0.00000000000000000000000000000000000000000000000000 
0.00000000000000000000000000000000000000000000000000
TG 84 g=60 0.00000000000000000000000000000000000000000000000000 
0.00000000000000000000000000000000000000000000000000
TG 86 g=60 0.00000000000000000000000000000000000000000000000000 
0.00000000000000000000000000000000000000000000000000
DONE
