BASE 10 7  M = 140  ds = [ 1, 2, 4, 5, 7, 10, 14, 20, 28, 35, 70, 140 ]
#isotropic = 13 (2N-1 = 13)
#cosets = 288
#monomials = 144
a0 table built
FORM -2:
  c_eta(0)[1] (trivial) = -2.42715658594E-70 + -7.60840574831E-71 i   (half: 
-1.21357829297E-70)
  c_eta(0)[2] = -8.00000000000 + -7.42358246276E-71 i   (half: -4.00000000000)
  c_eta(0)[3] = -8.00000000000 + -7.42358246052E-71 i   (half: -4.00000000000)
  c_eta(0)[4] = -8.00000000000 + -7.42358245731E-71 i   (half: -4.00000000000)
  c_eta(0)[5] = -8.00000000000 + -7.42358245923E-71 i   (half: -4.00000000000)
  c_eta(0)[6] = -8.00000000000 + -7.42358246038E-71 i   (half: -4.00000000000)
  c_eta(0)[7] = -8.00000000000 + -7.42358245975E-71 i   (half: -4.00000000000)
  c_eta(0)[8] = -8.00000000000 + -7.42358245254E-71 i   (half: -4.00000000000)
  c_eta(0)[9] = -8.00000000000 + -7.42358246155E-71 i   (half: -4.00000000000)
  c_eta(0)[10] = -8.00000000000 + -7.42358245698E-71 i   (half: -4.00000000000)
  c_eta(0)[11] = -8.00000000000 + -7.42358245694E-71 i   (half: -4.00000000000)
  c_eta(0)[12] = -8.00000000000 + -7.42358246253E-71 i   (half: -4.00000000000)
  c_eta(0)[13] = -8.00000000000 + -7.42358246234E-71 i   (half: -4.00000000000)
FORM -1:
  c_eta(0)[1] (trivial) = -1.52320109745E-70 + 6.71084846926E-72 i   (half: 
-7.61600548725E-71)
  c_eta(0)[2] = -6.00000000000 + 6.68218275583E-72 i   (half: -3.00000000000)
  c_eta(0)[3] = -6.00000000000 + 6.68218281016E-72 i   (half: -3.00000000000)
  c_eta(0)[4] = -6.00000000000 + 6.68218282321E-72 i   (half: -3.00000000000)
  c_eta(0)[5] = -6.00000000000 + 6.68218280301E-72 i   (half: -3.00000000000)
  c_eta(0)[6] = -6.00000000000 + 6.68218279695E-72 i   (half: -3.00000000000)
  c_eta(0)[7] = -6.00000000000 + 6.68218276174E-72 i   (half: -3.00000000000)
  c_eta(0)[8] = -6.00000000000 + 6.68218285131E-72 i   (half: -3.00000000000)
  c_eta(0)[9] = -6.00000000000 + 6.68218274935E-72 i   (half: -3.00000000000)
  c_eta(0)[10] = -6.00000000000 + 6.68218282616E-72 i   (half: -3.00000000000)
  c_eta(0)[11] = -6.00000000000 + 6.68218282538E-72 i   (half: -3.00000000000)
  c_eta(0)[12] = -6.00000000000 + 6.68218276534E-72 i   (half: -3.00000000000)
  c_eta(0)[13] = -6.00000000000 + 6.68218276830E-72 i   (half: -3.00000000000)
FORM 9:
  c_eta(0)[1] (trivial) = 2.01792939924E-66 + 5.34255349740E-67 i   (half: 
1.00896469962E-66)
  c_eta(0)[2] = -16.0000000000 + 4.19924692847E-67 i   (half: -8.00000000000)
  c_eta(0)[3] = -16.0000000000 + 4.19924692847E-67 i   (half: -8.00000000000)
  c_eta(0)[4] = -16.0000000000 + 4.19924692847E-67 i   (half: -8.00000000000)
  c_eta(0)[5] = -16.0000000000 + 4.19924692847E-67 i   (half: -8.00000000000)
  c_eta(0)[6] = -16.0000000000 + 4.19924692847E-67 i   (half: -8.00000000000)
  c_eta(0)[7] = -16.0000000000 + 4.19924692847E-67 i   (half: -8.00000000000)
  c_eta(0)[8] = -16.0000000000 + 4.19924692847E-67 i   (half: -8.00000000000)
  c_eta(0)[9] = -16.0000000000 + 4.19924692847E-67 i   (half: -8.00000000000)
  c_eta(0)[10] = -16.0000000000 + 4.19924692847E-67 i   (half: -8.00000000000)
  c_eta(0)[11] = -16.0000000000 + 4.19924692847E-67 i   (half: -8.00000000000)
  c_eta(0)[12] = -16.0000000000 + 4.19924692847E-67 i   (half: -8.00000000000)
  c_eta(0)[13] = -16.0000000000 + 4.19924692847E-67 i   (half: -8.00000000000)
FORM 10:
  c_eta(0)[1] (trivial) = 2.21804054310E-69 + -5.96608979805E-70 i   (half: 
1.10902027155E-69)
  c_eta(0)[2] = -6.00000000000 + -5.54790273201E-70 i   (half: -3.00000000000)
  c_eta(0)[3] = -6.00000000000 + -5.54790273053E-70 i   (half: -3.00000000000)
  c_eta(0)[4] = -6.00000000000 + -5.54790273062E-70 i   (half: -3.00000000000)
  c_eta(0)[5] = -6.00000000000 + -5.54790273050E-70 i   (half: -3.00000000000)
  c_eta(0)[6] = -6.00000000000 + -5.54790273126E-70 i   (half: -3.00000000000)
  c_eta(0)[7] = -6.00000000000 + -5.54790273130E-70 i   (half: -3.00000000000)
  c_eta(0)[8] = -6.00000000000 + -5.54790273011E-70 i   (half: -3.00000000000)
  c_eta(0)[9] = -6.00000000000 + -5.54790273179E-70 i   (half: -3.00000000000)
  c_eta(0)[10] = -6.00000000000 + -5.54790273069E-70 i   (half: -3.00000000000)
  c_eta(0)[11] = -6.00000000000 + -5.54790273016E-70 i   (half: -3.00000000000)
  c_eta(0)[12] = -6.00000000000 + -5.54790273165E-70 i   (half: -3.00000000000)
  c_eta(0)[13] = -6.00000000000 + -5.54790273144E-70 i   (half: -3.00000000000)
FORM 11:
  c_eta(0)[1] (trivial) = 2.01591482245E-66 + 5.34522854902E-67 i   (half: 
1.00795741122E-66)
  c_eta(0)[2] = -10.0000000000 + 4.20252353147E-67 i   (half: -5.00000000000)
  c_eta(0)[3] = -10.0000000000 + 4.20252353147E-67 i   (half: -5.00000000000)
  c_eta(0)[4] = -10.0000000000 + 4.20252353147E-67 i   (half: -5.00000000000)
  c_eta(0)[5] = -10.0000000000 + 4.20252353147E-67 i   (half: -5.00000000000)
  c_eta(0)[6] = -10.0000000000 + 4.20252353147E-67 i   (half: -5.00000000000)
  c_eta(0)[7] = -10.0000000000 + 4.20252353147E-67 i   (half: -5.00000000000)
  c_eta(0)[8] = -10.0000000000 + 4.20252353147E-67 i   (half: -5.00000000000)
  c_eta(0)[9] = -10.0000000000 + 4.20252353147E-67 i   (half: -5.00000000000)
  c_eta(0)[10] = -10.0000000000 + 4.20252353147E-67 i   (half: -5.00000000000)
  c_eta(0)[11] = -10.0000000000 + 4.20252353147E-67 i   (half: -5.00000000000)
  c_eta(0)[12] = -10.0000000000 + 4.20252353147E-67 i   (half: -5.00000000000)
  c_eta(0)[13] = -10.0000000000 + 4.20252353147E-67 i   (half: -5.00000000000)
FORM 12:
  c_eta(0)[1] (trivial) = 2.01661566630E-66 + 5.34659429781E-67 i   (half: 
1.00830783315E-66)
  c_eta(0)[2] = -2.00000000000 + 4.20448045977E-67 i   (half: -1.00000000000)
  c_eta(0)[3] = -2.00000000000 + 4.20448045977E-67 i   (half: -1.00000000000)
  c_eta(0)[4] = -2.00000000000 + 4.20448045977E-67 i   (half: -1.00000000000)
  c_eta(0)[5] = -2.00000000000 + 4.20448045977E-67 i   (half: -1.00000000000)
  c_eta(0)[6] = -2.00000000000 + 4.20448045977E-67 i   (half: -1.00000000000)
  c_eta(0)[7] = -2.00000000000 + 4.20448045977E-67 i   (half: -1.00000000000)
  c_eta(0)[8] = -2.00000000000 + 4.20448045977E-67 i   (half: -1.00000000000)
  c_eta(0)[9] = -2.00000000000 + 4.20448045977E-67 i   (half: -1.00000000000)
  c_eta(0)[10] = -2.00000000000 + 4.20448045977E-67 i   (half: -1.00000000000)
  c_eta(0)[11] = -2.00000000000 + 4.20448045977E-67 i   (half: -1.00000000000)
  c_eta(0)[12] = -2.00000000000 + 4.20448045977E-67 i   (half: -1.00000000000)
  c_eta(0)[13] = -2.00000000000 + 4.20448045977E-67 i   (half: -1.00000000000)
FORM 13:
  c_eta(0)[1] (trivial) = -3.82296000369E-70 + -6.19756174514E-71 i   (half: 
-1.91148000185E-70)
  c_eta(0)[2] = -14.0000000000 + -6.01523646085E-71 i   (half: -7.00000000000)
  c_eta(0)[3] = -14.0000000000 + -6.01523645318E-71 i   (half: -7.00000000000)
  c_eta(0)[4] = -14.0000000000 + -6.01523644867E-71 i   (half: -7.00000000000)
  c_eta(0)[5] = -14.0000000000 + -6.01523645260E-71 i   (half: -7.00000000000)
  c_eta(0)[6] = -14.0000000000 + -6.01523645436E-71 i   (half: -7.00000000000)
  c_eta(0)[7] = -14.0000000000 + -6.01523645724E-71 i   (half: -7.00000000000)
  c_eta(0)[8] = -14.0000000000 + -6.01523644109E-71 i   (half: -7.00000000000)
  c_eta(0)[9] = -14.0000000000 + -6.01523646028E-71 i   (half: -7.00000000000)
  c_eta(0)[10] = -14.0000000000 + -6.01523644804E-71 i   (half: -7.00000000000)
  c_eta(0)[11] = -14.0000000000 + -6.01523644807E-71 i   (half: -7.00000000000)
  c_eta(0)[12] = -14.0000000000 + -6.01523645967E-71 i   (half: -7.00000000000)
  c_eta(0)[13] = -14.0000000000 + -6.01523645918E-71 i   (half: -7.00000000000)
FORM 14:
  c_eta(0)[1] (trivial) = 2.11902171527E-69 + -6.65072246641E-70 i   (half: 
1.05951085764E-69)
  c_eta(0)[2] = -8.00000000000 + -6.29798724962E-70 i   (half: -4.00000000000)
  c_eta(0)[3] = -8.00000000000 + -6.29798724846E-70 i   (half: -4.00000000000)
  c_eta(0)[4] = -8.00000000000 + -6.29798724836E-70 i   (half: -4.00000000000)
  c_eta(0)[5] = -8.00000000000 + -6.29798724823E-70 i   (half: -4.00000000000)
  c_eta(0)[6] = -8.00000000000 + -6.29798724904E-70 i   (half: -4.00000000000)
  c_eta(0)[7] = -8.00000000000 + -6.29798724867E-70 i   (half: -4.00000000000)
  c_eta(0)[8] = -8.00000000000 + -6.29798724765E-70 i   (half: -4.00000000000)
  c_eta(0)[9] = -8.00000000000 + -6.29798724921E-70 i   (half: -4.00000000000)
  c_eta(0)[10] = -8.00000000000 + -6.29798724843E-70 i   (half: -4.00000000000)
  c_eta(0)[11] = -8.00000000000 + -6.29798724788E-70 i   (half: -4.00000000000)
  c_eta(0)[12] = -8.00000000000 + -6.29798724934E-70 i   (half: -4.00000000000)
  c_eta(0)[13] = -8.00000000000 + -6.29798724913E-70 i   (half: -4.00000000000)
FORM 15:
  c_eta(0)[1] (trivial) = 2.01227825405E-66 + 5.34653321810E-67 i   (half: 
1.00613912702E-66)
  c_eta(0)[2] = -8.00000000000 + 4.20250488152E-67 i   (half: -4.00000000000)
  c_eta(0)[3] = -8.00000000000 + 4.20250488152E-67 i   (half: -4.00000000000)
  c_eta(0)[4] = -8.00000000000 + 4.20250488152E-67 i   (half: -4.00000000000)
  c_eta(0)[5] = -8.00000000000 + 4.20250488152E-67 i   (half: -4.00000000000)
  c_eta(0)[6] = -8.00000000000 + 4.20250488152E-67 i   (half: -4.00000000000)
  c_eta(0)[7] = -8.00000000000 + 4.20250488152E-67 i   (half: -4.00000000000)
  c_eta(0)[8] = -8.00000000000 + 4.20250488152E-67 i   (half: -4.00000000000)
  c_eta(0)[9] = -8.00000000000 + 4.20250488152E-67 i   (half: -4.00000000000)
  c_eta(0)[10] = -8.00000000000 + 4.20250488152E-67 i   (half: -4.00000000000)
  c_eta(0)[11] = -8.00000000000 + 4.20250488152E-67 i   (half: -4.00000000000)
  c_eta(0)[12] = -8.00000000000 + 4.20250488152E-67 i   (half: -4.00000000000)
  c_eta(0)[13] = -8.00000000000 + 4.20250488152E-67 i   (half: -4.00000000000)
