BASE 22 3  M = 132  ds = [ 1, 2, 3, 4, 6, 11, 12, 22, 33, 44, 66, 132 ]
#isotropic = 5 (2N-1 = 5)
#cosets = 288
#monomials = 132
a0 table built
FORM 9:
  c_eta(0)[1] (trivial) = -1.38928834570E-68 + 7.39924759774E-69 i   (half: 
-6.94644172850E-69)
  c_eta(0)[2] = -12.0000000000 + 6.42568599180E-69 i   (half: -6.00000000000)
  c_eta(0)[3] = -12.0000000000 + 6.42568599181E-69 i   (half: -6.00000000000)
  c_eta(0)[4] = -12.0000000000 + 6.42568599209E-69 i   (half: -6.00000000000)
  c_eta(0)[5] = -12.0000000000 + 6.42568599163E-69 i   (half: -6.00000000000)
  PRINCIPAL PART of F (|coeff| > 1e-30):
    gamma#1 q=0  exp -66  coeff 2.000000000 + 2.620258033E-72 i
    gamma#1 q=0  exp -44  coeff -4.000000000 + -7.703337219E-72 i
    gamma#1 q=0  exp -33  coeff 2.000000000 + 4.866682392E-72 i
    gamma#1 q=0  exp -23  coeff -8.000000000 + -1.972541775E-71 i
    gamma#1 q=0  exp -16  coeff -8.000000000 + 4.512671841E-71 i
    gamma#1 q=0  exp -15  coeff -10.00000000 + -9.006281421E-71 i
    gamma#1 q=0  exp -12  coeff -14.00000000 + -1.492937175E-70 i
    gamma#1 q=0  exp -11  coeff 4.000000000 + 3.635185487E-71 i
    gamma#1 q=0  exp -4  coeff -16.00000000 + 4.920809684E-71 i
    gamma#1 q=0  exp -3  coeff -4.000000000 + -8.860009689E-71 i
    gamma#1 q=0  exp -2  coeff -2.000000000 + -4.783561405E-71 i
    gamma#1 q=0  exp -1  coeff 4.000000000 + 2.437977399E-70 i
