BASE 33 2  M = 132  ds = [ 1, 2, 3, 4, 6, 11, 12, 22, 33, 44, 66, 132 ]
#isotropic = 3 (2N-1 = 3)
#cosets = 288
#monomials = 174
a0 table built
FORM -2:
  c_eta(0)[1] (trivial) = -8.49401072093E-64 + 4.25687252229E-64 i   (half: 
-4.24700536046E-64)
  c_eta(0)[2] = 6.00000000000 + 4.25686371217E-64 i   (half: 3.00000000000)
  c_eta(0)[3] = 6.00000000000 + 4.25686371234E-64 i   (half: 3.00000000000)
FORM -1:
  c_eta(0)[1] (trivial) = -5.09640607509E-64 + 2.55412399381E-64 i   (half: 
-2.54820303754E-64)
  c_eta(0)[2] = 2.00000000000 + 2.55411835256E-64 i   (half: 1.00000000000)
  c_eta(0)[3] = 2.00000000000 + 2.55411835267E-64 i   (half: 1.00000000000)
FORM 9:
  c_eta(0)[1] (trivial) = -1.35903583468E-63 + 6.81096611567E-64 i   (half: 
-6.79517917341E-64)
  c_eta(0)[2] = 8.00000000000 + 6.81099325494E-64 i   (half: 4.00000000000)
  c_eta(0)[3] = 8.00000000000 + 6.81099325522E-64 i   (half: 4.00000000000)
FORM 10:
  c_eta(0)[1] (trivial) = -1.35904143610E-63 + 6.81099558817E-64 i   (half: 
-6.79520718049E-64)
  c_eta(0)[2] = 8.00000000000 + 6.81098131309E-64 i   (half: 4.00000000000)
  c_eta(0)[3] = 8.00000000000 + 6.81098131336E-64 i   (half: 4.00000000000)
FORM 11:
  c_eta(0)[1] (trivial) = -1.69879645188E-63 + 8.51371602290E-64 i   (half: 
-8.49398225939E-64)
  c_eta(0)[2] = 12.0000000000 + 8.51373950345E-64 i   (half: 6.00000000000)
  c_eta(0)[3] = 12.0000000000 + 8.51373950379E-64 i   (half: 6.00000000000)
FORM 12:
  c_eta(0)[1] (trivial) = -1.69879644305E-63 + 8.51371488271E-64 i   (half: 
-8.49398221526E-64)
  c_eta(0)[2] = 12.0000000000 + 8.51373866654E-64 i   (half: 6.00000000000)
  c_eta(0)[3] = 12.0000000000 + 8.51373866688E-64 i   (half: 6.00000000000)
FORM 13:
  c_eta(0)[1] (trivial) = -1.35904155433E-63 + 6.81099650199E-64 i   (half: 
-6.79520777167E-64)
  c_eta(0)[2] = 8.00000000000 + 6.81098205063E-64 i   (half: 4.00000000000)
  c_eta(0)[3] = 8.00000000000 + 6.81098205091E-64 i   (half: 4.00000000000)
FORM 14:
  c_eta(0)[1] (trivial) = 1.26636610399E-71 + -1.08614193348E-70 i   (half: 
6.33183051996E-72)
  c_eta(0)[2] = -4.22112618607E-71 + -7.93486308695E-71 i   (half: 
-2.11056309304E-71)
  c_eta(0)[3] = -4.22112619450E-71 + -7.93486308341E-71 i   (half: 
-2.11056309725E-71)
FORM 15:
  c_eta(0)[1] (trivial) = -1.35903586831E-63 + 6.81096728020E-64 i   (half: 
-6.79517934153E-64)
  c_eta(0)[2] = 8.00000000000 + 6.81099411618E-64 i   (half: 4.00000000000)
  c_eta(0)[3] = 8.00000000000 + 6.81099411646E-64 i   (half: 4.00000000000)
