BASE 6 19  M = 228  ds = [ 1, 2, 3, 4, 6, 12, 19, 38, 57, 76, 114, 228 ]
#isotropic = 37 (2N-1 = 37)
#cosets = 480
#monomials = 222
a0 table built
FORM -2:
  c_eta(0)[1] (trivial) = -2.03878875032E-63 + 7.49762514821E-64 i   (half: 
-1.01939437516E-63)
  c_eta(0)[2] = -5.18497989597E-64 + -3.61847348821E-64 i   (half: 
-2.59248994799E-64)
  c_eta(0)[3] = -5.18497989597E-64 + -3.61847348821E-64 i   (half: 
-2.59248994799E-64)
  c_eta(0)[4] = -5.18497989597E-64 + -3.61847348821E-64 i   (half: 
-2.59248994799E-64)
  c_eta(0)[5] = -5.18497989597E-64 + -3.61847348821E-64 i   (half: 
-2.59248994799E-64)
  c_eta(0)[6] = -5.18497989597E-64 + -3.61847348821E-64 i   (half: 
-2.59248994799E-64)
  c_eta(0)[7] = -5.18497989597E-64 + -3.61847348821E-64 i   (half: 
-2.59248994799E-64)
  c_eta(0)[8] = -5.18497989597E-64 + -3.61847348821E-64 i   (half: 
-2.59248994799E-64)
  c_eta(0)[9] = -5.18497989597E-64 + -3.61847348821E-64 i   (half: 
-2.59248994799E-64)
  c_eta(0)[10] = -5.18497989597E-64 + -3.61847348821E-64 i   (half: 
-2.59248994799E-64)
  c_eta(0)[11] = -5.18497989597E-64 + -3.61847348821E-64 i   (half: 
-2.59248994799E-64)
  c_eta(0)[12] = -5.18497989597E-64 + -3.61847348821E-64 i   (half: 
-2.59248994799E-64)
  c_eta(0)[13] = -5.18497989597E-64 + -3.61847348821E-64 i   (half: 
-2.59248994799E-64)
  c_eta(0)[14] = -5.18497989597E-64 + -3.61847348821E-64 i   (half: 
-2.59248994799E-64)
  c_eta(0)[15] = -5.18497989597E-64 + -3.61847348821E-64 i   (half: 
-2.59248994799E-64)
  c_eta(0)[16] = -5.18497989597E-64 + -3.61847348821E-64 i   (half: 
-2.59248994799E-64)
  c_eta(0)[17] = -5.18497989597E-64 + -3.61847348821E-64 i   (half: 
-2.59248994799E-64)
  c_eta(0)[18] = -5.18497989597E-64 + -3.61847348821E-64 i   (half: 
-2.59248994799E-64)
  c_eta(0)[19] = -5.18497989597E-64 + -3.61847348821E-64 i   (half: 
-2.59248994799E-64)
  c_eta(0)[20] = -5.18497989597E-64 + -3.61847348821E-64 i   (half: 
-2.59248994799E-64)
  c_eta(0)[21] = -5.18497989597E-64 + -3.61847348821E-64 i   (half: 
-2.59248994799E-64)
  c_eta(0)[22] = -5.18497989597E-64 + -3.61847348821E-64 i   (half: 
-2.59248994799E-64)
  c_eta(0)[23] = -5.18497989597E-64 + -3.61847348821E-64 i   (half: 
-2.59248994799E-64)
  c_eta(0)[24] = -5.18497989597E-64 + -3.61847348821E-64 i   (half: 
-2.59248994799E-64)
  c_eta(0)[25] = -5.18497989597E-64 + -3.61847348821E-64 i   (half: 
-2.59248994799E-64)
  c_eta(0)[26] = -5.18497989597E-64 + -3.61847348821E-64 i   (half: 
-2.59248994799E-64)
  c_eta(0)[27] = -5.18497989597E-64 + -3.61847348821E-64 i   (half: 
-2.59248994799E-64)
  c_eta(0)[28] = -5.18497989597E-64 + -3.61847348821E-64 i   (half: 
-2.59248994799E-64)
  c_eta(0)[29] = -5.18497989597E-64 + -3.61847348821E-64 i   (half: 
-2.59248994799E-64)
  c_eta(0)[30] = -5.18497989597E-64 + -3.61847348821E-64 i   (half: 
-2.59248994799E-64)
  c_eta(0)[31] = -5.18497989597E-64 + -3.61847348821E-64 i   (half: 
-2.59248994799E-64)
  c_eta(0)[32] = -5.18497989597E-64 + -3.61847348821E-64 i   (half: 
-2.59248994799E-64)
  c_eta(0)[33] = -5.18497989597E-64 + -3.61847348821E-64 i   (half: 
-2.59248994799E-64)
  c_eta(0)[34] = -5.18497989597E-64 + -3.61847348821E-64 i   (half: 
-2.59248994799E-64)
  c_eta(0)[35] = -5.18497989597E-64 + -3.61847348821E-64 i   (half: 
-2.59248994799E-64)
  c_eta(0)[36] = -5.18497989597E-64 + -3.61847348821E-64 i   (half: 
-2.59248994799E-64)
  c_eta(0)[37] = -5.18497989597E-64 + -3.61847348821E-64 i   (half: 
-2.59248994799E-64)
FORM -1:
  c_eta(0)[1] (trivial) = -2.17910525246E-63 + 8.52362474169E-64 i   (half: 
-1.08955262623E-63)
  c_eta(0)[2] = -5.18513968204E-64 + -3.61824284542E-64 i   (half: 
-2.59256984102E-64)
  c_eta(0)[3] = -5.18513968204E-64 + -3.61824284542E-64 i   (half: 
-2.59256984102E-64)
  c_eta(0)[4] = -5.18513968204E-64 + -3.61824284542E-64 i   (half: 
-2.59256984102E-64)
  c_eta(0)[5] = -5.18513968204E-64 + -3.61824284542E-64 i   (half: 
-2.59256984102E-64)
  c_eta(0)[6] = -5.18513968204E-64 + -3.61824284542E-64 i   (half: 
-2.59256984102E-64)
  c_eta(0)[7] = -5.18513968204E-64 + -3.61824284542E-64 i   (half: 
-2.59256984102E-64)
  c_eta(0)[8] = -5.18513968204E-64 + -3.61824284542E-64 i   (half: 
-2.59256984102E-64)
  c_eta(0)[9] = -5.18513968204E-64 + -3.61824284542E-64 i   (half: 
-2.59256984102E-64)
  c_eta(0)[10] = -5.18513968204E-64 + -3.61824284542E-64 i   (half: 
-2.59256984102E-64)
  c_eta(0)[11] = -5.18513968204E-64 + -3.61824284542E-64 i   (half: 
-2.59256984102E-64)
  c_eta(0)[12] = -5.18513968204E-64 + -3.61824284542E-64 i   (half: 
-2.59256984102E-64)
  c_eta(0)[13] = -5.18513968204E-64 + -3.61824284542E-64 i   (half: 
-2.59256984102E-64)
  c_eta(0)[14] = -5.18513968204E-64 + -3.61824284542E-64 i   (half: 
-2.59256984102E-64)
  c_eta(0)[15] = -5.18513968204E-64 + -3.61824284542E-64 i   (half: 
-2.59256984102E-64)
  c_eta(0)[16] = -5.18513968204E-64 + -3.61824284542E-64 i   (half: 
-2.59256984102E-64)
  c_eta(0)[17] = -5.18513968204E-64 + -3.61824284542E-64 i   (half: 
-2.59256984102E-64)
  c_eta(0)[18] = -5.18513968204E-64 + -3.61824284542E-64 i   (half: 
-2.59256984102E-64)
  c_eta(0)[19] = -5.18513968204E-64 + -3.61824284542E-64 i   (half: 
-2.59256984102E-64)
  c_eta(0)[20] = -5.18513968204E-64 + -3.61824284542E-64 i   (half: 
-2.59256984102E-64)
  c_eta(0)[21] = -5.18513968204E-64 + -3.61824284542E-64 i   (half: 
-2.59256984102E-64)
  c_eta(0)[22] = -5.18513968204E-64 + -3.61824284542E-64 i   (half: 
-2.59256984102E-64)
  c_eta(0)[23] = -5.18513968204E-64 + -3.61824284542E-64 i   (half: 
-2.59256984102E-64)
  c_eta(0)[24] = -5.18513968204E-64 + -3.61824284542E-64 i   (half: 
-2.59256984102E-64)
  c_eta(0)[25] = -5.18513968204E-64 + -3.61824284542E-64 i   (half: 
-2.59256984102E-64)
  c_eta(0)[26] = -5.18513968204E-64 + -3.61824284542E-64 i   (half: 
-2.59256984102E-64)
  c_eta(0)[27] = -5.18513968204E-64 + -3.61824284542E-64 i   (half: 
-2.59256984102E-64)
  c_eta(0)[28] = -5.18513968204E-64 + -3.61824284542E-64 i   (half: 
-2.59256984102E-64)
  c_eta(0)[29] = -5.18513968204E-64 + -3.61824284542E-64 i   (half: 
-2.59256984102E-64)
  c_eta(0)[30] = -5.18513968204E-64 + -3.61824284542E-64 i   (half: 
-2.59256984102E-64)
  c_eta(0)[31] = -5.18513968204E-64 + -3.61824284542E-64 i   (half: 
-2.59256984102E-64)
  c_eta(0)[32] = -5.18513968204E-64 + -3.61824284542E-64 i   (half: 
-2.59256984102E-64)
  c_eta(0)[33] = -5.18513968204E-64 + -3.61824284542E-64 i   (half: 
-2.59256984102E-64)
  c_eta(0)[34] = -5.18513968204E-64 + -3.61824284542E-64 i   (half: 
-2.59256984102E-64)
  c_eta(0)[35] = -5.18513968204E-64 + -3.61824284542E-64 i   (half: 
-2.59256984102E-64)
  c_eta(0)[36] = -5.18513968204E-64 + -3.61824284542E-64 i   (half: 
-2.59256984102E-64)
  c_eta(0)[37] = -5.18513968204E-64 + -3.61824284542E-64 i   (half: 
-2.59256984102E-64)
FORM 9:
  c_eta(0)[1] (trivial) = -1.17360268646E-60 + -9.32281092679E-60 i   (half: 
-5.86801343229E-61)
  c_eta(0)[2] = -7.12163365445E-60 + -4.97380375530E-60 i   (half: 
-3.56081682723E-60)
  c_eta(0)[3] = -7.12163365445E-60 + -4.97380375530E-60 i   (half: 
-3.56081682723E-60)
  c_eta(0)[4] = -7.12163365445E-60 + -4.97380375530E-60 i   (half: 
-3.56081682723E-60)
  c_eta(0)[5] = -7.12163365445E-60 + -4.97380375530E-60 i   (half: 
-3.56081682723E-60)
  c_eta(0)[6] = -7.12163365445E-60 + -4.97380375530E-60 i   (half: 
-3.56081682723E-60)
  c_eta(0)[7] = -7.12163365445E-60 + -4.97380375530E-60 i   (half: 
-3.56081682723E-60)
  c_eta(0)[8] = -7.12163365445E-60 + -4.97380375530E-60 i   (half: 
-3.56081682723E-60)
  c_eta(0)[9] = -7.12163365445E-60 + -4.97380375530E-60 i   (half: 
-3.56081682723E-60)
  c_eta(0)[10] = -7.12163365445E-60 + -4.97380375530E-60 i   (half: 
-3.56081682723E-60)
  c_eta(0)[11] = -7.12163365445E-60 + -4.97380375530E-60 i   (half: 
-3.56081682723E-60)
  c_eta(0)[12] = -7.12163365445E-60 + -4.97380375530E-60 i   (half: 
-3.56081682723E-60)
  c_eta(0)[13] = -7.12163365445E-60 + -4.97380375530E-60 i   (half: 
-3.56081682723E-60)
  c_eta(0)[14] = -7.12163365445E-60 + -4.97380375530E-60 i   (half: 
-3.56081682723E-60)
  c_eta(0)[15] = -7.12163365445E-60 + -4.97380375530E-60 i   (half: 
-3.56081682723E-60)
  c_eta(0)[16] = -7.12163365445E-60 + -4.97380375530E-60 i   (half: 
-3.56081682723E-60)
  c_eta(0)[17] = -7.12163365445E-60 + -4.97380375530E-60 i   (half: 
-3.56081682723E-60)
  c_eta(0)[18] = -7.12163365445E-60 + -4.97380375530E-60 i   (half: 
-3.56081682723E-60)
  c_eta(0)[19] = -7.12163365445E-60 + -4.97380375530E-60 i   (half: 
-3.56081682723E-60)
  c_eta(0)[20] = -7.12163365445E-60 + -4.97380375530E-60 i   (half: 
-3.56081682723E-60)
  c_eta(0)[21] = -7.12163365445E-60 + -4.97380375530E-60 i   (half: 
-3.56081682723E-60)
  c_eta(0)[22] = -7.12163365445E-60 + -4.97380375530E-60 i   (half: 
-3.56081682723E-60)
  c_eta(0)[23] = -7.12163365445E-60 + -4.97380375530E-60 i   (half: 
-3.56081682723E-60)
  c_eta(0)[24] = -7.12163365445E-60 + -4.97380375530E-60 i   (half: 
-3.56081682723E-60)
  c_eta(0)[25] = -7.12163365445E-60 + -4.97380375530E-60 i   (half: 
-3.56081682723E-60)
  c_eta(0)[26] = -7.12163365445E-60 + -4.97380375530E-60 i   (half: 
-3.56081682723E-60)
  c_eta(0)[27] = -7.12163365445E-60 + -4.97380375530E-60 i   (half: 
-3.56081682723E-60)
  c_eta(0)[28] = -7.12163365445E-60 + -4.97380375530E-60 i   (half: 
-3.56081682723E-60)
  c_eta(0)[29] = -7.12163365445E-60 + -4.97380375530E-60 i   (half: 
-3.56081682723E-60)
  c_eta(0)[30] = -7.12163365445E-60 + -4.97380375530E-60 i   (half: 
-3.56081682723E-60)
  c_eta(0)[31] = -7.12163365445E-60 + -4.97380375530E-60 i   (half: 
-3.56081682723E-60)
  c_eta(0)[32] = -7.12163365445E-60 + -4.97380375530E-60 i   (half: 
-3.56081682723E-60)
  c_eta(0)[33] = -7.12163365445E-60 + -4.97380375530E-60 i   (half: 
-3.56081682723E-60)
  c_eta(0)[34] = -7.12163365445E-60 + -4.97380375530E-60 i   (half: 
-3.56081682723E-60)
  c_eta(0)[35] = -7.12163365445E-60 + -4.97380375530E-60 i   (half: 
-3.56081682723E-60)
  c_eta(0)[36] = -7.12163365445E-60 + -4.97380375530E-60 i   (half: 
-3.56081682723E-60)
  c_eta(0)[37] = -7.12163365445E-60 + -4.97380375530E-60 i   (half: 
-3.56081682723E-60)
FORM 10:
  c_eta(0)[1] (trivial) = -3.48230841894E-63 + 3.03995243209E-63 i   (half: 
-1.74115420947E-63)
  c_eta(0)[2] = -2.00000000000 + 2.40913141964E-64 i   (half: -1.00000000000)
  c_eta(0)[3] = -2.00000000000 + 2.40913141964E-64 i   (half: -1.00000000000)
  c_eta(0)[4] = -2.00000000000 + 2.40913141964E-64 i   (half: -1.00000000000)
  c_eta(0)[5] = -2.00000000000 + 2.40913141964E-64 i   (half: -1.00000000000)
  c_eta(0)[6] = -2.00000000000 + 2.40913141964E-64 i   (half: -1.00000000000)
  c_eta(0)[7] = -2.00000000000 + 2.40913141964E-64 i   (half: -1.00000000000)
  c_eta(0)[8] = -2.00000000000 + 2.40913141964E-64 i   (half: -1.00000000000)
  c_eta(0)[9] = -2.00000000000 + 2.40913141964E-64 i   (half: -1.00000000000)
  c_eta(0)[10] = -2.00000000000 + 2.40913141964E-64 i   (half: -1.00000000000)
  c_eta(0)[11] = -2.00000000000 + 2.40913141964E-64 i   (half: -1.00000000000)
  c_eta(0)[12] = -2.00000000000 + 2.40913141964E-64 i   (half: -1.00000000000)
  c_eta(0)[13] = -2.00000000000 + 2.40913141964E-64 i   (half: -1.00000000000)
  c_eta(0)[14] = -2.00000000000 + 2.40913141964E-64 i   (half: -1.00000000000)
  c_eta(0)[15] = -2.00000000000 + 2.40913141964E-64 i   (half: -1.00000000000)
  c_eta(0)[16] = -2.00000000000 + 2.40913141964E-64 i   (half: -1.00000000000)
  c_eta(0)[17] = -2.00000000000 + 2.40913141964E-64 i   (half: -1.00000000000)
  c_eta(0)[18] = -2.00000000000 + 2.40913141964E-64 i   (half: -1.00000000000)
  c_eta(0)[19] = -2.00000000000 + 2.40913141964E-64 i   (half: -1.00000000000)
  c_eta(0)[20] = -2.00000000000 + 2.40913141964E-64 i   (half: -1.00000000000)
  c_eta(0)[21] = -2.00000000000 + 2.40913141964E-64 i   (half: -1.00000000000)
  c_eta(0)[22] = -2.00000000000 + 2.40913141964E-64 i   (half: -1.00000000000)
  c_eta(0)[23] = -2.00000000000 + 2.40913141964E-64 i   (half: -1.00000000000)
  c_eta(0)[24] = -2.00000000000 + 2.40913141964E-64 i   (half: -1.00000000000)
  c_eta(0)[25] = -2.00000000000 + 2.40913141964E-64 i   (half: -1.00000000000)
  c_eta(0)[26] = -2.00000000000 + 2.40913141964E-64 i   (half: -1.00000000000)
  c_eta(0)[27] = -2.00000000000 + 2.40913141964E-64 i   (half: -1.00000000000)
  c_eta(0)[28] = -2.00000000000 + 2.40913141964E-64 i   (half: -1.00000000000)
  c_eta(0)[29] = -2.00000000000 + 2.40913141964E-64 i   (half: -1.00000000000)
  c_eta(0)[30] = -2.00000000000 + 2.40913141964E-64 i   (half: -1.00000000000)
  c_eta(0)[31] = -2.00000000000 + 2.40913141964E-64 i   (half: -1.00000000000)
  c_eta(0)[32] = -2.00000000000 + 2.40913141964E-64 i   (half: -1.00000000000)
  c_eta(0)[33] = -2.00000000000 + 2.40913141964E-64 i   (half: -1.00000000000)
  c_eta(0)[34] = -2.00000000000 + 2.40913141964E-64 i   (half: -1.00000000000)
  c_eta(0)[35] = -2.00000000000 + 2.40913141964E-64 i   (half: -1.00000000000)
  c_eta(0)[36] = -2.00000000000 + 2.40913141964E-64 i   (half: -1.00000000000)
  c_eta(0)[37] = -2.00000000000 + 2.40913141964E-64 i   (half: -1.00000000000)
FORM 11:
  c_eta(0)[1] (trivial) = -1.17012676438E-60 + -9.32585101850E-60 i   (half: 
-5.85063382191E-61)
  c_eta(0)[2] = 2.00000000000 + -4.97404477132E-60 i   (half: 1.00000000000)
  c_eta(0)[3] = 2.00000000000 + -4.97404477132E-60 i   (half: 1.00000000000)
  c_eta(0)[4] = 2.00000000000 + -4.97404477132E-60 i   (half: 1.00000000000)
  c_eta(0)[5] = 2.00000000000 + -4.97404477132E-60 i   (half: 1.00000000000)
  c_eta(0)[6] = 2.00000000000 + -4.97404477132E-60 i   (half: 1.00000000000)
  c_eta(0)[7] = 2.00000000000 + -4.97404477132E-60 i   (half: 1.00000000000)
  c_eta(0)[8] = 2.00000000000 + -4.97404477132E-60 i   (half: 1.00000000000)
  c_eta(0)[9] = 2.00000000000 + -4.97404477132E-60 i   (half: 1.00000000000)
  c_eta(0)[10] = 2.00000000000 + -4.97404477132E-60 i   (half: 1.00000000000)
  c_eta(0)[11] = 2.00000000000 + -4.97404477132E-60 i   (half: 1.00000000000)
  c_eta(0)[12] = 2.00000000000 + -4.97404477132E-60 i   (half: 1.00000000000)
  c_eta(0)[13] = 2.00000000000 + -4.97404477132E-60 i   (half: 1.00000000000)
  c_eta(0)[14] = 2.00000000000 + -4.97404477132E-60 i   (half: 1.00000000000)
  c_eta(0)[15] = 2.00000000000 + -4.97404477132E-60 i   (half: 1.00000000000)
  c_eta(0)[16] = 2.00000000000 + -4.97404477132E-60 i   (half: 1.00000000000)
  c_eta(0)[17] = 2.00000000000 + -4.97404477132E-60 i   (half: 1.00000000000)
  c_eta(0)[18] = 2.00000000000 + -4.97404477132E-60 i   (half: 1.00000000000)
  c_eta(0)[19] = 2.00000000000 + -4.97404477132E-60 i   (half: 1.00000000000)
  c_eta(0)[20] = 2.00000000000 + -4.97404477132E-60 i   (half: 1.00000000000)
  c_eta(0)[21] = 2.00000000000 + -4.97404477132E-60 i   (half: 1.00000000000)
  c_eta(0)[22] = 2.00000000000 + -4.97404477132E-60 i   (half: 1.00000000000)
  c_eta(0)[23] = 2.00000000000 + -4.97404477132E-60 i   (half: 1.00000000000)
  c_eta(0)[24] = 2.00000000000 + -4.97404477132E-60 i   (half: 1.00000000000)
  c_eta(0)[25] = 2.00000000000 + -4.97404477132E-60 i   (half: 1.00000000000)
  c_eta(0)[26] = 2.00000000000 + -4.97404477132E-60 i   (half: 1.00000000000)
  c_eta(0)[27] = 2.00000000000 + -4.97404477132E-60 i   (half: 1.00000000000)
  c_eta(0)[28] = 2.00000000000 + -4.97404477132E-60 i   (half: 1.00000000000)
  c_eta(0)[29] = 2.00000000000 + -4.97404477132E-60 i   (half: 1.00000000000)
  c_eta(0)[30] = 2.00000000000 + -4.97404477132E-60 i   (half: 1.00000000000)
  c_eta(0)[31] = 2.00000000000 + -4.97404477132E-60 i   (half: 1.00000000000)
  c_eta(0)[32] = 2.00000000000 + -4.97404477132E-60 i   (half: 1.00000000000)
  c_eta(0)[33] = 2.00000000000 + -4.97404477132E-60 i   (half: 1.00000000000)
  c_eta(0)[34] = 2.00000000000 + -4.97404477132E-60 i   (half: 1.00000000000)
  c_eta(0)[35] = 2.00000000000 + -4.97404477132E-60 i   (half: 1.00000000000)
  c_eta(0)[36] = 2.00000000000 + -4.97404477132E-60 i   (half: 1.00000000000)
  c_eta(0)[37] = 2.00000000000 + -4.97404477132E-60 i   (half: 1.00000000000)
FORM 12:
  c_eta(0)[1] (trivial) = -9.03733106379E-61 + -9.73871813259E-60 i   (half: 
-4.51866553189E-61)
  c_eta(0)[2] = 2.00000000000 + -5.08054659545E-60 i   (half: 1.00000000000)
  c_eta(0)[3] = 2.00000000000 + -5.08054659545E-60 i   (half: 1.00000000000)
  c_eta(0)[4] = 2.00000000000 + -5.08054659545E-60 i   (half: 1.00000000000)
  c_eta(0)[5] = 2.00000000000 + -5.08054659545E-60 i   (half: 1.00000000000)
  c_eta(0)[6] = 2.00000000000 + -5.08054659545E-60 i   (half: 1.00000000000)
  c_eta(0)[7] = 2.00000000000 + -5.08054659545E-60 i   (half: 1.00000000000)
  c_eta(0)[8] = 2.00000000000 + -5.08054659545E-60 i   (half: 1.00000000000)
  c_eta(0)[9] = 2.00000000000 + -5.08054659545E-60 i   (half: 1.00000000000)
  c_eta(0)[10] = 2.00000000000 + -5.08054659545E-60 i   (half: 1.00000000000)
  c_eta(0)[11] = 2.00000000000 + -5.08054659545E-60 i   (half: 1.00000000000)
  c_eta(0)[12] = 2.00000000000 + -5.08054659545E-60 i   (half: 1.00000000000)
  c_eta(0)[13] = 2.00000000000 + -5.08054659545E-60 i   (half: 1.00000000000)
  c_eta(0)[14] = 2.00000000000 + -5.08054659545E-60 i   (half: 1.00000000000)
  c_eta(0)[15] = 2.00000000000 + -5.08054659545E-60 i   (half: 1.00000000000)
  c_eta(0)[16] = 2.00000000000 + -5.08054659545E-60 i   (half: 1.00000000000)
  c_eta(0)[17] = 2.00000000000 + -5.08054659545E-60 i   (half: 1.00000000000)
  c_eta(0)[18] = 2.00000000000 + -5.08054659545E-60 i   (half: 1.00000000000)
  c_eta(0)[19] = 2.00000000000 + -5.08054659545E-60 i   (half: 1.00000000000)
  c_eta(0)[20] = 2.00000000000 + -5.08054659545E-60 i   (half: 1.00000000000)
  c_eta(0)[21] = 2.00000000000 + -5.08054659545E-60 i   (half: 1.00000000000)
  c_eta(0)[22] = 2.00000000000 + -5.08054659545E-60 i   (half: 1.00000000000)
  c_eta(0)[23] = 2.00000000000 + -5.08054659545E-60 i   (half: 1.00000000000)
  c_eta(0)[24] = 2.00000000000 + -5.08054659545E-60 i   (half: 1.00000000000)
  c_eta(0)[25] = 2.00000000000 + -5.08054659545E-60 i   (half: 1.00000000000)
  c_eta(0)[26] = 2.00000000000 + -5.08054659545E-60 i   (half: 1.00000000000)
  c_eta(0)[27] = 2.00000000000 + -5.08054659545E-60 i   (half: 1.00000000000)
  c_eta(0)[28] = 2.00000000000 + -5.08054659545E-60 i   (half: 1.00000000000)
  c_eta(0)[29] = 2.00000000000 + -5.08054659545E-60 i   (half: 1.00000000000)
  c_eta(0)[30] = 2.00000000000 + -5.08054659545E-60 i   (half: 1.00000000000)
  c_eta(0)[31] = 2.00000000000 + -5.08054659545E-60 i   (half: 1.00000000000)
  c_eta(0)[32] = 2.00000000000 + -5.08054659545E-60 i   (half: 1.00000000000)
  c_eta(0)[33] = 2.00000000000 + -5.08054659545E-60 i   (half: 1.00000000000)
  c_eta(0)[34] = 2.00000000000 + -5.08054659545E-60 i   (half: 1.00000000000)
  c_eta(0)[35] = 2.00000000000 + -5.08054659545E-60 i   (half: 1.00000000000)
  c_eta(0)[36] = 2.00000000000 + -5.08054659545E-60 i   (half: 1.00000000000)
  c_eta(0)[37] = 2.00000000000 + -5.08054659545E-60 i   (half: 1.00000000000)
FORM 13:
  c_eta(0)[1] (trivial) = -1.14697729954E-63 + 2.03477789173E-64 i   (half: 
-5.73488649771E-64)
  c_eta(0)[2] = 2.00000000000 + -3.10253811209E-64 i   (half: 1.00000000000)
  c_eta(0)[3] = 2.00000000000 + -3.10253811209E-64 i   (half: 1.00000000000)
  c_eta(0)[4] = 2.00000000000 + -3.10253811209E-64 i   (half: 1.00000000000)
  c_eta(0)[5] = 2.00000000000 + -3.10253811209E-64 i   (half: 1.00000000000)
  c_eta(0)[6] = 2.00000000000 + -3.10253811209E-64 i   (half: 1.00000000000)
  c_eta(0)[7] = 2.00000000000 + -3.10253811209E-64 i   (half: 1.00000000000)
  c_eta(0)[8] = 2.00000000000 + -3.10253811209E-64 i   (half: 1.00000000000)
  c_eta(0)[9] = 2.00000000000 + -3.10253811209E-64 i   (half: 1.00000000000)
  c_eta(0)[10] = 2.00000000000 + -3.10253811209E-64 i   (half: 1.00000000000)
  c_eta(0)[11] = 2.00000000000 + -3.10253811209E-64 i   (half: 1.00000000000)
  c_eta(0)[12] = 2.00000000000 + -3.10253811209E-64 i   (half: 1.00000000000)
  c_eta(0)[13] = 2.00000000000 + -3.10253811209E-64 i   (half: 1.00000000000)
  c_eta(0)[14] = 2.00000000000 + -3.10253811209E-64 i   (half: 1.00000000000)
  c_eta(0)[15] = 2.00000000000 + -3.10253811209E-64 i   (half: 1.00000000000)
  c_eta(0)[16] = 2.00000000000 + -3.10253811209E-64 i   (half: 1.00000000000)
  c_eta(0)[17] = 2.00000000000 + -3.10253811209E-64 i   (half: 1.00000000000)
  c_eta(0)[18] = 2.00000000000 + -3.10253811209E-64 i   (half: 1.00000000000)
  c_eta(0)[19] = 2.00000000000 + -3.10253811209E-64 i   (half: 1.00000000000)
  c_eta(0)[20] = 2.00000000000 + -3.10253811209E-64 i   (half: 1.00000000000)
  c_eta(0)[21] = 2.00000000000 + -3.10253811209E-64 i   (half: 1.00000000000)
  c_eta(0)[22] = 2.00000000000 + -3.10253811209E-64 i   (half: 1.00000000000)
  c_eta(0)[23] = 2.00000000000 + -3.10253811209E-64 i   (half: 1.00000000000)
  c_eta(0)[24] = 2.00000000000 + -3.10253811209E-64 i   (half: 1.00000000000)
  c_eta(0)[25] = 2.00000000000 + -3.10253811209E-64 i   (half: 1.00000000000)
  c_eta(0)[26] = 2.00000000000 + -3.10253811209E-64 i   (half: 1.00000000000)
  c_eta(0)[27] = 2.00000000000 + -3.10253811209E-64 i   (half: 1.00000000000)
  c_eta(0)[28] = 2.00000000000 + -3.10253811209E-64 i   (half: 1.00000000000)
  c_eta(0)[29] = 2.00000000000 + -3.10253811209E-64 i   (half: 1.00000000000)
  c_eta(0)[30] = 2.00000000000 + -3.10253811209E-64 i   (half: 1.00000000000)
  c_eta(0)[31] = 2.00000000000 + -3.10253811209E-64 i   (half: 1.00000000000)
  c_eta(0)[32] = 2.00000000000 + -3.10253811209E-64 i   (half: 1.00000000000)
  c_eta(0)[33] = 2.00000000000 + -3.10253811209E-64 i   (half: 1.00000000000)
  c_eta(0)[34] = 2.00000000000 + -3.10253811209E-64 i   (half: 1.00000000000)
  c_eta(0)[35] = 2.00000000000 + -3.10253811209E-64 i   (half: 1.00000000000)
  c_eta(0)[36] = 2.00000000000 + -3.10253811209E-64 i   (half: 1.00000000000)
  c_eta(0)[37] = 2.00000000000 + -3.10253811209E-64 i   (half: 1.00000000000)
FORM 14:
  c_eta(0)[1] (trivial) = -4.62928396102E-63 + 3.24343032392E-63 i   (half: 
-2.31464198051E-63)
  c_eta(0)[2] = -9.85490768741E-65 + -6.93405958465E-65 i   (half: 
-4.92745384371E-65)
  c_eta(0)[3] = -9.85490768741E-65 + -6.93405958465E-65 i   (half: 
-4.92745384371E-65)
  c_eta(0)[4] = -9.85490768741E-65 + -6.93405958465E-65 i   (half: 
-4.92745384371E-65)
  c_eta(0)[5] = -9.85490768741E-65 + -6.93405958465E-65 i   (half: 
-4.92745384371E-65)
  c_eta(0)[6] = -9.85490768741E-65 + -6.93405958465E-65 i   (half: 
-4.92745384371E-65)
  c_eta(0)[7] = -9.85490768741E-65 + -6.93405958465E-65 i   (half: 
-4.92745384371E-65)
  c_eta(0)[8] = -9.85490768741E-65 + -6.93405958465E-65 i   (half: 
-4.92745384371E-65)
  c_eta(0)[9] = -9.85490768741E-65 + -6.93405958465E-65 i   (half: 
-4.92745384371E-65)
  c_eta(0)[10] = -9.85490768741E-65 + -6.93405958465E-65 i   (half: 
-4.92745384371E-65)
  c_eta(0)[11] = -9.85490768741E-65 + -6.93405958465E-65 i   (half: 
-4.92745384371E-65)
  c_eta(0)[12] = -9.85490768741E-65 + -6.93405958465E-65 i   (half: 
-4.92745384371E-65)
  c_eta(0)[13] = -9.85490768741E-65 + -6.93405958465E-65 i   (half: 
-4.92745384371E-65)
  c_eta(0)[14] = -9.85490768741E-65 + -6.93405958465E-65 i   (half: 
-4.92745384371E-65)
  c_eta(0)[15] = -9.85490768741E-65 + -6.93405958465E-65 i   (half: 
-4.92745384371E-65)
  c_eta(0)[16] = -9.85490768741E-65 + -6.93405958465E-65 i   (half: 
-4.92745384371E-65)
  c_eta(0)[17] = -9.85490768741E-65 + -6.93405958465E-65 i   (half: 
-4.92745384371E-65)
  c_eta(0)[18] = -9.85490768741E-65 + -6.93405958465E-65 i   (half: 
-4.92745384371E-65)
  c_eta(0)[19] = -9.85490768741E-65 + -6.93405958465E-65 i   (half: 
-4.92745384371E-65)
  c_eta(0)[20] = -9.85490768741E-65 + -6.93405958465E-65 i   (half: 
-4.92745384371E-65)
  c_eta(0)[21] = -9.85490768741E-65 + -6.93405958465E-65 i   (half: 
-4.92745384371E-65)
  c_eta(0)[22] = -9.85490768741E-65 + -6.93405958465E-65 i   (half: 
-4.92745384371E-65)
  c_eta(0)[23] = -9.85490768741E-65 + -6.93405958465E-65 i   (half: 
-4.92745384371E-65)
  c_eta(0)[24] = -9.85490768741E-65 + -6.93405958465E-65 i   (half: 
-4.92745384371E-65)
  c_eta(0)[25] = -9.85490768741E-65 + -6.93405958465E-65 i   (half: 
-4.92745384371E-65)
  c_eta(0)[26] = -9.85490768741E-65 + -6.93405958465E-65 i   (half: 
-4.92745384371E-65)
  c_eta(0)[27] = -9.85490768741E-65 + -6.93405958465E-65 i   (half: 
-4.92745384371E-65)
  c_eta(0)[28] = -9.85490768741E-65 + -6.93405958465E-65 i   (half: 
-4.92745384371E-65)
  c_eta(0)[29] = -9.85490768741E-65 + -6.93405958465E-65 i   (half: 
-4.92745384371E-65)
  c_eta(0)[30] = -9.85490768741E-65 + -6.93405958465E-65 i   (half: 
-4.92745384371E-65)
  c_eta(0)[31] = -9.85490768741E-65 + -6.93405958465E-65 i   (half: 
-4.92745384371E-65)
  c_eta(0)[32] = -9.85490768741E-65 + -6.93405958465E-65 i   (half: 
-4.92745384371E-65)
  c_eta(0)[33] = -9.85490768741E-65 + -6.93405958465E-65 i   (half: 
-4.92745384371E-65)
  c_eta(0)[34] = -9.85490768741E-65 + -6.93405958465E-65 i   (half: 
-4.92745384371E-65)
  c_eta(0)[35] = -9.85490768741E-65 + -6.93405958465E-65 i   (half: 
-4.92745384371E-65)
  c_eta(0)[36] = -9.85490768741E-65 + -6.93405958465E-65 i   (half: 
-4.92745384371E-65)
  c_eta(0)[37] = -9.85490768741E-65 + -6.93405958465E-65 i   (half: 
-4.92745384371E-65)
FORM 15:
  c_eta(0)[1] (trivial) = -1.17127377627E-60 + -9.32564812210E-60 i   (half: 
-5.85636888134E-61)
  c_eta(0)[2] = 4.00000000000 + -4.97435563695E-60 i   (half: 2.00000000000)
  c_eta(0)[3] = 4.00000000000 + -4.97435563695E-60 i   (half: 2.00000000000)
  c_eta(0)[4] = 4.00000000000 + -4.97435563695E-60 i   (half: 2.00000000000)
  c_eta(0)[5] = 4.00000000000 + -4.97435563695E-60 i   (half: 2.00000000000)
  c_eta(0)[6] = 4.00000000000 + -4.97435563695E-60 i   (half: 2.00000000000)
  c_eta(0)[7] = 4.00000000000 + -4.97435563695E-60 i   (half: 2.00000000000)
  c_eta(0)[8] = 4.00000000000 + -4.97435563695E-60 i   (half: 2.00000000000)
  c_eta(0)[9] = 4.00000000000 + -4.97435563695E-60 i   (half: 2.00000000000)
  c_eta(0)[10] = 4.00000000000 + -4.97435563695E-60 i   (half: 2.00000000000)
  c_eta(0)[11] = 4.00000000000 + -4.97435563695E-60 i   (half: 2.00000000000)
  c_eta(0)[12] = 4.00000000000 + -4.97435563695E-60 i   (half: 2.00000000000)
  c_eta(0)[13] = 4.00000000000 + -4.97435563695E-60 i   (half: 2.00000000000)
  c_eta(0)[14] = 4.00000000000 + -4.97435563695E-60 i   (half: 2.00000000000)
  c_eta(0)[15] = 4.00000000000 + -4.97435563695E-60 i   (half: 2.00000000000)
  c_eta(0)[16] = 4.00000000000 + -4.97435563695E-60 i   (half: 2.00000000000)
  c_eta(0)[17] = 4.00000000000 + -4.97435563695E-60 i   (half: 2.00000000000)
  c_eta(0)[18] = 4.00000000000 + -4.97435563695E-60 i   (half: 2.00000000000)
  c_eta(0)[19] = 4.00000000000 + -4.97435563695E-60 i   (half: 2.00000000000)
  c_eta(0)[20] = 4.00000000000 + -4.97435563695E-60 i   (half: 2.00000000000)
  c_eta(0)[21] = 4.00000000000 + -4.97435563695E-60 i   (half: 2.00000000000)
  c_eta(0)[22] = 4.00000000000 + -4.97435563695E-60 i   (half: 2.00000000000)
  c_eta(0)[23] = 4.00000000000 + -4.97435563695E-60 i   (half: 2.00000000000)
  c_eta(0)[24] = 4.00000000000 + -4.97435563695E-60 i   (half: 2.00000000000)
  c_eta(0)[25] = 4.00000000000 + -4.97435563695E-60 i   (half: 2.00000000000)
  c_eta(0)[26] = 4.00000000000 + -4.97435563695E-60 i   (half: 2.00000000000)
  c_eta(0)[27] = 4.00000000000 + -4.97435563695E-60 i   (half: 2.00000000000)
  c_eta(0)[28] = 4.00000000000 + -4.97435563695E-60 i   (half: 2.00000000000)
  c_eta(0)[29] = 4.00000000000 + -4.97435563695E-60 i   (half: 2.00000000000)
  c_eta(0)[30] = 4.00000000000 + -4.97435563695E-60 i   (half: 2.00000000000)
  c_eta(0)[31] = 4.00000000000 + -4.97435563695E-60 i   (half: 2.00000000000)
  c_eta(0)[32] = 4.00000000000 + -4.97435563695E-60 i   (half: 2.00000000000)
  c_eta(0)[33] = 4.00000000000 + -4.97435563695E-60 i   (half: 2.00000000000)
  c_eta(0)[34] = 4.00000000000 + -4.97435563695E-60 i   (half: 2.00000000000)
  c_eta(0)[35] = 4.00000000000 + -4.97435563695E-60 i   (half: 2.00000000000)
  c_eta(0)[36] = 4.00000000000 + -4.97435563695E-60 i   (half: 2.00000000000)
  c_eta(0)[37] = 4.00000000000 + -4.97435563695E-60 i   (half: 2.00000000000)
