BASE 6 11  M = 132  ds = [ 1, 2, 3, 4, 6, 11, 12, 22, 33, 44, 66, 132 ]
#isotropic = 21 (2N-1 = 21)
#cosets = 288
#monomials = 132
a0 table built
FORM -2:
  c_eta(0)[1] (trivial) = 1.03353570931E-71 + -1.63033881083E-71 i   (half: 
5.16767854654E-72)
  c_eta(0)[2] = -1.65472236077E-71 + -3.54194187465E-72 i   (half: 
-8.27361180384E-72)
  c_eta(0)[3] = -1.65472234773E-71 + -3.54194186992E-72 i   (half: 
-8.27361173867E-72)
  c_eta(0)[4] = -1.65472236390E-71 + -3.54194185975E-72 i   (half: 
-8.27361181948E-72)
  c_eta(0)[5] = -1.65472235203E-71 + -3.54194190032E-72 i   (half: 
-8.27361176017E-72)
  c_eta(0)[6] = -1.65472235096E-71 + -3.54194183273E-72 i   (half: 
-8.27361175481E-72)
  c_eta(0)[7] = -1.65472234991E-71 + -3.54194184303E-72 i   (half: 
-8.27361174954E-72)
  c_eta(0)[8] = -1.65472235027E-71 + -3.54194184471E-72 i   (half: 
-8.27361175135E-72)
  c_eta(0)[9] = -1.65472235679E-71 + -3.54194186390E-72 i   (half: 
-8.27361178397E-72)
  c_eta(0)[10] = -1.65472235207E-71 + -3.54194192191E-72 i   (half: 
-8.27361176036E-72)
  c_eta(0)[11] = -1.65472234924E-71 + -3.54194188404E-72 i   (half: 
-8.27361174619E-72)
  c_eta(0)[12] = -1.65472235405E-71 + -3.54194195364E-72 i   (half: 
-8.27361177027E-72)
  c_eta(0)[13] = -1.65472235500E-71 + -3.54194191668E-72 i   (half: 
-8.27361177500E-72)
  c_eta(0)[14] = -1.65472236249E-71 + -3.54194187379E-72 i   (half: 
-8.27361181243E-72)
  c_eta(0)[15] = -1.65472235703E-71 + -3.54194191862E-72 i   (half: 
-8.27361178515E-72)
  c_eta(0)[16] = -1.65472235167E-71 + -3.54194187684E-72 i   (half: 
-8.27361175836E-72)
  c_eta(0)[17] = -1.65472234904E-71 + -3.54194182996E-72 i   (half: 
-8.27361174521E-72)
  c_eta(0)[18] = -1.65472235198E-71 + -3.54194184208E-72 i   (half: 
-8.27361175991E-72)
  c_eta(0)[19] = -1.65472236573E-71 + -3.54194186740E-72 i   (half: 
-8.27361182865E-72)
  c_eta(0)[20] = -1.65472235626E-71 + -3.54194183679E-72 i   (half: 
-8.27361178132E-72)
  c_eta(0)[21] = -1.65472235414E-71 + -3.54194186250E-72 i   (half: 
-8.27361177069E-72)
FORM -1:
  c_eta(0)[1] (trivial) = 1.11424570399E-71 + -1.36430183671E-71 i   (half: 
5.57122851993E-72)
  c_eta(0)[2] = -1.16916524972E-71 + -2.75614766663E-72 i   (half: 
-5.84582624858E-72)
  c_eta(0)[3] = -1.16916524406E-71 + -2.75614766189E-72 i   (half: 
-5.84582622031E-72)
  c_eta(0)[4] = -1.16916524799E-71 + -2.75614765172E-72 i   (half: 
-5.84582623997E-72)
  c_eta(0)[5] = -1.16916524625E-71 + -2.75614769229E-72 i   (half: 
-5.84582623126E-72)
  c_eta(0)[6] = -1.16916523886E-71 + -2.75614762471E-72 i   (half: 
-5.84582619428E-72)
  c_eta(0)[7] = -1.16916524539E-71 + -2.75614763501E-72 i   (half: 
-5.84582622696E-72)
  c_eta(0)[8] = -1.16916524217E-71 + -2.75614763668E-72 i   (half: 
-5.84582621085E-72)
  c_eta(0)[9] = -1.16916524806E-71 + -2.75614765587E-72 i   (half: 
-5.84582624031E-72)
  c_eta(0)[10] = -1.16916524460E-71 + -2.75614771389E-72 i   (half: 
-5.84582622302E-72)
  c_eta(0)[11] = -1.16916524388E-71 + -2.75614767602E-72 i   (half: 
-5.84582621939E-72)
  c_eta(0)[12] = -1.16916524701E-71 + -2.75614774561E-72 i   (half: 
-5.84582623504E-72)
  c_eta(0)[13] = -1.16916524479E-71 + -2.75614770866E-72 i   (half: 
-5.84582622396E-72)
  c_eta(0)[14] = -1.16916525228E-71 + -2.75614766577E-72 i   (half: 
-5.84582626138E-72)
  c_eta(0)[15] = -1.16916524598E-71 + -2.75614771059E-72 i   (half: 
-5.84582622989E-72)
  c_eta(0)[16] = -1.16916523746E-71 + -2.75614766882E-72 i   (half: 
-5.84582618729E-72)
  c_eta(0)[17] = -1.16916523673E-71 + -2.75614762194E-72 i   (half: 
-5.84582618363E-72)
  c_eta(0)[18] = -1.16916523903E-71 + -2.75614763406E-72 i   (half: 
-5.84582619516E-72)
  c_eta(0)[19] = -1.16916525383E-71 + -2.75614765937E-72 i   (half: 
-5.84582626917E-72)
  c_eta(0)[20] = -1.16916524479E-71 + -2.75614762877E-72 i   (half: 
-5.84582622395E-72)
  c_eta(0)[21] = -1.16916523971E-71 + -2.75614765448E-72 i   (half: 
-5.84582619856E-72)
FORM 9:
  c_eta(0)[1] (trivial) = -3.92718954549E-69 + 1.51625751143E-69 i   (half: 
-1.96359477274E-69)
  c_eta(0)[2] = 6.00000000000 + 3.43652419304E-69 i   (half: 3.00000000000)
  c_eta(0)[3] = 6.00000000000 + 3.43652419300E-69 i   (half: 3.00000000000)
  c_eta(0)[4] = 6.00000000000 + 3.43652419308E-69 i   (half: 3.00000000000)
  c_eta(0)[5] = 6.00000000000 + 3.43652419302E-69 i   (half: 3.00000000000)
  c_eta(0)[6] = 6.00000000000 + 3.43652419307E-69 i   (half: 3.00000000000)
  c_eta(0)[7] = 6.00000000000 + 3.43652419311E-69 i   (half: 3.00000000000)
  c_eta(0)[8] = 6.00000000000 + 3.43652419308E-69 i   (half: 3.00000000000)
  c_eta(0)[9] = 6.00000000000 + 3.43652419303E-69 i   (half: 3.00000000000)
  c_eta(0)[10] = 6.00000000000 + 3.43652419290E-69 i   (half: 3.00000000000)
  c_eta(0)[11] = 6.00000000000 + 3.43652419301E-69 i   (half: 3.00000000000)
  c_eta(0)[12] = 6.00000000000 + 3.43652419297E-69 i   (half: 3.00000000000)
  c_eta(0)[13] = 6.00000000000 + 3.43652419304E-69 i   (half: 3.00000000000)
  c_eta(0)[14] = 6.00000000000 + 3.43652419310E-69 i   (half: 3.00000000000)
  c_eta(0)[15] = 6.00000000000 + 3.43652419295E-69 i   (half: 3.00000000000)
  c_eta(0)[16] = 6.00000000000 + 3.43652419312E-69 i   (half: 3.00000000000)
  c_eta(0)[17] = 6.00000000000 + 3.43652419326E-69 i   (half: 3.00000000000)
  c_eta(0)[18] = 6.00000000000 + 3.43652419311E-69 i   (half: 3.00000000000)
  c_eta(0)[19] = 6.00000000000 + 3.43652419313E-69 i   (half: 3.00000000000)
  c_eta(0)[20] = 6.00000000000 + 3.43652419315E-69 i   (half: 3.00000000000)
  c_eta(0)[21] = 6.00000000000 + 3.43652419318E-69 i   (half: 3.00000000000)
FORM 10:
  c_eta(0)[1] (trivial) = 1.14575864246E-70 + -1.72830459049E-70 i   (half: 
5.72879321232E-71)
  c_eta(0)[2] = 6.00000000000 + -1.03627992021E-70 i   (half: 3.00000000000)
  c_eta(0)[3] = 6.00000000000 + -1.03627992088E-70 i   (half: 3.00000000000)
  c_eta(0)[4] = 6.00000000000 + -1.03627992053E-70 i   (half: 3.00000000000)
  c_eta(0)[5] = 6.00000000000 + -1.03627991990E-70 i   (half: 3.00000000000)
  c_eta(0)[6] = 6.00000000000 + -1.03627992100E-70 i   (half: 3.00000000000)
  c_eta(0)[7] = 6.00000000000 + -1.03627992061E-70 i   (half: 3.00000000000)
  c_eta(0)[8] = 6.00000000000 + -1.03627992069E-70 i   (half: 3.00000000000)
  c_eta(0)[9] = 6.00000000000 + -1.03627992060E-70 i   (half: 3.00000000000)
  c_eta(0)[10] = 6.00000000000 + -1.03627992043E-70 i   (half: 3.00000000000)
  c_eta(0)[11] = 6.00000000000 + -1.03627992069E-70 i   (half: 3.00000000000)
  c_eta(0)[12] = 6.00000000000 + -1.03627991896E-70 i   (half: 3.00000000000)
  c_eta(0)[13] = 6.00000000000 + -1.03627991966E-70 i   (half: 3.00000000000)
  c_eta(0)[14] = 6.00000000000 + -1.03627991978E-70 i   (half: 3.00000000000)
  c_eta(0)[15] = 6.00000000000 + -1.03627992023E-70 i   (half: 3.00000000000)
  c_eta(0)[16] = 6.00000000000 + -1.03627992051E-70 i   (half: 3.00000000000)
  c_eta(0)[17] = 6.00000000000 + -1.03627992066E-70 i   (half: 3.00000000000)
  c_eta(0)[18] = 6.00000000000 + -1.03627992095E-70 i   (half: 3.00000000000)
  c_eta(0)[19] = 6.00000000000 + -1.03627991974E-70 i   (half: 3.00000000000)
  c_eta(0)[20] = 6.00000000000 + -1.03627992017E-70 i   (half: 3.00000000000)
  c_eta(0)[21] = 6.00000000000 + -1.03627991978E-70 i   (half: 3.00000000000)
FORM 11:
  c_eta(0)[1] (trivial) = -4.01014573769E-69 + 1.64185865715E-69 i   (half: 
-2.00507286885E-69)
  c_eta(0)[2] = 12.0000000000 + 3.51929486297E-69 i   (half: 6.00000000000)
  c_eta(0)[3] = 12.0000000000 + 3.51929486295E-69 i   (half: 6.00000000000)
  c_eta(0)[4] = 12.0000000000 + 3.51929486300E-69 i   (half: 6.00000000000)
  c_eta(0)[5] = 12.0000000000 + 3.51929486298E-69 i   (half: 6.00000000000)
  c_eta(0)[6] = 12.0000000000 + 3.51929486297E-69 i   (half: 6.00000000000)
  c_eta(0)[7] = 12.0000000000 + 3.51929486301E-69 i   (half: 6.00000000000)
  c_eta(0)[8] = 12.0000000000 + 3.51929486299E-69 i   (half: 6.00000000000)
  c_eta(0)[9] = 12.0000000000 + 3.51929486296E-69 i   (half: 6.00000000000)
  c_eta(0)[10] = 12.0000000000 + 3.51929486290E-69 i   (half: 6.00000000000)
  c_eta(0)[11] = 12.0000000000 + 3.51929486297E-69 i   (half: 6.00000000000)
  c_eta(0)[12] = 12.0000000000 + 3.51929486299E-69 i   (half: 6.00000000000)
  c_eta(0)[13] = 12.0000000000 + 3.51929486304E-69 i   (half: 6.00000000000)
  c_eta(0)[14] = 12.0000000000 + 3.51929486305E-69 i   (half: 6.00000000000)
  c_eta(0)[15] = 12.0000000000 + 3.51929486298E-69 i   (half: 6.00000000000)
  c_eta(0)[16] = 12.0000000000 + 3.51929486310E-69 i   (half: 6.00000000000)
  c_eta(0)[17] = 12.0000000000 + 3.51929486319E-69 i   (half: 6.00000000000)
  c_eta(0)[18] = 12.0000000000 + 3.51929486306E-69 i   (half: 6.00000000000)
  c_eta(0)[19] = 12.0000000000 + 3.51929486308E-69 i   (half: 6.00000000000)
  c_eta(0)[20] = 12.0000000000 + 3.51929486306E-69 i   (half: 6.00000000000)
  c_eta(0)[21] = 12.0000000000 + 3.51929486310E-69 i   (half: 6.00000000000)
FORM 12:
  c_eta(0)[1] (trivial) = -3.90303504655E-69 + 1.49707544605E-69 i   (half: 
-1.95151752327E-69)
  c_eta(0)[2] = 12.0000000000 + 3.42792302656E-69 i   (half: 6.00000000000)
  c_eta(0)[3] = 12.0000000000 + 3.42792302649E-69 i   (half: 6.00000000000)
  c_eta(0)[4] = 12.0000000000 + 3.42792302657E-69 i   (half: 6.00000000000)
  c_eta(0)[5] = 12.0000000000 + 3.42792302656E-69 i   (half: 6.00000000000)
  c_eta(0)[6] = 12.0000000000 + 3.42792302653E-69 i   (half: 6.00000000000)
  c_eta(0)[7] = 12.0000000000 + 3.42792302659E-69 i   (half: 6.00000000000)
  c_eta(0)[8] = 12.0000000000 + 3.42792302656E-69 i   (half: 6.00000000000)
  c_eta(0)[9] = 12.0000000000 + 3.42792302653E-69 i   (half: 6.00000000000)
  c_eta(0)[10] = 12.0000000000 + 3.42792302644E-69 i   (half: 6.00000000000)
  c_eta(0)[11] = 12.0000000000 + 3.42792302652E-69 i   (half: 6.00000000000)
  c_eta(0)[12] = 12.0000000000 + 3.42792302660E-69 i   (half: 6.00000000000)
  c_eta(0)[13] = 12.0000000000 + 3.42792302662E-69 i   (half: 6.00000000000)
  c_eta(0)[14] = 12.0000000000 + 3.42792302665E-69 i   (half: 6.00000000000)
  c_eta(0)[15] = 12.0000000000 + 3.42792302651E-69 i   (half: 6.00000000000)
  c_eta(0)[16] = 12.0000000000 + 3.42792302665E-69 i   (half: 6.00000000000)
  c_eta(0)[17] = 12.0000000000 + 3.42792302676E-69 i   (half: 6.00000000000)
  c_eta(0)[18] = 12.0000000000 + 3.42792302660E-69 i   (half: 6.00000000000)
  c_eta(0)[19] = 12.0000000000 + 3.42792302668E-69 i   (half: 6.00000000000)
  c_eta(0)[20] = 12.0000000000 + 3.42792302665E-69 i   (half: 6.00000000000)
  c_eta(0)[21] = 12.0000000000 + 3.42792302671E-69 i   (half: 6.00000000000)
FORM 13:
  c_eta(0)[1] (trivial) = 1.28603703178E-71 + -2.11697341814E-71 i   (half: 
6.43018515889E-72)
  c_eta(0)[2] = 6.00000000000 + -3.76933228960E-72 i   (half: 3.00000000000)
  c_eta(0)[3] = 6.00000000000 + -3.76933231114E-72 i   (half: 3.00000000000)
  c_eta(0)[4] = 6.00000000000 + -3.76933230628E-72 i   (half: 3.00000000000)
  c_eta(0)[5] = 6.00000000000 + -3.76933225676E-72 i   (half: 3.00000000000)
  c_eta(0)[6] = 6.00000000000 + -3.76933234127E-72 i   (half: 3.00000000000)
  c_eta(0)[7] = 6.00000000000 + -3.76933232134E-72 i   (half: 3.00000000000)
  c_eta(0)[8] = 6.00000000000 + -3.76933232085E-72 i   (half: 3.00000000000)
  c_eta(0)[9] = 6.00000000000 + -3.76933230861E-72 i   (half: 3.00000000000)
  c_eta(0)[10] = 6.00000000000 + -3.76933226176E-72 i   (half: 3.00000000000)
  c_eta(0)[11] = 6.00000000000 + -3.76933229546E-72 i   (half: 3.00000000000)
  c_eta(0)[12] = 6.00000000000 + -3.76933217888E-72 i   (half: 3.00000000000)
  c_eta(0)[13] = 6.00000000000 + -3.76933222581E-72 i   (half: 3.00000000000)
  c_eta(0)[14] = 6.00000000000 + -3.76933225560E-72 i   (half: 3.00000000000)
  c_eta(0)[15] = 6.00000000000 + -3.76933223926E-72 i   (half: 3.00000000000)
  c_eta(0)[16] = 6.00000000000 + -3.76933227854E-72 i   (half: 3.00000000000)
  c_eta(0)[17] = 6.00000000000 + -3.76933231409E-72 i   (half: 3.00000000000)
  c_eta(0)[18] = 6.00000000000 + -3.76933231416E-72 i   (half: 3.00000000000)
  c_eta(0)[19] = 6.00000000000 + -3.76933225532E-72 i   (half: 3.00000000000)
  c_eta(0)[20] = 6.00000000000 + -3.76933229545E-72 i   (half: 3.00000000000)
  c_eta(0)[21] = 6.00000000000 + -3.76933226988E-72 i   (half: 3.00000000000)
FORM 14:
  c_eta(0)[1] (trivial) = 9.67724921272E-71 + -1.46956106625E-70 i   (half: 
4.83862460636E-71)
  c_eta(0)[2] = -1.24734919470E-71 + -9.41781947444E-71 i   (half: 
-6.23674597352E-72)
  c_eta(0)[3] = -1.24734918705E-71 + -9.41781947896E-71 i   (half: 
-6.23674593525E-72)
  c_eta(0)[4] = -1.24734918896E-71 + -9.41781947601E-71 i   (half: 
-6.23674594480E-72)
  c_eta(0)[5] = -1.24734918888E-71 + -9.41781947460E-71 i   (half: 
-6.23674594439E-72)
  c_eta(0)[6] = -1.24734918692E-71 + -9.41781947716E-71 i   (half: 
-6.23674593461E-72)
  c_eta(0)[7] = -1.24734918508E-71 + -9.41781947528E-71 i   (half: 
-6.23674592540E-72)
  c_eta(0)[8] = -1.24734918489E-71 + -9.41781947609E-71 i   (half: 
-6.23674592447E-72)
  c_eta(0)[9] = -1.24734918548E-71 + -9.41781947642E-71 i   (half: 
-6.23674592739E-72)
  c_eta(0)[10] = -1.24734918680E-71 + -9.41781947938E-71 i   (half: 
-6.23674593401E-72)
  c_eta(0)[11] = -1.24734919215E-71 + -9.41781947866E-71 i   (half: 
-6.23674596074E-72)
  c_eta(0)[12] = -1.24734919011E-71 + -9.41781947299E-71 i   (half: 
-6.23674595053E-72)
  c_eta(0)[13] = -1.24734919037E-71 + -9.41781947535E-71 i   (half: 
-6.23674595185E-72)
  c_eta(0)[14] = -1.24734918746E-71 + -9.41781947356E-71 i   (half: 
-6.23674593730E-72)
  c_eta(0)[15] = -1.24734918927E-71 + -9.41781947969E-71 i   (half: 
-6.23674594637E-72)
  c_eta(0)[16] = -1.24734918697E-71 + -9.41781947858E-71 i   (half: 
-6.23674593486E-72)
  c_eta(0)[17] = -1.24734918470E-71 + -9.41781947643E-71 i   (half: 
-6.23674592351E-72)
  c_eta(0)[18] = -1.24734918442E-71 + -9.41781947932E-71 i   (half: 
-6.23674592210E-72)
  c_eta(0)[19] = -1.24734918759E-71 + -9.41781947319E-71 i   (half: 
-6.23674593796E-72)
  c_eta(0)[20] = -1.24734918732E-71 + -9.41781947341E-71 i   (half: 
-6.23674593660E-72)
  c_eta(0)[21] = -1.24734918439E-71 + -9.41781947210E-71 i   (half: 
-6.23674592194E-72)
FORM 15:
  c_eta(0)[1] (trivial) = -4.01726376532E-69 + 1.66410510665E-69 i   (half: 
-2.00863188266E-69)
  c_eta(0)[2] = 6.00000000000 + 3.52536841383E-69 i   (half: 3.00000000000)
  c_eta(0)[3] = 6.00000000000 + 3.52536841384E-69 i   (half: 3.00000000000)
  c_eta(0)[4] = 6.00000000000 + 3.52536841388E-69 i   (half: 3.00000000000)
  c_eta(0)[5] = 6.00000000000 + 3.52536841381E-69 i   (half: 3.00000000000)
  c_eta(0)[6] = 6.00000000000 + 3.52536841388E-69 i   (half: 3.00000000000)
  c_eta(0)[7] = 6.00000000000 + 3.52536841390E-69 i   (half: 3.00000000000)
  c_eta(0)[8] = 6.00000000000 + 3.52536841388E-69 i   (half: 3.00000000000)
  c_eta(0)[9] = 6.00000000000 + 3.52536841384E-69 i   (half: 3.00000000000)
  c_eta(0)[10] = 6.00000000000 + 3.52536841373E-69 i   (half: 3.00000000000)
  c_eta(0)[11] = 6.00000000000 + 3.52536841384E-69 i   (half: 3.00000000000)
  c_eta(0)[12] = 6.00000000000 + 3.52536841375E-69 i   (half: 3.00000000000)
  c_eta(0)[13] = 6.00000000000 + 3.52536841384E-69 i   (half: 3.00000000000)
  c_eta(0)[14] = 6.00000000000 + 3.52536841388E-69 i   (half: 3.00000000000)
  c_eta(0)[15] = 6.00000000000 + 3.52536841379E-69 i   (half: 3.00000000000)
  c_eta(0)[16] = 6.00000000000 + 3.52536841395E-69 i   (half: 3.00000000000)
  c_eta(0)[17] = 6.00000000000 + 3.52536841408E-69 i   (half: 3.00000000000)
  c_eta(0)[18] = 6.00000000000 + 3.52536841394E-69 i   (half: 3.00000000000)
  c_eta(0)[19] = 6.00000000000 + 3.52536841391E-69 i   (half: 3.00000000000)
  c_eta(0)[20] = 6.00000000000 + 3.52536841392E-69 i   (half: 3.00000000000)
  c_eta(0)[21] = 6.00000000000 + 3.52536841394E-69 i   (half: 3.00000000000)
