BASE 15 2  M = 60  ds = [ 1, 2, 3, 4, 5, 6, 10, 12, 15, 20, 30, 60 ]
#isotropic = 3 (2N-1 = 3)
#cosets = 144
#monomials = 86
a0 table built
FORM -2:
  c_eta(0)[1] (trivial) = -1.41099354629E-72 + -2.59179307849E-71 i   (half: 
-7.05496773144E-73)
  c_eta(0)[2] = 4.00000000000 + -1.85030081828E-71 i   (half: 2.00000000000)
  c_eta(0)[3] = 4.00000000000 + -1.85030079181E-71 i   (half: 2.00000000000)
FORM -1:
  c_eta(0)[1] (trivial) = 3.85840333333E-70 + 8.01045164648E-69 i   (half: 
1.92920166666E-70)
  c_eta(0)[2] = 8.00000000000 + 4.62139887937E-69 i   (half: 4.00000000000)
  c_eta(0)[3] = 8.00000000000 + 4.62139887953E-69 i   (half: 4.00000000000)
FORM 9:
  c_eta(0)[1] (trivial) = -5.61012364298E-72 + -1.03628040399E-70 i   (half: 
-2.80506182149E-72)
  c_eta(0)[2] = 1.63371838925E-71 + -7.39817522493E-71 i   (half: 
8.16859194627E-72)
  c_eta(0)[3] = 1.63371843992E-71 + -7.39817511160E-71 i   (half: 
8.16859219959E-72)
FORM 10:
  c_eta(0)[1] (trivial) = -5.51891139938E-72 + -1.03611076402E-70 i   (half: 
-2.75945569969E-72)
  c_eta(0)[2] = 1.63256036635E-71 + -7.39695915705E-71 i   (half: 
8.16280183175E-72)
  c_eta(0)[3] = 1.63256041017E-71 + -7.39695904681E-71 i   (half: 
8.16280205086E-72)
FORM 11:
  c_eta(0)[1] (trivial) = -2.81306633528E-72 + -5.18227879868E-71 i   (half: 
-1.40653316764E-72)
  c_eta(0)[2] = 8.00000000000 + -3.69977461009E-71 i   (half: 4.00000000000)
  c_eta(0)[3] = 8.00000000000 + -3.69977456022E-71 i   (half: 4.00000000000)
FORM 12:
  c_eta(0)[1] (trivial) = -8.44745072995E-72 + -1.29617735039E-70 i   (half: 
-4.22372536497E-72)
  c_eta(0)[2] = 4.00000000000 + -9.25613276052E-71 i   (half: 2.00000000000)
  c_eta(0)[3] = 4.00000000000 + -9.25613262381E-71 i   (half: 2.00000000000)
FORM 13:
  c_eta(0)[1] (trivial) = 3.85840333333E-70 + 8.01045164648E-69 i   (half: 
1.92920166666E-70)
  c_eta(0)[2] = 8.00000000000 + 4.62139887937E-69 i   (half: 4.00000000000)
  c_eta(0)[3] = 8.00000000000 + 4.62139887953E-69 i   (half: 4.00000000000)
FORM 14:
  c_eta(0)[1] (trivial) = -5.36240756247E-72 + -7.77519019409E-71 i   (half: 
-2.68120378123E-72)
  c_eta(0)[2] = -4.00000000000 + -5.55205363932E-71 i   (half: -2.00000000000)
  c_eta(0)[3] = -4.00000000000 + -5.55205355248E-71 i   (half: -2.00000000000)
FORM 15:
  c_eta(0)[1] (trivial) = -1.41099354629E-72 + -2.59179307849E-71 i   (half: 
-7.05496773144E-73)
  c_eta(0)[2] = 4.00000000000 + -1.85030081828E-71 i   (half: 2.00000000000)
  c_eta(0)[3] = 4.00000000000 + -1.85030079181E-71 i   (half: 2.00000000000)
