BASE 38 3  M = 228  ds = [ 1, 2, 3, 4, 6, 12, 19, 38, 57, 76, 114, 228 ]
#isotropic = 5 (2N-1 = 5)
#cosets = 480
#monomials = 222
a0 table built
FORM -2:
  c_eta(0)[1] (trivial) = 1.10242929755E-64 + -1.69682054388E-64 i   (half: 
5.51214648774E-65)
  c_eta(0)[2] = -2.00000000000 + -1.79416992026E-64 i   (half: -1.00000000000)
  c_eta(0)[3] = -2.00000000000 + -1.79416992026E-64 i   (half: -1.00000000000)
  c_eta(0)[4] = -2.00000000000 + -1.79416992026E-64 i   (half: -1.00000000000)
  c_eta(0)[5] = -2.00000000000 + -1.79416992026E-64 i   (half: -1.00000000000)
FORM -1:
  c_eta(0)[1] (trivial) = 2.48670113382E-63 + -1.37470787374E-64 i   (half: 
1.24335056691E-63)
  c_eta(0)[2] = -2.00000000000 + -2.12576184728E-64 i   (half: -1.00000000000)
  c_eta(0)[3] = -2.00000000000 + -2.12576184728E-64 i   (half: -1.00000000000)
  c_eta(0)[4] = -2.00000000000 + -2.12576184728E-64 i   (half: -1.00000000000)
  c_eta(0)[5] = -2.00000000000 + -2.12576184728E-64 i   (half: -1.00000000000)
FORM 9:
  c_eta(0)[1] (trivial) = -1.29521449745E-59 + -1.24098317611E-60 i   (half: 
-6.47607248723E-60)
  c_eta(0)[2] = -4.00000000000 + -9.30779667351E-61 i   (half: -2.00000000000)
  c_eta(0)[3] = -4.00000000000 + -9.30779667351E-61 i   (half: -2.00000000000)
  c_eta(0)[4] = -4.00000000000 + -9.30779667351E-61 i   (half: -2.00000000000)
  c_eta(0)[5] = -4.00000000000 + -9.30779667351E-61 i   (half: -2.00000000000)
FORM 10:
  c_eta(0)[1] (trivial) = 2.98099167645E-63 + -6.52090863227E-64 i   (half: 
1.49049583823E-63)
  c_eta(0)[2] = -8.00000000000 + -7.61120327672E-64 i   (half: -4.00000000000)
  c_eta(0)[3] = -8.00000000000 + -7.61120327672E-64 i   (half: -4.00000000000)
  c_eta(0)[4] = -8.00000000000 + -7.61120327672E-64 i   (half: -4.00000000000)
  c_eta(0)[5] = -8.00000000000 + -7.61120327672E-64 i   (half: -4.00000000000)
FORM 11:
  c_eta(0)[1] (trivial) = -1.29541398788E-59 + -1.24136070882E-60 i   (half: 
-6.47706993938E-60)
  c_eta(0)[2] = -8.00000000000 + -9.31115719637E-61 i   (half: -4.00000000000)
  c_eta(0)[3] = -8.00000000000 + -9.31115719637E-61 i   (half: -4.00000000000)
  c_eta(0)[4] = -8.00000000000 + -9.31115719637E-61 i   (half: -4.00000000000)
  c_eta(0)[5] = -8.00000000000 + -9.31115719637E-61 i   (half: -4.00000000000)
FORM 12:
  c_eta(0)[1] (trivial) = -1.29516539221E-59 + -1.24149801570E-60 i   (half: 
-6.47582696105E-60)
  c_eta(0)[2] = -10.0000000000 + -9.31328284997E-61 i   (half: -5.00000000000)
  c_eta(0)[3] = -10.0000000000 + -9.31328284997E-61 i   (half: -5.00000000000)
  c_eta(0)[4] = -10.0000000000 + -9.31328284997E-61 i   (half: -5.00000000000)
  c_eta(0)[5] = -10.0000000000 + -9.31328284997E-61 i   (half: -5.00000000000)
FORM 13:
  c_eta(0)[1] (trivial) = 4.94290675147E-64 + -5.14620063741E-64 i   (half: 
2.47145337573E-64)
  c_eta(0)[2] = -6.00000000000 + -5.48544169955E-64 i   (half: -3.00000000000)
  c_eta(0)[3] = -6.00000000000 + -5.48544169955E-64 i   (half: -3.00000000000)
  c_eta(0)[4] = -6.00000000000 + -5.48544169955E-64 i   (half: -3.00000000000)
  c_eta(0)[5] = -6.00000000000 + -5.48544169955E-64 i   (half: -3.00000000000)
FORM 14:
  c_eta(0)[1] (trivial) = 2.48670113382E-63 + -1.37470787374E-64 i   (half: 
1.24335056691E-63)
  c_eta(0)[2] = -2.00000000000 + -2.12576184728E-64 i   (half: -1.00000000000)
  c_eta(0)[3] = -2.00000000000 + -2.12576184728E-64 i   (half: -1.00000000000)
  c_eta(0)[4] = -2.00000000000 + -2.12576184728E-64 i   (half: -1.00000000000)
  c_eta(0)[5] = -2.00000000000 + -2.12576184728E-64 i   (half: -1.00000000000)
FORM 15:
  c_eta(0)[1] (trivial) = -1.29546330572E-59 + -1.24084595008E-60 i   (half: 
-6.47731652860E-60)
  c_eta(0)[2] = -2.00000000000 + -9.30567200904E-61 i   (half: -1.00000000000)
  c_eta(0)[3] = -2.00000000000 + -9.30567200904E-61 i   (half: -1.00000000000)
  c_eta(0)[4] = -2.00000000000 + -9.30567200904E-61 i   (half: -1.00000000000)
  c_eta(0)[5] = -2.00000000000 + -9.30567200904E-61 i   (half: -1.00000000000)
