BASE 10 7  M = 140  ds = [ 1, 2, 4, 5, 7, 10, 14, 20, 28, 35, 70, 140 ]
#cosets = 288
#monomials = 144
zeta/pred=(1.000000000,-6.858102882E-79)  ok=true
zeta/pred=(1.000000000,4.174497406E-80)  ok=true
zeta/pred=(1.000000000,4.770854179E-80)  ok=true
zeta/pred=(1.000000000,-4.174497406E-80)  ok=true
zeta/pred=(1.000000000,-5.963567723E-80)  ok=true
zeta/pred=(1.000000000,1.789070317E-80)  ok=true
zeta/pred=(1.000000000,8.945351585E-80)  ok=true
zeta/pred=(1.000000000,-1.490891931E-79)  ok=true
zeta/pred=(1.000000000,1.729434640E-79)  ok=true
zeta/pred=(1.000000000,-2.385427089E-80)  ok=true
zeta/pred=(1.000000000,-1.789070317E-80)  ok=true
zeta/pred=(1.000000000,1.431256254E-79)  ok=true
zeta/pred=(1.000000000,1.635950440E-159)  ok=true
zeta/pred=(1.000000000,3.578140634E-80)  ok=true
zeta/pred=(1.000000000,-1.192713545E-80)  ok=true
zeta/pred=(1.000000000,-1.073442190E-79)  ok=true
zeta/pred=(1.000000000,7.156281268E-80)  ok=true
zeta/pred=(1.000000000,4.770854179E-80)  ok=true
zeta/pred=(1.000000000,-9.541708358E-80)  ok=true
zeta/pred=(1.000000000,-3.578140634E-80)  ok=true
zeta/pred=(1.000000000,5.963567723E-81)  ok=true
zeta/pred=(1.000000000,1.789070317E-80)  ok=true
zeta/pred=(1.000000000,-8.945351585E-80)  ok=true
zeta/pred=(1.000000000,1.192713545E-79)  ok=true
zeta/pred=(1.000000000,1.490891931E-79)  ok=true
zeta/pred=(1.000000000,4.770854179E-80)  ok=true
zeta/pred=(1.000000000,1.192713545E-80)  ok=true
zeta/pred=(1.000000000,5.963567723E-81)  ok=true
zeta/pred=(1.000000000,-2.981783862E-80)  ok=true
zeta/pred=(1.000000000,7.156281268E-80)  ok=true
zeta/pred=(1.000000000,1.490891931E-79)  ok=true
zeta/pred=(1.000000000,-2.385427089E-80)  ok=true
zeta/pred=(1.000000000,4.174497406E-80)  ok=true
zeta/pred=(1.000000000,5.963567723E-81)  ok=true
zeta/pred=(1.000000000,-9.541708358E-80)  ok=true
zeta/pred=(1.000000000,9.541708358E-80)  ok=true
zeta/pred=(1.000000000,-1.252349222E-79)  ok=true
zeta/pred=(1.000000000,6.559924496E-80)  ok=true
zeta/pred=(1.000000000,-7.156281268E-80)  ok=true
zeta/pred=(1.000000000,2.385427089E-80)  ok=true
zeta/pred=(1.000000000,6.559924496E-80)  ok=true
zeta/pred=(1.000000000,-7.156281268E-80)  ok=true
zeta/pred=(1.000000000,-1.550527608E-79)  ok=true
zeta/pred=(1.000000000,1.669798963E-79)  ok=true
zeta/pred=(1.000000000,-1.192713545E-80)  ok=true
zeta/pred=(1.000000000,-5.963567723E-80)  ok=true
zeta/pred=(1.000000000,-2.981783862E-80)  ok=true
zeta/pred=(1.000000000,-6.559924496E-80)  ok=true
zeta/pred=(1.000000000,-4.174497406E-80)  ok=true
zeta/pred=(1.000000000,1.192713545E-80)  ok=true
zeta/pred=(1.000000000,-8.348994813E-80)  ok=true
zeta/pred=(1.000000000,4.770854179E-80)  ok=true
zeta/pred=(1.000000000,1.610163285E-79)  ok=true
zeta/pred=(1.000000000,-1.073442190E-79)  ok=true
zeta/pred=(1.000000000,1.789070317E-80)  ok=true
zeta/pred=(1.000000000,8.945351585E-80)  ok=true
zeta/pred=(1.000000000,-5.963567723E-80)  ok=true
zeta/pred=(1.000000000,1.789070317E-80)  ok=true
zeta/pred=(1.000000000,-8.348994813E-80)  ok=true
zeta/pred=(1.000000000,-1.192713545E-80)  ok=true
zeta/pred=(1.000000000,1.013806513E-79)  ok=true
zeta/pred=(1.000000000,-2.981783862E-80)  ok=true
zeta/pred=(1.000000000,1.192713545E-80)  ok=true
zeta/pred=(1.000000000,1.610163285E-79)  ok=true
zeta/pred=(1.000000000,-1.013806513E-79)  ok=true
zeta/pred=(1.000000000,-1.252349222E-79)  ok=true
zeta/pred=(1.000000000,5.963567723E-80)  ok=true
zeta/pred=(1.000000000,4.174497406E-80)  ok=true
zeta/pred=(1.000000000,8.348994813E-80)  ok=true
zeta/pred=(1.000000000,-2.385427089E-80)  ok=true
zeta/pred=(1.000000000,-1.550527608E-79)  ok=true
zeta/pred=(1.000000000,2.385427089E-80)  ok=true
zeta/pred=(1.000000000,-7.156281268E-80)  ok=true
zeta/pred=(1.000000000,-4.770854179E-80)  ok=true
zeta/pred=(1.000000000,5.963567723E-81)  ok=true
zeta/pred=(1.000000000,-2.385427089E-80)  ok=true
zeta/pred=(1.000000000,-1.610163285E-79)  ok=true
zeta/pred=(1.000000000,-3.578140634E-80)  ok=true
zeta/pred=(1.000000000,4.770854179E-80)  ok=true
zeta/pred=(1.000000000,7.752638041E-80)  ok=true
zeta/pred=(1.000000000,-1.073442190E-79)  ok=true
zeta/pred=(1.000000000,2.981783862E-80)  ok=true
zeta/pred=(1.000000000,2.385427089E-80)  ok=true
zeta/pred=(1.000000000,-9.541708358E-80)  ok=true
zeta/pred=(1.000000000,-5.963567723E-80)  ok=true
zeta/pred=(1.000000000,-1.013806513E-79)  ok=true
zeta/pred=(1.000000000,-2.385427089E-80)  ok=true
zeta/pred=(1.000000000,-2.981783862E-80)  ok=true
zeta/pred=(1.000000000,-3.578140634E-80)  ok=true
zeta/pred=(1.000000000,-5.963567723E-80)  ok=true
zeta/pred=(1.000000000,-1.013806513E-79)  ok=true
zeta/pred=(1.000000000,1.133077867E-79)  ok=true
zeta/pred=(1.000000000,-3.578140634E-80)  ok=true
zeta/pred=(1.000000000,6.559924496E-80)  ok=true
zeta/pred=(1.000000000,4.770854179E-80)  ok=true
zeta/pred=(1.000000000,-1.073442190E-79)  ok=true
zeta/pred=(1.000000000,2.385427089E-80)  ok=true
zeta/pred=(1.000000000,-1.311984899E-79)  ok=true
zeta/pred=(1.000000000,5.963567723E-80)  ok=true
zeta/pred=(1.000000000,4.770854179E-80)  ok=true
zeta/pred=(1.000000000,2.385427089E-80)  ok=true
zeta/pred=(1.000000000,9.541708358E-80)  ok=true
zeta/pred=(1.000000000,-9.541708358E-80)  ok=true
zeta/pred=(1.000000000,-5.963567723E-80)  ok=true
zeta/pred=(1.000000000,1.789070317E-79)  ok=true
zeta/pred=(1.000000000,-1.133077867E-79)  ok=true
zeta/pred=(1.000000000,-5.367210951E-80)  ok=true
zeta/pred=(1.000000000,-6.559924496E-80)  ok=true
zeta/pred=(1.000000000,-6.559924496E-80)  ok=true
zeta/pred=(1.000000000,-5.963567723E-80)  ok=true
zeta/pred=(1.000000000,7.156281268E-80)  ok=true
zeta/pred=(1.000000000,1.610163285E-79)  ok=true
zeta/pred=(1.000000000,2.385427089E-80)  ok=true
zeta/pred=(1.000000000,5.367210951E-80)  ok=true
zeta/pred=(1.000000000,-6.559924496E-80)  ok=true
zeta/pred=(1.000000000,-5.367210951E-80)  ok=true
zeta/pred=(1.000000000,2.385427089E-80)  ok=true
zeta/pred=(1.000000000,6.559924496E-80)  ok=true
zeta/pred=(1.000000000,-5.963567723E-80)  ok=true
zeta/pred=(1.000000000,1.133077867E-79)  ok=true
zeta/pred=(1.000000000,-1.550527608E-79)  ok=true
zeta/pred=(1.000000000,2.981783862E-80)  ok=true
zeta/pred=(1.000000000,4.770854179E-80)  ok=true
zeta/pred=(1.000000000,-9.541708358E-80)  ok=true
zeta/pred=(1.000000000,-3.578140634E-80)  ok=true
zeta/pred=(1.000000000,6.559924496E-80)  ok=true
zeta/pred=(1.000000000,-1.252349222E-79)  ok=true
zeta/pred=(1.000000000,3.578140634E-80)  ok=true
zeta/pred=(1.000000000,1.789070317E-79)  ok=true
zeta/pred=(1.000000000,-1.849335280E-159)  ok=true
zeta/pred=(1.000000000,1.311984899E-79)  ok=true
zeta/pred=(1.000000000,3.578140634E-80)  ok=true
zeta/pred=(1.000000000,1.550527608E-79)  ok=true
zeta/pred=(1.000000000,1.252349222E-79)  ok=true
zeta/pred=(1.000000000,-9.541708358E-80)  ok=true
zeta/pred=(1.000000000,-1.252349222E-79)  ok=true
zeta/pred=(1.000000000,-6.559924496E-80)  ok=true
zeta/pred=(1.000000000,-8.945351585E-80)  ok=true
zeta/pred=(1.000000000,1.550527608E-79)  ok=true
zeta/pred=(1.000000000,-4.174497406E-80)  ok=true
zeta/pred=(1.000000000,1.490891931E-79)  ok=true
zeta/pred=(1.000000000,2.385427089E-80)  ok=true
zeta/pred=(1.000000000,1.789070317E-80)  ok=true
zeta/pred=(1.000000000,1.133077867E-79)  ok=true
zeta/pred=(1.000000000,-1.192713545E-80)  ok=true
zeta/pred=(1.000000000,1.431256254E-79)  ok=true
zeta/pred=(1.000000000,2.504698444E-79)  ok=true
zeta/pred=(1.000000000,1.073442190E-79)  ok=true
zeta/pred=(1.000000000,5.963567723E-80)  ok=true
zeta/pred=(1.000000000,-1.311984899E-79)  ok=true
zeta/pred=(1.000000000,3.578140634E-80)  ok=true
zeta/pred=(1.000000000,1.073442190E-79)  ok=true
zeta/pred=(1.000000000,-2.802876830E-79)  ok=true
zeta/pred=(1.000000000,-7.752638041E-80)  ok=true
zeta/pred=(1.000000000,-5.367210951E-80)  ok=true
zeta/pred=(1.000000000,1.669798963E-79)  ok=true
zeta/pred=(1.000000000,-5.367210951E-80)  ok=true
zeta/pred=(1.000000000,-1.789070317E-79)  ok=true
zeta/pred=(1.000000000,3.578140634E-80)  ok=true
zeta/pred=(1.000000000,-1.133077867E-79)  ok=true
zeta/pred=(1.000000000,-2.504698444E-79)  ok=true
zeta/pred=(1.000000000,2.146884380E-79)  ok=true
zeta/pred=(1.000000000,-2.385427089E-80)  ok=true
zeta/pred=(1.000000000,1.133077867E-79)  ok=true
zeta/pred=(1.000000000,1.789070317E-80)  ok=true
zeta/pred=(1.000000000,4.174497406E-79)  ok=true
zeta/pred=(1.000000000,3.876319020E-79)  ok=true
zeta/pred=(1.000000000,-2.564334121E-79)  ok=true
zeta/pred=(1.000000000,-2.206520058E-79)  ok=true
zeta/pred=(1.000000000,-4.770854179E-80)  ok=true
zeta/pred=(1.000000000,-4.234133084E-79)  ok=true
zeta/pred=(1.000000000,2.683605475E-79)  ok=true
zeta/pred=(1.000000000,4.591947147E-79)  ok=true
zeta/pred=(1.000000000,-1.729434640E-79)  ok=true
zeta/pred=(1.000000000,6.559924496E-80)  ok=true
zeta/pred=(1.000000000,-2.623969798E-79)  ok=true
zeta/pred=(1.000000000,-1.371620576E-79)  ok=true
zeta/pred=(1.000000000,1.192713545E-80)  ok=true
zeta/pred=(1.000000000,-5.963567723E-81)  ok=true
zeta/pred=(1.000000000,8.348994813E-80)  ok=true
zeta/pred=(1.000000000,5.963567723E-81)  ok=true
zeta/pred=(1.000000000,5.963567723E-80)  ok=true
zeta/pred=(1.000000000,-7.752638041E-80)  ok=true
zeta/pred=(1.000000000,-4.174497406E-80)  ok=true
zeta/pred=(1.000000000,-5.963567723E-81)  ok=true
zeta/pred=(1.000000000,-1.789070317E-80)  ok=true
zeta/pred=(1.000000000,2.146884380E-79)  ok=true
zeta/pred=(1.000000000,9.541708358E-80)  ok=true
zeta/pred=(1.000000000,2.206520058E-79)  ok=true
zeta/pred=(1.000000000,-4.174497406E-80)  ok=true
zeta/pred=(1.000000000,-1.133077867E-79)  ok=true
zeta/pred=(1.000000000,1.252349222E-79)  ok=true
zeta/pred=(1.000000000,1.192713545E-80)  ok=true
zeta/pred=(1.000000000,-1.490891931E-79)  ok=true
zeta/pred=(1.000000000,1.013806513E-79)  ok=true
zeta/pred=(1.000000000,-1.550527608E-79)  ok=true
zeta/pred=(1.000000000,-2.385427089E-79)  ok=true
zeta/pred=(1.000000000,2.683605475E-79)  ok=true
zeta/pred=(1.000000000,5.963567723E-81)  ok=true
zeta/pred=(1.000000000,-5.963567723E-80)  ok=true
zeta/pred=(1.000000000,-1.789070317E-79)  ok=true
zeta/pred=(1.000000000,3.101055216E-79)  ok=true
zeta/pred=(1.000000000,1.252349222E-79)  ok=true
zeta/pred=(1.000000000,-3.339597925E-79)  ok=true
zeta/pred=(1.000000000,2.862512507E-79)  ok=true
zeta/pred=(1.000000000,-7.752638041E-80)  ok=true
zeta/pred=(1.000000000,-4.055226052E-79)  ok=true
zeta/pred=(1.000000000,2.266155735E-79)  ok=true
zeta/pred=(1.000000000,2.385427089E-79)  ok=true
zeta/pred=(1.000000000,-1.729434640E-79)  ok=true
zeta/pred=(1.000000000,2.385427089E-80)  ok=true
zeta/pred=(1.000000000,-2.445062767E-79)  ok=true
zeta/pred=(1.000000000,-8.348994813E-80)  ok=true
zeta/pred=(1.000000000,-4.770854179E-80)  ok=true
zeta/pred=(1.000000000,-7.156281268E-80)  ok=true
zeta/pred=(1.000000000,8.348994813E-80)  ok=true
zeta/pred=(1.000000000,4.174497406E-80)  ok=true
zeta/pred=(1.000000000,-4.174497406E-80)  ok=true
zeta/pred=(1.000000000,5.963567723E-81)  ok=true
zeta/pred=(1.000000000,-2.146884380E-79)  ok=true
zeta/pred=(1.000000000,-7.752638041E-80)  ok=true
zeta/pred=(1.000000000,3.578140634E-80)  ok=true
zeta/pred=(1.000000000,1.431256254E-79)  ok=true
zeta/pred=(1.000000000,1.610163285E-79)  ok=true
zeta/pred=(1.000000000,-2.981783862E-80)  ok=true
zeta/pred=(1.000000000,1.192713545E-80)  ok=true
zeta/pred=(1.000000000,-7.752638041E-80)  ok=true
zeta/pred=(1.000000000,1.192713545E-79)  ok=true
zeta/pred=(1.000000000,-1.252349222E-79)  ok=true
zeta/pred=(1.000000000,1.431256254E-79)  ok=true
zeta/pred=(1.000000000,-6.559924496E-80)  ok=true
zeta/pred=(1.000000000,1.252349222E-79)  ok=true
zeta/pred=(1.000000000,-2.385427089E-80)  ok=true
zeta/pred=(1.000000000,-1.490891931E-79)  ok=true
zeta/pred=(1.000000000,5.963567723E-80)  ok=true
zeta/pred=(1.000000000,-1.789070317E-80)  ok=true
zeta/pred=(1.000000000,0.0000000000)  ok=true
zeta/pred=(1.000000000,-1.252349222E-79)  ok=true
zeta/pred=(1.000000000,-2.802876830E-79)  ok=true
zeta/pred=(1.000000000,-1.013806513E-79)  ok=true
zeta/pred=(1.000000000,-4.174497406E-80)  ok=true
zeta/pred=(1.000000000,1.192713545E-80)  ok=true
zeta/pred=(1.000000000,5.963567723E-80)  ok=true
zeta/pred=(1.000000000,8.945351585E-80)  ok=true
zeta/pred=(1.000000000,-3.578140634E-80)  ok=true
zeta/pred=(1.000000000,5.963567723E-81)  ok=true
zeta/pred=(1.000000000,-2.385427089E-80)  ok=true
zeta/pred=(1.000000000,1.013806513E-79)  ok=true
zeta/pred=(1.000000000,8.348994813E-80)  ok=true
zeta/pred=(1.000000000,-1.192713545E-79)  ok=true
zeta/pred=(1.000000000,8.945351585E-80)  ok=true
zeta/pred=(1.000000000,-1.013806513E-79)  ok=true
zeta/pred=(1.000000000,8.945351585E-80)  ok=true
zeta/pred=(1.000000000,-2.623969798E-79)  ok=true
zeta/pred=(1.000000000,-1.192713545E-80)  ok=true
zeta/pred=(1.000000000,-1.192713545E-80)  ok=true
zeta/pred=(1.000000000,-1.908341672E-79)  ok=true
zeta/pred=(1.000000000,-2.385427089E-80)  ok=true
zeta/pred=(1.000000000,-1.789070317E-80)  ok=true
zeta/pred=(1.000000000,-1.789070317E-80)  ok=true
zeta/pred=(1.000000000,5.963567723E-81)  ok=true
zeta/pred=(1.000000000,7.752638041E-80)  ok=true
zeta/pred=(1.000000000,1.967977349E-79)  ok=true
zeta/pred=(1.000000000,-2.027613026E-79)  ok=true
zeta/pred=(1.000000000,-2.027613026E-79)  ok=true
zeta/pred=(1.000000000,-2.981783862E-79)  ok=true
zeta/pred=(1.000000000,1.073442190E-79)  ok=true
zeta/pred=(1.000000000,6.559924496E-80)  ok=true
zeta/pred=(1.000000000,-4.174497406E-80)  ok=true
zeta/pred=(1.000000000,-1.192713545E-79)  ok=true
zeta/pred=(1.000000000,-1.707078720E-159)  ok=true
zeta/pred=(1.000000000,2.385427089E-80)  ok=true
zeta/pred=(1.000000000,-1.789070317E-80)  ok=true
zeta/pred=(1.000000000,-2.385427089E-80)  ok=true
zeta/pred=(1.000000000,9.541708358E-80)  ok=true
zeta/pred=(1.000000000,1.252349222E-79)  ok=true
zeta/pred=(1.000000000,3.160690893E-79)  ok=true
zeta/pred=(1.000000000,-8.348994813E-80)  ok=true
zeta/pred=(1.000000000,1.133077867E-79)  ok=true
zeta/pred=(1.000000000,2.027613026E-79)  ok=true
zeta/pred=(1.000000000,1.013806513E-79)  ok=true
zeta/pred=(1.000000000,1.073442190E-79)  ok=true
zeta/pred=(1.000000000,2.862512507E-79)  ok=true
zeta/pred=(1.000000000,-5.963567723E-80)  ok=true
zeta/pred=(1.000000000,4.770854179E-80)  ok=true
zeta/pred=(1.000000000,-4.174497406E-80)  ok=true
zeta/pred=(1.000000000,9.541708358E-80)  ok=true
zeta/pred=(1.000000000,1.550527608E-79)  ok=true
COSETS: kappa = zeta_w prod u_d^{r_d} holds on 288 / 288 (selftest fails 0; nu 
pairs 3456, nonconstant 0)
BETA CASES <sign c, sign d, sign a, beta as i^k (or -99)> -> count:
  <0, 1, 1, -99> -> 12
  <1, -1, -1, 0> -> 229
  <1, -1, 1, 0> -> 167
  <1, 0, -1, 0> -> 235
  <1, 0, 0, 0> -> 1680
  <1, 0, 1, 0> -> 559
  <1, 1, -1, 0> -> 148
  <1, 1, 1, 0> -> 426
