BASE 34 5  M = 340  ds = [ 1, 2, 4, 5, 10, 17, 20, 34, 68, 85, 170, 340 ]
#isotropic = 9 (2N-1 = 9)
#cosets = 648
#monomials = 177
a0 table built
FORM -2:
  c_eta(0)[1] (trivial) = -6.67838643878E-54 + 5.56013273875E-54 i   (half: 
-3.33919321939E-54)
  c_eta(0)[2] = -6.67838643878E-54 + 5.56013273875E-54 i   (half: 
-3.33919321939E-54)
  c_eta(0)[3] = -6.67838643878E-54 + 5.56013273875E-54 i   (half: 
-3.33919321939E-54)
  c_eta(0)[4] = -6.67838643878E-54 + 5.56013273875E-54 i   (half: 
-3.33919321939E-54)
  c_eta(0)[5] = -6.67838643878E-54 + 5.56013273875E-54 i   (half: 
-3.33919321939E-54)
  c_eta(0)[6] = -6.67838643878E-54 + 5.56013273875E-54 i   (half: 
-3.33919321939E-54)
  c_eta(0)[7] = -6.67838643878E-54 + 5.56013273875E-54 i   (half: 
-3.33919321939E-54)
  c_eta(0)[8] = -6.67838643878E-54 + 5.56013273875E-54 i   (half: 
-3.33919321939E-54)
  c_eta(0)[9] = -6.67838643878E-54 + 5.56013273875E-54 i   (half: 
-3.33919321939E-54)
FORM -1:
  c_eta(0)[1] (trivial) = -6.00749487534E-54 + 5.00157773744E-54 i   (half: 
-3.00374743767E-54)
  c_eta(0)[2] = -6.00749487534E-54 + 5.00157773744E-54 i   (half: 
-3.00374743767E-54)
  c_eta(0)[3] = -6.00749487534E-54 + 5.00157773744E-54 i   (half: 
-3.00374743767E-54)
  c_eta(0)[4] = -6.00749487534E-54 + 5.00157773744E-54 i   (half: 
-3.00374743767E-54)
  c_eta(0)[5] = -6.00749487534E-54 + 5.00157773744E-54 i   (half: 
-3.00374743767E-54)
  c_eta(0)[6] = -6.00749487534E-54 + 5.00157773744E-54 i   (half: 
-3.00374743767E-54)
  c_eta(0)[7] = -6.00749487534E-54 + 5.00157773744E-54 i   (half: 
-3.00374743767E-54)
  c_eta(0)[8] = -6.00749487534E-54 + 5.00157773744E-54 i   (half: 
-3.00374743767E-54)
  c_eta(0)[9] = -6.00749487534E-54 + 5.00157773744E-54 i   (half: 
-3.00374743767E-54)
FORM 9:
  c_eta(0)[1] (trivial) = -4.21702801738E-48 + 3.51091326544E-48 i   (half: 
-2.10851400869E-48)
  c_eta(0)[2] = 4.00000000000 + 3.51091326544E-48 i   (half: 2.00000000000)
  c_eta(0)[3] = 4.00000000000 + 3.51091326544E-48 i   (half: 2.00000000000)
  c_eta(0)[4] = 4.00000000000 + 3.51091326544E-48 i   (half: 2.00000000000)
  c_eta(0)[5] = 4.00000000000 + 3.51091326544E-48 i   (half: 2.00000000000)
  c_eta(0)[6] = 4.00000000000 + 3.51091326544E-48 i   (half: 2.00000000000)
  c_eta(0)[7] = 4.00000000000 + 3.51091326544E-48 i   (half: 2.00000000000)
  c_eta(0)[8] = 4.00000000000 + 3.51091326544E-48 i   (half: 2.00000000000)
  c_eta(0)[9] = 4.00000000000 + 3.51091326544E-48 i   (half: 2.00000000000)
FORM 10:
  c_eta(0)[1] (trivial) = 3.65151100901E-52 + -3.04008851438E-52 i   (half: 
1.82575550451E-52)
  c_eta(0)[2] = 3.65151100901E-52 + -3.04008851438E-52 i   (half: 
1.82575550451E-52)
  c_eta(0)[3] = 3.65151100901E-52 + -3.04008851438E-52 i   (half: 
1.82575550451E-52)
  c_eta(0)[4] = 3.65151100901E-52 + -3.04008851438E-52 i   (half: 
1.82575550451E-52)
  c_eta(0)[5] = 3.65151100901E-52 + -3.04008851438E-52 i   (half: 
1.82575550451E-52)
  c_eta(0)[6] = 3.65151100901E-52 + -3.04008851438E-52 i   (half: 
1.82575550451E-52)
  c_eta(0)[7] = 3.65151100901E-52 + -3.04008851438E-52 i   (half: 
1.82575550451E-52)
  c_eta(0)[8] = 3.65151100901E-52 + -3.04008851438E-52 i   (half: 
1.82575550451E-52)
  c_eta(0)[9] = 3.65151100901E-52 + -3.04008851438E-52 i   (half: 
1.82575550451E-52)
FORM 11:
  c_eta(0)[1] (trivial) = -4.21741752359E-48 + 3.51123755129E-48 i   (half: 
-2.10870876180E-48)
  c_eta(0)[2] = 4.00000000000 + 3.51123755129E-48 i   (half: 2.00000000000)
  c_eta(0)[3] = 4.00000000000 + 3.51123755129E-48 i   (half: 2.00000000000)
  c_eta(0)[4] = 4.00000000000 + 3.51123755129E-48 i   (half: 2.00000000000)
  c_eta(0)[5] = 4.00000000000 + 3.51123755129E-48 i   (half: 2.00000000000)
  c_eta(0)[6] = 4.00000000000 + 3.51123755129E-48 i   (half: 2.00000000000)
  c_eta(0)[7] = 4.00000000000 + 3.51123755129E-48 i   (half: 2.00000000000)
  c_eta(0)[8] = 4.00000000000 + 3.51123755129E-48 i   (half: 2.00000000000)
  c_eta(0)[9] = 4.00000000000 + 3.51123755129E-48 i   (half: 2.00000000000)
FORM 12:
  c_eta(0)[1] (trivial) = -4.21702829990E-48 + 3.51091350065E-48 i   (half: 
-2.10851414995E-48)
  c_eta(0)[2] = 2.00000000000 + 3.51091350065E-48 i   (half: 1.00000000000)
  c_eta(0)[3] = 2.00000000000 + 3.51091350065E-48 i   (half: 1.00000000000)
  c_eta(0)[4] = 2.00000000000 + 3.51091350065E-48 i   (half: 1.00000000000)
  c_eta(0)[5] = 2.00000000000 + 3.51091350065E-48 i   (half: 1.00000000000)
  c_eta(0)[6] = 2.00000000000 + 3.51091350065E-48 i   (half: 1.00000000000)
  c_eta(0)[7] = 2.00000000000 + 3.51091350065E-48 i   (half: 1.00000000000)
  c_eta(0)[8] = 2.00000000000 + 3.51091350065E-48 i   (half: 1.00000000000)
  c_eta(0)[9] = 2.00000000000 + 3.51091350065E-48 i   (half: 1.00000000000)
FORM 13:
  c_eta(0)[1] (trivial) = -2.40725850644E-53 + 2.00417824799E-53 i   (half: 
-1.20362925322E-53)
  c_eta(0)[2] = 2.00000000000 + 2.00417824799E-53 i   (half: 1.00000000000)
  c_eta(0)[3] = 2.00000000000 + 2.00417824799E-53 i   (half: 1.00000000000)
  c_eta(0)[4] = 2.00000000000 + 2.00417824799E-53 i   (half: 1.00000000000)
  c_eta(0)[5] = 2.00000000000 + 2.00417824799E-53 i   (half: 1.00000000000)
  c_eta(0)[6] = 2.00000000000 + 2.00417824799E-53 i   (half: 1.00000000000)
  c_eta(0)[7] = 2.00000000000 + 2.00417824799E-53 i   (half: 1.00000000000)
  c_eta(0)[8] = 2.00000000000 + 2.00417824799E-53 i   (half: 1.00000000000)
  c_eta(0)[9] = 2.00000000000 + 2.00417824799E-53 i   (half: 1.00000000000)
FORM 14:
  c_eta(0)[1] (trivial) = 3.77637801115E-52 + -3.14404732432E-52 i   (half: 
1.88818900557E-52)
  c_eta(0)[2] = 2.00000000000 + -3.14404732432E-52 i   (half: 1.00000000000)
  c_eta(0)[3] = 2.00000000000 + -3.14404732432E-52 i   (half: 1.00000000000)
  c_eta(0)[4] = 2.00000000000 + -3.14404732432E-52 i   (half: 1.00000000000)
  c_eta(0)[5] = 2.00000000000 + -3.14404732432E-52 i   (half: 1.00000000000)
  c_eta(0)[6] = 2.00000000000 + -3.14404732432E-52 i   (half: 1.00000000000)
  c_eta(0)[7] = 2.00000000000 + -3.14404732432E-52 i   (half: 1.00000000000)
  c_eta(0)[8] = 2.00000000000 + -3.14404732432E-52 i   (half: 1.00000000000)
  c_eta(0)[9] = 2.00000000000 + -3.14404732432E-52 i   (half: 1.00000000000)
FORM 15:
  c_eta(0)[1] (trivial) = -4.21740565519E-48 + 3.51122767017E-48 i   (half: 
-2.10870282759E-48)
  c_eta(0)[2] = 2.00000000000 + 3.51122767017E-48 i   (half: 1.00000000000)
  c_eta(0)[3] = 2.00000000000 + 3.51122767017E-48 i   (half: 1.00000000000)
  c_eta(0)[4] = 2.00000000000 + 3.51122767017E-48 i   (half: 1.00000000000)
  c_eta(0)[5] = 2.00000000000 + 3.51122767017E-48 i   (half: 1.00000000000)
  c_eta(0)[6] = 2.00000000000 + 3.51122767017E-48 i   (half: 1.00000000000)
  c_eta(0)[7] = 2.00000000000 + 3.51122767017E-48 i   (half: 1.00000000000)
  c_eta(0)[8] = 2.00000000000 + 3.51122767017E-48 i   (half: 1.00000000000)
  c_eta(0)[9] = 2.00000000000 + 3.51122767017E-48 i   (half: 1.00000000000)
