BASE 22 7  M = 308  ds = [ 1, 2, 4, 7, 11, 14, 22, 28, 44, 77, 154, 308 ]
#isotropic = 13 (2N-1 = 13)
#cosets = 576
#monomials = 432
a0 table built
FORM -2:
  c_eta(0)[1] (trivial) = -2.56873047850E-50 + -6.22584124058E-50 i   (half: 
-1.28436523925E-50)
  c_eta(0)[2] = -2.56874877117E-50 + -6.22584366230E-50 i   (half: 
-1.28437438559E-50)
  c_eta(0)[3] = -2.56874877117E-50 + -6.22584366230E-50 i   (half: 
-1.28437438559E-50)
  c_eta(0)[4] = -2.56874877117E-50 + -6.22584366230E-50 i   (half: 
-1.28437438559E-50)
  c_eta(0)[5] = -2.56874877117E-50 + -6.22584366230E-50 i   (half: 
-1.28437438559E-50)
  c_eta(0)[6] = -2.56874877117E-50 + -6.22584366230E-50 i   (half: 
-1.28437438559E-50)
  c_eta(0)[7] = -2.56874877117E-50 + -6.22584366230E-50 i   (half: 
-1.28437438559E-50)
  c_eta(0)[8] = -2.56874877117E-50 + -6.22584366230E-50 i   (half: 
-1.28437438559E-50)
  c_eta(0)[9] = -2.56874877117E-50 + -6.22584366230E-50 i   (half: 
-1.28437438559E-50)
  c_eta(0)[10] = -2.56874877117E-50 + -6.22584366230E-50 i   (half: 
-1.28437438559E-50)
  c_eta(0)[11] = -2.56874877117E-50 + -6.22584366230E-50 i   (half: 
-1.28437438559E-50)
  c_eta(0)[12] = -2.56874877117E-50 + -6.22584366230E-50 i   (half: 
-1.28437438559E-50)
  c_eta(0)[13] = -2.56874877117E-50 + -6.22584366230E-50 i   (half: 
-1.28437438559E-50)
FORM -1:
  c_eta(0)[1] (trivial) = -5.40262574417E-58 + -1.30919366084E-57 i   (half: 
-2.70131287209E-58)
  c_eta(0)[2] = -5.40160621639E-58 + -1.30918041564E-57 i   (half: 
-2.70080310820E-58)
  c_eta(0)[3] = -5.40160621639E-58 + -1.30918041564E-57 i   (half: 
-2.70080310820E-58)
  c_eta(0)[4] = -5.40160621639E-58 + -1.30918041564E-57 i   (half: 
-2.70080310820E-58)
  c_eta(0)[5] = -5.40160621639E-58 + -1.30918041564E-57 i   (half: 
-2.70080310820E-58)
  c_eta(0)[6] = -5.40160621639E-58 + -1.30918041564E-57 i   (half: 
-2.70080310820E-58)
  c_eta(0)[7] = -5.40160621639E-58 + -1.30918041564E-57 i   (half: 
-2.70080310820E-58)
  c_eta(0)[8] = -5.40160621639E-58 + -1.30918041564E-57 i   (half: 
-2.70080310820E-58)
  c_eta(0)[9] = -5.40160621639E-58 + -1.30918041564E-57 i   (half: 
-2.70080310820E-58)
  c_eta(0)[10] = -5.40160621639E-58 + -1.30918041564E-57 i   (half: 
-2.70080310820E-58)
  c_eta(0)[11] = -5.40160621639E-58 + -1.30918041564E-57 i   (half: 
-2.70080310820E-58)
  c_eta(0)[12] = -5.40160621639E-58 + -1.30918041564E-57 i   (half: 
-2.70080310820E-58)
  c_eta(0)[13] = -5.40160621639E-58 + -1.30918041564E-57 i   (half: 
-2.70080310820E-58)
FORM 9:
  c_eta(0)[1] (trivial) = -5.32880723174E-52 + -1.29152464416E-51 i   (half: 
-2.66440361587E-52)
  c_eta(0)[2] = 4.00000000000 + -1.29152398970E-51 i   (half: 2.00000000000)
  c_eta(0)[3] = 4.00000000000 + -1.29152398970E-51 i   (half: 2.00000000000)
  c_eta(0)[4] = 4.00000000000 + -1.29152398970E-51 i   (half: 2.00000000000)
  c_eta(0)[5] = 4.00000000000 + -1.29152398970E-51 i   (half: 2.00000000000)
  c_eta(0)[6] = 4.00000000000 + -1.29152398970E-51 i   (half: 2.00000000000)
  c_eta(0)[7] = 4.00000000000 + -1.29152398970E-51 i   (half: 2.00000000000)
  c_eta(0)[8] = 4.00000000000 + -1.29152398970E-51 i   (half: 2.00000000000)
  c_eta(0)[9] = 4.00000000000 + -1.29152398970E-51 i   (half: 2.00000000000)
  c_eta(0)[10] = 4.00000000000 + -1.29152398970E-51 i   (half: 2.00000000000)
  c_eta(0)[11] = 4.00000000000 + -1.29152398970E-51 i   (half: 2.00000000000)
  c_eta(0)[12] = 4.00000000000 + -1.29152398970E-51 i   (half: 2.00000000000)
  c_eta(0)[13] = 4.00000000000 + -1.29152398970E-51 i   (half: 2.00000000000)
FORM 10:
  c_eta(0)[1] (trivial) = -8.08310959859E-58 + -1.96351986374E-57 i   (half: 
-4.04155479930E-58)
  c_eta(0)[2] = -8.10240929398E-58 + -1.96377060895E-57 i   (half: 
-4.05120464699E-58)
  c_eta(0)[3] = -8.10240929398E-58 + -1.96377060895E-57 i   (half: 
-4.05120464699E-58)
  c_eta(0)[4] = -8.10240929398E-58 + -1.96377060895E-57 i   (half: 
-4.05120464699E-58)
  c_eta(0)[5] = -8.10240929398E-58 + -1.96377060895E-57 i   (half: 
-4.05120464699E-58)
  c_eta(0)[6] = -8.10240929398E-58 + -1.96377060895E-57 i   (half: 
-4.05120464699E-58)
  c_eta(0)[7] = -8.10240929398E-58 + -1.96377060895E-57 i   (half: 
-4.05120464699E-58)
  c_eta(0)[8] = -8.10240929398E-58 + -1.96377060895E-57 i   (half: 
-4.05120464699E-58)
  c_eta(0)[9] = -8.10240929398E-58 + -1.96377060895E-57 i   (half: 
-4.05120464699E-58)
  c_eta(0)[10] = -8.10240929398E-58 + -1.96377060895E-57 i   (half: 
-4.05120464699E-58)
  c_eta(0)[11] = -8.10240929398E-58 + -1.96377060895E-57 i   (half: 
-4.05120464699E-58)
  c_eta(0)[12] = -8.10240929398E-58 + -1.96377060895E-57 i   (half: 
-4.05120464699E-58)
  c_eta(0)[13] = -8.10240929398E-58 + -1.96377060895E-57 i   (half: 
-4.05120464699E-58)
FORM 11:
  c_eta(0)[1] (trivial) = -5.72244488715E-52 + -1.38691469264E-51 i   (half: 
-2.86122244357E-52)
  c_eta(0)[2] = 4.00000000000 + -1.38691316584E-51 i   (half: 2.00000000000)
  c_eta(0)[3] = 4.00000000000 + -1.38691316584E-51 i   (half: 2.00000000000)
  c_eta(0)[4] = 4.00000000000 + -1.38691316584E-51 i   (half: 2.00000000000)
  c_eta(0)[5] = 4.00000000000 + -1.38691316584E-51 i   (half: 2.00000000000)
  c_eta(0)[6] = 4.00000000000 + -1.38691316584E-51 i   (half: 2.00000000000)
  c_eta(0)[7] = 4.00000000000 + -1.38691316584E-51 i   (half: 2.00000000000)
  c_eta(0)[8] = 4.00000000000 + -1.38691316584E-51 i   (half: 2.00000000000)
  c_eta(0)[9] = 4.00000000000 + -1.38691316584E-51 i   (half: 2.00000000000)
  c_eta(0)[10] = 4.00000000000 + -1.38691316584E-51 i   (half: 2.00000000000)
  c_eta(0)[11] = 4.00000000000 + -1.38691316584E-51 i   (half: 2.00000000000)
  c_eta(0)[12] = 4.00000000000 + -1.38691316584E-51 i   (half: 2.00000000000)
  c_eta(0)[13] = 4.00000000000 + -1.38691316584E-51 i   (half: 2.00000000000)
FORM 12:
  c_eta(0)[1] (trivial) = -5.52562199483E-52 + -1.33921868634E-51 i   (half: 
-2.76281099741E-52)
  c_eta(0)[2] = 2.00000000000 + -1.33921759588E-51 i   (half: 1.00000000000)
  c_eta(0)[3] = 2.00000000000 + -1.33921759588E-51 i   (half: 1.00000000000)
  c_eta(0)[4] = 2.00000000000 + -1.33921759588E-51 i   (half: 1.00000000000)
  c_eta(0)[5] = 2.00000000000 + -1.33921759588E-51 i   (half: 1.00000000000)
  c_eta(0)[6] = 2.00000000000 + -1.33921759588E-51 i   (half: 1.00000000000)
  c_eta(0)[7] = 2.00000000000 + -1.33921759588E-51 i   (half: 1.00000000000)
  c_eta(0)[8] = 2.00000000000 + -1.33921759588E-51 i   (half: 1.00000000000)
  c_eta(0)[9] = 2.00000000000 + -1.33921759588E-51 i   (half: 1.00000000000)
  c_eta(0)[10] = 2.00000000000 + -1.33921759588E-51 i   (half: 1.00000000000)
  c_eta(0)[11] = 2.00000000000 + -1.33921759588E-51 i   (half: 1.00000000000)
  c_eta(0)[12] = 2.00000000000 + -1.33921759588E-51 i   (half: 1.00000000000)
  c_eta(0)[13] = 2.00000000000 + -1.33921759588E-51 i   (half: 1.00000000000)
FORM 13:
  c_eta(0)[1] (trivial) = -8.10613676766E-58 + -1.96381905009E-57 i   (half: 
-4.05306838383E-58)
  c_eta(0)[2] = 2.00000000000 + -1.96377062494E-57 i   (half: 1.00000000000)
  c_eta(0)[3] = 2.00000000000 + -1.96377062494E-57 i   (half: 1.00000000000)
  c_eta(0)[4] = 2.00000000000 + -1.96377062494E-57 i   (half: 1.00000000000)
  c_eta(0)[5] = 2.00000000000 + -1.96377062494E-57 i   (half: 1.00000000000)
  c_eta(0)[6] = 2.00000000000 + -1.96377062494E-57 i   (half: 1.00000000000)
  c_eta(0)[7] = 2.00000000000 + -1.96377062494E-57 i   (half: 1.00000000000)
  c_eta(0)[8] = 2.00000000000 + -1.96377062494E-57 i   (half: 1.00000000000)
  c_eta(0)[9] = 2.00000000000 + -1.96377062494E-57 i   (half: 1.00000000000)
  c_eta(0)[10] = 2.00000000000 + -1.96377062494E-57 i   (half: 1.00000000000)
  c_eta(0)[11] = 2.00000000000 + -1.96377062494E-57 i   (half: 1.00000000000)
  c_eta(0)[12] = 2.00000000000 + -1.96377062494E-57 i   (half: 1.00000000000)
  c_eta(0)[13] = 2.00000000000 + -1.96377062494E-57 i   (half: 1.00000000000)
FORM 14:
  c_eta(0)[1] (trivial) = -1.61892463655E-57 + -3.92733891383E-57 i   (half: 
-8.09462318275E-58)
  c_eta(0)[2] = 2.00000000000 + -3.92754123390E-57 i   (half: 1.00000000000)
  c_eta(0)[3] = 2.00000000000 + -3.92754123390E-57 i   (half: 1.00000000000)
  c_eta(0)[4] = 2.00000000000 + -3.92754123390E-57 i   (half: 1.00000000000)
  c_eta(0)[5] = 2.00000000000 + -3.92754123390E-57 i   (half: 1.00000000000)
  c_eta(0)[6] = 2.00000000000 + -3.92754123390E-57 i   (half: 1.00000000000)
  c_eta(0)[7] = 2.00000000000 + -3.92754123390E-57 i   (half: 1.00000000000)
  c_eta(0)[8] = 2.00000000000 + -3.92754123390E-57 i   (half: 1.00000000000)
  c_eta(0)[9] = 2.00000000000 + -3.92754123390E-57 i   (half: 1.00000000000)
  c_eta(0)[10] = 2.00000000000 + -3.92754123390E-57 i   (half: 1.00000000000)
  c_eta(0)[11] = 2.00000000000 + -3.92754123390E-57 i   (half: 1.00000000000)
  c_eta(0)[12] = 2.00000000000 + -3.92754123390E-57 i   (half: 1.00000000000)
  c_eta(0)[13] = 2.00000000000 + -3.92754123390E-57 i   (half: 1.00000000000)
FORM 15:
  c_eta(0)[1] (trivial) = -5.91925965033E-52 + -1.43460873482E-51 i   (half: 
-2.95962982516E-52)
  c_eta(0)[2] = 2.00000000000 + -1.43460677202E-51 i   (half: 1.00000000000)
  c_eta(0)[3] = 2.00000000000 + -1.43460677202E-51 i   (half: 1.00000000000)
  c_eta(0)[4] = 2.00000000000 + -1.43460677202E-51 i   (half: 1.00000000000)
  c_eta(0)[5] = 2.00000000000 + -1.43460677202E-51 i   (half: 1.00000000000)
  c_eta(0)[6] = 2.00000000000 + -1.43460677202E-51 i   (half: 1.00000000000)
  c_eta(0)[7] = 2.00000000000 + -1.43460677202E-51 i   (half: 1.00000000000)
  c_eta(0)[8] = 2.00000000000 + -1.43460677202E-51 i   (half: 1.00000000000)
  c_eta(0)[9] = 2.00000000000 + -1.43460677202E-51 i   (half: 1.00000000000)
  c_eta(0)[10] = 2.00000000000 + -1.43460677202E-51 i   (half: 1.00000000000)
  c_eta(0)[11] = 2.00000000000 + -1.43460677202E-51 i   (half: 1.00000000000)
  c_eta(0)[12] = 2.00000000000 + -1.43460677202E-51 i   (half: 1.00000000000)
  c_eta(0)[13] = 2.00000000000 + -1.43460677202E-51 i   (half: 1.00000000000)
