BASE 15 2  M = 60  ds = [ 1, 2, 3, 4, 5, 6, 10, 12, 15, 20, 30, 60 ]
#cosets = 144
#monomials = 86
zeta/pred=(1.000000000,7.156281268E-80)  ok=true
zeta/pred=(1.000000000,7.752638041E-80)  ok=true
zeta/pred=(1.000000000,-1.013806513E-79)  ok=true
zeta/pred=(1.000000000,3.578140634E-80)  ok=true
zeta/pred=(1.000000000,-1.013806513E-79)  ok=true
zeta/pred=(1.000000000,3.637776311E-79)  ok=true
zeta/pred=(1.000000000,-2.981783862E-79)  ok=true
zeta/pred=(1.000000000,-5.963567723E-80)  ok=true
zeta/pred=(1.000000000,-2.325791412E-79)  ok=true
zeta/pred=(1.000000000,7.156281268E-80)  ok=true
zeta/pred=(1.000000000,7.752638041E-80)  ok=true
zeta/pred=(1.000000000,-1.610163285E-79)  ok=true
zeta/pred=(1.000000000,7.514095332E-79)  ok=true
zeta/pred=(1.000000000,-6.381017464E-79)  ok=true
zeta/pred=(1.000000000,5.605753660E-79)  ok=true
zeta/pred=(1.000000000,-5.784660692E-79)  ok=true
zeta/pred=(1.000000000,-3.339597925E-79)  ok=true
zeta/pred=(1.000000000,7.931545072E-79)  ok=true
zeta/pred=(1.000000000,8.110452104E-79)  ok=true
zeta/pred=(1.000000000,-2.922148184E-79)  ok=true
zeta/pred=(1.000000000,8.766444554E-79)  ok=true
zeta/pred=(1.000000000,-5.903932046E-79)  ok=true
zeta/pred=(1.000000000,-4.711218502E-79)  ok=true
zeta/pred=(1.000000000,3.399233602E-79)  ok=true
zeta/pred=(1.000000000,-4.532311470E-79)  ok=true
zeta/pred=(1.000000000,5.784660692E-79)  ok=true
zeta/pred=(1.000000000,-1.502819066E-78)  ok=true
zeta/pred=(1.000000000,8.706808876E-79)  ok=true
zeta/pred=(1.000000000,8.050816426E-79)  ok=true
zeta/pred=(1.000000000,-1.890450968E-78)  ok=true
zeta/pred=(1.000000000,1.908341672E-79)  ok=true
zeta/pred=(1.000000000,5.247939597E-79)  ok=true
zeta/pred=(1.000000000,-1.586309014E-78)  ok=true
zeta/pred=(1.000000000,5.307575274E-79)  ok=true
zeta/pred=(1.000000000,2.266155735E-79)  ok=true
zeta/pred=(1.000000000,1.073442190E-78)  ok=true
zeta/pred=(1.000000000,6.798467205E-79)  ok=true
zeta/pred=(1.000000000,9.780251066E-79)  ok=true
zeta/pred=(1.000000000,-1.288130628E-78)  ok=true
zeta/pred=(1.000000000,8.170087781E-79)  ok=true
zeta/pred=(1.000000000,8.050816426E-79)  ok=true
zeta/pred=(1.000000000,-1.675762530E-78)  ok=true
zeta/pred=(1.000000000,7.454459654E-79)  ok=true
zeta/pred=(1.000000000,5.307575274E-79)  ok=true
zeta/pred=(1.000000000,-2.325791412E-79)  ok=true
zeta/pred=(1.000000000,3.339597925E-79)  ok=true
zeta/pred=(1.000000000,7.275552622E-79)  ok=true
zeta/pred=(1.000000000,-2.087248703E-78)  ok=true
zeta/pred=(1.000000000,6.321381787E-79)  ok=true
zeta/pred=(1.000000000,-1.956050213E-78)  ok=true
zeta/pred=(1.000000000,3.369415764E-78)  ok=true
zeta/pred=(1.000000000,-1.276203493E-78)  ok=true
zeta/pred=(1.000000000,-1.019770081E-78)  ok=true
zeta/pred=(1.000000000,9.839886744E-79)  ok=true
zeta/pred=(1.000000000,5.367210951E-79)  ok=true
zeta/pred=(1.000000000,5.665389337E-79)  ok=true
zeta/pred=(1.000000000,2.373499954E-78)  ok=true
zeta/pred=(1.000000000,-2.123030110E-78)  ok=true
zeta/pred=(1.000000000,-1.311984899E-78)  ok=true
zeta/pred=(1.000000000,2.719386882E-78)  ok=true
zeta/pred=(1.000000000,-1.520709769E-78)  ok=true
zeta/pred=(1.000000000,2.385427089E-80)  ok=true
zeta/pred=(1.000000000,-8.348994813E-80)  ok=true
zeta/pred=(1.000000000,-1.311984899E-79)  ok=true
zeta/pred=(1.000000000,-5.367210951E-80)  ok=true
zeta/pred=(1.000000000,2.981783862E-79)  ok=true
zeta/pred=(1.000000000,-7.096645591E-79)  ok=true
zeta/pred=(1.000000000,1.192713545E-80)  ok=true
zeta/pred=(1.000000000,-8.945351585E-80)  ok=true
zeta/pred=(1.000000000,-1.311984899E-79)  ok=true
zeta/pred=(1.000000000,1.431256254E-79)  ok=true
zeta/pred=(1.000000000,-7.514095332E-79)  ok=true
zeta/pred=(1.000000000,1.109223597E-78)  ok=true
zeta/pred=(1.000000000,5.963567723E-80)  ok=true
zeta/pred=(1.000000000,1.043624352E-78)  ok=true
zeta/pred=(1.000000000,-1.317948467E-78)  ok=true
zeta/pred=(1.000000000,-1.550527608E-79)  ok=true
zeta/pred=(1.000000000,-1.311984899E-79)  ok=true
zeta/pred=(1.000000000,-1.490891931E-79)  ok=true
zeta/pred=(1.000000000,-6.559924496E-80)  ok=true
zeta/pred=(1.000000000,-2.922148184E-79)  ok=true
zeta/pred=(1.000000000,1.192713545E-79)  ok=true
zeta/pred=(1.000000000,2.743241153E-79)  ok=true
zeta/pred=(1.000000000,4.770854179E-80)  ok=true
zeta/pred=(1.000000000,2.266155735E-79)  ok=true
zeta/pred=(1.000000000,-1.908341672E-79)  ok=true
zeta/pred=(1.000000000,-4.413040115E-79)  ok=true
zeta/pred=(1.000000000,-1.371620576E-79)  ok=true
zeta/pred=(1.000000000,1.311984899E-79)  ok=true
zeta/pred=(1.000000000,-1.133077867E-79)  ok=true
zeta/pred=(1.000000000,-5.963567723E-81)  ok=true
zeta/pred=(1.000000000,4.770854179E-80)  ok=true
zeta/pred=(1.000000000,-3.637776311E-79)  ok=true
zeta/pred=(1.000000000,9.660979712E-79)  ok=true
zeta/pred=(1.000000000,-1.538600473E-78)  ok=true
zeta/pred=(1.000000000,1.091332893E-78)  ok=true
zeta/pred=(1.000000000,2.981783862E-80)  ok=true
zeta/pred=(1.000000000,-1.848705994E-79)  ok=true
zeta/pred=(1.000000000,1.013806513E-79)  ok=true
zeta/pred=(1.000000000,-4.174497406E-80)  ok=true
zeta/pred=(1.000000000,-5.963567723E-81)  ok=true
zeta/pred=(1.000000000,-1.252349222E-79)  ok=true
zeta/pred=(1.000000000,5.963567723E-81)  ok=true
zeta/pred=(1.000000000,1.013806513E-79)  ok=true
zeta/pred=(1.000000000,4.174497406E-80)  ok=true
zeta/pred=(1.000000000,-1.073442190E-79)  ok=true
zeta/pred=(1.000000000,-2.623969798E-79)  ok=true
zeta/pred=(1.000000000,-2.146884380E-79)  ok=true
zeta/pred=(1.000000000,2.027613026E-79)  ok=true
zeta/pred=(1.000000000,-1.848705994E-79)  ok=true
zeta/pred=(1.000000000,-1.789070317E-79)  ok=true
zeta/pred=(1.000000000,2.325791412E-79)  ok=true
zeta/pred=(1.000000000,7.156281268E-80)  ok=true
zeta/pred=(1.000000000,1.192713545E-79)  ok=true
zeta/pred=(1.000000000,8.945351585E-80)  ok=true
zeta/pred=(1.000000000,1.013806513E-79)  ok=true
zeta/pred=(1.000000000,4.174497406E-80)  ok=true
zeta/pred=(1.000000000,-3.816683343E-79)  ok=true
zeta/pred=(1.000000000,7.752638041E-80)  ok=true
zeta/pred=(1.000000000,-3.279962248E-79)  ok=true
zeta/pred=(1.000000000,-2.266155735E-79)  ok=true
zeta/pred=(1.000000000,1.789070317E-79)  ok=true
zeta/pred=(1.000000000,-7.335188300E-79)  ok=true
zeta/pred=(1.000000000,-2.266155735E-79)  ok=true
zeta/pred=(1.000000000,2.683605475E-79)  ok=true
zeta/pred=(1.000000000,-2.385427089E-80)  ok=true
zeta/pred=(1.000000000,-4.174497406E-79)  ok=true
zeta/pred=(1.000000000,-1.789070317E-80)  ok=true
zeta/pred=(1.000000000,5.963567723E-80)  ok=true
zeta/pred=(1.000000000,1.610163285E-79)  ok=true
zeta/pred=(1.000000000,1.490891931E-79)  ok=true
zeta/pred=(1.000000000,-1.073442190E-79)  ok=true
zeta/pred=(1.000000000,-3.399233602E-79)  ok=true
zeta/pred=(1.000000000,-1.789070317E-80)  ok=true
zeta/pred=(1.000000000,-8.348994813E-80)  ok=true
zeta/pred=(1.000000000,-1.192713545E-79)  ok=true
zeta/pred=(1.000000000,7.156281268E-80)  ok=true
zeta/pred=(1.000000000,9.541708358E-80)  ok=true
zeta/pred=(1.000000000,2.683605475E-79)  ok=true
zeta/pred=(1.000000000,-8.945351585E-80)  ok=true
zeta/pred=(1.000000000,2.981783862E-80)  ok=true
zeta/pred=(1.000000000,2.564334121E-79)  ok=true
zeta/pred=(1.000000000,-8.348994813E-80)  ok=true
zeta/pred=(1.000000000,5.367210951E-80)  ok=true
COSETS: kappa = zeta_w prod u_d^{r_d} holds on 144 / 144 (selftest fails 0; nu 
pairs 1728, nonconstant 0)
BETA CASES <sign c, sign d, sign a, beta as i^k (or -99)> -> count:
  <0, 1, 1, -99> -> 12
  <1, -1, -1, 0> -> 137
  <1, -1, 1, 0> -> 89
  <1, 0, -1, 0> -> 168
  <1, 0, 0, 0> -> 720
  <1, 0, 1, 0> -> 266
  <1, 1, -1, 0> -> 103
  <1, 1, 1, 0> -> 233
