BASE 35 2  M = 140  ds = [ 1, 2, 4, 5, 7, 10, 14, 20, 28, 35, 70, 140 ]
#isotropic = 3 (2N-1 = 3)
#cosets = 288
#monomials = 187
a0 table built
FORM -2:
  c_eta(0)[1] (trivial) = -8.90948009558E-72 + -5.45641721048E-71 i   (half: 
-4.45474004779E-72)
  c_eta(0)[2] = -3.42732517801E-73 + -1.63874209955E-71 i   (half: 
-1.71366258900E-73)
  c_eta(0)[3] = -3.42732517801E-73 + -1.63874209955E-71 i   (half: 
-1.71366258900E-73)
FORM -1:
  c_eta(0)[1] (trivial) = -5.38347258625E-65 + 2.90185709517E-66 i   (half: 
-2.69173629312E-65)
  c_eta(0)[2] = -5.34022777822E-65 + 3.03126888391E-66 i   (half: 
-2.67011388911E-65)
  c_eta(0)[3] = -5.34022777822E-65 + 3.03126888391E-66 i   (half: 
-2.67011388911E-65)
FORM 9:
  c_eta(0)[1] (trivial) = -1.09548890850E-64 + 5.76041489652E-66 i   (half: 
-5.47744454251E-65)
  c_eta(0)[2] = -4.00000000000 + 5.88714695500E-66 i   (half: -2.00000000000)
  c_eta(0)[3] = -4.00000000000 + 5.88714695500E-66 i   (half: -2.00000000000)
FORM 10:
  c_eta(0)[1] (trivial) = -5.57147899047E-65 + 2.85910715279E-66 i   (half: 
-2.78573949524E-65)
  c_eta(0)[2] = -4.00000000000 + 2.85642742253E-66 i   (half: -2.00000000000)
  c_eta(0)[3] = -4.00000000000 + 2.85642742253E-66 i   (half: -2.00000000000)
FORM 11:
  c_eta(0)[1] (trivial) = -5.38347258625E-65 + 2.90185709517E-66 i   (half: 
-2.69173629312E-65)
  c_eta(0)[2] = -5.34022777822E-65 + 3.03126888391E-66 i   (half: 
-2.67011388911E-65)
  c_eta(0)[3] = -5.34022777822E-65 + 3.03126888391E-66 i   (half: 
-2.67011388911E-65)
FORM 12:
  c_eta(0)[1] (trivial) = -1.65261518701E-64 + 8.62064062707E-66 i   (half: 
-8.26307593505E-65)
  c_eta(0)[2] = -8.00000000000 + 8.74448260937E-66 i   (half: -4.00000000000)
  c_eta(0)[3] = -8.00000000000 + 8.74448260937E-66 i   (half: -4.00000000000)
FORM 13:
  c_eta(0)[1] (trivial) = -5.57175290211E-65 + 2.86002780664E-66 i   (half: 
-2.78587645106E-65)
  c_eta(0)[2] = -4.00000000000 + 2.85713773045E-66 i   (half: -2.00000000000)
  c_eta(0)[3] = -4.00000000000 + 2.85713773045E-66 i   (half: -2.00000000000)
FORM 14:
  c_eta(0)[1] (trivial) = -1.11432004598E-64 + 5.71913746538E-66 i   (half: 
-5.57160022990E-65)
  c_eta(0)[2] = -8.00000000000 + 5.71356765893E-66 i   (half: -4.00000000000)
  c_eta(0)[3] = -8.00000000000 + 5.71356765893E-66 i   (half: -4.00000000000)
FORM 15:
  c_eta(0)[1] (trivial) = -1.09553124308E-64 + 5.76162533113E-66 i   (half: 
-5.47765621541E-65)
  c_eta(0)[2] = -4.00000000000 + 5.88814704368E-66 i   (half: -2.00000000000)
  c_eta(0)[3] = -4.00000000000 + 5.88814704369E-66 i   (half: -2.00000000000)
