BASE 6 17  M = 204  ds = [ 1, 2, 3, 4, 6, 12, 17, 34, 51, 68, 102, 204 ]
#isotropic = 33 (2N-1 = 33)
#cosets = 432
#monomials = 210
a0 table built
FORM -2:
  c_eta(0)[1] (trivial) = -9.94563644139E-67 + 1.87060743418E-68 i   (half: 
-4.97281822070E-67)
  c_eta(0)[2] = -8.63820506827E-67 + -7.81553670100E-67 i   (half: 
-4.31910253413E-67)
  c_eta(0)[3] = -8.63820506827E-67 + -7.81553670100E-67 i   (half: 
-4.31910253413E-67)
  c_eta(0)[4] = -8.63820506827E-67 + -7.81553670100E-67 i   (half: 
-4.31910253413E-67)
  c_eta(0)[5] = -8.63820506827E-67 + -7.81553670100E-67 i   (half: 
-4.31910253413E-67)
  c_eta(0)[6] = -8.63820506827E-67 + -7.81553670100E-67 i   (half: 
-4.31910253413E-67)
  c_eta(0)[7] = -8.63820506827E-67 + -7.81553670100E-67 i   (half: 
-4.31910253413E-67)
  c_eta(0)[8] = -8.63820506827E-67 + -7.81553670100E-67 i   (half: 
-4.31910253413E-67)
  c_eta(0)[9] = -8.63820506827E-67 + -7.81553670100E-67 i   (half: 
-4.31910253413E-67)
  c_eta(0)[10] = -8.63820506827E-67 + -7.81553670100E-67 i   (half: 
-4.31910253413E-67)
  c_eta(0)[11] = -8.63820506827E-67 + -7.81553670100E-67 i   (half: 
-4.31910253413E-67)
  c_eta(0)[12] = -8.63820506827E-67 + -7.81553670100E-67 i   (half: 
-4.31910253413E-67)
  c_eta(0)[13] = -8.63820506827E-67 + -7.81553670100E-67 i   (half: 
-4.31910253413E-67)
  c_eta(0)[14] = -8.63820506827E-67 + -7.81553670100E-67 i   (half: 
-4.31910253413E-67)
  c_eta(0)[15] = -8.63820506827E-67 + -7.81553670100E-67 i   (half: 
-4.31910253413E-67)
  c_eta(0)[16] = -8.63820506827E-67 + -7.81553670100E-67 i   (half: 
-4.31910253413E-67)
  c_eta(0)[17] = -8.63820506827E-67 + -7.81553670100E-67 i   (half: 
-4.31910253413E-67)
  c_eta(0)[18] = -8.63820506827E-67 + -7.81553670100E-67 i   (half: 
-4.31910253413E-67)
  c_eta(0)[19] = -8.63820506827E-67 + -7.81553670100E-67 i   (half: 
-4.31910253413E-67)
  c_eta(0)[20] = -8.63820506827E-67 + -7.81553670100E-67 i   (half: 
-4.31910253413E-67)
  c_eta(0)[21] = -8.63820506827E-67 + -7.81553670100E-67 i   (half: 
-4.31910253413E-67)
  c_eta(0)[22] = -8.63820506827E-67 + -7.81553670100E-67 i   (half: 
-4.31910253413E-67)
  c_eta(0)[23] = -8.63820506827E-67 + -7.81553670100E-67 i   (half: 
-4.31910253413E-67)
  c_eta(0)[24] = -8.63820506827E-67 + -7.81553670100E-67 i   (half: 
-4.31910253413E-67)
  c_eta(0)[25] = -8.63820506827E-67 + -7.81553670100E-67 i   (half: 
-4.31910253413E-67)
  c_eta(0)[26] = -8.63820506827E-67 + -7.81553670100E-67 i   (half: 
-4.31910253413E-67)
  c_eta(0)[27] = -8.63820506827E-67 + -7.81553670100E-67 i   (half: 
-4.31910253413E-67)
  c_eta(0)[28] = -8.63820506827E-67 + -7.81553670100E-67 i   (half: 
-4.31910253413E-67)
  c_eta(0)[29] = -8.63820506827E-67 + -7.81553670100E-67 i   (half: 
-4.31910253413E-67)
  c_eta(0)[30] = -8.63820506827E-67 + -7.81553670100E-67 i   (half: 
-4.31910253413E-67)
  c_eta(0)[31] = -8.63820506827E-67 + -7.81553670100E-67 i   (half: 
-4.31910253413E-67)
  c_eta(0)[32] = -8.63820506827E-67 + -7.81553670100E-67 i   (half: 
-4.31910253413E-67)
  c_eta(0)[33] = -8.63820506827E-67 + -7.81553670100E-67 i   (half: 
-4.31910253413E-67)
FORM -1:
  c_eta(0)[1] (trivial) = 4.04731322743E-67 + 9.88157372558E-67 i   (half: 
2.02365661372E-67)
  c_eta(0)[2] = 4.93400848382E-67 + 4.46563094264E-67 i   (half: 
2.46700424191E-67)
  c_eta(0)[3] = 4.93400848382E-67 + 4.46563094264E-67 i   (half: 
2.46700424191E-67)
  c_eta(0)[4] = 4.93400848382E-67 + 4.46563094264E-67 i   (half: 
2.46700424191E-67)
  c_eta(0)[5] = 4.93400848382E-67 + 4.46563094264E-67 i   (half: 
2.46700424191E-67)
  c_eta(0)[6] = 4.93400848382E-67 + 4.46563094264E-67 i   (half: 
2.46700424191E-67)
  c_eta(0)[7] = 4.93400848382E-67 + 4.46563094264E-67 i   (half: 
2.46700424191E-67)
  c_eta(0)[8] = 4.93400848382E-67 + 4.46563094264E-67 i   (half: 
2.46700424191E-67)
  c_eta(0)[9] = 4.93400848382E-67 + 4.46563094264E-67 i   (half: 
2.46700424191E-67)
  c_eta(0)[10] = 4.93400848382E-67 + 4.46563094264E-67 i   (half: 
2.46700424191E-67)
  c_eta(0)[11] = 4.93400848382E-67 + 4.46563094264E-67 i   (half: 
2.46700424191E-67)
  c_eta(0)[12] = 4.93400848382E-67 + 4.46563094264E-67 i   (half: 
2.46700424191E-67)
  c_eta(0)[13] = 4.93400848382E-67 + 4.46563094264E-67 i   (half: 
2.46700424191E-67)
  c_eta(0)[14] = 4.93400848382E-67 + 4.46563094264E-67 i   (half: 
2.46700424191E-67)
  c_eta(0)[15] = 4.93400848382E-67 + 4.46563094264E-67 i   (half: 
2.46700424191E-67)
  c_eta(0)[16] = 4.93400848382E-67 + 4.46563094264E-67 i   (half: 
2.46700424191E-67)
  c_eta(0)[17] = 4.93400848382E-67 + 4.46563094264E-67 i   (half: 
2.46700424191E-67)
  c_eta(0)[18] = 4.93400848382E-67 + 4.46563094264E-67 i   (half: 
2.46700424191E-67)
  c_eta(0)[19] = 4.93400848382E-67 + 4.46563094264E-67 i   (half: 
2.46700424191E-67)
  c_eta(0)[20] = 4.93400848382E-67 + 4.46563094264E-67 i   (half: 
2.46700424191E-67)
  c_eta(0)[21] = 4.93400848382E-67 + 4.46563094264E-67 i   (half: 
2.46700424191E-67)
  c_eta(0)[22] = 4.93400848382E-67 + 4.46563094264E-67 i   (half: 
2.46700424191E-67)
  c_eta(0)[23] = 4.93400848382E-67 + 4.46563094264E-67 i   (half: 
2.46700424191E-67)
  c_eta(0)[24] = 4.93400848382E-67 + 4.46563094264E-67 i   (half: 
2.46700424191E-67)
  c_eta(0)[25] = 4.93400848382E-67 + 4.46563094264E-67 i   (half: 
2.46700424191E-67)
  c_eta(0)[26] = 4.93400848382E-67 + 4.46563094264E-67 i   (half: 
2.46700424191E-67)
  c_eta(0)[27] = 4.93400848382E-67 + 4.46563094264E-67 i   (half: 
2.46700424191E-67)
  c_eta(0)[28] = 4.93400848382E-67 + 4.46563094264E-67 i   (half: 
2.46700424191E-67)
  c_eta(0)[29] = 4.93400848382E-67 + 4.46563094264E-67 i   (half: 
2.46700424191E-67)
  c_eta(0)[30] = 4.93400848382E-67 + 4.46563094264E-67 i   (half: 
2.46700424191E-67)
  c_eta(0)[31] = 4.93400848382E-67 + 4.46563094264E-67 i   (half: 
2.46700424191E-67)
  c_eta(0)[32] = 4.93400848382E-67 + 4.46563094264E-67 i   (half: 
2.46700424191E-67)
  c_eta(0)[33] = 4.93400848382E-67 + 4.46563094264E-67 i   (half: 
2.46700424191E-67)
FORM 9:
  c_eta(0)[1] (trivial) = -1.59135225052E-64 + 5.11690103927E-64 i   (half: 
-7.95676125258E-65)
  c_eta(0)[2] = 6.00000000000 + -6.21595712377E-65 i   (half: 3.00000000000)
  c_eta(0)[3] = 6.00000000000 + -6.21595712377E-65 i   (half: 3.00000000000)
  c_eta(0)[4] = 6.00000000000 + -6.21595712377E-65 i   (half: 3.00000000000)
  c_eta(0)[5] = 6.00000000000 + -6.21595712377E-65 i   (half: 3.00000000000)
  c_eta(0)[6] = 6.00000000000 + -6.21595712377E-65 i   (half: 3.00000000000)
  c_eta(0)[7] = 6.00000000000 + -6.21595712377E-65 i   (half: 3.00000000000)
  c_eta(0)[8] = 6.00000000000 + -6.21595712377E-65 i   (half: 3.00000000000)
  c_eta(0)[9] = 6.00000000000 + -6.21595712377E-65 i   (half: 3.00000000000)
  c_eta(0)[10] = 6.00000000000 + -6.21595712377E-65 i   (half: 3.00000000000)
  c_eta(0)[11] = 6.00000000000 + -6.21595712377E-65 i   (half: 3.00000000000)
  c_eta(0)[12] = 6.00000000000 + -6.21595712377E-65 i   (half: 3.00000000000)
  c_eta(0)[13] = 6.00000000000 + -6.21595712377E-65 i   (half: 3.00000000000)
  c_eta(0)[14] = 6.00000000000 + -6.21595712377E-65 i   (half: 3.00000000000)
  c_eta(0)[15] = 6.00000000000 + -6.21595712377E-65 i   (half: 3.00000000000)
  c_eta(0)[16] = 6.00000000000 + -6.21595712377E-65 i   (half: 3.00000000000)
  c_eta(0)[17] = 6.00000000000 + -6.21595712377E-65 i   (half: 3.00000000000)
  c_eta(0)[18] = 6.00000000000 + -6.21595712377E-65 i   (half: 3.00000000000)
  c_eta(0)[19] = 6.00000000000 + -6.21595712377E-65 i   (half: 3.00000000000)
  c_eta(0)[20] = 6.00000000000 + -6.21595712377E-65 i   (half: 3.00000000000)
  c_eta(0)[21] = 6.00000000000 + -6.21595712377E-65 i   (half: 3.00000000000)
  c_eta(0)[22] = 6.00000000000 + -6.21595712377E-65 i   (half: 3.00000000000)
  c_eta(0)[23] = 6.00000000000 + -6.21595712377E-65 i   (half: 3.00000000000)
  c_eta(0)[24] = 6.00000000000 + -6.21595712377E-65 i   (half: 3.00000000000)
  c_eta(0)[25] = 6.00000000000 + -6.21595712377E-65 i   (half: 3.00000000000)
  c_eta(0)[26] = 6.00000000000 + -6.21595712377E-65 i   (half: 3.00000000000)
  c_eta(0)[27] = 6.00000000000 + -6.21595712377E-65 i   (half: 3.00000000000)
  c_eta(0)[28] = 6.00000000000 + -6.21595712377E-65 i   (half: 3.00000000000)
  c_eta(0)[29] = 6.00000000000 + -6.21595712377E-65 i   (half: 3.00000000000)
  c_eta(0)[30] = 6.00000000000 + -6.21595712377E-65 i   (half: 3.00000000000)
  c_eta(0)[31] = 6.00000000000 + -6.21595712377E-65 i   (half: 3.00000000000)
  c_eta(0)[32] = 6.00000000000 + -6.21595712377E-65 i   (half: 3.00000000000)
  c_eta(0)[33] = 6.00000000000 + -6.21595712377E-65 i   (half: 3.00000000000)
FORM 10:
  c_eta(0)[1] (trivial) = -5.25246233877E-66 + -2.52892332122E-66 i   (half: 
-2.62623116938E-66)
  c_eta(0)[2] = 6.00000000000 + -4.46605476232E-66 i   (half: 3.00000000000)
  c_eta(0)[3] = 6.00000000000 + -4.46605476232E-66 i   (half: 3.00000000000)
  c_eta(0)[4] = 6.00000000000 + -4.46605476232E-66 i   (half: 3.00000000000)
  c_eta(0)[5] = 6.00000000000 + -4.46605476232E-66 i   (half: 3.00000000000)
  c_eta(0)[6] = 6.00000000000 + -4.46605476232E-66 i   (half: 3.00000000000)
  c_eta(0)[7] = 6.00000000000 + -4.46605476232E-66 i   (half: 3.00000000000)
  c_eta(0)[8] = 6.00000000000 + -4.46605476232E-66 i   (half: 3.00000000000)
  c_eta(0)[9] = 6.00000000000 + -4.46605476232E-66 i   (half: 3.00000000000)
  c_eta(0)[10] = 6.00000000000 + -4.46605476232E-66 i   (half: 3.00000000000)
  c_eta(0)[11] = 6.00000000000 + -4.46605476232E-66 i   (half: 3.00000000000)
  c_eta(0)[12] = 6.00000000000 + -4.46605476232E-66 i   (half: 3.00000000000)
  c_eta(0)[13] = 6.00000000000 + -4.46605476232E-66 i   (half: 3.00000000000)
  c_eta(0)[14] = 6.00000000000 + -4.46605476232E-66 i   (half: 3.00000000000)
  c_eta(0)[15] = 6.00000000000 + -4.46605476232E-66 i   (half: 3.00000000000)
  c_eta(0)[16] = 6.00000000000 + -4.46605476232E-66 i   (half: 3.00000000000)
  c_eta(0)[17] = 6.00000000000 + -4.46605476232E-66 i   (half: 3.00000000000)
  c_eta(0)[18] = 6.00000000000 + -4.46605476232E-66 i   (half: 3.00000000000)
  c_eta(0)[19] = 6.00000000000 + -4.46605476232E-66 i   (half: 3.00000000000)
  c_eta(0)[20] = 6.00000000000 + -4.46605476232E-66 i   (half: 3.00000000000)
  c_eta(0)[21] = 6.00000000000 + -4.46605476232E-66 i   (half: 3.00000000000)
  c_eta(0)[22] = 6.00000000000 + -4.46605476232E-66 i   (half: 3.00000000000)
  c_eta(0)[23] = 6.00000000000 + -4.46605476232E-66 i   (half: 3.00000000000)
  c_eta(0)[24] = 6.00000000000 + -4.46605476232E-66 i   (half: 3.00000000000)
  c_eta(0)[25] = 6.00000000000 + -4.46605476232E-66 i   (half: 3.00000000000)
  c_eta(0)[26] = 6.00000000000 + -4.46605476232E-66 i   (half: 3.00000000000)
  c_eta(0)[27] = 6.00000000000 + -4.46605476232E-66 i   (half: 3.00000000000)
  c_eta(0)[28] = 6.00000000000 + -4.46605476232E-66 i   (half: 3.00000000000)
  c_eta(0)[29] = 6.00000000000 + -4.46605476232E-66 i   (half: 3.00000000000)
  c_eta(0)[30] = 6.00000000000 + -4.46605476232E-66 i   (half: 3.00000000000)
  c_eta(0)[31] = 6.00000000000 + -4.46605476232E-66 i   (half: 3.00000000000)
  c_eta(0)[32] = 6.00000000000 + -4.46605476232E-66 i   (half: 3.00000000000)
  c_eta(0)[33] = 6.00000000000 + -4.46605476232E-66 i   (half: 3.00000000000)
FORM 11:
  c_eta(0)[1] (trivial) = -1.56160081906E-64 + 5.14293743778E-64 i   (half: 
-7.80800409530E-65)
  c_eta(0)[2] = 12.0000000000 + -5.94798869408E-65 i   (half: 6.00000000000)
  c_eta(0)[3] = 12.0000000000 + -5.94798869408E-65 i   (half: 6.00000000000)
  c_eta(0)[4] = 12.0000000000 + -5.94798869408E-65 i   (half: 6.00000000000)
  c_eta(0)[5] = 12.0000000000 + -5.94798869408E-65 i   (half: 6.00000000000)
  c_eta(0)[6] = 12.0000000000 + -5.94798869408E-65 i   (half: 6.00000000000)
  c_eta(0)[7] = 12.0000000000 + -5.94798869408E-65 i   (half: 6.00000000000)
  c_eta(0)[8] = 12.0000000000 + -5.94798869408E-65 i   (half: 6.00000000000)
  c_eta(0)[9] = 12.0000000000 + -5.94798869408E-65 i   (half: 6.00000000000)
  c_eta(0)[10] = 12.0000000000 + -5.94798869408E-65 i   (half: 6.00000000000)
  c_eta(0)[11] = 12.0000000000 + -5.94798869408E-65 i   (half: 6.00000000000)
  c_eta(0)[12] = 12.0000000000 + -5.94798869408E-65 i   (half: 6.00000000000)
  c_eta(0)[13] = 12.0000000000 + -5.94798869408E-65 i   (half: 6.00000000000)
  c_eta(0)[14] = 12.0000000000 + -5.94798869408E-65 i   (half: 6.00000000000)
  c_eta(0)[15] = 12.0000000000 + -5.94798869408E-65 i   (half: 6.00000000000)
  c_eta(0)[16] = 12.0000000000 + -5.94798869408E-65 i   (half: 6.00000000000)
  c_eta(0)[17] = 12.0000000000 + -5.94798869408E-65 i   (half: 6.00000000000)
  c_eta(0)[18] = 12.0000000000 + -5.94798869408E-65 i   (half: 6.00000000000)
  c_eta(0)[19] = 12.0000000000 + -5.94798869408E-65 i   (half: 6.00000000000)
  c_eta(0)[20] = 12.0000000000 + -5.94798869408E-65 i   (half: 6.00000000000)
  c_eta(0)[21] = 12.0000000000 + -5.94798869408E-65 i   (half: 6.00000000000)
  c_eta(0)[22] = 12.0000000000 + -5.94798869408E-65 i   (half: 6.00000000000)
  c_eta(0)[23] = 12.0000000000 + -5.94798869408E-65 i   (half: 6.00000000000)
  c_eta(0)[24] = 12.0000000000 + -5.94798869408E-65 i   (half: 6.00000000000)
  c_eta(0)[25] = 12.0000000000 + -5.94798869408E-65 i   (half: 6.00000000000)
  c_eta(0)[26] = 12.0000000000 + -5.94798869408E-65 i   (half: 6.00000000000)
  c_eta(0)[27] = 12.0000000000 + -5.94798869408E-65 i   (half: 6.00000000000)
  c_eta(0)[28] = 12.0000000000 + -5.94798869408E-65 i   (half: 6.00000000000)
  c_eta(0)[29] = 12.0000000000 + -5.94798869408E-65 i   (half: 6.00000000000)
  c_eta(0)[30] = 12.0000000000 + -5.94798869408E-65 i   (half: 6.00000000000)
  c_eta(0)[31] = 12.0000000000 + -5.94798869408E-65 i   (half: 6.00000000000)
  c_eta(0)[32] = 12.0000000000 + -5.94798869408E-65 i   (half: 6.00000000000)
  c_eta(0)[33] = 12.0000000000 + -5.94798869408E-65 i   (half: 6.00000000000)
FORM 12:
  c_eta(0)[1] (trivial) = -1.60272629920E-64 + 5.11727279703E-64 i   (half: 
-8.01363149602E-65)
  c_eta(0)[2] = 12.0000000000 + -6.30529426764E-65 i   (half: 6.00000000000)
  c_eta(0)[3] = 12.0000000000 + -6.30529426764E-65 i   (half: 6.00000000000)
  c_eta(0)[4] = 12.0000000000 + -6.30529426764E-65 i   (half: 6.00000000000)
  c_eta(0)[5] = 12.0000000000 + -6.30529426764E-65 i   (half: 6.00000000000)
  c_eta(0)[6] = 12.0000000000 + -6.30529426764E-65 i   (half: 6.00000000000)
  c_eta(0)[7] = 12.0000000000 + -6.30529426764E-65 i   (half: 6.00000000000)
  c_eta(0)[8] = 12.0000000000 + -6.30529426764E-65 i   (half: 6.00000000000)
  c_eta(0)[9] = 12.0000000000 + -6.30529426764E-65 i   (half: 6.00000000000)
  c_eta(0)[10] = 12.0000000000 + -6.30529426764E-65 i   (half: 6.00000000000)
  c_eta(0)[11] = 12.0000000000 + -6.30529426764E-65 i   (half: 6.00000000000)
  c_eta(0)[12] = 12.0000000000 + -6.30529426764E-65 i   (half: 6.00000000000)
  c_eta(0)[13] = 12.0000000000 + -6.30529426764E-65 i   (half: 6.00000000000)
  c_eta(0)[14] = 12.0000000000 + -6.30529426764E-65 i   (half: 6.00000000000)
  c_eta(0)[15] = 12.0000000000 + -6.30529426764E-65 i   (half: 6.00000000000)
  c_eta(0)[16] = 12.0000000000 + -6.30529426764E-65 i   (half: 6.00000000000)
  c_eta(0)[17] = 12.0000000000 + -6.30529426764E-65 i   (half: 6.00000000000)
  c_eta(0)[18] = 12.0000000000 + -6.30529426764E-65 i   (half: 6.00000000000)
  c_eta(0)[19] = 12.0000000000 + -6.30529426764E-65 i   (half: 6.00000000000)
  c_eta(0)[20] = 12.0000000000 + -6.30529426764E-65 i   (half: 6.00000000000)
  c_eta(0)[21] = 12.0000000000 + -6.30529426764E-65 i   (half: 6.00000000000)
  c_eta(0)[22] = 12.0000000000 + -6.30529426764E-65 i   (half: 6.00000000000)
  c_eta(0)[23] = 12.0000000000 + -6.30529426764E-65 i   (half: 6.00000000000)
  c_eta(0)[24] = 12.0000000000 + -6.30529426764E-65 i   (half: 6.00000000000)
  c_eta(0)[25] = 12.0000000000 + -6.30529426764E-65 i   (half: 6.00000000000)
  c_eta(0)[26] = 12.0000000000 + -6.30529426764E-65 i   (half: 6.00000000000)
  c_eta(0)[27] = 12.0000000000 + -6.30529426764E-65 i   (half: 6.00000000000)
  c_eta(0)[28] = 12.0000000000 + -6.30529426764E-65 i   (half: 6.00000000000)
  c_eta(0)[29] = 12.0000000000 + -6.30529426764E-65 i   (half: 6.00000000000)
  c_eta(0)[30] = 12.0000000000 + -6.30529426764E-65 i   (half: 6.00000000000)
  c_eta(0)[31] = 12.0000000000 + -6.30529426764E-65 i   (half: 6.00000000000)
  c_eta(0)[32] = 12.0000000000 + -6.30529426764E-65 i   (half: 6.00000000000)
  c_eta(0)[33] = 12.0000000000 + -6.30529426764E-65 i   (half: 6.00000000000)
FORM 13:
  c_eta(0)[1] (trivial) = -1.13918803329E-66 + 3.73423714293E-68 i   (half: 
-5.69594016647E-67)
  c_eta(0)[2] = 6.00000000000 + -8.93196435092E-67 i   (half: 3.00000000000)
  c_eta(0)[3] = 6.00000000000 + -8.93196435092E-67 i   (half: 3.00000000000)
  c_eta(0)[4] = 6.00000000000 + -8.93196435092E-67 i   (half: 3.00000000000)
  c_eta(0)[5] = 6.00000000000 + -8.93196435092E-67 i   (half: 3.00000000000)
  c_eta(0)[6] = 6.00000000000 + -8.93196435092E-67 i   (half: 3.00000000000)
  c_eta(0)[7] = 6.00000000000 + -8.93196435092E-67 i   (half: 3.00000000000)
  c_eta(0)[8] = 6.00000000000 + -8.93196435092E-67 i   (half: 3.00000000000)
  c_eta(0)[9] = 6.00000000000 + -8.93196435092E-67 i   (half: 3.00000000000)
  c_eta(0)[10] = 6.00000000000 + -8.93196435091E-67 i   (half: 3.00000000000)
  c_eta(0)[11] = 6.00000000000 + -8.93196435092E-67 i   (half: 3.00000000000)
  c_eta(0)[12] = 6.00000000000 + -8.93196435092E-67 i   (half: 3.00000000000)
  c_eta(0)[13] = 6.00000000000 + -8.93196435092E-67 i   (half: 3.00000000000)
  c_eta(0)[14] = 6.00000000000 + -8.93196435091E-67 i   (half: 3.00000000000)
  c_eta(0)[15] = 6.00000000000 + -8.93196435092E-67 i   (half: 3.00000000000)
  c_eta(0)[16] = 6.00000000000 + -8.93196435092E-67 i   (half: 3.00000000000)
  c_eta(0)[17] = 6.00000000000 + -8.93196435092E-67 i   (half: 3.00000000000)
  c_eta(0)[18] = 6.00000000000 + -8.93196435092E-67 i   (half: 3.00000000000)
  c_eta(0)[19] = 6.00000000000 + -8.93196435092E-67 i   (half: 3.00000000000)
  c_eta(0)[20] = 6.00000000000 + -8.93196435092E-67 i   (half: 3.00000000000)
  c_eta(0)[21] = 6.00000000000 + -8.93196435092E-67 i   (half: 3.00000000000)
  c_eta(0)[22] = 6.00000000000 + -8.93196435092E-67 i   (half: 3.00000000000)
  c_eta(0)[23] = 6.00000000000 + -8.93196435092E-67 i   (half: 3.00000000000)
  c_eta(0)[24] = 6.00000000000 + -8.93196435092E-67 i   (half: 3.00000000000)
  c_eta(0)[25] = 6.00000000000 + -8.93196435092E-67 i   (half: 3.00000000000)
  c_eta(0)[26] = 6.00000000000 + -8.93196435092E-67 i   (half: 3.00000000000)
  c_eta(0)[27] = 6.00000000000 + -8.93196435092E-67 i   (half: 3.00000000000)
  c_eta(0)[28] = 6.00000000000 + -8.93196435092E-67 i   (half: 3.00000000000)
  c_eta(0)[29] = 6.00000000000 + -8.93196435092E-67 i   (half: 3.00000000000)
  c_eta(0)[30] = 6.00000000000 + -8.93196435092E-67 i   (half: 3.00000000000)
  c_eta(0)[31] = 6.00000000000 + -8.93196435092E-67 i   (half: 3.00000000000)
  c_eta(0)[32] = 6.00000000000 + -8.93196435092E-67 i   (half: 3.00000000000)
  c_eta(0)[33] = 6.00000000000 + -8.93196435092E-67 i   (half: 3.00000000000)
FORM 14:
  c_eta(0)[1] (trivial) = -4.11326907812E-66 + -2.56626490255E-66 i   (half: 
-2.05663453906E-66)
  c_eta(0)[2] = -3.94834881742E-66 + -3.57285749531E-66 i   (half: 
-1.97417440871E-66)
  c_eta(0)[3] = -3.94834881742E-66 + -3.57285749531E-66 i   (half: 
-1.97417440871E-66)
  c_eta(0)[4] = -3.94834881742E-66 + -3.57285749531E-66 i   (half: 
-1.97417440871E-66)
  c_eta(0)[5] = -3.94834881742E-66 + -3.57285749531E-66 i   (half: 
-1.97417440871E-66)
  c_eta(0)[6] = -3.94834881742E-66 + -3.57285749531E-66 i   (half: 
-1.97417440871E-66)
  c_eta(0)[7] = -3.94834881742E-66 + -3.57285749531E-66 i   (half: 
-1.97417440871E-66)
  c_eta(0)[8] = -3.94834881742E-66 + -3.57285749531E-66 i   (half: 
-1.97417440871E-66)
  c_eta(0)[9] = -3.94834881742E-66 + -3.57285749531E-66 i   (half: 
-1.97417440871E-66)
  c_eta(0)[10] = -3.94834881742E-66 + -3.57285749531E-66 i   (half: 
-1.97417440871E-66)
  c_eta(0)[11] = -3.94834881742E-66 + -3.57285749531E-66 i   (half: 
-1.97417440871E-66)
  c_eta(0)[12] = -3.94834881742E-66 + -3.57285749531E-66 i   (half: 
-1.97417440871E-66)
  c_eta(0)[13] = -3.94834881742E-66 + -3.57285749531E-66 i   (half: 
-1.97417440871E-66)
  c_eta(0)[14] = -3.94834881742E-66 + -3.57285749531E-66 i   (half: 
-1.97417440871E-66)
  c_eta(0)[15] = -3.94834881742E-66 + -3.57285749531E-66 i   (half: 
-1.97417440871E-66)
  c_eta(0)[16] = -3.94834881742E-66 + -3.57285749531E-66 i   (half: 
-1.97417440871E-66)
  c_eta(0)[17] = -3.94834881742E-66 + -3.57285749531E-66 i   (half: 
-1.97417440871E-66)
  c_eta(0)[18] = -3.94834881742E-66 + -3.57285749531E-66 i   (half: 
-1.97417440871E-66)
  c_eta(0)[19] = -3.94834881742E-66 + -3.57285749531E-66 i   (half: 
-1.97417440871E-66)
  c_eta(0)[20] = -3.94834881742E-66 + -3.57285749531E-66 i   (half: 
-1.97417440871E-66)
  c_eta(0)[21] = -3.94834881742E-66 + -3.57285749531E-66 i   (half: 
-1.97417440871E-66)
  c_eta(0)[22] = -3.94834881742E-66 + -3.57285749531E-66 i   (half: 
-1.97417440871E-66)
  c_eta(0)[23] = -3.94834881742E-66 + -3.57285749531E-66 i   (half: 
-1.97417440871E-66)
  c_eta(0)[24] = -3.94834881742E-66 + -3.57285749531E-66 i   (half: 
-1.97417440871E-66)
  c_eta(0)[25] = -3.94834881742E-66 + -3.57285749531E-66 i   (half: 
-1.97417440871E-66)
  c_eta(0)[26] = -3.94834881742E-66 + -3.57285749531E-66 i   (half: 
-1.97417440871E-66)
  c_eta(0)[27] = -3.94834881742E-66 + -3.57285749531E-66 i   (half: 
-1.97417440871E-66)
  c_eta(0)[28] = -3.94834881742E-66 + -3.57285749531E-66 i   (half: 
-1.97417440871E-66)
  c_eta(0)[29] = -3.94834881742E-66 + -3.57285749531E-66 i   (half: 
-1.97417440871E-66)
  c_eta(0)[30] = -3.94834881742E-66 + -3.57285749531E-66 i   (half: 
-1.97417440871E-66)
  c_eta(0)[31] = -3.94834881742E-66 + -3.57285749531E-66 i   (half: 
-1.97417440871E-66)
  c_eta(0)[32] = -3.94834881742E-66 + -3.57285749531E-66 i   (half: 
-1.97417440871E-66)
  c_eta(0)[33] = -3.94834881742E-66 + -3.57285749531E-66 i   (half: 
-1.97417440871E-66)
FORM 15:
  c_eta(0)[1] (trivial) = -1.55021466186E-64 + 5.14255826827E-64 i   (half: 
-7.75107330931E-65)
  c_eta(0)[2] = 6.00000000000 + -5.85872857675E-65 i   (half: 3.00000000000)
  c_eta(0)[3] = 6.00000000000 + -5.85872857675E-65 i   (half: 3.00000000000)
  c_eta(0)[4] = 6.00000000000 + -5.85872857675E-65 i   (half: 3.00000000000)
  c_eta(0)[5] = 6.00000000000 + -5.85872857675E-65 i   (half: 3.00000000000)
  c_eta(0)[6] = 6.00000000000 + -5.85872857675E-65 i   (half: 3.00000000000)
  c_eta(0)[7] = 6.00000000000 + -5.85872857675E-65 i   (half: 3.00000000000)
  c_eta(0)[8] = 6.00000000000 + -5.85872857675E-65 i   (half: 3.00000000000)
  c_eta(0)[9] = 6.00000000000 + -5.85872857675E-65 i   (half: 3.00000000000)
  c_eta(0)[10] = 6.00000000000 + -5.85872857675E-65 i   (half: 3.00000000000)
  c_eta(0)[11] = 6.00000000000 + -5.85872857675E-65 i   (half: 3.00000000000)
  c_eta(0)[12] = 6.00000000000 + -5.85872857675E-65 i   (half: 3.00000000000)
  c_eta(0)[13] = 6.00000000000 + -5.85872857675E-65 i   (half: 3.00000000000)
  c_eta(0)[14] = 6.00000000000 + -5.85872857675E-65 i   (half: 3.00000000000)
  c_eta(0)[15] = 6.00000000000 + -5.85872857675E-65 i   (half: 3.00000000000)
  c_eta(0)[16] = 6.00000000000 + -5.85872857675E-65 i   (half: 3.00000000000)
  c_eta(0)[17] = 6.00000000000 + -5.85872857675E-65 i   (half: 3.00000000000)
  c_eta(0)[18] = 6.00000000000 + -5.85872857675E-65 i   (half: 3.00000000000)
  c_eta(0)[19] = 6.00000000000 + -5.85872857675E-65 i   (half: 3.00000000000)
  c_eta(0)[20] = 6.00000000000 + -5.85872857675E-65 i   (half: 3.00000000000)
  c_eta(0)[21] = 6.00000000000 + -5.85872857675E-65 i   (half: 3.00000000000)
  c_eta(0)[22] = 6.00000000000 + -5.85872857675E-65 i   (half: 3.00000000000)
  c_eta(0)[23] = 6.00000000000 + -5.85872857675E-65 i   (half: 3.00000000000)
  c_eta(0)[24] = 6.00000000000 + -5.85872857675E-65 i   (half: 3.00000000000)
  c_eta(0)[25] = 6.00000000000 + -5.85872857675E-65 i   (half: 3.00000000000)
  c_eta(0)[26] = 6.00000000000 + -5.85872857675E-65 i   (half: 3.00000000000)
  c_eta(0)[27] = 6.00000000000 + -5.85872857675E-65 i   (half: 3.00000000000)
  c_eta(0)[28] = 6.00000000000 + -5.85872857675E-65 i   (half: 3.00000000000)
  c_eta(0)[29] = 6.00000000000 + -5.85872857675E-65 i   (half: 3.00000000000)
  c_eta(0)[30] = 6.00000000000 + -5.85872857675E-65 i   (half: 3.00000000000)
  c_eta(0)[31] = 6.00000000000 + -5.85872857675E-65 i   (half: 3.00000000000)
  c_eta(0)[32] = 6.00000000000 + -5.85872857675E-65 i   (half: 3.00000000000)
  c_eta(0)[33] = 6.00000000000 + -5.85872857675E-65 i   (half: 3.00000000000)
