BASE 22 5  M = 220  ds = [ 1, 2, 4, 5, 10, 11, 20, 22, 44, 55, 110, 220 ]
#isotropic = 9 (2N-1 = 9)
#cosets = 432
#monomials = 228
a0 table built
FORM -2:
  c_eta(0)[1] (trivial) = 2.05244644296E-59 + 1.04825349329E-59 i   (half: 
1.02622322148E-59)
  c_eta(0)[2] = -3.00000000000 + 1.61330791198E-59 i   (half: -1.50000000000)
  c_eta(0)[3] = -3.00000000000 + 1.61330791198E-59 i   (half: -1.50000000000)
  c_eta(0)[4] = -3.00000000000 + 1.61330791198E-59 i   (half: -1.50000000000)
  c_eta(0)[5] = -3.00000000000 + 1.61330791198E-59 i   (half: -1.50000000000)
  c_eta(0)[6] = -3.00000000000 + 1.61330791198E-59 i   (half: -1.50000000000)
  c_eta(0)[7] = -3.00000000000 + 1.61330791198E-59 i   (half: -1.50000000000)
  c_eta(0)[8] = -3.00000000000 + 1.61330791198E-59 i   (half: -1.50000000000)
  c_eta(0)[9] = -3.00000000000 + 1.61330791198E-59 i   (half: -1.50000000000)
FORM -1:
  c_eta(0)[1] (trivial) = 2.05244529038E-59 + 1.04860555172E-59 i   (half: 
1.02622264519E-59)
  c_eta(0)[2] = -7.00000000000 + 1.61330644268E-59 i   (half: -3.50000000000)
  c_eta(0)[3] = -7.00000000000 + 1.61330644268E-59 i   (half: -3.50000000000)
  c_eta(0)[4] = -7.00000000000 + 1.61330644268E-59 i   (half: -3.50000000000)
  c_eta(0)[5] = -7.00000000000 + 1.61330644268E-59 i   (half: -3.50000000000)
  c_eta(0)[6] = -7.00000000000 + 1.61330644268E-59 i   (half: -3.50000000000)
  c_eta(0)[7] = -7.00000000000 + 1.61330644268E-59 i   (half: -3.50000000000)
  c_eta(0)[8] = -7.00000000000 + 1.61330644268E-59 i   (half: -3.50000000000)
  c_eta(0)[9] = -7.00000000000 + 1.61330644268E-59 i   (half: -3.50000000000)
FORM 9:
  c_eta(0)[1] (trivial) = 8.53372708291E-59 + 4.63063115792E-59 i   (half: 
4.26686354146E-59)
  c_eta(0)[2] = -12.0000000000 + 6.74965439381E-59 i   (half: -6.00000000000)
  c_eta(0)[3] = -12.0000000000 + 6.74965439381E-59 i   (half: -6.00000000000)
  c_eta(0)[4] = -12.0000000000 + 6.74965439381E-59 i   (half: -6.00000000000)
  c_eta(0)[5] = -12.0000000000 + 6.74965439381E-59 i   (half: -6.00000000000)
  c_eta(0)[6] = -12.0000000000 + 6.74965439381E-59 i   (half: -6.00000000000)
  c_eta(0)[7] = -12.0000000000 + 6.74965439381E-59 i   (half: -6.00000000000)
  c_eta(0)[8] = -12.0000000000 + 6.74965439381E-59 i   (half: -6.00000000000)
  c_eta(0)[9] = -12.0000000000 + 6.74965439381E-59 i   (half: -6.00000000000)
FORM 10:
  c_eta(0)[1] (trivial) = 4.10495871981E-59 + 2.09707137890E-59 i   (half: 
2.05247935991E-59)
  c_eta(0)[2] = -10.0000000000 + 3.22662127146E-59 i   (half: -5.00000000000)
  c_eta(0)[3] = -10.0000000000 + 3.22662127146E-59 i   (half: -5.00000000000)
  c_eta(0)[4] = -10.0000000000 + 3.22662127146E-59 i   (half: -5.00000000000)
  c_eta(0)[5] = -10.0000000000 + 3.22662127146E-59 i   (half: -5.00000000000)
  c_eta(0)[6] = -10.0000000000 + 3.22662127146E-59 i   (half: -5.00000000000)
  c_eta(0)[7] = -10.0000000000 + 3.22662127146E-59 i   (half: -5.00000000000)
  c_eta(0)[8] = -10.0000000000 + 3.22662127146E-59 i   (half: -5.00000000000)
  c_eta(0)[9] = -10.0000000000 + 3.22662127146E-59 i   (half: -5.00000000000)
FORM 11:
  c_eta(0)[1] (trivial) = 8.53360598035E-59 + 4.63077043686E-59 i   (half: 
4.26680299017E-59)
  c_eta(0)[2] = -16.0000000000 + 6.74964258690E-59 i   (half: -8.00000000000)
  c_eta(0)[3] = -16.0000000000 + 6.74964258690E-59 i   (half: -8.00000000000)
  c_eta(0)[4] = -16.0000000000 + 6.74964258690E-59 i   (half: -8.00000000000)
  c_eta(0)[5] = -16.0000000000 + 6.74964258690E-59 i   (half: -8.00000000000)
  c_eta(0)[6] = -16.0000000000 + 6.74964258690E-59 i   (half: -8.00000000000)
  c_eta(0)[7] = -16.0000000000 + 6.74964258690E-59 i   (half: -8.00000000000)
  c_eta(0)[8] = -16.0000000000 + 6.74964258690E-59 i   (half: -8.00000000000)
  c_eta(0)[9] = -16.0000000000 + 6.74964258690E-59 i   (half: -8.00000000000)
FORM 12:
  c_eta(0)[1] (trivial) = 8.53348024659E-59 + 4.63039960260E-59 i   (half: 
4.26674012329E-59)
  c_eta(0)[2] = -12.0000000000 + 6.74965488271E-59 i   (half: -6.00000000000)
  c_eta(0)[3] = -12.0000000000 + 6.74965488271E-59 i   (half: -6.00000000000)
  c_eta(0)[4] = -12.0000000000 + 6.74965488271E-59 i   (half: -6.00000000000)
  c_eta(0)[5] = -12.0000000000 + 6.74965488271E-59 i   (half: -6.00000000000)
  c_eta(0)[6] = -12.0000000000 + 6.74965488271E-59 i   (half: -6.00000000000)
  c_eta(0)[7] = -12.0000000000 + 6.74965488271E-59 i   (half: -6.00000000000)
  c_eta(0)[8] = -12.0000000000 + 6.74965488271E-59 i   (half: -6.00000000000)
  c_eta(0)[9] = -12.0000000000 + 6.74965488271E-59 i   (half: -6.00000000000)
FORM 13:
  c_eta(0)[1] (trivial) = 4.10504721331E-59 + 2.09665756732E-59 i   (half: 
2.05252360665E-59)
  c_eta(0)[2] = -6.00000000000 + 3.22661932467E-59 i   (half: -3.00000000000)
  c_eta(0)[3] = -6.00000000000 + 3.22661932467E-59 i   (half: -3.00000000000)
  c_eta(0)[4] = -6.00000000000 + 3.22661932467E-59 i   (half: -3.00000000000)
  c_eta(0)[5] = -6.00000000000 + 3.22661932467E-59 i   (half: -3.00000000000)
  c_eta(0)[6] = -6.00000000000 + 3.22661932467E-59 i   (half: -3.00000000000)
  c_eta(0)[7] = -6.00000000000 + 3.22661932467E-59 i   (half: -3.00000000000)
  c_eta(0)[8] = -6.00000000000 + 3.22661932467E-59 i   (half: -3.00000000000)
  c_eta(0)[9] = -6.00000000000 + 3.22661932467E-59 i   (half: -3.00000000000)
FORM 14:
  c_eta(0)[1] (trivial) = 4.10492240925E-59 + 2.09683666912E-59 i   (half: 
2.05246120463E-59)
  c_eta(0)[2] = -10.0000000000 + 3.22661644488E-59 i   (half: -5.00000000000)
  c_eta(0)[3] = -10.0000000000 + 3.22661644488E-59 i   (half: -5.00000000000)
  c_eta(0)[4] = -10.0000000000 + 3.22661644488E-59 i   (half: -5.00000000000)
  c_eta(0)[5] = -10.0000000000 + 3.22661644488E-59 i   (half: -5.00000000000)
  c_eta(0)[6] = -10.0000000000 + 3.22661644488E-59 i   (half: -5.00000000000)
  c_eta(0)[7] = -10.0000000000 + 3.22661644488E-59 i   (half: -5.00000000000)
  c_eta(0)[8] = -10.0000000000 + 3.22661644488E-59 i   (half: -5.00000000000)
  c_eta(0)[9] = -10.0000000000 + 3.22661644488E-59 i   (half: -5.00000000000)
FORM 15:
  c_eta(0)[1] (trivial) = 1.26382188542E-58 + 6.72741396481E-59 i   (half: 
6.31910942710E-59)
  c_eta(0)[2] = -22.0000000000 + 9.97628033463E-59 i   (half: -11.0000000000)
  c_eta(0)[3] = -22.0000000000 + 9.97628033463E-59 i   (half: -11.0000000000)
  c_eta(0)[4] = -22.0000000000 + 9.97628033463E-59 i   (half: -11.0000000000)
  c_eta(0)[5] = -22.0000000000 + 9.97628033463E-59 i   (half: -11.0000000000)
  c_eta(0)[6] = -22.0000000000 + 9.97628033463E-59 i   (half: -11.0000000000)
  c_eta(0)[7] = -22.0000000000 + 9.97628033463E-59 i   (half: -11.0000000000)
  c_eta(0)[8] = -22.0000000000 + 9.97628033463E-59 i   (half: -11.0000000000)
  c_eta(0)[9] = -22.0000000000 + 9.97628033463E-59 i   (half: -11.0000000000)
