BASE 10 11  M = 220  ds = [ 1, 2, 4, 5, 10, 11, 20, 22, 44, 55, 110, 220 ]
#isotropic = 21 (2N-1 = 21)
#cosets = 432
#monomials = 228
a0 table built
FORM -2:
  c_eta(0)[1] (trivial) = 6.96763322039E-65 + -6.37463688225E-64 i   (half: 
3.48381661019E-65)
  c_eta(0)[2] = -5.15670158066E-65 + -4.28123781756E-65 i   (half: 
-2.57835079033E-65)
  c_eta(0)[3] = -5.15670158066E-65 + -4.28123781756E-65 i   (half: 
-2.57835079033E-65)
  c_eta(0)[4] = -5.15670158066E-65 + -4.28123781756E-65 i   (half: 
-2.57835079033E-65)
  c_eta(0)[5] = -5.15670158066E-65 + -4.28123781756E-65 i   (half: 
-2.57835079033E-65)
  c_eta(0)[6] = -5.15670158066E-65 + -4.28123781756E-65 i   (half: 
-2.57835079033E-65)
  c_eta(0)[7] = -5.15670158066E-65 + -4.28123781756E-65 i   (half: 
-2.57835079033E-65)
  c_eta(0)[8] = -5.15670158066E-65 + -4.28123781756E-65 i   (half: 
-2.57835079033E-65)
  c_eta(0)[9] = -5.15670158066E-65 + -4.28123781756E-65 i   (half: 
-2.57835079033E-65)
  c_eta(0)[10] = -5.15670158066E-65 + -4.28123781756E-65 i   (half: 
-2.57835079033E-65)
  c_eta(0)[11] = -5.15670158066E-65 + -4.28123781756E-65 i   (half: 
-2.57835079033E-65)
  c_eta(0)[12] = -5.15670158066E-65 + -4.28123781756E-65 i   (half: 
-2.57835079033E-65)
  c_eta(0)[13] = -5.15670158066E-65 + -4.28123781756E-65 i   (half: 
-2.57835079033E-65)
  c_eta(0)[14] = -5.15670158066E-65 + -4.28123781756E-65 i   (half: 
-2.57835079033E-65)
  c_eta(0)[15] = -5.15670158066E-65 + -4.28123781756E-65 i   (half: 
-2.57835079033E-65)
  c_eta(0)[16] = -5.15670158066E-65 + -4.28123781756E-65 i   (half: 
-2.57835079033E-65)
  c_eta(0)[17] = -5.15670158066E-65 + -4.28123781756E-65 i   (half: 
-2.57835079033E-65)
  c_eta(0)[18] = -5.15670158066E-65 + -4.28123781756E-65 i   (half: 
-2.57835079033E-65)
  c_eta(0)[19] = -5.15670158066E-65 + -4.28123781756E-65 i   (half: 
-2.57835079033E-65)
  c_eta(0)[20] = -5.15670158066E-65 + -4.28123781756E-65 i   (half: 
-2.57835079033E-65)
  c_eta(0)[21] = -5.15670158066E-65 + -4.28123781756E-65 i   (half: 
-2.57835079033E-65)
FORM -1:
  c_eta(0)[1] (trivial) = -4.66064370173E-65 + 9.05364490379E-65 i   (half: 
-2.33032185087E-65)
  c_eta(0)[2] = -2.40269995895E-65 + -2.01925729024E-65 i   (half: 
-1.20134997947E-65)
  c_eta(0)[3] = -2.40269995895E-65 + -2.01925729024E-65 i   (half: 
-1.20134997947E-65)
  c_eta(0)[4] = -2.40269995895E-65 + -2.01925729024E-65 i   (half: 
-1.20134997947E-65)
  c_eta(0)[5] = -2.40269995895E-65 + -2.01925729024E-65 i   (half: 
-1.20134997947E-65)
  c_eta(0)[6] = -2.40269995895E-65 + -2.01925729024E-65 i   (half: 
-1.20134997947E-65)
  c_eta(0)[7] = -2.40269995895E-65 + -2.01925729024E-65 i   (half: 
-1.20134997947E-65)
  c_eta(0)[8] = -2.40269995895E-65 + -2.01925729024E-65 i   (half: 
-1.20134997947E-65)
  c_eta(0)[9] = -2.40269995895E-65 + -2.01925729024E-65 i   (half: 
-1.20134997947E-65)
  c_eta(0)[10] = -2.40269995895E-65 + -2.01925729024E-65 i   (half: 
-1.20134997947E-65)
  c_eta(0)[11] = -2.40269995895E-65 + -2.01925729024E-65 i   (half: 
-1.20134997947E-65)
  c_eta(0)[12] = -2.40269995895E-65 + -2.01925729024E-65 i   (half: 
-1.20134997947E-65)
  c_eta(0)[13] = -2.40269995895E-65 + -2.01925729024E-65 i   (half: 
-1.20134997947E-65)
  c_eta(0)[14] = -2.40269995895E-65 + -2.01925729024E-65 i   (half: 
-1.20134997947E-65)
  c_eta(0)[15] = -2.40269995895E-65 + -2.01925729024E-65 i   (half: 
-1.20134997947E-65)
  c_eta(0)[16] = -2.40269995895E-65 + -2.01925729024E-65 i   (half: 
-1.20134997947E-65)
  c_eta(0)[17] = -2.40269995895E-65 + -2.01925729024E-65 i   (half: 
-1.20134997947E-65)
  c_eta(0)[18] = -2.40269995895E-65 + -2.01925729024E-65 i   (half: 
-1.20134997947E-65)
  c_eta(0)[19] = -2.40269995895E-65 + -2.01925729024E-65 i   (half: 
-1.20134997947E-65)
  c_eta(0)[20] = -2.40269995895E-65 + -2.01925729024E-65 i   (half: 
-1.20134997947E-65)
  c_eta(0)[21] = -2.40269995895E-65 + -2.01925729024E-65 i   (half: 
-1.20134997947E-65)
FORM 9:
  c_eta(0)[1] (trivial) = 3.27934784311E-60 + 4.41074293996E-60 i   (half: 
1.63967392156E-60)
  c_eta(0)[2] = 2.00000000000 + 2.98195138337E-60 i   (half: 1.00000000000)
  c_eta(0)[3] = 2.00000000000 + 2.98195138337E-60 i   (half: 1.00000000000)
  c_eta(0)[4] = 2.00000000000 + 2.98195138337E-60 i   (half: 1.00000000000)
  c_eta(0)[5] = 2.00000000000 + 2.98195138337E-60 i   (half: 1.00000000000)
  c_eta(0)[6] = 2.00000000000 + 2.98195138337E-60 i   (half: 1.00000000000)
  c_eta(0)[7] = 2.00000000000 + 2.98195138337E-60 i   (half: 1.00000000000)
  c_eta(0)[8] = 2.00000000000 + 2.98195138337E-60 i   (half: 1.00000000000)
  c_eta(0)[9] = 2.00000000000 + 2.98195138337E-60 i   (half: 1.00000000000)
  c_eta(0)[10] = 2.00000000000 + 2.98195138337E-60 i   (half: 1.00000000000)
  c_eta(0)[11] = 2.00000000000 + 2.98195138337E-60 i   (half: 1.00000000000)
  c_eta(0)[12] = 2.00000000000 + 2.98195138337E-60 i   (half: 1.00000000000)
  c_eta(0)[13] = 2.00000000000 + 2.98195138337E-60 i   (half: 1.00000000000)
  c_eta(0)[14] = 2.00000000000 + 2.98195138337E-60 i   (half: 1.00000000000)
  c_eta(0)[15] = 2.00000000000 + 2.98195138337E-60 i   (half: 1.00000000000)
  c_eta(0)[16] = 2.00000000000 + 2.98195138337E-60 i   (half: 1.00000000000)
  c_eta(0)[17] = 2.00000000000 + 2.98195138337E-60 i   (half: 1.00000000000)
  c_eta(0)[18] = 2.00000000000 + 2.98195138337E-60 i   (half: 1.00000000000)
  c_eta(0)[19] = 2.00000000000 + 2.98195138337E-60 i   (half: 1.00000000000)
  c_eta(0)[20] = 2.00000000000 + 2.98195138337E-60 i   (half: 1.00000000000)
  c_eta(0)[21] = 2.00000000000 + 2.98195138337E-60 i   (half: 1.00000000000)
FORM 10:
  c_eta(0)[1] (trivial) = 2.41160819747E-64 + -4.93412558427E-64 i   (half: 
1.20580409873E-64)
  c_eta(0)[2] = 2.00000000000 + 1.00843085478E-64 i   (half: 1.00000000000)
  c_eta(0)[3] = 2.00000000000 + 1.00843085478E-64 i   (half: 1.00000000000)
  c_eta(0)[4] = 2.00000000000 + 1.00843085478E-64 i   (half: 1.00000000000)
  c_eta(0)[5] = 2.00000000000 + 1.00843085478E-64 i   (half: 1.00000000000)
  c_eta(0)[6] = 2.00000000000 + 1.00843085478E-64 i   (half: 1.00000000000)
  c_eta(0)[7] = 2.00000000000 + 1.00843085478E-64 i   (half: 1.00000000000)
  c_eta(0)[8] = 2.00000000000 + 1.00843085478E-64 i   (half: 1.00000000000)
  c_eta(0)[9] = 2.00000000000 + 1.00843085478E-64 i   (half: 1.00000000000)
  c_eta(0)[10] = 2.00000000000 + 1.00843085478E-64 i   (half: 1.00000000000)
  c_eta(0)[11] = 2.00000000000 + 1.00843085478E-64 i   (half: 1.00000000000)
  c_eta(0)[12] = 2.00000000000 + 1.00843085478E-64 i   (half: 1.00000000000)
  c_eta(0)[13] = 2.00000000000 + 1.00843085478E-64 i   (half: 1.00000000000)
  c_eta(0)[14] = 2.00000000000 + 1.00843085478E-64 i   (half: 1.00000000000)
  c_eta(0)[15] = 2.00000000000 + 1.00843085478E-64 i   (half: 1.00000000000)
  c_eta(0)[16] = 2.00000000000 + 1.00843085478E-64 i   (half: 1.00000000000)
  c_eta(0)[17] = 2.00000000000 + 1.00843085478E-64 i   (half: 1.00000000000)
  c_eta(0)[18] = 2.00000000000 + 1.00843085478E-64 i   (half: 1.00000000000)
  c_eta(0)[19] = 2.00000000000 + 1.00843085478E-64 i   (half: 1.00000000000)
  c_eta(0)[20] = 2.00000000000 + 1.00843085478E-64 i   (half: 1.00000000000)
  c_eta(0)[21] = 2.00000000000 + 1.00843085478E-64 i   (half: 1.00000000000)
FORM 11:
  c_eta(0)[1] (trivial) = 3.24743069096E-60 + 4.42749088578E-60 i   (half: 
1.62371534548E-60)
  c_eta(0)[2] = 4.00000000000 + 2.96146593149E-60 i   (half: 2.00000000000)
  c_eta(0)[3] = 4.00000000000 + 2.96146593149E-60 i   (half: 2.00000000000)
  c_eta(0)[4] = 4.00000000000 + 2.96146593149E-60 i   (half: 2.00000000000)
  c_eta(0)[5] = 4.00000000000 + 2.96146593149E-60 i   (half: 2.00000000000)
  c_eta(0)[6] = 4.00000000000 + 2.96146593149E-60 i   (half: 2.00000000000)
  c_eta(0)[7] = 4.00000000000 + 2.96146593149E-60 i   (half: 2.00000000000)
  c_eta(0)[8] = 4.00000000000 + 2.96146593149E-60 i   (half: 2.00000000000)
  c_eta(0)[9] = 4.00000000000 + 2.96146593149E-60 i   (half: 2.00000000000)
  c_eta(0)[10] = 4.00000000000 + 2.96146593149E-60 i   (half: 2.00000000000)
  c_eta(0)[11] = 4.00000000000 + 2.96146593149E-60 i   (half: 2.00000000000)
  c_eta(0)[12] = 4.00000000000 + 2.96146593149E-60 i   (half: 2.00000000000)
  c_eta(0)[13] = 4.00000000000 + 2.96146593149E-60 i   (half: 2.00000000000)
  c_eta(0)[14] = 4.00000000000 + 2.96146593149E-60 i   (half: 2.00000000000)
  c_eta(0)[15] = 4.00000000000 + 2.96146593149E-60 i   (half: 2.00000000000)
  c_eta(0)[16] = 4.00000000000 + 2.96146593149E-60 i   (half: 2.00000000000)
  c_eta(0)[17] = 4.00000000000 + 2.96146593149E-60 i   (half: 2.00000000000)
  c_eta(0)[18] = 4.00000000000 + 2.96146593149E-60 i   (half: 2.00000000000)
  c_eta(0)[19] = 4.00000000000 + 2.96146593149E-60 i   (half: 2.00000000000)
  c_eta(0)[20] = 4.00000000000 + 2.96146593149E-60 i   (half: 2.00000000000)
  c_eta(0)[21] = 4.00000000000 + 2.96146593149E-60 i   (half: 2.00000000000)
FORM 12:
  c_eta(0)[1] (trivial) = 3.25552326474E-60 + 4.42309277067E-60 i   (half: 
1.62776163237E-60)
  c_eta(0)[2] = 4.00000000000 + 2.96664234384E-60 i   (half: 2.00000000000)
  c_eta(0)[3] = 4.00000000000 + 2.96664234384E-60 i   (half: 2.00000000000)
  c_eta(0)[4] = 4.00000000000 + 2.96664234384E-60 i   (half: 2.00000000000)
  c_eta(0)[5] = 4.00000000000 + 2.96664234384E-60 i   (half: 2.00000000000)
  c_eta(0)[6] = 4.00000000000 + 2.96664234384E-60 i   (half: 2.00000000000)
  c_eta(0)[7] = 4.00000000000 + 2.96664234384E-60 i   (half: 2.00000000000)
  c_eta(0)[8] = 4.00000000000 + 2.96664234384E-60 i   (half: 2.00000000000)
  c_eta(0)[9] = 4.00000000000 + 2.96664234384E-60 i   (half: 2.00000000000)
  c_eta(0)[10] = 4.00000000000 + 2.96664234384E-60 i   (half: 2.00000000000)
  c_eta(0)[11] = 4.00000000000 + 2.96664234384E-60 i   (half: 2.00000000000)
  c_eta(0)[12] = 4.00000000000 + 2.96664234384E-60 i   (half: 2.00000000000)
  c_eta(0)[13] = 4.00000000000 + 2.96664234384E-60 i   (half: 2.00000000000)
  c_eta(0)[14] = 4.00000000000 + 2.96664234384E-60 i   (half: 2.00000000000)
  c_eta(0)[15] = 4.00000000000 + 2.96664234384E-60 i   (half: 2.00000000000)
  c_eta(0)[16] = 4.00000000000 + 2.96664234384E-60 i   (half: 2.00000000000)
  c_eta(0)[17] = 4.00000000000 + 2.96664234384E-60 i   (half: 2.00000000000)
  c_eta(0)[18] = 4.00000000000 + 2.96664234384E-60 i   (half: 2.00000000000)
  c_eta(0)[19] = 4.00000000000 + 2.96664234384E-60 i   (half: 2.00000000000)
  c_eta(0)[20] = 4.00000000000 + 2.96664234384E-60 i   (half: 2.00000000000)
  c_eta(0)[21] = 4.00000000000 + 2.96664234384E-60 i   (half: 2.00000000000)
FORM 13:
  c_eta(0)[1] (trivial) = 1.94551195675E-64 + -4.02874265540E-64 i   (half: 
9.72755978373E-65)
  c_eta(0)[2] = 2.00000000000 + 8.06520964963E-65 i   (half: 1.00000000000)
  c_eta(0)[3] = 2.00000000000 + 8.06520964963E-65 i   (half: 1.00000000000)
  c_eta(0)[4] = 2.00000000000 + 8.06520964963E-65 i   (half: 1.00000000000)
  c_eta(0)[5] = 2.00000000000 + 8.06520964963E-65 i   (half: 1.00000000000)
  c_eta(0)[6] = 2.00000000000 + 8.06520964963E-65 i   (half: 1.00000000000)
  c_eta(0)[7] = 2.00000000000 + 8.06520964963E-65 i   (half: 1.00000000000)
  c_eta(0)[8] = 2.00000000000 + 8.06520964963E-65 i   (half: 1.00000000000)
  c_eta(0)[9] = 2.00000000000 + 8.06520964963E-65 i   (half: 1.00000000000)
  c_eta(0)[10] = 2.00000000000 + 8.06520964963E-65 i   (half: 1.00000000000)
  c_eta(0)[11] = 2.00000000000 + 8.06520964963E-65 i   (half: 1.00000000000)
  c_eta(0)[12] = 2.00000000000 + 8.06520964963E-65 i   (half: 1.00000000000)
  c_eta(0)[13] = 2.00000000000 + 8.06520964963E-65 i   (half: 1.00000000000)
  c_eta(0)[14] = 2.00000000000 + 8.06520964963E-65 i   (half: 1.00000000000)
  c_eta(0)[15] = 2.00000000000 + 8.06520964963E-65 i   (half: 1.00000000000)
  c_eta(0)[16] = 2.00000000000 + 8.06520964963E-65 i   (half: 1.00000000000)
  c_eta(0)[17] = 2.00000000000 + 8.06520964963E-65 i   (half: 1.00000000000)
  c_eta(0)[18] = 2.00000000000 + 8.06520964963E-65 i   (half: 1.00000000000)
  c_eta(0)[19] = 2.00000000000 + 8.06520964963E-65 i   (half: 1.00000000000)
  c_eta(0)[20] = 2.00000000000 + 8.06520964963E-65 i   (half: 1.00000000000)
  c_eta(0)[21] = 2.00000000000 + 8.06520964963E-65 i   (half: 1.00000000000)
FORM 14:
  c_eta(0)[1] (trivial) = -4.66064370173E-65 + 9.05364490379E-65 i   (half: 
-2.33032185087E-65)
  c_eta(0)[2] = -2.40269995895E-65 + -2.01925729024E-65 i   (half: 
-1.20134997947E-65)
  c_eta(0)[3] = -2.40269995895E-65 + -2.01925729024E-65 i   (half: 
-1.20134997947E-65)
  c_eta(0)[4] = -2.40269995895E-65 + -2.01925729024E-65 i   (half: 
-1.20134997947E-65)
  c_eta(0)[5] = -2.40269995895E-65 + -2.01925729024E-65 i   (half: 
-1.20134997947E-65)
  c_eta(0)[6] = -2.40269995895E-65 + -2.01925729024E-65 i   (half: 
-1.20134997947E-65)
  c_eta(0)[7] = -2.40269995895E-65 + -2.01925729024E-65 i   (half: 
-1.20134997947E-65)
  c_eta(0)[8] = -2.40269995895E-65 + -2.01925729024E-65 i   (half: 
-1.20134997947E-65)
  c_eta(0)[9] = -2.40269995895E-65 + -2.01925729024E-65 i   (half: 
-1.20134997947E-65)
  c_eta(0)[10] = -2.40269995895E-65 + -2.01925729024E-65 i   (half: 
-1.20134997947E-65)
  c_eta(0)[11] = -2.40269995895E-65 + -2.01925729024E-65 i   (half: 
-1.20134997947E-65)
  c_eta(0)[12] = -2.40269995895E-65 + -2.01925729024E-65 i   (half: 
-1.20134997947E-65)
  c_eta(0)[13] = -2.40269995895E-65 + -2.01925729024E-65 i   (half: 
-1.20134997947E-65)
  c_eta(0)[14] = -2.40269995895E-65 + -2.01925729024E-65 i   (half: 
-1.20134997947E-65)
  c_eta(0)[15] = -2.40269995895E-65 + -2.01925729024E-65 i   (half: 
-1.20134997947E-65)
  c_eta(0)[16] = -2.40269995895E-65 + -2.01925729024E-65 i   (half: 
-1.20134997947E-65)
  c_eta(0)[17] = -2.40269995895E-65 + -2.01925729024E-65 i   (half: 
-1.20134997947E-65)
  c_eta(0)[18] = -2.40269995895E-65 + -2.01925729024E-65 i   (half: 
-1.20134997947E-65)
  c_eta(0)[19] = -2.40269995895E-65 + -2.01925729024E-65 i   (half: 
-1.20134997947E-65)
  c_eta(0)[20] = -2.40269995895E-65 + -2.01925729024E-65 i   (half: 
-1.20134997947E-65)
  c_eta(0)[21] = -2.40269995895E-65 + -2.01925729024E-65 i   (half: 
-1.20134997947E-65)
FORM 15:
  c_eta(0)[1] (trivial) = 3.27922809813E-60 + 4.41066486609E-60 i   (half: 
1.63961404907E-60)
  c_eta(0)[2] = 2.00000000000 + 2.98198860631E-60 i   (half: 1.00000000000)
  c_eta(0)[3] = 2.00000000000 + 2.98198860631E-60 i   (half: 1.00000000000)
  c_eta(0)[4] = 2.00000000000 + 2.98198860631E-60 i   (half: 1.00000000000)
  c_eta(0)[5] = 2.00000000000 + 2.98198860631E-60 i   (half: 1.00000000000)
  c_eta(0)[6] = 2.00000000000 + 2.98198860631E-60 i   (half: 1.00000000000)
  c_eta(0)[7] = 2.00000000000 + 2.98198860631E-60 i   (half: 1.00000000000)
  c_eta(0)[8] = 2.00000000000 + 2.98198860631E-60 i   (half: 1.00000000000)
  c_eta(0)[9] = 2.00000000000 + 2.98198860631E-60 i   (half: 1.00000000000)
  c_eta(0)[10] = 2.00000000000 + 2.98198860631E-60 i   (half: 1.00000000000)
  c_eta(0)[11] = 2.00000000000 + 2.98198860631E-60 i   (half: 1.00000000000)
  c_eta(0)[12] = 2.00000000000 + 2.98198860631E-60 i   (half: 1.00000000000)
  c_eta(0)[13] = 2.00000000000 + 2.98198860631E-60 i   (half: 1.00000000000)
  c_eta(0)[14] = 2.00000000000 + 2.98198860631E-60 i   (half: 1.00000000000)
  c_eta(0)[15] = 2.00000000000 + 2.98198860631E-60 i   (half: 1.00000000000)
  c_eta(0)[16] = 2.00000000000 + 2.98198860631E-60 i   (half: 1.00000000000)
  c_eta(0)[17] = 2.00000000000 + 2.98198860631E-60 i   (half: 1.00000000000)
  c_eta(0)[18] = 2.00000000000 + 2.98198860631E-60 i   (half: 1.00000000000)
  c_eta(0)[19] = 2.00000000000 + 2.98198860631E-60 i   (half: 1.00000000000)
  c_eta(0)[20] = 2.00000000000 + 2.98198860631E-60 i   (half: 1.00000000000)
  c_eta(0)[21] = 2.00000000000 + 2.98198860631E-60 i   (half: 1.00000000000)
