BASE 22 3  M = 132  ds = [ 1, 2, 3, 4, 6, 11, 12, 22, 33, 44, 66, 132 ]
#isotropic = 5 (2N-1 = 5)
#cosets = 288
#monomials = 132
a0 table built
FORM -2:
  c_eta(0)[1] (trivial) = 6.26388298911E-71 + 6.60447948124E-71 i   (half: 
3.13194149455E-71)
  c_eta(0)[2] = 6.00000000000 + 5.62777722817E-72 i   (half: 3.00000000000)
  c_eta(0)[3] = 6.00000000000 + 5.62777718090E-72 i   (half: 3.00000000000)
  c_eta(0)[4] = 6.00000000000 + 5.62777743509E-72 i   (half: 3.00000000000)
  c_eta(0)[5] = 6.00000000000 + 5.62777740033E-72 i   (half: 3.00000000000)
FORM -1:
  c_eta(0)[1] (trivial) = 3.28915916309E-71 + -2.48970631978E-71 i   (half: 
1.64457958154E-71)
  c_eta(0)[2] = 6.00000000000 + -2.12540906550E-71 i   (half: 3.00000000000)
  c_eta(0)[3] = 6.00000000000 + -2.12540907119E-71 i   (half: 3.00000000000)
  c_eta(0)[4] = 6.00000000000 + -2.12540904948E-71 i   (half: 3.00000000000)
  c_eta(0)[5] = 6.00000000000 + -2.12540905272E-71 i   (half: 3.00000000000)
FORM 9:
  c_eta(0)[1] (trivial) = -1.38928834556E-68 + 7.39924759704E-69 i   (half: 
-6.94644172782E-69)
  c_eta(0)[2] = -12.0000000000 + 6.42568599166E-69 i   (half: -6.00000000000)
  c_eta(0)[3] = -12.0000000000 + 6.42568599142E-69 i   (half: -6.00000000000)
  c_eta(0)[4] = -12.0000000000 + 6.42568599223E-69 i   (half: -6.00000000000)
  c_eta(0)[5] = -12.0000000000 + 6.42568599213E-69 i   (half: -6.00000000000)
FORM 10:
  c_eta(0)[1] (trivial) = 6.26388298911E-71 + 6.60447948124E-71 i   (half: 
3.13194149455E-71)
  c_eta(0)[2] = 6.00000000000 + 5.62777722817E-72 i   (half: 3.00000000000)
  c_eta(0)[3] = 6.00000000000 + 5.62777718090E-72 i   (half: 3.00000000000)
  c_eta(0)[4] = 6.00000000000 + 5.62777743509E-72 i   (half: 3.00000000000)
  c_eta(0)[5] = 6.00000000000 + 5.62777740033E-72 i   (half: 3.00000000000)
FORM 11:
  c_eta(0)[1] (trivial) = -1.39145062524E-68 + 7.31350843639E-69 i   (half: 
-6.95725312620E-69)
  c_eta(0)[2] = -6.00000000000 + 6.39679222560E-69 i   (half: -3.00000000000)
  c_eta(0)[3] = -6.00000000000 + 6.39679222542E-69 i   (half: -3.00000000000)
  c_eta(0)[4] = -6.00000000000 + 6.39679222607E-69 i   (half: -3.00000000000)
  c_eta(0)[5] = -6.00000000000 + 6.39679222599E-69 i   (half: -3.00000000000)
FORM 12:
  c_eta(0)[1] (trivial) = -1.39056567724E-68 + 7.40485313644E-69 i   (half: 
-6.95282838619E-69)
  c_eta(0)[2] = -18.0000000000 + 6.42742584340E-69 i   (half: -9.00000000000)
  c_eta(0)[3] = -18.0000000000 + 6.42742584308E-69 i   (half: -9.00000000000)
  c_eta(0)[4] = -18.0000000000 + 6.42742584401E-69 i   (half: -9.00000000000)
  c_eta(0)[5] = -18.0000000000 + 6.42742584389E-69 i   (half: -9.00000000000)
FORM 13:
  c_eta(0)[1] (trivial) = 3.28915916309E-71 + -2.48970631978E-71 i   (half: 
1.64457958154E-71)
  c_eta(0)[2] = 6.00000000000 + -2.12540906550E-71 i   (half: 3.00000000000)
  c_eta(0)[3] = 6.00000000000 + -2.12540907119E-71 i   (half: 3.00000000000)
  c_eta(0)[4] = 6.00000000000 + -2.12540904948E-71 i   (half: 3.00000000000)
  c_eta(0)[5] = 6.00000000000 + -2.12540905272E-71 i   (half: 3.00000000000)
FORM 14:
  c_eta(0)[1] (trivial) = 9.94020484733E-71 + 3.74753143190E-71 i   (half: 
4.97010242366E-71)
  c_eta(0)[2] = 12.0000000000 + -1.56359830569E-71 i   (half: 6.00000000000)
  c_eta(0)[3] = 12.0000000000 + -1.56359831610E-71 i   (half: 6.00000000000)
  c_eta(0)[4] = 12.0000000000 + -1.56359826898E-71 i   (half: 6.00000000000)
  c_eta(0)[5] = 12.0000000000 + -1.56359827569E-71 i   (half: 6.00000000000)
FORM 15:
  c_eta(0)[1] (trivial) = -1.39159724469E-68 + 7.31487662908E-69 i   (half: 
-6.95798622343E-69)
  c_eta(0)[2] = -12.0000000000 + 6.39829919951E-69 i   (half: -6.00000000000)
  c_eta(0)[3] = -12.0000000000 + 6.39829919926E-69 i   (half: -6.00000000000)
  c_eta(0)[4] = -12.0000000000 + 6.39829920003E-69 i   (half: -6.00000000000)
  c_eta(0)[5] = -12.0000000000 + 6.39829919993E-69 i   (half: -6.00000000000)
