BASE 14 5  M = 140  ds = [ 1, 2, 4, 5, 7, 10, 14, 20, 28, 35, 70, 140 ]
#isotropic = 9 (2N-1 = 9)
#cosets = 288
#monomials = 192
a0 table built
FORM -2:
  c_eta(0)[1] (trivial) = -8.95351818001E-65 + 2.45311618834E-66 i   (half: 
-4.47675909001E-65)
  c_eta(0)[2] = 2.00000000000 + 2.96518269691E-66 i   (half: 1.00000000000)
  c_eta(0)[3] = 2.00000000000 + 2.96518269691E-66 i   (half: 1.00000000000)
  c_eta(0)[4] = 2.00000000000 + 2.96518269691E-66 i   (half: 1.00000000000)
  c_eta(0)[5] = 2.00000000000 + 2.96518269691E-66 i   (half: 1.00000000000)
  c_eta(0)[6] = 2.00000000000 + 2.96518269691E-66 i   (half: 1.00000000000)
  c_eta(0)[7] = 2.00000000000 + 2.96518269691E-66 i   (half: 1.00000000000)
  c_eta(0)[8] = 2.00000000000 + 2.96518269691E-66 i   (half: 1.00000000000)
  c_eta(0)[9] = 2.00000000000 + 2.96518269691E-66 i   (half: 1.00000000000)
FORM -1:
  c_eta(0)[1] (trivial) = -5.32585935196E-72 + 1.44892525687E-70 i   (half: 
-2.66292967598E-72)
  c_eta(0)[2] = 2.00000000000 + 9.39877748395E-71 i   (half: 1.00000000000)
  c_eta(0)[3] = 2.00000000000 + 9.39877748889E-71 i   (half: 1.00000000000)
  c_eta(0)[4] = 2.00000000000 + 9.39877748655E-71 i   (half: 1.00000000000)
  c_eta(0)[5] = 2.00000000000 + 9.39877749490E-71 i   (half: 1.00000000000)
  c_eta(0)[6] = 2.00000000000 + 9.39877749954E-71 i   (half: 1.00000000000)
  c_eta(0)[7] = 2.00000000000 + 9.39877750747E-71 i   (half: 1.00000000000)
  c_eta(0)[8] = 2.00000000000 + 9.39877750671E-71 i   (half: 1.00000000000)
  c_eta(0)[9] = 2.00000000000 + 9.39877750299E-71 i   (half: 1.00000000000)
FORM 9:
  c_eta(0)[1] (trivial) = 1.74380551044E-66 + -4.43111915568E-68 i   (half: 
8.71902755222E-67)
  c_eta(0)[2] = 10.0000000000 + 1.30623085797E-67 i   (half: 5.00000000000)
  c_eta(0)[3] = 10.0000000000 + 1.30623085797E-67 i   (half: 5.00000000000)
  c_eta(0)[4] = 10.0000000000 + 1.30623085797E-67 i   (half: 5.00000000000)
  c_eta(0)[5] = 10.0000000000 + 1.30623085797E-67 i   (half: 5.00000000000)
  c_eta(0)[6] = 10.0000000000 + 1.30623085797E-67 i   (half: 5.00000000000)
  c_eta(0)[7] = 10.0000000000 + 1.30623085797E-67 i   (half: 5.00000000000)
  c_eta(0)[8] = 10.0000000000 + 1.30623085797E-67 i   (half: 5.00000000000)
  c_eta(0)[9] = 10.0000000000 + 1.30623085797E-67 i   (half: 5.00000000000)
FORM 10:
  c_eta(0)[1] (trivial) = 3.04648160089E-69 + 6.10742803679E-70 i   (half: 
1.52324080044E-69)
  c_eta(0)[2] = 6.00000000000 + 5.17351137399E-71 i   (half: 3.00000000000)
  c_eta(0)[3] = 6.00000000000 + 5.17351138745E-71 i   (half: 3.00000000000)
  c_eta(0)[4] = 6.00000000000 + 5.17351138208E-71 i   (half: 3.00000000000)
  c_eta(0)[5] = 6.00000000000 + 5.17351139208E-71 i   (half: 3.00000000000)
  c_eta(0)[6] = 6.00000000000 + 5.17351139032E-71 i   (half: 3.00000000000)
  c_eta(0)[7] = 6.00000000000 + 5.17351140659E-71 i   (half: 3.00000000000)
  c_eta(0)[8] = 6.00000000000 + 5.17351140435E-71 i   (half: 3.00000000000)
  c_eta(0)[9] = 6.00000000000 + 5.17351139776E-71 i   (half: 3.00000000000)
FORM 11:
  c_eta(0)[1] (trivial) = 1.74328835290E-66 + -4.45546485349E-68 i   (half: 
8.71644176449E-67)
  c_eta(0)[2] = 8.00000000000 + 1.30829938664E-67 i   (half: 4.00000000000)
  c_eta(0)[3] = 8.00000000000 + 1.30829938664E-67 i   (half: 4.00000000000)
  c_eta(0)[4] = 8.00000000000 + 1.30829938664E-67 i   (half: 4.00000000000)
  c_eta(0)[5] = 8.00000000000 + 1.30829938664E-67 i   (half: 4.00000000000)
  c_eta(0)[6] = 8.00000000000 + 1.30829938664E-67 i   (half: 4.00000000000)
  c_eta(0)[7] = 8.00000000000 + 1.30829938665E-67 i   (half: 4.00000000000)
  c_eta(0)[8] = 8.00000000000 + 1.30829938664E-67 i   (half: 4.00000000000)
  c_eta(0)[9] = 8.00000000000 + 1.30829938664E-67 i   (half: 4.00000000000)
FORM 12:
  c_eta(0)[1] (trivial) = 1.74287160302E-66 + -4.42687881539E-68 i   (half: 
8.71435801508E-67)
  c_eta(0)[2] = 12.0000000000 + 1.30733760174E-67 i   (half: 6.00000000000)
  c_eta(0)[3] = 12.0000000000 + 1.30733760174E-67 i   (half: 6.00000000000)
  c_eta(0)[4] = 12.0000000000 + 1.30733760174E-67 i   (half: 6.00000000000)
  c_eta(0)[5] = 12.0000000000 + 1.30733760174E-67 i   (half: 6.00000000000)
  c_eta(0)[6] = 12.0000000000 + 1.30733760174E-67 i   (half: 6.00000000000)
  c_eta(0)[7] = 12.0000000000 + 1.30733760175E-67 i   (half: 6.00000000000)
  c_eta(0)[8] = 12.0000000000 + 1.30733760174E-67 i   (half: 6.00000000000)
  c_eta(0)[9] = 12.0000000000 + 1.30733760174E-67 i   (half: 6.00000000000)
FORM 13:
  c_eta(0)[1] (trivial) = -2.13689375048E-71 + 2.36008394237E-70 i   (half: 
-1.06844687524E-71)
  c_eta(0)[2] = 2.00000000000 + 1.53465588970E-70 i   (half: 1.00000000000)
  c_eta(0)[3] = 2.00000000000 + 1.53465589074E-70 i   (half: 1.00000000000)
  c_eta(0)[4] = 2.00000000000 + 1.53465589035E-70 i   (half: 1.00000000000)
  c_eta(0)[5] = 2.00000000000 + 1.53465589153E-70 i   (half: 1.00000000000)
  c_eta(0)[6] = 2.00000000000 + 1.53465589169E-70 i   (half: 1.00000000000)
  c_eta(0)[7] = 2.00000000000 + 1.53465589320E-70 i   (half: 1.00000000000)
  c_eta(0)[8] = 2.00000000000 + 1.53465589309E-70 i   (half: 1.00000000000)
  c_eta(0)[9] = 2.00000000000 + 1.53465589241E-70 i   (half: 1.00000000000)
FORM 14:
  c_eta(0)[1] (trivial) = 3.05823813407E-69 + 3.76650988048E-70 i   (half: 
1.52911906704E-69)
  c_eta(0)[2] = 4.00000000000 + -1.03594501687E-70 i   (half: 2.00000000000)
  c_eta(0)[3] = 4.00000000000 + -1.03594501657E-70 i   (half: 2.00000000000)
  c_eta(0)[4] = 4.00000000000 + -1.03594501672E-70 i   (half: 2.00000000000)
  c_eta(0)[5] = 4.00000000000 + -1.03594501690E-70 i   (half: 2.00000000000)
  c_eta(0)[6] = 4.00000000000 + -1.03594501723E-70 i   (half: 2.00000000000)
  c_eta(0)[7] = 4.00000000000 + -1.03594501712E-70 i   (half: 2.00000000000)
  c_eta(0)[8] = 4.00000000000 + -1.03594501723E-70 i   (half: 2.00000000000)
  c_eta(0)[9] = 4.00000000000 + -1.03594501721E-70 i   (half: 2.00000000000)
FORM 15:
  c_eta(0)[1] (trivial) = 1.74171711015E-66 + -4.49589104006E-68 i   (half: 
8.70858555077E-67)
  c_eta(0)[2] = 6.00000000000 + 1.30611501762E-67 i   (half: 3.00000000000)
  c_eta(0)[3] = 6.00000000000 + 1.30611501762E-67 i   (half: 3.00000000000)
  c_eta(0)[4] = 6.00000000000 + 1.30611501762E-67 i   (half: 3.00000000000)
  c_eta(0)[5] = 6.00000000000 + 1.30611501762E-67 i   (half: 3.00000000000)
  c_eta(0)[6] = 6.00000000000 + 1.30611501762E-67 i   (half: 3.00000000000)
  c_eta(0)[7] = 6.00000000000 + 1.30611501762E-67 i   (half: 3.00000000000)
  c_eta(0)[8] = 6.00000000000 + 1.30611501762E-67 i   (half: 3.00000000000)
  c_eta(0)[9] = 6.00000000000 + 1.30611501762E-67 i   (half: 3.00000000000)
