BASE 21 2  M = 84  ds = [ 1, 2, 3, 4, 6, 7, 12, 14, 21, 28, 42, 84 ]
#isotropic = 3 (2N-1 = 3)
#cosets = 192
#monomials = 101
a0 table built
FORM -2:
  c_eta(0)[1] (trivial) = -1.05455388248E-71 + 4.39471486741E-72 i   (half: 
-5.27276941240E-72)
  c_eta(0)[2] = 4.00000000000 + 2.90172245254E-72 i   (half: 2.00000000000)
  c_eta(0)[3] = 4.00000000000 + 2.90172215657E-72 i   (half: 2.00000000000)
FORM -1:
  c_eta(0)[1] (trivial) = -6.86224771687E-72 + -6.57625393544E-72 i   (half: 
-3.43112385843E-72)
  c_eta(0)[2] = 4.00000000000 + -3.74214940115E-72 i   (half: 2.00000000000)
  c_eta(0)[3] = 4.00000000000 + -3.74196394559E-72 i   (half: 2.00000000000)
FORM 9:
  c_eta(0)[1] (trivial) = -9.61232706763E-72 + 4.99352815392E-72 i   (half: 
-4.80616353382E-72)
  c_eta(0)[2] = 8.00000000000 + 3.58273582530E-72 i   (half: 4.00000000000)
  c_eta(0)[3] = 8.00000000000 + 3.58273547606E-72 i   (half: 4.00000000000)
FORM 10:
  c_eta(0)[1] (trivial) = -6.86224771687E-72 + -6.57625393544E-72 i   (half: 
-3.43112385843E-72)
  c_eta(0)[2] = 4.00000000000 + -3.74214940115E-72 i   (half: 2.00000000000)
  c_eta(0)[3] = 4.00000000000 + -3.74196394559E-72 i   (half: 2.00000000000)
FORM 11:
  c_eta(0)[1] (trivial) = -1.05455388248E-71 + 4.39471486741E-72 i   (half: 
-5.27276941240E-72)
  c_eta(0)[2] = 4.00000000000 + 2.90172245254E-72 i   (half: 2.00000000000)
  c_eta(0)[3] = 4.00000000000 + 2.90172215657E-72 i   (half: 2.00000000000)
FORM 12:
  c_eta(0)[1] (trivial) = -8.54871446169E-72 + 5.77225461080E-72 i   (half: 
-4.27435723085E-72)
  c_eta(0)[2] = 4.00000000000 + 4.37100088884E-72 i   (half: 2.00000000000)
  c_eta(0)[3] = 4.00000000000 + 4.37100045808E-72 i   (half: 2.00000000000)
FORM 13:
  c_eta(0)[1] (trivial) = -1.47703783567E-74 + -3.76076459323E-74 i   (half: 
-7.38518917836E-75)
  c_eta(0)[2] = -8.00000000000 + -2.60871182525E-74 i   (half: -4.00000000000)
  c_eta(0)[3] = -8.00000000000 + -2.60869148997E-74 i   (half: -4.00000000000)
FORM 14:
  c_eta(0)[1] (trivial) = -2.28744914588E-73 + -3.03057771815E-73 i   (half: 
-1.14372457294E-73)
  c_eta(0)[2] = -8.00000000000 + -2.06100148569E-73 i   (half: -4.00000000000)
  c_eta(0)[3] = -8.00000000000 + -2.06100184746E-73 i   (half: -4.00000000000)
FORM 15:
  c_eta(0)[1] (trivial) = -9.54349015845E-72 + 5.19232204499E-72 i   (half: 
-4.77174507922E-72)
  c_eta(0)[2] = 3.23052806263E-72 + 3.70886823676E-72 i   (half: 
1.61526403132E-72)
  c_eta(0)[3] = 3.23052819245E-72 + 3.70886785929E-72 i   (half: 
1.61526409623E-72)
