BASE 14 1  M = 28  ds = [ 1, 2, 4, 7, 14, 28 ]
|D| = 392  i0 = 1
#isotropic = 1, tracking coset index 1
level(Dbar) = 28 (verified)
p = 2: |J_p| = 8
p = 7: |J_p| = 49
sign(Dbar) = 1 mod 8 (2-part 5)
Jordan basis J_2: [ 2, 15, 212 ]  Q*4: [ 3, 3, 3 ]  x_c = 197
#cosets = 48
AZERO wi=2 rhov(FFT) = 0.0357142857142857142857142857143 + 
0.0357142857142857142857142857143 i
rhov done (closed form, 5 YTab keys)
#E's after external pool = 8
EPOOL 1 [ -6, 15, -6, 0, 0, 0 ]
EPOOL 2 [ -2, 5, -2, -4, 10, -4 ]
EPOOL 3 [ -1, 2, 0, -3, 7, -2 ]
EPOOL 4 [ 0, -1, 2, -2, 4, 0 ]
EPOOL 5 [ 0, 2, -1, -2, 7, -3 ]
EPOOL 6 [ 1, -1, 1, -1, 4, -1 ]
EPOOL 7 [ 1, 1, 1, -1, 2, -1 ]
EPOOL 8 [ 2, -1, 0, 0, 4, -2 ]
E constant table built
EMAT 1 1 28 1.0000000000000000000000000000000000000000000000000 
3.0254789281226485246616974269225789343060234683262E-81
EMAT 1 2 1 -0.25000000000000000000000000000000000000000000000000 
-0.25000000000000000000000000000000000000000000000000
EMAT 1 3 1 -0.25000000000000000000000000000000000000000000000000 
-0.25000000000000000000000000000000000000000000000000
EMAT 1 4 1 -0.25000000000000000000000000000000000000000000000000 
-0.25000000000000000000000000000000000000000000000000
EMAT 1 5 1 -0.25000000000000000000000000000000000000000000000000 
-0.25000000000000000000000000000000000000000000000000
EMAT 1 6 1 -0.25000000000000000000000000000000000000000000000000 
-0.25000000000000000000000000000000000000000000000000
EMAT 1 7 1 -0.25000000000000000000000000000000000000000000000000 
-0.25000000000000000000000000000000000000000000000000
EMAT 1 8 1 -0.25000000000000000000000000000000000000000000000000 
-0.25000000000000000000000000000000000000000000000000
EMAT 1 9 1 -0.25000000000000000000000000000000000000000000000000 
-0.25000000000000000000000000000000000000000000000000
EMAT 1 10 1 -0.25000000000000000000000000000000000000000000000000 
-0.25000000000000000000000000000000000000000000000000
EMAT 1 11 1 -0.25000000000000000000000000000000000000000000000000 
-0.25000000000000000000000000000000000000000000000000
EMAT 1 12 1 -0.25000000000000000000000000000000000000000000000000 
-0.25000000000000000000000000000000000000000000000000
EMAT 1 13 1 -0.25000000000000000000000000000000000000000000000000 
-0.25000000000000000000000000000000000000000000000000
EMAT 1 14 1 -0.25000000000000000000000000000000000000000000000000 
-0.25000000000000000000000000000000000000000000000000
EMAT 1 15 1 -0.25000000000000000000000000000000000000000000000000 
-0.25000000000000000000000000000000000000000000000000
EMAT 1 16 1 -0.25000000000000000000000000000000000000000000000000 
-0.25000000000000000000000000000000000000000000000000
EMAT 1 17 1 -0.25000000000000000000000000000000000000000000000000 
-0.25000000000000000000000000000000000000000000000000
EMAT 1 18 1 -0.25000000000000000000000000000000000000000000000000 
-0.25000000000000000000000000000000000000000000000000
EMAT 1 19 1 -0.25000000000000000000000000000000000000000000000000 
-0.25000000000000000000000000000000000000000000000000
EMAT 1 20 1 -0.25000000000000000000000000000000000000000000000000 
-0.25000000000000000000000000000000000000000000000000
EMAT 1 21 1 -0.25000000000000000000000000000000000000000000000000 
-0.25000000000000000000000000000000000000000000000000
EMAT 1 22 1 -0.25000000000000000000000000000000000000000000000000 
-0.25000000000000000000000000000000000000000000000000
EMAT 1 23 1 -0.25000000000000000000000000000000000000000000000000 
-0.25000000000000000000000000000000000000000000000000
EMAT 1 24 1 -0.25000000000000000000000000000000000000000000000000 
-0.25000000000000000000000000000000000000000000000000
EMAT 1 25 1 -0.25000000000000000000000000000000000000000000000000 
-0.25000000000000000000000000000000000000000000000000
EMAT 1 26 1 -0.25000000000000000000000000000000000000000000000000 
-0.25000000000000000000000000000000000000000000000000
EMAT 1 27 1 -0.25000000000000000000000000000000000000000000000000 
-0.25000000000000000000000000000000000000000000000000
EMAT 1 28 1 -0.25000000000000000000000000000000000000000000000000 
-0.25000000000000000000000000000000000000000000000000
EMAT 1 29 1 -0.25000000000000000000000000000000000000000000000000 
-0.25000000000000000000000000000000000000000000000000
EMAT 1 37 4 -1.0000000000000000000000000000000000000000000000000 
-2.5420318090404507421045177498860150855135115990299E-79
EMAT 1 38 4 -2.2151662216175089844506945473931108450001570161052E-79 
1.0000000000000000000000000000000000000000000000000
EMAT 1 39 4 -1.0000000000000000000000000000000000000000000000000 
4.7694323239643019441418014388099428096679953206338E-79
EMAT 1 40 4 5.1087099201157188111427094602184581772237183886701E-78 
1.0000000000000000000000000000000000000000000000000
EMAT 1 41 4 -1.0000000000000000000000000000000000000000000000000 
-5.9621874225165475031076738668039536136945927388958E-79
EMAT 1 42 4 -5.9462968772402019795568392707043579156855823679915E-78 
1.0000000000000000000000000000000000000000000000000
EMAT 1 43 4 -1.0000000000000000000000000000000000000000000000000 
-1.4773814255419116819198645703322697510130248507974E-78
EMAT 1 44 7 0.25000000000000000000000000000000000000000000000000 
-0.25000000000000000000000000000000000000000000000000
EMAT 1 45 7 0.25000000000000000000000000000000000000000000000000 
-0.25000000000000000000000000000000000000000000000000
EMAT 1 46 7 0.25000000000000000000000000000000000000000000000000 
-0.25000000000000000000000000000000000000000000000000
EMAT 1 47 7 0.25000000000000000000000000000000000000000000000000 
-0.25000000000000000000000000000000000000000000000000
EMAT 2 1 28 1.0000000000000000000000000000000000000000000000000 
-8.3476725764832534403018722420332381774955615928820E-80
EMAT 2 2 1 -0.035714285714285714285714285714285714285714285714286 
-0.035714285714285714285714285714285714285714285714286
EMAT 2 3 1 -0.035714285714285714285714285714285714285714285714286 
-0.035714285714285714285714285714285714285714285714286
EMAT 2 4 1 -0.035714285714285714285714285714285714285714285714286 
-0.035714285714285714285714285714285714285714285714286
EMAT 2 5 1 -0.035714285714285714285714285714285714285714285714286 
-0.035714285714285714285714285714285714285714285714286
EMAT 2 6 1 -0.035714285714285714285714285714285714285714285714286 
-0.035714285714285714285714285714285714285714285714286
EMAT 2 7 1 -0.035714285714285714285714285714285714285714285714286 
-0.035714285714285714285714285714285714285714285714286
EMAT 2 8 1 -0.035714285714285714285714285714285714285714285714286 
-0.035714285714285714285714285714285714285714285714286
EMAT 2 9 1 -0.035714285714285714285714285714285714285714285714286 
-0.035714285714285714285714285714285714285714285714286
EMAT 2 10 1 -0.035714285714285714285714285714285714285714285714286 
-0.035714285714285714285714285714285714285714285714286
EMAT 2 11 1 -0.035714285714285714285714285714285714285714285714286 
-0.035714285714285714285714285714285714285714285714286
EMAT 2 12 1 -0.035714285714285714285714285714285714285714285714286 
-0.035714285714285714285714285714285714285714285714286
EMAT 2 13 1 -0.035714285714285714285714285714285714285714285714286 
-0.035714285714285714285714285714285714285714285714286
EMAT 2 14 1 -0.035714285714285714285714285714285714285714285714286 
-0.035714285714285714285714285714285714285714285714286
EMAT 2 15 1 -0.035714285714285714285714285714285714285714285714286 
-0.035714285714285714285714285714285714285714285714286
EMAT 2 16 1 -0.035714285714285714285714285714285714285714285714286 
-0.035714285714285714285714285714285714285714285714286
EMAT 2 17 1 -0.035714285714285714285714285714285714285714285714286 
-0.035714285714285714285714285714285714285714285714286
EMAT 2 18 1 -0.035714285714285714285714285714285714285714285714286 
-0.035714285714285714285714285714285714285714285714286
EMAT 2 19 1 -0.035714285714285714285714285714285714285714285714286 
-0.035714285714285714285714285714285714285714285714286
EMAT 2 20 1 -0.035714285714285714285714285714285714285714285714286 
-0.035714285714285714285714285714285714285714285714286
EMAT 2 21 1 -0.035714285714285714285714285714285714285714285714286 
-0.035714285714285714285714285714285714285714285714286
EMAT 2 22 1 -0.035714285714285714285714285714285714285714285714286 
-0.035714285714285714285714285714285714285714285714286
EMAT 2 23 1 -0.035714285714285714285714285714285714285714285714286 
-0.035714285714285714285714285714285714285714285714286
EMAT 2 24 1 -0.035714285714285714285714285714285714285714285714286 
-0.035714285714285714285714285714285714285714285714286
EMAT 2 25 1 -0.035714285714285714285714285714285714285714285714286 
-0.035714285714285714285714285714285714285714285714286
EMAT 2 26 1 -0.035714285714285714285714285714285714285714285714286 
-0.035714285714285714285714285714285714285714285714286
EMAT 2 27 1 -0.035714285714285714285714285714285714285714285714286 
-0.035714285714285714285714285714285714285714285714286
EMAT 2 28 1 -0.035714285714285714285714285714285714285714285714286 
-0.035714285714285714285714285714285714285714285714286
EMAT 2 29 1 -0.035714285714285714285714285714285714285714285714286 
-0.035714285714285714285714285714285714285714285714286
EMAT 2 37 4 0.14285714285714285714285714285714285714285714285714 
2.6367706754451602456096218266260762524419572476540E-81
EMAT 2 38 4 4.8724191980577988214595188474323729901712394865961E-80 
-0.14285714285714285714285714285714285714285714285714
EMAT 2 39 4 0.14285714285714285714285714285714285714285714285714 
-5.8020987622121884912050812013573639555779505058860E-80
EMAT 2 40 4 -3.1312445395477866888429502450834345822622482445731E-79 
-0.14285714285714285714285714285714285714285714285714
EMAT 2 41 4 0.14285714285714285714285714285714285714285714285714 
3.9223507350648918672066153088528810006035127393772E-80
EMAT 2 42 4 3.0119988898906857898340519134010796841295585075808E-79 
-0.14285714285714285714285714285714285714285714285714
EMAT 2 43 4 0.14285714285714285714285714285714285714285714285714 
1.6811504275224539952052772689402860037874869865710E-79
EMAT 2 44 7 -0.25000000000000000000000000000000000000000000000000 
0.25000000000000000000000000000000000000000000000000
EMAT 2 45 7 -0.25000000000000000000000000000000000000000000000000 
0.25000000000000000000000000000000000000000000000000
EMAT 2 46 7 -0.25000000000000000000000000000000000000000000000000 
0.25000000000000000000000000000000000000000000000000
EMAT 2 47 7 -0.25000000000000000000000000000000000000000000000000 
0.25000000000000000000000000000000000000000000000000
EMAT 3 2 1 -0.017857142857142857142857142857142857142857142857143 
-0.017857142857142857142857142857142857142857142857143
EMAT 3 3 1 -0.017857142857142857142857142857142857142857142857143 
-0.017857142857142857142857142857142857142857142857143
EMAT 3 4 1 -0.017857142857142857142857142857142857142857142857143 
-0.017857142857142857142857142857142857142857142857143
EMAT 3 5 1 -0.017857142857142857142857142857142857142857142857143 
-0.017857142857142857142857142857142857142857142857143
EMAT 3 6 1 -0.017857142857142857142857142857142857142857142857143 
-0.017857142857142857142857142857142857142857142857143
EMAT 3 7 1 -0.017857142857142857142857142857142857142857142857143 
-0.017857142857142857142857142857142857142857142857143
EMAT 3 8 1 -0.017857142857142857142857142857142857142857142857143 
-0.017857142857142857142857142857142857142857142857143
EMAT 3 9 1 -0.017857142857142857142857142857142857142857142857143 
-0.017857142857142857142857142857142857142857142857143
EMAT 3 10 1 -0.017857142857142857142857142857142857142857142857143 
-0.017857142857142857142857142857142857142857142857143
EMAT 3 11 1 -0.017857142857142857142857142857142857142857142857143 
-0.017857142857142857142857142857142857142857142857143
EMAT 3 12 1 -0.017857142857142857142857142857142857142857142857143 
-0.017857142857142857142857142857142857142857142857143
EMAT 3 13 1 -0.017857142857142857142857142857142857142857142857143 
-0.017857142857142857142857142857142857142857142857143
EMAT 3 14 1 -0.017857142857142857142857142857142857142857142857143 
-0.017857142857142857142857142857142857142857142857143
EMAT 3 15 1 -0.017857142857142857142857142857142857142857142857143 
-0.017857142857142857142857142857142857142857142857143
EMAT 3 16 1 -0.017857142857142857142857142857142857142857142857143 
-0.017857142857142857142857142857142857142857142857143
EMAT 3 17 1 -0.017857142857142857142857142857142857142857142857143 
-0.017857142857142857142857142857142857142857142857143
EMAT 3 18 1 -0.017857142857142857142857142857142857142857142857143 
-0.017857142857142857142857142857142857142857142857143
EMAT 3 19 1 -0.017857142857142857142857142857142857142857142857143 
-0.017857142857142857142857142857142857142857142857143
EMAT 3 20 1 -0.017857142857142857142857142857142857142857142857143 
-0.017857142857142857142857142857142857142857142857143
EMAT 3 21 1 -0.017857142857142857142857142857142857142857142857143 
-0.017857142857142857142857142857142857142857142857143
EMAT 3 22 1 -0.017857142857142857142857142857142857142857142857143 
-0.017857142857142857142857142857142857142857142857143
EMAT 3 23 1 -0.017857142857142857142857142857142857142857142857143 
-0.017857142857142857142857142857142857142857142857143
EMAT 3 24 1 -0.017857142857142857142857142857142857142857142857143 
-0.017857142857142857142857142857142857142857142857143
EMAT 3 25 1 -0.017857142857142857142857142857142857142857142857143 
-0.017857142857142857142857142857142857142857142857143
EMAT 3 26 1 -0.017857142857142857142857142857142857142857142857143 
-0.017857142857142857142857142857142857142857142857143
EMAT 3 27 1 -0.017857142857142857142857142857142857142857142857143 
-0.017857142857142857142857142857142857142857142857143
EMAT 3 28 1 -0.017857142857142857142857142857142857142857142857143 
-0.017857142857142857142857142857142857142857142857143
EMAT 3 29 1 -0.017857142857142857142857142857142857142857142857143 
-0.017857142857142857142857142857142857142857142857143
EMAT 3 44 7 -0.12500000000000000000000000000000000000000000000000 
0.12500000000000000000000000000000000000000000000000
EMAT 3 45 7 -0.12500000000000000000000000000000000000000000000000 
0.12500000000000000000000000000000000000000000000000
EMAT 3 46 7 -0.12500000000000000000000000000000000000000000000000 
0.12500000000000000000000000000000000000000000000000
EMAT 3 47 7 -0.12500000000000000000000000000000000000000000000000 
0.12500000000000000000000000000000000000000000000000
EMAT 4 2 1 -0.0089285714285714285714285714285714285714285714285714 
-0.0089285714285714285714285714285714285714285714285714
EMAT 4 3 1 -0.0089285714285714285714285714285714285714285714285714 
-0.0089285714285714285714285714285714285714285714285714
EMAT 4 4 1 -0.0089285714285714285714285714285714285714285714285714 
-0.0089285714285714285714285714285714285714285714285714
EMAT 4 5 1 -0.0089285714285714285714285714285714285714285714285714 
-0.0089285714285714285714285714285714285714285714285714
EMAT 4 6 1 -0.0089285714285714285714285714285714285714285714285714 
-0.0089285714285714285714285714285714285714285714285714
EMAT 4 7 1 -0.0089285714285714285714285714285714285714285714285714 
-0.0089285714285714285714285714285714285714285714285714
EMAT 4 8 1 -0.0089285714285714285714285714285714285714285714285714 
-0.0089285714285714285714285714285714285714285714285714
EMAT 4 9 1 -0.0089285714285714285714285714285714285714285714285714 
-0.0089285714285714285714285714285714285714285714285714
EMAT 4 10 1 -0.0089285714285714285714285714285714285714285714285714 
-0.0089285714285714285714285714285714285714285714285714
EMAT 4 11 1 -0.0089285714285714285714285714285714285714285714285714 
-0.0089285714285714285714285714285714285714285714285714
EMAT 4 12 1 -0.0089285714285714285714285714285714285714285714285714 
-0.0089285714285714285714285714285714285714285714285714
EMAT 4 13 1 -0.0089285714285714285714285714285714285714285714285714 
-0.0089285714285714285714285714285714285714285714285714
EMAT 4 14 1 -0.0089285714285714285714285714285714285714285714285714 
-0.0089285714285714285714285714285714285714285714285714
EMAT 4 15 1 -0.0089285714285714285714285714285714285714285714285714 
-0.0089285714285714285714285714285714285714285714285714
EMAT 4 16 1 -0.0089285714285714285714285714285714285714285714285714 
-0.0089285714285714285714285714285714285714285714285714
EMAT 4 17 1 -0.0089285714285714285714285714285714285714285714285714 
-0.0089285714285714285714285714285714285714285714285714
EMAT 4 18 1 -0.0089285714285714285714285714285714285714285714285714 
-0.0089285714285714285714285714285714285714285714285714
EMAT 4 19 1 -0.0089285714285714285714285714285714285714285714285714 
-0.0089285714285714285714285714285714285714285714285714
EMAT 4 20 1 -0.0089285714285714285714285714285714285714285714285714 
-0.0089285714285714285714285714285714285714285714285714
EMAT 4 21 1 -0.0089285714285714285714285714285714285714285714285714 
-0.0089285714285714285714285714285714285714285714285714
EMAT 4 22 1 -0.0089285714285714285714285714285714285714285714285714 
-0.0089285714285714285714285714285714285714285714285714
EMAT 4 23 1 -0.0089285714285714285714285714285714285714285714285714 
-0.0089285714285714285714285714285714285714285714285714
EMAT 4 24 1 -0.0089285714285714285714285714285714285714285714285714 
-0.0089285714285714285714285714285714285714285714285714
EMAT 4 25 1 -0.0089285714285714285714285714285714285714285714285714 
-0.0089285714285714285714285714285714285714285714285714
EMAT 4 26 1 -0.0089285714285714285714285714285714285714285714285714 
-0.0089285714285714285714285714285714285714285714285714
EMAT 4 27 1 -0.0089285714285714285714285714285714285714285714285714 
-0.0089285714285714285714285714285714285714285714285714
EMAT 4 28 1 -0.0089285714285714285714285714285714285714285714285714 
-0.0089285714285714285714285714285714285714285714285714
EMAT 4 29 1 -0.0089285714285714285714285714285714285714285714285714 
-0.0089285714285714285714285714285714285714285714285714
EMAT 4 44 7 -0.062500000000000000000000000000000000000000000000000 
0.062500000000000000000000000000000000000000000000000
EMAT 4 45 7 -0.062500000000000000000000000000000000000000000000000 
0.062500000000000000000000000000000000000000000000000
EMAT 4 46 7 -0.062500000000000000000000000000000000000000000000000 
0.062500000000000000000000000000000000000000000000000
EMAT 4 47 7 -0.062500000000000000000000000000000000000000000000000 
0.062500000000000000000000000000000000000000000000000
EMAT 5 1 28 1.0000000000000000000000000000000000000000000000000 
-4.2780821262099608250996219407291820399586937010565E-80
EMAT 5 37 4 0.14285714285714285714285714285714285714285714285714 
4.5965760655379627144149188170075957566083385048182E-81
EMAT 5 38 4 1.7557276984888666857838874030442857445577411780417E-80 
-0.14285714285714285714285714285714285714285714285714
EMAT 5 39 4 0.14285714285714285714285714285714285714285714285714 
-3.6538632922242371197716259450926931479192726568016E-80
EMAT 5 40 4 -1.1591088612004730690368493555836125164678780282423E-79 
-0.14285714285714285714285714285714285714285714285714
EMAT 5 41 4 0.14285714285714285714285714285714285714285714285714 
2.5460972442913773404714288373989991336342587773659E-80
EMAT 5 42 4 1.2269311083444035749155229346603500383508952098353E-79 
-0.14285714285714285714285714285714285714285714285714
EMAT 5 43 4 0.14285714285714285714285714285714285714285714285714 
9.5678350449584405582779738955676884214208140563995E-80
EMAT 7 1 28 1.0000000000000000000000000000000000000000000000000 
-1.4378805058708162078165234795547323236882525421052E-80
EMAT 7 44 7 0.25000000000000000000000000000000000000000000000000 
-0.25000000000000000000000000000000000000000000000000
EMAT 7 45 7 0.25000000000000000000000000000000000000000000000000 
-0.25000000000000000000000000000000000000000000000000
EMAT 7 46 7 0.25000000000000000000000000000000000000000000000000 
-0.25000000000000000000000000000000000000000000000000
EMAT 7 47 7 0.25000000000000000000000000000000000000000000000000 
-0.25000000000000000000000000000000000000000000000000
EMAT 8 1 28 1.0000000000000000000000000000000000000000000000000 
-2.5082098934216642753113847223753254299441983498172E-80
EMAT 8 37 4 0.14285714285714285714285714285714285714285714285714 
5.3129723560573393991469877317615217894900130780375E-81
EMAT 8 38 4 -1.6053062440424900937381109103707532840765022110284E-80 
-0.14285714285714285714285714285714285714285714285714
EMAT 8 39 4 0.14285714285714285714285714285714285714285714285714 
-1.7062093931137903919242130133717322544772200581409E-80
EMAT 8 40 4 8.4252229131413137212830104524962050018268759159906E-80 
-0.14285714285714285714285714285714285714285714285714
EMAT 8 41 4 0.14285714285714285714285714285714285714285714285714 
1.2416654631900225641001835435136096547283109150922E-80
EMAT 8 42 4 -5.8190705747652290171268331583671078185969415978855E-80 
-0.14285714285714285714285714285714285714285714285714
EMAT 8 43 4 0.14285714285714285714285714285714285714285714285714 
2.4118006432138146269641569975427066532910833008465E-80
RHOV 1 28 1.0000000000000000000000000000000000000000000000000 
0.00000000000000000000000000000000000000000000000000
RHOV 2 1 0.035714285714285714285714285714285714285714285714286 
0.035714285714285714285714285714285714285714285714286
RHOV 3 1 0.035714285714285714285714285714285714285714285714286 
0.035714285714285714285714285714285714285714285714286
RHOV 4 1 0.035714285714285714285714285714285714285714285714286 
0.035714285714285714285714285714285714285714285714286
RHOV 5 1 0.035714285714285714285714285714285714285714285714286 
0.035714285714285714285714285714285714285714285714286
RHOV 6 1 0.035714285714285714285714285714285714285714285714286 
0.035714285714285714285714285714285714285714285714286
RHOV 7 1 0.035714285714285714285714285714285714285714285714286 
0.035714285714285714285714285714285714285714285714286
RHOV 8 1 0.035714285714285714285714285714285714285714285714286 
0.035714285714285714285714285714285714285714285714286
RHOV 9 1 0.035714285714285714285714285714285714285714285714286 
0.035714285714285714285714285714285714285714285714286
RHOV 10 1 0.035714285714285714285714285714285714285714285714286 
0.035714285714285714285714285714285714285714285714286
RHOV 11 1 0.035714285714285714285714285714285714285714285714286 
0.035714285714285714285714285714285714285714285714286
RHOV 12 1 0.035714285714285714285714285714285714285714285714286 
0.035714285714285714285714285714285714285714285714286
RHOV 13 1 0.035714285714285714285714285714285714285714285714286 
0.035714285714285714285714285714285714285714285714286
RHOV 14 1 0.035714285714285714285714285714285714285714285714286 
0.035714285714285714285714285714285714285714285714286
RHOV 15 1 0.035714285714285714285714285714285714285714285714286 
0.035714285714285714285714285714285714285714285714286
RHOV 16 1 0.035714285714285714285714285714285714285714285714286 
0.035714285714285714285714285714285714285714285714286
RHOV 17 1 0.035714285714285714285714285714285714285714285714286 
0.035714285714285714285714285714285714285714285714286
RHOV 18 1 0.035714285714285714285714285714285714285714285714286 
0.035714285714285714285714285714285714285714285714286
RHOV 19 1 0.035714285714285714285714285714285714285714285714286 
0.035714285714285714285714285714285714285714285714286
RHOV 20 1 0.035714285714285714285714285714285714285714285714286 
0.035714285714285714285714285714285714285714285714286
RHOV 21 1 0.035714285714285714285714285714285714285714285714286 
0.035714285714285714285714285714285714285714285714286
RHOV 22 1 0.035714285714285714285714285714285714285714285714286 
0.035714285714285714285714285714285714285714285714286
RHOV 23 1 0.035714285714285714285714285714285714285714285714286 
0.035714285714285714285714285714285714285714285714286
RHOV 24 1 0.035714285714285714285714285714285714285714285714286 
0.035714285714285714285714285714285714285714285714286
RHOV 25 1 0.035714285714285714285714285714285714285714285714286 
0.035714285714285714285714285714285714285714285714286
RHOV 26 1 0.035714285714285714285714285714285714285714285714286 
0.035714285714285714285714285714285714285714285714286
RHOV 27 1 0.035714285714285714285714285714285714285714285714286 
0.035714285714285714285714285714285714285714285714286
RHOV 28 1 0.035714285714285714285714285714285714285714285714286 
0.035714285714285714285714285714285714285714285714286
RHOV 29 1 0.035714285714285714285714285714285714285714285714286 
0.035714285714285714285714285714285714285714285714286
RHOV 37 4 0.14285714285714285714285714285714285714285714285714 
3.9876961031663894259053644034597845782725054480656E-81
RHOV 38 4 8.2861087879678711981811994138073755261856849867611E-81 
-0.14285714285714285714285714285714285714285714285714
RHOV 39 4 0.14285714285714285714285714285714285714285714285714 
-6.6926404805664609254946438410244968542850648594458E-81
RHOV 40 4 1.6882934157570834742732869434502557422012044064152E-80 
-0.14285714285714285714285714285714285714285714285714
RHOV 41 4 0.14285714285714285714285714285714285714285714285714 
1.9041848890365026190570261796706850415412942179453E-81
RHOV 42 4 -1.3074564379497829504618817075161187338929455628262E-80 
-0.14285714285714285714285714285714285714285714285714
RHOV 43 4 0.14285714285714285714285714285714285714285714285714 
4.9055334165311093955512052730724793594135512065141E-80
RHOV 44 7 0.25000000000000000000000000000000000000000000000000 
-0.25000000000000000000000000000000000000000000000000
RHOV 45 7 0.25000000000000000000000000000000000000000000000000 
-0.25000000000000000000000000000000000000000000000000
RHOV 46 7 0.25000000000000000000000000000000000000000000000000 
-0.25000000000000000000000000000000000000000000000000
RHOV 47 7 0.25000000000000000000000000000000000000000000000000 
-0.25000000000000000000000000000000000000000000000000
SOLVE resid = 2.627815542E-44  (|rho| = 1.309307341)
RHO IS IN THE SPAN: E* found
BETA 1 -0.0883308345827086456771614192904 -5.14459614849232774769384977254E-39  
r=[ -6, 15, -6, 0, 0, 0 ]
BETA 2 -0.219265367316341829085457271364 -3.61628967814434072307681017247E-37  
r=[ -2, 5, -2, -4, 10, -4 ]
BETA 3 -0.259870064967516241879060469765 5.20266674359455453511270489465E-37  
r=[ -1, 2, 0, -3, 7, -2 ]
BETA 4 -0.129935032483758120939530234883 5.50031214696610559143610883689E-37  
r=[ 0, -1, 2, -2, 4, 0 ]
BETA 5 0.300474762618690654672663668166 4.82414159128528770323043001539E-38  r=[
0, 2, -1, -2, 7, -3 ]
BETA 7 0.706646676661669165417291354323 4.11567691879386219815507981804E-38  r=[
1, 1, 1, -1, 2, -1 ]
BETA 8 0.300474762618690654672663668166 2.77375378862134901041519768685E-37  r=[
2, -1, 0, 0, 4, -2 ]
oo-coset index 1
ESTAR oo-expansion (exponent grid q^(n/24)):
ECOEF 0/24 1.00000000000000000000000000000 2.75414921266897419236106497089E-80
ECOEF 24/24 -2.53598200899550224887556221889 
-8.29766365072575081654844979214E-37
ECOEF 48/24 -3.46401799100449775112443778111 8.29766365072575081654844979214E-37
ECOEF 96/24 -1.46401799100449775112443778111 8.29766365072575081654844979214E-37
ECOEF 168/24 -0.535982008995502248875562218891 
-8.29766365072575081654844979214E-37
ECOEF 192/24 -4.53598200899550224887556221889 
-8.29766365072575081654844979214E-37
ECOEF 216/24 -9.46401799100449775112443778110 
8.29766365072575081654844979214E-37
ECOEF 264/24 -8.00000000000000000000000000000 
1.12274408095405072339312313646E-78
ECOEF 336/24 -8.53598200899550224887556221890 
-8.29766365072575081654844979214E-37
ECOEF 360/24 1.07196401799100449775112443778 1.65953273014515016330968995843E-36
ECOEF 384/24 -2.53598200899550224887556221889 
-8.29766365072575081654844979214E-37
ECOEF 432/24 -13.6079460269865067466266866567 
-2.48929909521772524496453493764E-36
ECOEF 504/24 -6.92803598200899550224887556222 
1.65953273014515016330968995843E-36
ECOEF 528/24 -6.92803598200899550224887556222 
1.65953273014515016330968995843E-36
ECOEF 600/24 -9.46401799100449775112443778110 
8.29766365072575081654844979214E-37
ECOEF 672/24 0.535982008995502248875562218891 
8.29766365072575081654844979214E-37
ECOEF 696/24 -24.0000000000000000000000000000 
2.95023409441306192433394844825E-78
ECOEF 720/24 -17.0719640179910044977511244378 
-1.65953273014515016330968995843E-36
ECOEF 768/24 -3.46401799100449775112443778111 
8.29766365072575081654844979214E-37
ECOEF 840/24 -8.00000000000000000000000000000 
1.81655248309290953309556366621E-78
ECOEF 864/24 -10.5359820089955022488755622189 
-8.29766365072575081654844979214E-37
ECOEF 888/24 -10.1439280359820089955022488756 
-3.31906546029030032661937991686E-36
ECOEF 936/24 -1.07196401799100449775112443778 
-1.65953273014515016330968995843E-36
DONE
