BASE 10 1  M = 20  ds = [ 1, 2, 4, 5, 10, 20 ]
|D| = 200  i0 = 1
#isotropic = 1, tracking coset index 1
level(Dbar) = 20 (verified)
p = 2: |J_p| = 8
p = 5: |J_p| = 25
sign(Dbar) = 1 mod 8 (2-part 5)
Jordan basis J_2: [ 12, 102, 112 ]  Q*4: [ 3, 3, 3 ]  x_c = 2
#cosets = 36
AZERO wi=2 rhov(FFT) = 0.0500000000000000000000000000000 + 
0.0500000000000000000000000000000 i
rhov done (closed form, 5 YTab keys)
#E's after external pool = 10
EPOOL 1 [ -6, 15, -6, 0, 0, 0 ]
EPOOL 2 [ -3, 7, -3, 1, 0, 1 ]
EPOOL 3 [ -2, 5, -2, -4, 10, -4 ]
EPOOL 4 [ -1, 0, 4, -1, 3, -2 ]
EPOOL 5 [ -1, 1, 1, -1, 6, -3 ]
EPOOL 6 [ -1, 2, 0, -1, 1, 2 ]
EPOOL 7 [ -1, 5, -1, -1, 2, -1 ]
EPOOL 8 [ 0, 2, -1, 2, 1, -1 ]
EPOOL 9 [ 1, 1, -1, -3, 6, -1 ]
EPOOL 10 [ 4, 0, -1, -2, 3, -1 ]
  E 10/10 done
E constant table built
EMAT 1 1 20 1.0000000000000000000000000000000000000000000000000 
3.0254789281226485246616974269225789343060234683262E-81
EMAT 1 2 1 -0.25000000000000000000000000000000000000000000000000 
-0.25000000000000000000000000000000000000000000000000
EMAT 1 3 1 -0.25000000000000000000000000000000000000000000000000 
-0.25000000000000000000000000000000000000000000000000
EMAT 1 4 1 -0.25000000000000000000000000000000000000000000000000 
-0.25000000000000000000000000000000000000000000000000
EMAT 1 5 1 -0.25000000000000000000000000000000000000000000000000 
-0.25000000000000000000000000000000000000000000000000
EMAT 1 6 1 -0.25000000000000000000000000000000000000000000000000 
-0.25000000000000000000000000000000000000000000000000
EMAT 1 7 1 -0.25000000000000000000000000000000000000000000000000 
-0.25000000000000000000000000000000000000000000000000
EMAT 1 8 1 -0.25000000000000000000000000000000000000000000000000 
-0.25000000000000000000000000000000000000000000000000
EMAT 1 9 1 -0.25000000000000000000000000000000000000000000000000 
-0.25000000000000000000000000000000000000000000000000
EMAT 1 10 1 -0.25000000000000000000000000000000000000000000000000 
-0.25000000000000000000000000000000000000000000000000
EMAT 1 11 1 -0.25000000000000000000000000000000000000000000000000 
-0.25000000000000000000000000000000000000000000000000
EMAT 1 12 1 -0.25000000000000000000000000000000000000000000000000 
-0.25000000000000000000000000000000000000000000000000
EMAT 1 13 1 -0.25000000000000000000000000000000000000000000000000 
-0.25000000000000000000000000000000000000000000000000
EMAT 1 14 1 -0.25000000000000000000000000000000000000000000000000 
-0.25000000000000000000000000000000000000000000000000
EMAT 1 15 1 -0.25000000000000000000000000000000000000000000000000 
-0.25000000000000000000000000000000000000000000000000
EMAT 1 16 1 -0.25000000000000000000000000000000000000000000000000 
-0.25000000000000000000000000000000000000000000000000
EMAT 1 17 1 -0.25000000000000000000000000000000000000000000000000 
-0.25000000000000000000000000000000000000000000000000
EMAT 1 18 1 -0.25000000000000000000000000000000000000000000000000 
-0.25000000000000000000000000000000000000000000000000
EMAT 1 19 1 -0.25000000000000000000000000000000000000000000000000 
-0.25000000000000000000000000000000000000000000000000
EMAT 1 20 1 -0.25000000000000000000000000000000000000000000000000 
-0.25000000000000000000000000000000000000000000000000
EMAT 1 21 1 -0.25000000000000000000000000000000000000000000000000 
-0.25000000000000000000000000000000000000000000000000
EMAT 1 27 4 -1.0000000000000000000000000000000000000000000000000 
-2.5420318090404507421045177498860150855135115990299E-79
EMAT 1 28 4 -2.2151662216175089844506945473931108450001570161052E-79 
1.0000000000000000000000000000000000000000000000000
EMAT 1 29 4 -1.0000000000000000000000000000000000000000000000000 
4.7694323239643019441418014388099428096679953206338E-79
EMAT 1 30 4 5.1087099201157188111427094602184581772237183886701E-78 
1.0000000000000000000000000000000000000000000000000
EMAT 1 31 4 -1.0000000000000000000000000000000000000000000000000 
-5.9621874225165475031076738668039536136945927388958E-79
EMAT 1 32 5 0.25000000000000000000000000000000000000000000000000 
0.25000000000000000000000000000000000000000000000000
EMAT 1 33 5 0.25000000000000000000000000000000000000000000000000 
0.25000000000000000000000000000000000000000000000000
EMAT 1 34 5 -0.25000000000000000000000000000000000000000000000000 
-0.25000000000000000000000000000000000000000000000000
EMAT 1 35 5 -0.25000000000000000000000000000000000000000000000000 
-0.25000000000000000000000000000000000000000000000000
EMAT 2 2 1 -0.050000000000000000000000000000000000000000000000000 
-0.050000000000000000000000000000000000000000000000000
EMAT 2 3 1 -0.050000000000000000000000000000000000000000000000000 
-0.050000000000000000000000000000000000000000000000000
EMAT 2 4 1 -0.050000000000000000000000000000000000000000000000000 
-0.050000000000000000000000000000000000000000000000000
EMAT 2 5 1 -0.050000000000000000000000000000000000000000000000000 
-0.050000000000000000000000000000000000000000000000000
EMAT 2 6 1 -0.050000000000000000000000000000000000000000000000000 
-0.050000000000000000000000000000000000000000000000000
EMAT 2 7 1 -0.050000000000000000000000000000000000000000000000000 
-0.050000000000000000000000000000000000000000000000000
EMAT 2 8 1 -0.050000000000000000000000000000000000000000000000000 
-0.050000000000000000000000000000000000000000000000000
EMAT 2 9 1 -0.050000000000000000000000000000000000000000000000000 
-0.050000000000000000000000000000000000000000000000000
EMAT 2 10 1 -0.050000000000000000000000000000000000000000000000000 
-0.050000000000000000000000000000000000000000000000000
EMAT 2 11 1 -0.050000000000000000000000000000000000000000000000000 
-0.050000000000000000000000000000000000000000000000000
EMAT 2 12 1 -0.050000000000000000000000000000000000000000000000000 
-0.050000000000000000000000000000000000000000000000000
EMAT 2 13 1 -0.050000000000000000000000000000000000000000000000000 
-0.050000000000000000000000000000000000000000000000000
EMAT 2 14 1 -0.050000000000000000000000000000000000000000000000000 
-0.050000000000000000000000000000000000000000000000000
EMAT 2 15 1 -0.050000000000000000000000000000000000000000000000000 
-0.050000000000000000000000000000000000000000000000000
EMAT 2 16 1 -0.050000000000000000000000000000000000000000000000000 
-0.050000000000000000000000000000000000000000000000000
EMAT 2 17 1 -0.050000000000000000000000000000000000000000000000000 
-0.050000000000000000000000000000000000000000000000000
EMAT 2 18 1 -0.050000000000000000000000000000000000000000000000000 
-0.050000000000000000000000000000000000000000000000000
EMAT 2 19 1 -0.050000000000000000000000000000000000000000000000000 
-0.050000000000000000000000000000000000000000000000000
EMAT 2 20 1 -0.050000000000000000000000000000000000000000000000000 
-0.050000000000000000000000000000000000000000000000000
EMAT 2 21 1 -0.050000000000000000000000000000000000000000000000000 
-0.050000000000000000000000000000000000000000000000000
EMAT 2 27 4 -0.20000000000000000000000000000000000000000000000000 
-3.3013764631698670687710670333682276188977274373876E-80
EMAT 2 28 4 -3.4710115876471133879595934531136115972361707156666E-80 
0.20000000000000000000000000000000000000000000000000
EMAT 2 29 4 -0.20000000000000000000000000000000000000000000000000 
4.7720653014604710773048161093283575529644961956779E-80
EMAT 2 30 4 4.9328134255734672545025890970137693604287099646163E-79 
0.20000000000000000000000000000000000000000000000000
EMAT 2 31 4 -0.20000000000000000000000000000000000000000000000000 
-6.9072925187580911303010128197320495786166433557852E-80
EMAT 3 1 20 1.0000000000000000000000000000000000000000000000000 
-5.2767502207489888961077529755606869378705062971313E-80
EMAT 3 2 1 -0.050000000000000000000000000000000000000000000000000 
-0.050000000000000000000000000000000000000000000000000
EMAT 3 3 1 -0.050000000000000000000000000000000000000000000000000 
-0.050000000000000000000000000000000000000000000000000
EMAT 3 4 1 -0.050000000000000000000000000000000000000000000000000 
-0.050000000000000000000000000000000000000000000000000
EMAT 3 5 1 -0.050000000000000000000000000000000000000000000000000 
-0.050000000000000000000000000000000000000000000000000
EMAT 3 6 1 -0.050000000000000000000000000000000000000000000000000 
-0.050000000000000000000000000000000000000000000000000
EMAT 3 7 1 -0.050000000000000000000000000000000000000000000000000 
-0.050000000000000000000000000000000000000000000000000
EMAT 3 8 1 -0.050000000000000000000000000000000000000000000000000 
-0.050000000000000000000000000000000000000000000000000
EMAT 3 9 1 -0.050000000000000000000000000000000000000000000000000 
-0.050000000000000000000000000000000000000000000000000
EMAT 3 10 1 -0.050000000000000000000000000000000000000000000000000 
-0.050000000000000000000000000000000000000000000000000
EMAT 3 11 1 -0.050000000000000000000000000000000000000000000000000 
-0.050000000000000000000000000000000000000000000000000
EMAT 3 12 1 -0.050000000000000000000000000000000000000000000000000 
-0.050000000000000000000000000000000000000000000000000
EMAT 3 13 1 -0.050000000000000000000000000000000000000000000000000 
-0.050000000000000000000000000000000000000000000000000
EMAT 3 14 1 -0.050000000000000000000000000000000000000000000000000 
-0.050000000000000000000000000000000000000000000000000
EMAT 3 15 1 -0.050000000000000000000000000000000000000000000000000 
-0.050000000000000000000000000000000000000000000000000
EMAT 3 16 1 -0.050000000000000000000000000000000000000000000000000 
-0.050000000000000000000000000000000000000000000000000
EMAT 3 17 1 -0.050000000000000000000000000000000000000000000000000 
-0.050000000000000000000000000000000000000000000000000
EMAT 3 18 1 -0.050000000000000000000000000000000000000000000000000 
-0.050000000000000000000000000000000000000000000000000
EMAT 3 19 1 -0.050000000000000000000000000000000000000000000000000 
-0.050000000000000000000000000000000000000000000000000
EMAT 3 20 1 -0.050000000000000000000000000000000000000000000000000 
-0.050000000000000000000000000000000000000000000000000
EMAT 3 21 1 -0.050000000000000000000000000000000000000000000000000 
-0.050000000000000000000000000000000000000000000000000
EMAT 3 27 4 -0.20000000000000000000000000000000000000000000000000 
-4.6122303279930305840603040062399490501266370876408E-80
EMAT 3 28 4 -1.6746953488723067399292913536182693045158771740914E-82 
0.20000000000000000000000000000000000000000000000000
EMAT 3 29 4 -0.20000000000000000000000000000000000000000000000000 
-8.5833629873300364225394329198942366090896994594642E-80
EMAT 3 30 4 2.4700618181582426152162385183384978115088150492371E-79 
0.20000000000000000000000000000000000000000000000000
EMAT 3 31 4 -0.20000000000000000000000000000000000000000000000000 
3.6604446891253767158518471105013021927520937962850E-80
EMAT 3 32 5 0.25000000000000000000000000000000000000000000000000 
0.25000000000000000000000000000000000000000000000000
EMAT 3 33 5 0.25000000000000000000000000000000000000000000000000 
0.25000000000000000000000000000000000000000000000000
EMAT 3 34 5 -0.25000000000000000000000000000000000000000000000000 
-0.25000000000000000000000000000000000000000000000000
EMAT 3 35 5 -0.25000000000000000000000000000000000000000000000000 
-0.25000000000000000000000000000000000000000000000000
EMAT 4 1 20 1.0000000000000000000000000000000000000000000000000 
-3.0052442796770259166207971255350892581845267501513E-80
EMAT 4 2 1 -0.062500000000000000000000000000000000000000000000000 
-0.062500000000000000000000000000000000000000000000000
EMAT 4 3 1 -0.062500000000000000000000000000000000000000000000000 
-0.062500000000000000000000000000000000000000000000000
EMAT 4 4 1 -0.062500000000000000000000000000000000000000000000000 
-0.062500000000000000000000000000000000000000000000000
EMAT 4 5 1 -0.062500000000000000000000000000000000000000000000000 
-0.062500000000000000000000000000000000000000000000000
EMAT 4 6 1 -0.062500000000000000000000000000000000000000000000000 
-0.062500000000000000000000000000000000000000000000000
EMAT 4 7 1 -0.062500000000000000000000000000000000000000000000000 
-0.062500000000000000000000000000000000000000000000000
EMAT 4 8 1 -0.062500000000000000000000000000000000000000000000000 
-0.062500000000000000000000000000000000000000000000000
EMAT 4 9 1 -0.062500000000000000000000000000000000000000000000000 
-0.062500000000000000000000000000000000000000000000000
EMAT 4 10 1 -0.062500000000000000000000000000000000000000000000000 
-0.062500000000000000000000000000000000000000000000000
EMAT 4 11 1 -0.062500000000000000000000000000000000000000000000000 
-0.062500000000000000000000000000000000000000000000000
EMAT 4 12 1 -0.062500000000000000000000000000000000000000000000000 
-0.062500000000000000000000000000000000000000000000000
EMAT 4 13 1 -0.062500000000000000000000000000000000000000000000000 
-0.062500000000000000000000000000000000000000000000000
EMAT 4 14 1 -0.062500000000000000000000000000000000000000000000000 
-0.062500000000000000000000000000000000000000000000000
EMAT 4 15 1 -0.062500000000000000000000000000000000000000000000000 
-0.062500000000000000000000000000000000000000000000000
EMAT 4 16 1 -0.062500000000000000000000000000000000000000000000000 
-0.062500000000000000000000000000000000000000000000000
EMAT 4 17 1 -0.062500000000000000000000000000000000000000000000000 
-0.062500000000000000000000000000000000000000000000000
EMAT 4 18 1 -0.062500000000000000000000000000000000000000000000000 
-0.062500000000000000000000000000000000000000000000000
EMAT 4 19 1 -0.062500000000000000000000000000000000000000000000000 
-0.062500000000000000000000000000000000000000000000000
EMAT 4 20 1 -0.062500000000000000000000000000000000000000000000000 
-0.062500000000000000000000000000000000000000000000000
EMAT 4 21 1 -0.062500000000000000000000000000000000000000000000000 
-0.062500000000000000000000000000000000000000000000000
EMAT 4 32 5 -0.062500000000000000000000000000000000000000000000000 
-0.062500000000000000000000000000000000000000000000000
EMAT 4 33 5 -0.062500000000000000000000000000000000000000000000000 
-0.062500000000000000000000000000000000000000000000000
EMAT 4 34 5 0.062500000000000000000000000000000000000000000000000 
0.062500000000000000000000000000000000000000000000000
EMAT 4 35 5 0.062500000000000000000000000000000000000000000000000 
0.062500000000000000000000000000000000000000000000000
EMAT 5 1 20 1.0000000000000000000000000000000000000000000000000 
-3.5206884256703534039682954808934184479421493166687E-80
EMAT 5 2 1 -0.050000000000000000000000000000000000000000000000000 
-0.050000000000000000000000000000000000000000000000000
EMAT 5 3 1 -0.050000000000000000000000000000000000000000000000000 
-0.050000000000000000000000000000000000000000000000000
EMAT 5 4 1 -0.050000000000000000000000000000000000000000000000000 
-0.050000000000000000000000000000000000000000000000000
EMAT 5 5 1 -0.050000000000000000000000000000000000000000000000000 
-0.050000000000000000000000000000000000000000000000000
EMAT 5 6 1 -0.050000000000000000000000000000000000000000000000000 
-0.050000000000000000000000000000000000000000000000000
EMAT 5 7 1 -0.050000000000000000000000000000000000000000000000000 
-0.050000000000000000000000000000000000000000000000000
EMAT 5 8 1 -0.050000000000000000000000000000000000000000000000000 
-0.050000000000000000000000000000000000000000000000000
EMAT 5 9 1 -0.050000000000000000000000000000000000000000000000000 
-0.050000000000000000000000000000000000000000000000000
EMAT 5 10 1 -0.050000000000000000000000000000000000000000000000000 
-0.050000000000000000000000000000000000000000000000000
EMAT 5 11 1 -0.050000000000000000000000000000000000000000000000000 
-0.050000000000000000000000000000000000000000000000000
EMAT 5 12 1 -0.050000000000000000000000000000000000000000000000000 
-0.050000000000000000000000000000000000000000000000000
EMAT 5 13 1 -0.050000000000000000000000000000000000000000000000000 
-0.050000000000000000000000000000000000000000000000000
EMAT 5 14 1 -0.050000000000000000000000000000000000000000000000000 
-0.050000000000000000000000000000000000000000000000000
EMAT 5 15 1 -0.050000000000000000000000000000000000000000000000000 
-0.050000000000000000000000000000000000000000000000000
EMAT 5 16 1 -0.050000000000000000000000000000000000000000000000000 
-0.050000000000000000000000000000000000000000000000000
EMAT 5 17 1 -0.050000000000000000000000000000000000000000000000000 
-0.050000000000000000000000000000000000000000000000000
EMAT 5 18 1 -0.050000000000000000000000000000000000000000000000000 
-0.050000000000000000000000000000000000000000000000000
EMAT 5 19 1 -0.050000000000000000000000000000000000000000000000000 
-0.050000000000000000000000000000000000000000000000000
EMAT 5 20 1 -0.050000000000000000000000000000000000000000000000000 
-0.050000000000000000000000000000000000000000000000000
EMAT 5 21 1 -0.050000000000000000000000000000000000000000000000000 
-0.050000000000000000000000000000000000000000000000000
EMAT 6 2 1 -0.012500000000000000000000000000000000000000000000000 
-0.012500000000000000000000000000000000000000000000000
EMAT 6 3 1 -0.012500000000000000000000000000000000000000000000000 
-0.012500000000000000000000000000000000000000000000000
EMAT 6 4 1 -0.012500000000000000000000000000000000000000000000000 
-0.012500000000000000000000000000000000000000000000000
EMAT 6 5 1 -0.012500000000000000000000000000000000000000000000000 
-0.012500000000000000000000000000000000000000000000000
EMAT 6 6 1 -0.012500000000000000000000000000000000000000000000000 
-0.012500000000000000000000000000000000000000000000000
EMAT 6 7 1 -0.012500000000000000000000000000000000000000000000000 
-0.012500000000000000000000000000000000000000000000000
EMAT 6 8 1 -0.012500000000000000000000000000000000000000000000000 
-0.012500000000000000000000000000000000000000000000000
EMAT 6 9 1 -0.012500000000000000000000000000000000000000000000000 
-0.012500000000000000000000000000000000000000000000000
EMAT 6 10 1 -0.012500000000000000000000000000000000000000000000000 
-0.012500000000000000000000000000000000000000000000000
EMAT 6 11 1 -0.012500000000000000000000000000000000000000000000000 
-0.012500000000000000000000000000000000000000000000000
EMAT 6 12 1 -0.012500000000000000000000000000000000000000000000000 
-0.012500000000000000000000000000000000000000000000000
EMAT 6 13 1 -0.012500000000000000000000000000000000000000000000000 
-0.012500000000000000000000000000000000000000000000000
EMAT 6 14 1 -0.012500000000000000000000000000000000000000000000000 
-0.012500000000000000000000000000000000000000000000000
EMAT 6 15 1 -0.012500000000000000000000000000000000000000000000000 
-0.012500000000000000000000000000000000000000000000000
EMAT 6 16 1 -0.012500000000000000000000000000000000000000000000000 
-0.012500000000000000000000000000000000000000000000000
EMAT 6 17 1 -0.012500000000000000000000000000000000000000000000000 
-0.012500000000000000000000000000000000000000000000000
EMAT 6 18 1 -0.012500000000000000000000000000000000000000000000000 
-0.012500000000000000000000000000000000000000000000000
EMAT 6 19 1 -0.012500000000000000000000000000000000000000000000000 
-0.012500000000000000000000000000000000000000000000000
EMAT 6 20 1 -0.012500000000000000000000000000000000000000000000000 
-0.012500000000000000000000000000000000000000000000000
EMAT 6 21 1 -0.012500000000000000000000000000000000000000000000000 
-0.012500000000000000000000000000000000000000000000000
EMAT 6 32 5 -0.062500000000000000000000000000000000000000000000000 
-0.062500000000000000000000000000000000000000000000000
EMAT 6 33 5 -0.062500000000000000000000000000000000000000000000000 
-0.062500000000000000000000000000000000000000000000000
EMAT 6 34 5 0.062500000000000000000000000000000000000000000000000 
0.062500000000000000000000000000000000000000000000000
EMAT 6 35 5 0.062500000000000000000000000000000000000000000000000 
0.062500000000000000000000000000000000000000000000000
EMAT 7 1 20 1.0000000000000000000000000000000000000000000000000 
-1.6346184475344574875186832088578893983689259438638E-80
EMAT 7 32 5 0.25000000000000000000000000000000000000000000000000 
0.25000000000000000000000000000000000000000000000000
EMAT 7 33 5 0.25000000000000000000000000000000000000000000000000 
0.25000000000000000000000000000000000000000000000000
EMAT 7 34 5 -0.25000000000000000000000000000000000000000000000000 
-0.25000000000000000000000000000000000000000000000000
EMAT 7 35 5 -0.25000000000000000000000000000000000000000000000000 
-0.25000000000000000000000000000000000000000000000000
EMAT 8 1 20 1.0000000000000000000000000000000000000000000000000 
-1.1370977036851537553282468625105722771492364569009E-80
EMAT 8 27 4 0.20000000000000000000000000000000000000000000000000 
2.0793639213332209736046176540525922932471207473307E-80
EMAT 8 28 4 9.6854851907104540998024741934694109472151753851152E-81 
-0.20000000000000000000000000000000000000000000000000
EMAT 8 29 4 0.20000000000000000000000000000000000000000000000000 
-3.6363588633866122493134402660683672907211719363562E-80
EMAT 8 30 4 -1.1964194469123208164092901887869615360866241914123E-79 
-0.20000000000000000000000000000000000000000000000000
EMAT 8 31 4 0.20000000000000000000000000000000000000000000000000 
2.1469428106973601986975827082187011439880907307114E-80
EMAT 9 27 4 -0.20000000000000000000000000000000000000000000000000 
-3.5676924207776339270389789357074506425735633964422E-80
EMAT 9 28 4 2.8873177632534400363815984567699327899563502434814E-80 
0.20000000000000000000000000000000000000000000000000
EMAT 9 29 4 -0.20000000000000000000000000000000000000000000000000 
-6.3110462839475004425386386644690032175056906260907E-80
EMAT 9 30 4 -5.6245566276950808522415209753593845454086460548996E-81 
0.20000000000000000000000000000000000000000000000000
EMAT 9 31 4 -0.20000000000000000000000000000000000000000000000000 
9.8182236227723123699614132754373261055047818411744E-82
EMAT 9 32 5 0.25000000000000000000000000000000000000000000000000 
0.25000000000000000000000000000000000000000000000000
EMAT 9 33 5 0.25000000000000000000000000000000000000000000000000 
0.25000000000000000000000000000000000000000000000000
EMAT 9 34 5 -0.25000000000000000000000000000000000000000000000000 
-0.25000000000000000000000000000000000000000000000000
EMAT 9 35 5 -0.25000000000000000000000000000000000000000000000000 
-0.25000000000000000000000000000000000000000000000000
EMAT 10 1 20 1.0000000000000000000000000000000000000000000000000 
-1.7156592909907788130550364544887435457425022081139E-80
EMAT 10 27 4 1.0000000000000000000000000000000000000000000000000 
1.4144531344752195449604039579017644380719047778027E-79
EMAT 10 28 4 -3.4738636349968774736462364661665005186003347327461E-79 
-1.0000000000000000000000000000000000000000000000000
EMAT 10 29 4 1.0000000000000000000000000000000000000000000000000 
1.4208734399178132906597351482487509871988368719991E-80
EMAT 10 30 4 5.2438467691720415210882436319272528697253246474421E-79 
-1.0000000000000000000000000000000000000000000000000
EMAT 10 31 4 1.0000000000000000000000000000000000000000000000000 
1.8220727925156116032786836801487045314473407021985E-79
EMAT 10 32 5 -1.0000000000000000000000000000000000000000000000000 
-1.0000000000000000000000000000000000000000000000000
EMAT 10 33 5 -1.0000000000000000000000000000000000000000000000000 
-1.0000000000000000000000000000000000000000000000000
EMAT 10 34 5 1.0000000000000000000000000000000000000000000000000 
1.0000000000000000000000000000000000000000000000000
EMAT 10 35 5 1.0000000000000000000000000000000000000000000000000 
1.0000000000000000000000000000000000000000000000000
RHOV 1 20 1.0000000000000000000000000000000000000000000000000 
0.00000000000000000000000000000000000000000000000000
RHOV 2 1 0.050000000000000000000000000000000000000000000000000 
0.050000000000000000000000000000000000000000000000000
RHOV 3 1 0.050000000000000000000000000000000000000000000000000 
0.050000000000000000000000000000000000000000000000000
RHOV 4 1 0.050000000000000000000000000000000000000000000000000 
0.050000000000000000000000000000000000000000000000000
RHOV 5 1 0.050000000000000000000000000000000000000000000000000 
0.050000000000000000000000000000000000000000000000000
RHOV 6 1 0.050000000000000000000000000000000000000000000000000 
0.050000000000000000000000000000000000000000000000000
RHOV 7 1 0.050000000000000000000000000000000000000000000000000 
0.050000000000000000000000000000000000000000000000000
RHOV 8 1 0.050000000000000000000000000000000000000000000000000 
0.050000000000000000000000000000000000000000000000000
RHOV 9 1 0.050000000000000000000000000000000000000000000000000 
0.050000000000000000000000000000000000000000000000000
RHOV 10 1 0.050000000000000000000000000000000000000000000000000 
0.050000000000000000000000000000000000000000000000000
RHOV 11 1 0.050000000000000000000000000000000000000000000000000 
0.050000000000000000000000000000000000000000000000000
RHOV 12 1 0.050000000000000000000000000000000000000000000000000 
0.050000000000000000000000000000000000000000000000000
RHOV 13 1 0.050000000000000000000000000000000000000000000000000 
0.050000000000000000000000000000000000000000000000000
RHOV 14 1 0.050000000000000000000000000000000000000000000000000 
0.050000000000000000000000000000000000000000000000000
RHOV 15 1 0.050000000000000000000000000000000000000000000000000 
0.050000000000000000000000000000000000000000000000000
RHOV 16 1 0.050000000000000000000000000000000000000000000000000 
0.050000000000000000000000000000000000000000000000000
RHOV 17 1 0.050000000000000000000000000000000000000000000000000 
0.050000000000000000000000000000000000000000000000000
RHOV 18 1 0.050000000000000000000000000000000000000000000000000 
0.050000000000000000000000000000000000000000000000000
RHOV 19 1 0.050000000000000000000000000000000000000000000000000 
0.050000000000000000000000000000000000000000000000000
RHOV 20 1 0.050000000000000000000000000000000000000000000000000 
0.050000000000000000000000000000000000000000000000000
RHOV 21 1 0.050000000000000000000000000000000000000000000000000 
0.050000000000000000000000000000000000000000000000000
RHOV 27 4 0.20000000000000000000000000000000000000000000000000 
8.1167696098233125701946979421178123580648510452845E-82
RHOV 28 4 6.8294547197044057382056388086984085628849364587022E-81 
-0.20000000000000000000000000000000000000000000000000
RHOV 29 4 0.20000000000000000000000000000000000000000000000000 
-1.4140794256243659234940541748066212769774113325987E-80
RHOV 30 4 1.8865010237148554700577976837671663217041839167050E-80 
-0.20000000000000000000000000000000000000000000000000
RHOV 31 4 0.20000000000000000000000000000000000000000000000000 
-2.1052387387995102725682037190929581156172106176399E-81
RHOV 32 5 0.25000000000000000000000000000000000000000000000000 
0.25000000000000000000000000000000000000000000000000
RHOV 33 5 0.25000000000000000000000000000000000000000000000000 
0.25000000000000000000000000000000000000000000000000
RHOV 34 5 -0.25000000000000000000000000000000000000000000000000 
-0.25000000000000000000000000000000000000000000000000
RHOV 35 5 -0.25000000000000000000000000000000000000000000000000 
-0.25000000000000000000000000000000000000000000000000
SOLVE resid = 2.893421097E-44  (|rho| = 1.341640787)
RHO IS IN THE SPAN: E* found
BETA 1 -0.296218812955214628854796218813 -7.91598140041082863653472140999E-38  
r=[ -6, 15, -6, 0, 0, 0 ]
BETA 2 -0.149620331628699829536649620332 3.86291910920249155786525639368E-37  
r=[ -3, 7, -3, 1, 0, 1 ]
BETA 3 0.302262513559584689291802262514 -4.62519490917058627851246102838E-37  
r=[ -2, 5, -2, -4, 10, -4 ]
BETA 4 0.124128312412831241283124128312 2.75030199535086884881890469768E-37  r=[
-1, 0, 4, -1, 3, -2 ]
BETA 5 0.189679218967921896792189679219 9.50703614112231183843306081128E-38  r=[
-1, 1, 1, -1, 6, -3 ]
BETA 6 -0.0655509065550906555090655509065 1.32674156749076717619051354583E-37  
r=[ -1, 2, 0, -1, 1, 2 ]
BETA 7 0.451882845188284518828451882845 -3.92378459846628987775014302731E-38  
r=[ -1, 5, -1, -1, 2, -1 ]
BETA 8 0.339299550596621726328839299551 5.46378792529331245567114664938E-37  r=[
0, 2, -1, 2, 1, -1 ]
BETA 9 0.112583294591662792499612583295 -6.59405570302375029737633779133E-37  
r=[ 1, 1, -1, -3, 6, -1 ]
BETA 10 -0.111033627770029443669611033628 -3.35562202569811435839240995608E-37  
r=[ 4, 0, -1, -2, 3, -1 ]
oo-coset index 1
ESTAR oo-expansion (exponent grid q^(n/24)):
ECOEF 0/24 1.00000000000000000000000000000 1.40439784201938339367801404358E-79
ECOEF 48/24 -6.00000000000000000000000000000 
-2.89646682587955046867820346501E-78
ECOEF 72/24 -4.00000000000000000000000000000 
-1.87522846254373770112764595424E-78
ECOEF 120/24 -6.00000000000000000000000000000 
-4.37718441574342264630811286909E-78
ECOEF 192/24 -6.00000000000000000000000000000 
-2.72921856175166263470473439773E-78
ECOEF 240/24 -6.00000000000000000000000000000 
-4.37718441574342264630811286909E-78
ECOEF 288/24 -4.00000000000000000000000000000 
-1.70798019841584986715417688697E-78
ECOEF 312/24 -12.0000000000000000000000000000 
-5.79293365175910093735640693001E-78
ECOEF 408/24 -24.0000000000000000000000000000 
-1.15858673035182018747128138600E-77
ECOEF 432/24 -18.0000000000000000000000000000 
-8.68940047763865140603461039502E-78
ECOEF 480/24 -6.00000000000000000000000000000 
-4.20993615161553481233464380182E-78
ECOEF 528/24 -12.0000000000000000000000000000 
-5.79293365175910093735640693001E-78
ECOEF 648/24 -16.0000000000000000000000000000 
-7.50091385017495080451058381698E-78
ECOEF 720/24 -12.0000000000000000000000000000 
-8.75436883148684529261622573819E-78
ECOEF 768/24 -6.00000000000000000000000000000 
-2.39472203349588696675779626317E-78
ECOEF 792/24 -24.0000000000000000000000000000 
-1.15858673035182018747128138600E-77
ECOEF 840/24 -12.0000000000000000000000000000 
-8.58712056735895745864275667091E-78
ECOEF 888/24 -12.0000000000000000000000000000 
-5.79293365175910093735640693001E-78
ECOEF 912/24 -36.0000000000000000000000000000 
-1.73788009552773028120692207900E-77
DONE
