BASE 22 3  M = 132
#panel monomials = 132, #E pool = 24
pass 1: constants
  coset 24/288
  coset 48/288
  coset 72/288
  coset 96/288
  coset 120/288
  coset 144/288
  coset 168/288
  coset 192/288
  coset 216/288
  coset 240/288
  coset 264/288
  coset 288/288
SOLVE resid = 5.027291207E-42
pass 2: convolutions
E0COEF g=132 W=1 24/24 -0.800000000000000000000000000000 
-1.09917076914756815836528773177E-38
  conv coset 1/288 class 132 done
FORM -2  A_f = (2.07015891465580E-71, -1.73953244669483E-71)  INTERM = 
(6.00000000000000, 5.75611148379104E-72)  CONV = (-6.00000000000000, 
-2.31514359507393E-71)  c_eta*(0) = (6.00000000000000, 5.61405542501157E-72)
FORM -1  A_f = (3.34146532903052E-71, -2.04629549487444E-71)  INTERM = 
(6.00000000000000, -2.12237174078047E-71)  CONV = (-6.00000000000000, 
7.60762459060310E-73)  c_eta*(0) = (6.00000000000000, -2.12595661249119E-71)
FORM 9  A_f = (-1.18497212957840E-68, 5.65353491395227E-69)  INTERM = 
(-12.0000000000000, 6.42666591914019E-69)  CONV = (12.0000000000000, 
-7.73131005187920E-70)  c_eta*(0) = (-12.0000000000000, 6.42554282947153E-69)
FORM 10  A_f = (2.07015891465580E-71, -1.73953244669483E-71)  INTERM = 
(6.00000000000000, 5.75611148379104E-72)  CONV = (-6.00000000000000, 
-2.31514359507393E-71)  c_eta*(0) = (6.00000000000000, 5.61405542501157E-72)
FORM 11  A_f = (-1.18807239798719E-68, 5.64776991134032E-69)  INTERM = 
(-6.00000000000000, 6.39756353965992E-69)  CONV = (6.00000000000000, 
-7.49793628319605E-70)  c_eta*(0) = (-6.00000000000000, 6.39681098686590E-69)
FORM 12  A_f = (-1.18522324239895E-68, 5.65623228608243E-69)  INTERM = 
(-18.0000000000000, 6.42878846972886E-69)  CONV = (18.0000000000000, 
-7.72556183646433E-70)  c_eta*(0) = (-18.0000000000000, 6.42796235176492E-69)
FORM 13  A_f = (3.34146532903052E-71, -2.04629549487444E-71)  INTERM = 
(6.00000000000000, -2.12237174078047E-71)  CONV = (-6.00000000000000, 
7.60762459060310E-73)  c_eta*(0) = (6.00000000000000, -2.12595661249119E-71)
FORM 14  A_f = (5.49382667624406E-71, -3.78582794156927E-71)  INTERM = 
(12.0000000000000, -1.54676059240137E-71)  CONV = (-12.0000000000000, 
-2.23906734916790E-71)  c_eta*(0) = (12.0000000000000, -1.56415709118538E-71)
FORM 15  A_f = (-1.18975614759098E-68, 5.65046728347047E-69)  INTERM = 
(-12.0000000000000, 6.39968609024859E-69)  CONV = (12.0000000000000, 
-7.49218806778120E-70)  c_eta*(0) = (-12.0000000000000, 6.39923921927084E-69)
DONE
