BASE 210 1  M = 420  ds = [ 1, 2, 3, 4, 5, 6, 7, 10, 12, 14, 15, 20, 21, 28, 30,
35, 42, 60, 70, 84, 105, 140, 210, 420 ]
#isotropic = 1, tracking coset index 1
#cosets = 1152
#E's after external pool = 178
EPOOL 1 [ -4, 8, 2, -3, 0, 1, 0, 0, -1, 0, 0, 0, 0, 0, 0, 0, 0, 0, 0, 0, 0, 0, 
0, 0 ]
EPOOL 2 [ -3, 6, -1, 0, 0, 3, 0, 0, -2, 0, 0, 0, 0, 0, 0, 0, 0, 0, 0, 0, 0, 0, 
0, 0 ]
EPOOL 3 [ -3, 7, 0, -3, 1, 0, 0, 0, 0, 0, 0, 1, 0, 0, 0, 0, 0, 0, 0, 0, 0, 0, 0,
0 ]
EPOOL 4 [ -3, 8, -1, -4, 0, 1, 0, 0, 2, 0, 0, 0, 0, 0, 0, 0, 0, 0, 0, 0, 0, 0, 
0, 0 ]
EPOOL 5 [ -2, 1, 4, 0, 0, 2, 0, 0, -2, 0, 0, 0, 0, 0, 0, 0, 0, 0, 0, 0, 0, 0, 0,
0 ]
EPOOL 6 [ -1, -1, 1, 3, 0, 4, 0, 0, -3, 0, 0, 0, 0, 0, 0, 0, 0, 0, 0, 0, 0, 0, 
0, 0 ]
EPOOL 7 [ -1, 0, 0, 4, -1, 0, 0, 3, 0, 0, 0, -2, 0, 0, 0, 0, 0, 0, 0, 0, 0, 0, 
0, 0 ]
EPOOL 8 [ -1, 0, 1, 0, 3, 1, 0, 0, 0, 0, -1, -1, 0, 0, 0, 0, 0, 1, 0, 0, 0, 0, 
0, 0 ]
EPOOL 9 [ -1, 0, 2, 0, 1, 1, 0, 0, -1, 0, 0, 1, 0, 0, 0, 0, 0, 0, 0, 0, 0, 0, 0,
0 ]
EPOOL 10 [ -1, 0, 2, 0, 2, 0, 0, 0, 0, 0, -3, 0, 0, 0, 5, 0, 0, -2, 0, 0, 0, 0, 
0, 0 ]
EPOOL 11 [ -1, 1, 0, 1, -1, 0, 0, 6, 0, 0, 0, -3, 0, 0, 0, 0, 0, 0, 0, 0, 0, 0, 
0, 0 ]
EPOOL 12 [ -1, 1, 1, -1, 0, 2, 0, 0, 1, 0, 0, 0, 0, 0, 0, 0, 0, 0, 0, 0, 0, 0, 
0, 0 ]
EPOOL 13 [ -1, 1, 1, 0, 0, 1, 0, 0, -1, 0, 0, 1, 0, 0, 1, 0, 0, 0, 0, 0, 0, 0, 
0, 0 ]
EPOOL 14 [ -1, 1, 1, 0, 0, 1, 0, 0, -1, 1, 0, 0, 0, 0, 0, 0, 0, 0, 0, 1, 0, 0, 
0, 0 ]
EPOOL 15 [ -1, 1, 1, 0, 1, 0, 0, 0, 0, 0, -3, 0, 0, 0, 6, 0, 0, -2, 0, 0, 0, 0, 
0, 0 ]
EPOOL 16 [ -1, 2, 0, 0, -1, 0, 0, 1, 0, 0, 0, 2, 0, 0, 0, 0, 0, 0, 0, 0, 0, 0, 
0, 0 ]
EPOOL 17 [ -1, 2, 0, 0, -1, 0, 0, 3, 0, 0, 0, -2, 0, 0, -2, 0, 0, 4, 0, 0, 0, 0,
0, 0 ]
EPOOL 18 [ -1, 2, 0, 0, 0, 0, -3, 0, 0, 7, 0, 0, 0, -2, 0, 0, 0, 0, 0, 0, 0, 0, 
0, 0 ]
EPOOL 19 [ -1, 2, 0, 0, 0, 0, -1, 0, 0, 0, 0, 0, 2, 1, 0, 0, 1, 0, 0, -1, 0, 0, 
0, 0 ]
EPOOL 20 [ -1, 2, 0, 0, 0, 0, 0, -1, 0, 0, 0, 1, 0, 0, 0, 1, 0, 0, 2, 0, 0, -1, 
0, 0 ]
EPOOL 21 [ -1, 2, 0, 0, 0, 0, 0, 0, 0, -2, 0, 0, -1, 4, 0, 0, 3, 0, 0, -2, 0, 0,
0, 0 ]
EPOOL 22 [ -1, 2, 0, 0, 0, 0, 0, 0, 0, 0, -3, 0, 0, 0, 7, 0, 0, -2, 0, 0, 0, 0, 
0, 0 ]
EPOOL 23 [ -1, 2, 0, 0, 0, 0, 0, 0, 0, 0, 0, 0, -1, 0, 0, 0, 1, 0, 0, 2, 0, 0, 
0, 0 ]
EPOOL 24 [ -1, 2, 0, 0, 2, 0, 0, 1, 0, 0, -1, -1, 0, 0, 0, 0, 0, 1, 0, 0, 0, 0, 
0, 0 ]
EPOOL 25 [ -1, 2, 1, 0, 0, -1, 0, 0, 0, 0, 0, 0, 0, 0, 0, 0, 0, 0, 0, 0, 0, 0, 
0, 2 ]
EPOOL 26 [ -1, 5, 0, -1, -1, 0, 0, 2, 0, 0, 0, -1, 0, 0, 0, 0, 0, 0, 0, 0, 0, 0,
0, 0 ]
EPOOL 27 [ 0, -3, -2, 6, 0, 6, 0, 0, -4, 0, 0, 0, 0, 0, 0, 0, 0, 0, 0, 0, 0, 0, 
0, 0 ]
EPOOL 28 [ 0, -2, -1, 3, 1, 3, 0, 0, -2, 0, 0, 1, 0, 0, 0, 0, 0, 0, 0, 0, 0, 0, 
0, 0 ]
EPOOL 29 [ 0, -1, -2, 2, 0, 4, 0, 0, 0, 0, 0, 0, 0, 0, 0, 0, 0, 0, 0, 0, 0, 0, 
0, 0 ]
EPOOL 30 [ 0, -1, -1, 1, 0, 4, 0, 0, -2, 0, 0, 0, 1, 1, 0, 0, 0, 0, 0, 0, 0, 0, 
0, 0 ]
EPOOL 31 [ 0, -1, -1, 2, 0, 1, 0, 0, 0, 0, 3, 0, 0, 0, -1, 0, 0, 0, 0, 0, 0, 0, 
0, 0 ]
EPOOL 32 [ 0, -1, 0, 0, 0, 2, 0, 2, 0, 0, -2, 0, 0, 0, 4, 0, 0, -2, 0, 0, 0, 0, 
0, 0 ]
EPOOL 33 [ 0, -1, 0, 1, -1, 0, 0, 4, 1, 0, 1, -2, 0, 0, 0, 0, 0, 0, 0, 0, 0, 0, 
0, 0 ]
EPOOL 34 [ 0, -1, 0, 1, -1, 0, 1, 4, 0, 0, 0, -2, 0, 0, 0, 0, 0, 0, 0, 0, 0, 1, 
0, 0 ]
EPOOL 35 [ 0, -1, 0, 1, 0, 1, 0, 1, 0, 0, -2, 0, 0, 0, 4, 0, 0, -1, 0, 0, 0, 0, 
0, 0 ]
EPOOL 36 [ 0, -1, 0, 2, 0, 0, -2, 0, 0, 4, 0, 0, 0, 0, 0, 0, 0, 0, 0, 0, 0, 0, 
0, 0 ]
EPOOL 37 [ 0, -1, 0, 2, 0, 0, -1, 0, 0, 1, 0, 0, 0, 0, 0, 3, 0, 0, -1, 0, 0, 0, 
0, 0 ]
EPOOL 38 [ 0, -1, 0, 2, 0, 0, 0, 0, 0, 0, -2, 0, 0, 0, 4, 0, 0, 0, 0, 0, 0, 0, 
0, 0 ]
EPOOL 39 [ 0, -1, 0, 2, 0, 0, 0, 0, 0, 0, 0, 0, 0, 0, 0, -2, 0, 0, 4, 0, 0, 0, 
0, 0 ]
EPOOL 40 [ 0, -1, 0, 2, 0, 0, 3, 0, 0, -1, 0, 0, 0, 0, 0, -1, 0, 0, 1, 0, 0, 0, 
0, 0 ]
EPOOL 41 [ 0, -1, 3, 2, 0, -1, 0, 0, 0, 0, -1, 0, 0, 0, 1, 0, 0, 0, 0, 0, 0, 0, 
0, 0 ]
EPOOL 42 [ 0, 0, -2, 0, -3, 5, 0, 6, -2, 0, 1, 0, 0, 0, -2, 0, 0, 0, 0, 0, 0, 0,
0, 0 ]
EPOOL 43 [ 0, 0, -2, 0, -2, 5, 0, 1, -2, 0, 6, 0, 0, 0, -3, 0, 0, 0, 0, 0, 0, 0,
0, 0 ]
EPOOL 44 [ 0, 0, -2, 0, 0, 5, -3, 0, -2, 6, 0, 0, 1, 0, 0, 0, -2, 0, 0, 0, 0, 0,
0, 0 ]
EPOOL 45 [ 0, 0, -2, 0, 0, 5, -2, 0, -2, 1, 0, 0, 6, 0, 0, 0, -3, 0, 0, 0, 0, 0,
0, 0 ]
EPOOL 46 [ 0, 0, -2, 0, 0, 5, 0, -3, -2, 0, 0, 6, 0, 0, 1, 0, 0, -2, 0, 0, 0, 0,
0, 0 ]
EPOOL 47 [ 0, 0, -2, 0, 0, 5, 0, -2, -2, 0, 0, 1, 0, 0, 6, 0, 0, -3, 0, 0, 0, 0,
0, 0 ]
EPOOL 48 [ 0, 0, -2, 0, 0, 5, 0, -1, -2, 0, 0, 2, 0, 0, -1, 0, 0, 2, 0, 0, 0, 0,
0, 0 ]
EPOOL 49 [ 0, 0, -2, 0, 0, 5, 0, 0, -2, -3, 0, 0, 0, 6, 0, 0, 1, 0, 0, -2, 0, 0,
0, 0 ]
EPOOL 50 [ 0, 0, -2, 0, 0, 5, 0, 0, -2, -2, 0, 0, 0, 1, 0, 0, 6, 0, 0, -3, 0, 0,
0, 0 ]
EPOOL 51 [ 0, 0, -2, 0, 0, 5, 0, 0, -2, -1, 0, 0, 0, 2, 0, 0, -1, 0, 0, 2, 0, 0,
0, 0 ]
EPOOL 52 [ 0, 0, -2, 0, 0, 5, 0, 0, -2, 0, 0, 0, 0, 0, 0, -3, 0, 0, 6, 0, 1, 0, 
-2, 0 ]
EPOOL 53 [ 0, 0, -2, 0, 0, 5, 0, 0, -2, 0, 0, 0, 0, 0, 0, -2, 0, 0, 1, 0, 6, 0, 
-3, 0 ]
EPOOL 54 [ 0, 0, -2, 0, 0, 5, 0, 0, -2, 0, 0, 0, 0, 0, 0, 0, 0, 0, -3, 0, 0, 6, 
1, -2 ]
EPOOL 55 [ 0, 0, -2, 0, 0, 5, 0, 0, -2, 0, 0, 0, 0, 0, 0, 0, 0, 0, -2, 0, 0, 1, 
6, -3 ]
EPOOL 56 [ 0, 0, -2, 0, 0, 5, 0, 0, -2, 0, 0, 0, 0, 0, 0, 0, 0, 0, -1, 0, 0, 2, 
-1, 2 ]
EPOOL 57 [ 0, 0, -2, 0, 0, 5, 0, 0, -2, 0, 0, 0, 0, 0, 0, 0, 0, 0, 1, 0, 0, -2, 
-3, 6 ]
EPOOL 58 [ 0, 0, -2, 0, 0, 5, 0, 0, -2, 0, 0, 0, 0, 0, 0, 0, 0, 0, 6, 0, 0, -3, 
-2, 1 ]
EPOOL 59 [ 0, 0, -2, 0, 0, 5, 0, 0, -2, 0, 0, 0, 0, 0, 0, 1, 0, 0, -2, 0, -3, 0,
6, 0 ]
EPOOL 60 [ 0, 0, -2, 0, 0, 5, 0, 0, -2, 0, 0, 0, 0, 0, 0, 2, 0, 0, -1, 0, 2, 0, 
-1, 0 ]
EPOOL 61 [ 0, 0, -2, 0, 0, 5, 0, 0, -2, 0, 0, 0, 0, 0, 0, 6, 0, 0, -3, 0, -2, 0,
1, 0 ]
EPOOL 62 [ 0, 0, -2, 0, 0, 5, 0, 0, -2, 1, 0, 0, 0, -2, 0, 0, -3, 0, 0, 6, 0, 0,
0, 0 ]
EPOOL 63 [ 0, 0, -2, 0, 0, 5, 0, 0, -2, 6, 0, 0, 0, -3, 0, 0, -2, 0, 0, 1, 0, 0,
0, 0 ]
EPOOL 64 [ 0, 0, -2, 0, 0, 5, 0, 1, -2, 0, 0, -2, 0, 0, -3, 0, 0, 6, 0, 0, 0, 0,
0, 0 ]
EPOOL 65 [ 0, 0, -2, 0, 0, 5, 0, 6, -2, 0, 0, -3, 0, 0, -2, 0, 0, 1, 0, 0, 0, 0,
0, 0 ]
EPOOL 66 [ 0, 0, -2, 0, 0, 5, 1, 0, -2, -2, 0, 0, -3, 0, 0, 0, 6, 0, 0, 0, 0, 0,
0, 0 ]
EPOOL 67 [ 0, 0, -2, 0, 0, 5, 2, 0, -2, -1, 0, 0, 2, 0, 0, 0, -1, 0, 0, 0, 0, 0,
0, 0 ]
EPOOL 68 [ 0, 0, -2, 0, 0, 5, 6, 0, -2, -3, 0, 0, -2, 0, 0, 0, 1, 0, 0, 0, 0, 0,
0, 0 ]
EPOOL 69 [ 0, 0, -2, 0, 1, 5, 0, -2, -2, 0, -3, 0, 0, 0, 6, 0, 0, 0, 0, 0, 0, 0,
0, 0 ]
EPOOL 70 [ 0, 0, -2, 0, 2, 5, 0, -1, -2, 0, 2, 0, 0, 0, -1, 0, 0, 0, 0, 0, 0, 0,
0, 0 ]
EPOOL 71 [ 0, 0, -2, 0, 6, 5, 0, -3, -2, 0, -2, 0, 0, 0, 1, 0, 0, 0, 0, 0, 0, 0,
0, 0 ]
EPOOL 72 [ 0, 0, -1, -1, 1, 1, 0, 0, 2, 0, 0, 1, 0, 0, 0, 0, 0, 0, 0, 0, 0, 0, 
0, 0 ]
EPOOL 73 [ 0, 0, -1, 0, -1, 2, 0, 2, 0, 0, -2, 0, 0, 0, 5, 0, 0, -2, 0, 0, 0, 0,
0, 0 ]
EPOOL 74 [ 0, 0, -1, 0, 0, 2, -2, 0, 0, 5, 0, 0, -1, -2, 0, 0, 2, 0, 0, 0, 0, 0,
0, 0 ]
EPOOL 75 [ 0, 0, -1, 0, 0, 2, 0, 0, 0, 0, 0, 0, 0, 0, 0, -1, 0, 0, 2, 0, 0, 0, 
-1, 2 ]
EPOOL 76 [ 0, 0, 0, -1, -1, 1, 0, 0, 1, 0, 1, 3, 0, 0, 0, 0, 0, -1, 0, 0, 0, 0, 
0, 0 ]
EPOOL 77 [ 0, 0, 0, -1, 0, 0, 0, 0, 2, 0, -2, 2, 0, 0, 5, 0, 0, -3, 0, 0, 0, 0, 
0, 0 ]
EPOOL 78 [ 0, 0, 0, 0, -1, 0, -2, 2, 0, 5, 0, 0, 0, -2, 0, -1, 0, 0, 2, 0, 0, 0,
0, 0 ]
EPOOL 79 [ 0, 0, 0, 0, -1, 0, 0, 2, 0, 0, 0, 0, 0, 0, 0, 0, -1, 0, 0, 2, -1, 0, 
2, 0 ]
EPOOL 80 [ 0, 0, 0, 0, -1, 0, 0, 2, 0, 0, 1, 0, 0, 0, -1, 0, 1, 0, 0, 0, 0, 0, 
-1, 2 ]
EPOOL 81 [ 0, 0, 0, 0, -1, 0, 1, 3, 0, -1, 0, -1, 0, 1, 0, 0, 0, 0, 1, 0, 0, 0, 
0, 0 ]
EPOOL 82 [ 0, 0, 0, 0, 0, -1, -2, 0, 2, 5, 0, 0, 0, -2, 0, 0, -1, 0, 0, 2, 0, 0,
0, 0 ]
EPOOL 83 [ 0, 0, 0, 0, 0, -1, 0, -1, 2, 0, -2, 2, 0, 0, 5, 0, 0, -2, 0, 0, 0, 0,
0, 0 ]
EPOOL 84 [ 0, 0, 0, 0, 0, -1, 0, 0, 2, 0, 0, 0, 0, 0, 0, -2, 0, 0, 5, 0, 0, -2, 
-1, 2 ]
EPOOL 85 [ 0, 0, 0, 0, 0, 0, -2, -1, 0, 5, 0, 2, 0, -2, 0, 0, 0, 0, -1, 0, 0, 2,
0, 0 ]
EPOOL 86 [ 0, 0, 0, 0, 0, 0, -2, 0, 0, 5, -1, 0, 0, -2, 2, 0, 0, 0, 0, 0, -1, 0,
2, 0 ]
EPOOL 87 [ 0, 0, 0, 0, 0, 0, -2, 0, 0, 5, 0, 0, 0, -2, -1, 0, 0, 2, 0, 0, 0, 0, 
-1, 2 ]
EPOOL 88 [ 0, 0, 0, 0, 0, 0, -2, 0, 0, 5, 0, 0, 0, -2, 2, 0, 0, -1, 0, 0, 0, 0, 
2, -1 ]
EPOOL 89 [ 0, 0, 0, 0, 0, 0, -2, 0, 0, 5, 2, 0, 0, -2, -1, 0, 0, 0, 0, 0, 2, 0, 
-1, 0 ]
EPOOL 90 [ 0, 0, 0, 0, 0, 0, -2, 2, 0, 5, 0, -1, 0, -2, 0, 0, 0, 0, 2, 0, 0, -1,
0, 0 ]
EPOOL 91 [ 0, 0, 0, 0, 0, 0, -1, 0, 0, 0, -2, 0, 2, 0, 5, 2, 0, -2, 0, 0, -1, 0,
0, 0 ]
EPOOL 92 [ 0, 0, 0, 0, 0, 0, -1, 0, 0, 2, -2, 0, 0, 0, 5, 0, 0, -2, 0, 0, -1, 0,
2, 0 ]
EPOOL 93 [ 0, 0, 0, 0, 0, 0, -1, 0, 0, 2, -1, 0, 0, 0, 2, 0, 0, 0, 0, 0, 0, 0, 
-1, 2 ]
EPOOL 94 [ 0, 0, 0, 0, 0, 0, -1, 0, 0, 2, 0, 0, 0, 0, 2, 0, 0, -1, 0, 0, 1, 0, 
-1, 1 ]
EPOOL 95 [ 0, 0, 0, 0, 0, 0, 0, -1, 0, -1, 0, 2, 0, 2, 0, -2, 0, 0, 5, 0, 0, -2,
0, 0 ]
EPOOL 96 [ 0, 0, 0, 0, 0, 0, 0, -1, 0, 0, 0, 2, -1, 0, 0, 0, 2, 0, 0, 0, -1, 0, 
2, 0 ]
EPOOL 97 [ 0, 0, 0, 0, 0, 0, 0, 0, 0, -1, -2, 0, 0, 0, 5, 0, 2, -2, 2, 0, 0, 0, 
-1, 0 ]
EPOOL 98 [ 0, 0, 0, 0, 0, 0, 0, 0, 0, -1, -2, 0, 0, 2, 5, 0, 0, -2, 0, 0, 0, 0, 
-1, 2 ]
EPOOL 99 [ 0, 0, 0, 0, 0, 0, 0, 0, 0, 0, -2, 0, -1, 0, 5, -1, 2, -2, 2, 0, 0, 0,
0, 0 ]
EPOOL 100 [ 0, 0, 0, 0, 0, 0, 0, 0, 0, 0, -2, 0, 0, -1, 5, 0, 0, -2, 0, 2, 0, 2,
0, -1 ]
EPOOL 101 [ 0, 0, 0, 0, 0, 0, 0, 0, 0, 0, -2, 0, 0, 0, 5, 0, -1, -2, -1, 2, 0, 
2, 0, 0 ]
EPOOL 102 [ 0, 0, 0, 0, 0, 0, 0, 0, 0, 0, -2, 0, 0, 0, 5, 0, 2, -2, 2, -1, 0, 
-1, 0, 0 ]
EPOOL 103 [ 0, 0, 0, 0, 0, 0, 0, 0, 0, 0, -2, 0, 0, 2, 5, 0, 0, -2, 0, -1, 0, 
-1, 0, 2 ]
EPOOL 104 [ 0, 0, 0, 0, 0, 0, 0, 0, 0, 0, -2, 0, 2, 0, 5, 2, -1, -2, -1, 0, 0, 
0, 0, 0 ]
EPOOL 105 [ 0, 0, 0, 0, 0, 0, 0, 0, 0, 0, 0, 0, 0, 0, -1, -2, -1, 2, 5, 2, 0, 
-2, 0, 0 ]
EPOOL 106 [ 0, 0, 0, 0, 0, 0, 0, 0, 0, 0, 0, 0, 0, 0, 1, -2, 1, 0, 5, 0, 0, -2, 
0, 0 ]
EPOOL 107 [ 0, 0, 0, 0, 0, 0, 0, 0, 0, 0, 2, 0, 2, 0, -1, -2, -1, 0, 5, 0, 0, 
-2, 0, 0 ]
EPOOL 108 [ 0, 0, 0, 0, 0, 0, 0, 0, 0, 2, -2, 0, 0, -1, 5, 0, 0, -2, 0, 0, 0, 0,
2, -1 ]
EPOOL 109 [ 0, 0, 0, 0, 0, 0, 0, 0, 0, 2, -2, 0, 0, 0, 5, 0, -1, -2, -1, 0, 0, 
0, 2, 0 ]
EPOOL 110 [ 0, 0, 0, 0, 0, 0, 0, 0, 0, 2, -1, 0, 0, -1, 2, 0, 0, 0, 0, 0, 1, 0, 
-1, 1 ]
EPOOL 111 [ 0, 0, 0, 0, 0, 0, 0, 0, 0, 2, 0, 0, 0, -1, 2, 0, 0, -1, 0, 0, 2, 0, 
-1, 0 ]
EPOOL 112 [ 0, 0, 0, 0, 0, 0, 0, 1, 0, -1, 0, 0, 0, 1, 0, 0, 2, 0, 0, -1, 2, 0, 
-1, 0 ]
EPOOL 113 [ 0, 0, 0, 0, 0, 0, 0, 1, 0, 1, 0, 0, 0, 0, 0, -2, 0, 0, 5, 0, 0, -2, 
0, 0 ]
EPOOL 114 [ 0, 0, 0, 0, 0, 0, 0, 2, 0, 0, 0, -1, 0, 0, -1, 0, 1, 1, 0, 0, 2, 0, 
-1, 0 ]
EPOOL 115 [ 0, 0, 0, 0, 0, 0, 0, 2, 0, 0, 0, -1, 2, 0, 0, 0, -1, 0, 0, 0, 0, 0, 
2, -1 ]
EPOOL 116 [ 0, 0, 0, 0, 0, 0, 1, -1, 0, 0, 0, 2, 0, 0, 0, 1, 0, 0, 0, 0, 0, 0, 
0, 0 ]
EPOOL 117 [ 0, 0, 0, 0, 0, 0, 1, 1, 0, -1, 0, 0, -1, 0, 0, 0, 2, 0, 0, 0, 0, 0, 
-1, 2 ]
EPOOL 118 [ 0, 0, 0, 0, 0, 0, 2, 0, 0, -1, -2, 0, 0, 0, 5, 0, 0, -2, 0, 0, 2, 0,
-1, 0 ]
EPOOL 119 [ 0, 0, 0, 0, 0, 0, 2, 0, 0, 0, -2, 0, -1, 0, 5, -1, 0, -2, 0, 0, 2, 
0, 0, 0 ]
EPOOL 120 [ 0, 0, 0, 0, 0, 1, 0, 0, 0, 0, 0, 0, 0, 0, 0, -2, 0, 0, 5, 0, 0, -2, 
1, 0 ]
EPOOL 121 [ 0, 0, 0, 0, 0, 1, 1, 0, 0, -1, 0, 0, -1, 1, 0, 0, 3, 0, 0, -1, 0, 0,
0, 0 ]
EPOOL 122 [ 0, 0, 0, 0, 0, 2, -2, 0, -1, 5, 0, 0, 0, -2, 0, 0, 2, 0, 0, -1, 0, 
0, 0, 0 ]
EPOOL 123 [ 0, 0, 0, 0, 0, 2, 0, 0, -1, 0, 0, 0, 0, 0, 0, 0, 0, 0, 2, 0, 2, -1, 
-1, 0 ]
EPOOL 124 [ 0, 0, 0, 0, 0, 2, 0, 2, -1, 0, -2, -1, 0, 0, 5, 0, 0, -2, 0, 0, 0, 
0, 0, 0 ]
EPOOL 125 [ 0, 0, 0, 0, 2, 0, -2, -1, 0, 5, 0, 0, 0, -2, 0, 2, 0, 0, -1, 0, 0, 
0, 0, 0 ]
EPOOL 126 [ 0, 0, 0, 0, 2, 0, 0, -1, 0, 0, 0, 0, 0, 0, 0, 0, 2, 0, 0, -1, 0, 0, 
2, -1 ]
EPOOL 127 [ 0, 0, 0, 0, 2, 0, 0, -1, 0, 0, 0, 0, 0, 1, 0, 0, 0, 0, 0, 0, 0, 1, 
0, 0 ]
EPOOL 128 [ 0, 0, 0, 0, 2, 0, 0, -1, 1, 0, 0, 0, 0, 0, 0, 0, 0, 1, 0, 0, 0, 0, 
0, 0 ]
EPOOL 129 [ 0, 0, 0, 0, 2, 0, 2, -1, 0, -1, 0, 0, 0, 0, 0, -2, 0, 0, 5, 0, 0, 
-2, 0, 0 ]
EPOOL 130 [ 0, 0, 0, 2, 0, 0, 0, 0, -1, 0, -2, -1, 0, 0, 5, 0, 0, 0, 0, 0, 0, 0,
0, 0 ]
EPOOL 131 [ 0, 0, 1, 0, 0, 0, 0, -1, 0, 0, 1, 2, 0, 0, 0, 0, 0, 0, 0, 0, 0, 0, 
0, 0 ]
EPOOL 132 [ 0, 0, 2, 0, 0, -1, -2, 0, 0, 5, 0, 0, 2, -2, 0, 0, -1, 0, 0, 0, 0, 
0, 0, 0 ]
EPOOL 133 [ 0, 0, 2, 0, 0, -1, 0, 0, 0, 0, 0, 0, 0, 0, 0, -2, 0, 0, 5, 0, 2, -2,
-1, 0 ]
EPOOL 134 [ 0, 0, 2, 0, 2, -1, 0, -1, 0, 0, -2, 0, 0, 0, 5, 0, 0, -2, 0, 0, 0, 
0, 0, 0 ]
EPOOL 135 [ 0, 1, -2, -2, 0, 2, 0, 0, 4, 0, 0, 0, 0, 0, 0, 0, 0, 0, 0, 0, 0, 0, 
0, 0 ]
EPOOL 136 [ 0, 1, -1, -1, 0, 1, 0, 0, 1, 1, 0, 0, 1, 0, 0, 0, 0, 0, 0, 0, 0, 0, 
0, 0 ]
EPOOL 137 [ 0, 1, -1, -1, 1, 1, 0, 0, 1, 0, 0, 0, 0, 0, 1, 0, 0, 0, 0, 0, 0, 0, 
0, 0 ]
EPOOL 138 [ 0, 1, 0, -1, 0, 0, 0, 0, 1, 0, -2, 1, 0, 0, 6, 0, 0, -3, 0, 0, 0, 0,
0, 0 ]
EPOOL 139 [ 0, 1, 0, 0, 0, 0, 0, 0, 0, 0, 0, 0, 0, 0, 0, -2, 0, 0, 6, 0, 0, -2, 
0, 0 ]
EPOOL 140 [ 0, 1, 0, 0, 0, 0, 0, 0, 0, 0, 0, 0, 0, 0, 0, 0, 0, 0, -1, 0, 2, 1, 
1, -1 ]
EPOOL 141 [ 0, 1, 0, 0, 0, 0, 0, 0, 0, 0, 0, 0, 0, 0, 0, 1, 0, 0, -3, 0, -1, 4, 
3, -2 ]
EPOOL 142 [ 0, 1, 0, 0, 0, 0, 0, 0, 0, 0, 0, 0, 0, 0, 0, 1, 0, 0, -1, 0, -1, 0, 
1, 2 ]
EPOOL 143 [ 0, 1, 0, 0, 0, 0, 0, 0, 0, 0, 0, 0, 0, 0, 0, 4, 0, 0, -3, 0, -2, 1, 
3, -1 ]
EPOOL 144 [ 0, 1, 0, 0, 0, 0, 1, 0, 0, -2, 0, 0, -1, 1, 0, 0, 4, 0, 0, -1, 0, 0,
0, 0 ]
EPOOL 145 [ 0, 2, 0, -1, -2, 0, 0, 3, 0, 0, 4, -1, 0, 0, -2, 0, 0, 0, 0, 0, 0, 
0, 0, 0 ]
EPOOL 146 [ 0, 2, 0, -1, -1, 0, 0, 1, 0, 0, 1, 2, 0, 0, 0, 0, 0, -1, 0, 0, 0, 0,
0, 0 ]
EPOOL 147 [ 0, 2, 0, -1, 0, -1, 0, 0, 1, 0, 0, 0, 0, 0, 0, 0, 0, 0, 0, 0, 2, 0, 
0, 0 ]
EPOOL 148 [ 0, 2, 0, -1, 0, 0, -2, 0, 0, 7, 0, 0, 0, -3, 0, 0, 0, 0, 0, 0, 0, 0,
0, 0 ]
EPOOL 149 [ 0, 2, 0, -1, 0, 0, 0, 0, 0, 0, -2, 0, 0, 0, 7, 0, 0, -3, 0, 0, 0, 0,
0, 0 ]
EPOOL 150 [ 0, 2, 0, -1, 0, 0, 0, 0, 0, 0, 0, 0, 2, 0, 0, 0, 1, 0, 0, -1, 0, 0, 
0, 0 ]
EPOOL 151 [ 0, 2, 0, -1, 0, 0, 1, 0, 0, 0, 0, 0, -1, -1, 0, 0, 1, 0, 0, 2, 0, 0,
0, 0 ]
EPOOL 152 [ 0, 2, 0, -1, 0, 0, 4, 0, 0, -2, 0, 0, -2, 0, 0, 0, 3, 0, 0, -1, 0, 
0, 0, 0 ]
EPOOL 153 [ 0, 2, 0, -1, 1, 0, 0, -1, 0, 0, 0, 0, 0, 0, 0, -1, 0, 0, 2, 0, 0, 1,
0, 0 ]
EPOOL 154 [ 0, 2, 0, -1, 2, 0, 0, 1, 0, 0, 0, -1, 0, 0, 0, 0, 0, 0, 0, 0, 0, 0, 
0, 0 ]
EPOOL 155 [ 0, 2, 0, 0, 0, -1, 0, -1, 0, 0, -2, 0, 0, 0, 7, 0, 0, -2, 0, 0, 0, 
0, 0, 0 ]
EPOOL 156 [ 0, 6, -2, -3, 0, 3, 0, 0, -1, 0, 0, 0, 0, 0, 0, 0, 0, 0, 0, 0, 0, 0,
0, 0 ]
EPOOL 157 [ 1, -1, -2, 0, 0, 4, 1, 0, -1, 0, 0, 0, 0, 0, 0, 0, 0, 0, 0, 1, 0, 0,
0, 0 ]
EPOOL 158 [ 1, -1, 0, 0, -2, 0, 0, 4, 0, 0, 0, -1, 0, 1, 0, 1, 0, 0, 0, 0, 0, 0,
0, 0 ]
EPOOL 159 [ 1, -1, 0, 0, 0, 1, 0, 1, 0, 0, -1, 0, 0, 0, 4, 0, 0, -2, 0, 0, 0, 0,
0, 0 ]
EPOOL 160 [ 1, -1, 0, 1, 0, 0, -1, 0, 0, 4, 0, 0, 0, -1, 0, 0, 0, 0, 0, 0, 0, 0,
0, 0 ]
EPOOL 161 [ 1, -1, 0, 1, 0, 0, 0, 0, 0, 0, -1, 0, 0, 0, 4, 0, 0, -1, 0, 0, 0, 0,
0, 0 ]
EPOOL 162 [ 1, -1, 1, 0, -2, 0, 0, 4, 0, 0, 0, -1, 0, 0, 0, 0, 0, 1, 0, 0, 0, 0,
0, 0 ]
EPOOL 163 [ 1, 1, 0, -1, -3, 0, 0, 6, 0, 0, 0, -1, 0, 0, 0, 0, 0, 0, 0, 0, 0, 0,
0, 0 ]
EPOOL 164 [ 1, 1, 0, 1, 0, 0, -1, 0, 0, 2, 0, 0, 0, -1, 0, 0, 0, 0, 0, 0, 0, 0, 
0, 0 ]
EPOOL 165 [ 2, -1, 0, 0, 0, -1, 0, 0, 3, 0, 0, 0, 0, 0, 1, 0, 0, -1, 0, 0, 0, 0,
0, 0 ]
EPOOL 166 [ 2, -1, 0, 0, 0, 0, 0, 0, 0, -1, 0, 0, 0, 3, 0, 0, 0, 0, 1, 0, 0, -1,
0, 0 ]
EPOOL 167 [ 2, -1, 0, 0, 0, 0, 0, 0, 0, 0, 0, 0, 0, 0, 0, 0, 0, 0, 4, 0, 0, -2, 
0, 0 ]
EPOOL 168 [ 2, -1, 0, 0, 0, 0, 0, 0, 0, 0, 0, 0, 0, 0, 4, 0, 0, -2, 0, 0, 0, 0, 
0, 0 ]
EPOOL 169 [ 2, -1, 0, 0, 0, 0, 0, 0, 0, 1, 0, 0, 0, -1, 0, 0, 0, 0, -1, 0, 0, 3,
0, 0 ]
EPOOL 170 [ 2, -1, 0, 0, 0, 0, 0, 0, 0, 4, 0, 0, 0, -2, 0, 0, 0, 0, 0, 0, 0, 0, 
0, 0 ]
EPOOL 171 [ 2, -1, 0, 0, 0, 1, 0, 0, -1, 0, 0, 0, 0, 0, -1, 0, 0, 3, 0, 0, 0, 0,
0, 0 ]
EPOOL 172 [ 2, -1, 0, 0, 0, 4, 0, 0, -2, 0, 0, 0, 0, 0, 0, 0, 0, 0, 0, 0, 0, 0, 
0, 0 ]
EPOOL 173 [ 2, 0, -1, 0, -1, 0, 0, 0, 0, 0, 0, 0, 0, 0, 5, 0, 0, -2, 0, 0, 0, 0,
0, 0 ]
EPOOL 174 [ 3, -3, -3, 3, 0, 6, 0, 0, -3, 0, 0, 0, 0, 0, 0, 0, 0, 0, 0, 0, 0, 0,
0, 0 ]
EPOOL 175 [ 3, -2, -2, 0, 1, 3, 0, 0, -1, 0, 0, 1, 0, 0, 0, 0, 0, 0, 0, 0, 0, 0,
0, 0 ]
EPOOL 176 [ 3, -1, -3, -1, 0, 4, 0, 0, 1, 0, 0, 0, 0, 0, 0, 0, 0, 0, 0, 0, 0, 0,
0, 0 ]
EPOOL 177 [ 4, 0, 0, -1, -2, 0, 0, 3, 0, 0, 0, -1, 0, 0, 0, 0, 0, 0, 0, 0, 0, 0,
0, 0 ]
EPOOL 178 [ 6, -3, -4, 0, 0, 6, 0, 0, -2, 0, 0, 0, 0, 0, 0, 0, 0, 0, 0, 0, 0, 0,
0, 0 ]
rho 64/1152 (len 3)
rho 128/1152 (len 3)
rho 192/1152 (len 3)
rho 256/1152 (len 3)
rho 320/1152 (len 3)
rho 384/1152 (len 3)
rho 448/1152 (len 5)
rho 512/1152 (len 5)
rho 576/1152 (len 5)
rho 640/1152 (len 5)
rho 704/1152 (len 5)
rho 768/1152 (len 5)
rho 832/1152 (len 7)
rho 896/1152 (len 5)
