BASE 15 2  M = 60  ds = [ 1, 2, 3, 4, 5, 6, 10, 12, 15, 20, 30, 60 ]
|D| = 1800  invariants = [ 2, 30, 30 ]
level(Dbar) = 60 (verified on the generators)
p = 2: |J_p| = 8  (multiplier modulus 8)
p = 3: |J_p| = 9  (multiplier modulus 9)
p = 5: |J_p| = 25  (multiplier modulus 25)
Jordan basis J_2 (2-rank 3): [
[ 0, 15, 0 ],
[ 1, 0, 15 ],
[ 1, 15, 0 ]
]  Q*4: [ 3, 1, 1 ]  x_c = [ 0, 0, 15 ]
sign(Dbar) = 1 mod 8 (2-part 1)
#isotropic = 3, tracking coset index 2  coords [ 1, 0, 0 ]
VERIFY Qbar: 0/1800 mismatches
VERIFY B: 0 mismatches on the 200x200 corner
VERIFY J_2: model 8  library 8  OK
VERIFY J_3: model 9  library 9  OK
VERIFY J_5: model 25  library 25  OK
#cosets = 144
rhov done (coordinate model, 11 YTab keys)
CTL: worst |closed - FFT| = 7.25040299573033758175724347629E-80 at word 144  
(96/144 FFT entries nonzero)
CTL VERDICT: PASS
E constant table built
RHOV 2 1 0.016666666666666666666666666666666666666666666666667 
0.016666666666666666666666666666666666666666666666667
RHOV 3 1 0.016666666666666666666666666666666666666666666666667 
0.016666666666666666666666666666666666666666666666667
RHOV 4 1 0.016666666666666666666666666666666666666666666666667 
0.016666666666666666666666666666666666666666666666667
RHOV 5 1 0.016666666666666666666666666666666666666666666666667 
0.016666666666666666666666666666666666666666666666667
RHOV 6 1 0.016666666666666666666666666666666666666666666666667 
0.016666666666666666666666666666666666666666666666667
RHOV 7 1 0.016666666666666666666666666666666666666666666666667 
0.016666666666666666666666666666666666666666666666667
RHOV 8 1 0.016666666666666666666666666666666666666666666666667 
0.016666666666666666666666666666666666666666666666667
RHOV 9 1 0.016666666666666666666666666666666666666666666666667 
0.016666666666666666666666666666666666666666666666667
RHOV 10 1 0.016666666666666666666666666666666666666666666666667 
0.016666666666666666666666666666666666666666666666667
RHOV 11 1 0.016666666666666666666666666666666666666666666666667 
0.016666666666666666666666666666666666666666666666667
RHOV 12 1 0.016666666666666666666666666666666666666666666666667 
0.016666666666666666666666666666666666666666666666667
RHOV 13 1 0.016666666666666666666666666666666666666666666666667 
0.016666666666666666666666666666666666666666666666667
RHOV 14 1 0.016666666666666666666666666666666666666666666666667 
0.016666666666666666666666666666666666666666666666667
RHOV 15 1 0.016666666666666666666666666666666666666666666666667 
0.016666666666666666666666666666666666666666666666667
RHOV 16 1 0.016666666666666666666666666666666666666666666666667 
0.016666666666666666666666666666666666666666666666667
RHOV 17 1 0.016666666666666666666666666666666666666666666666667 
0.016666666666666666666666666666666666666666666666667
RHOV 18 1 0.016666666666666666666666666666666666666666666666667 
0.016666666666666666666666666666666666666666666666667
RHOV 19 1 0.016666666666666666666666666666666666666666666666667 
0.016666666666666666666666666666666666666666666666667
RHOV 20 1 0.016666666666666666666666666666666666666666666666667 
0.016666666666666666666666666666666666666666666666667
RHOV 21 1 0.016666666666666666666666666666666666666666666666667 
0.016666666666666666666666666666666666666666666666667
RHOV 22 1 0.016666666666666666666666666666666666666666666666667 
0.016666666666666666666666666666666666666666666666667
RHOV 23 1 0.016666666666666666666666666666666666666666666666667 
0.016666666666666666666666666666666666666666666666667
RHOV 24 1 0.016666666666666666666666666666666666666666666666667 
0.016666666666666666666666666666666666666666666666667
RHOV 25 1 0.016666666666666666666666666666666666666666666666667 
0.016666666666666666666666666666666666666666666666667
RHOV 26 1 0.016666666666666666666666666666666666666666666666667 
0.016666666666666666666666666666666666666666666666667
RHOV 27 1 0.016666666666666666666666666666666666666666666666667 
0.016666666666666666666666666666666666666666666666667
RHOV 28 1 0.016666666666666666666666666666666666666666666666667 
0.016666666666666666666666666666666666666666666666667
RHOV 29 1 0.016666666666666666666666666666666666666666666666667 
0.016666666666666666666666666666666666666666666666667
RHOV 30 1 0.016666666666666666666666666666666666666666666666667 
0.016666666666666666666666666666666666666666666666667
RHOV 31 1 0.016666666666666666666666666666666666666666666666667 
0.016666666666666666666666666666666666666666666666667
RHOV 32 1 0.016666666666666666666666666666666666666666666666667 
0.016666666666666666666666666666666666666666666666667
RHOV 33 1 0.016666666666666666666666666666666666666666666666667 
0.016666666666666666666666666666666666666666666666667
RHOV 34 1 0.016666666666666666666666666666666666666666666666667 
0.016666666666666666666666666666666666666666666666667
RHOV 35 1 0.016666666666666666666666666666666666666666666666667 
0.016666666666666666666666666666666666666666666666667
RHOV 36 1 0.016666666666666666666666666666666666666666666666667 
0.016666666666666666666666666666666666666666666666667
RHOV 37 1 0.016666666666666666666666666666666666666666666666667 
0.016666666666666666666666666666666666666666666666667
RHOV 38 1 0.016666666666666666666666666666666666666666666666667 
0.016666666666666666666666666666666666666666666666667
RHOV 39 1 0.016666666666666666666666666666666666666666666666667 
0.016666666666666666666666666666666666666666666666667
RHOV 40 1 0.016666666666666666666666666666666666666666666666667 
0.016666666666666666666666666666666666666666666666667
RHOV 41 1 0.016666666666666666666666666666666666666666666666667 
0.016666666666666666666666666666666666666666666666667
RHOV 42 1 0.016666666666666666666666666666666666666666666666667 
0.016666666666666666666666666666666666666666666666667
RHOV 43 1 0.016666666666666666666666666666666666666666666666667 
0.016666666666666666666666666666666666666666666666667
RHOV 44 1 0.016666666666666666666666666666666666666666666666667 
0.016666666666666666666666666666666666666666666666667
RHOV 45 1 0.016666666666666666666666666666666666666666666666667 
0.016666666666666666666666666666666666666666666666667
RHOV 46 1 0.016666666666666666666666666666666666666666666666667 
0.016666666666666666666666666666666666666666666666667
RHOV 47 1 0.016666666666666666666666666666666666666666666666667 
0.016666666666666666666666666666666666666666666666667
RHOV 48 1 0.016666666666666666666666666666666666666666666666667 
0.016666666666666666666666666666666666666666666666667
RHOV 49 1 0.016666666666666666666666666666666666666666666666667 
0.016666666666666666666666666666666666666666666666667
RHOV 50 1 0.016666666666666666666666666666666666666666666666667 
0.016666666666666666666666666666666666666666666666667
RHOV 51 1 0.016666666666666666666666666666666666666666666666667 
0.016666666666666666666666666666666666666666666666667
RHOV 52 1 0.016666666666666666666666666666666666666666666666667 
0.016666666666666666666666666666666666666666666666667
RHOV 53 1 0.016666666666666666666666666666666666666666666666667 
0.016666666666666666666666666666666666666666666666667
RHOV 54 1 0.016666666666666666666666666666666666666666666666667 
0.016666666666666666666666666666666666666666666666667
RHOV 55 1 0.016666666666666666666666666666666666666666666666667 
0.016666666666666666666666666666666666666666666666667
RHOV 56 1 0.016666666666666666666666666666666666666666666666667 
0.016666666666666666666666666666666666666666666666667
RHOV 57 1 0.016666666666666666666666666666666666666666666666667 
0.016666666666666666666666666666666666666666666666667
RHOV 58 1 0.016666666666666666666666666666666666666666666666667 
0.016666666666666666666666666666666666666666666666667
RHOV 59 1 0.016666666666666666666666666666666666666666666666667 
0.016666666666666666666666666666666666666666666666667
RHOV 60 1 0.016666666666666666666666666666666666666666666666667 
0.016666666666666666666666666666666666666666666666667
RHOV 61 1 0.016666666666666666666666666666666666666666666666667 
0.016666666666666666666666666666666666666666666666667
RHOV 77 3 0.050000000000000000000000000000000000000000000000000 
-0.050000000000000000000000000000000000000000000000000
RHOV 78 3 0.050000000000000000000000000000000000000000000000000 
-0.050000000000000000000000000000000000000000000000000
RHOV 79 3 0.050000000000000000000000000000000000000000000000000 
-0.050000000000000000000000000000000000000000000000000
RHOV 80 3 0.050000000000000000000000000000000000000000000000000 
-0.050000000000000000000000000000000000000000000000000
RHOV 81 3 0.050000000000000000000000000000000000000000000000000 
-0.050000000000000000000000000000000000000000000000000
RHOV 82 3 0.050000000000000000000000000000000000000000000000000 
-0.050000000000000000000000000000000000000000000000000
RHOV 83 3 0.050000000000000000000000000000000000000000000000000 
-0.050000000000000000000000000000000000000000000000000
RHOV 84 3 0.050000000000000000000000000000000000000000000000000 
-0.050000000000000000000000000000000000000000000000000
RHOV 85 3 0.050000000000000000000000000000000000000000000000000 
-0.050000000000000000000000000000000000000000000000000
RHOV 86 3 0.050000000000000000000000000000000000000000000000000 
-0.050000000000000000000000000000000000000000000000000
RHOV 87 3 0.050000000000000000000000000000000000000000000000000 
-0.050000000000000000000000000000000000000000000000000
RHOV 88 3 0.050000000000000000000000000000000000000000000000000 
-0.050000000000000000000000000000000000000000000000000
RHOV 89 3 0.050000000000000000000000000000000000000000000000000 
-0.050000000000000000000000000000000000000000000000000
RHOV 90 3 0.050000000000000000000000000000000000000000000000000 
-0.050000000000000000000000000000000000000000000000000
RHOV 91 3 0.050000000000000000000000000000000000000000000000000 
-0.050000000000000000000000000000000000000000000000000
RHOV 92 3 0.050000000000000000000000000000000000000000000000000 
-0.050000000000000000000000000000000000000000000000000
RHOV 93 3 0.050000000000000000000000000000000000000000000000000 
-0.050000000000000000000000000000000000000000000000000
RHOV 94 3 0.050000000000000000000000000000000000000000000000000 
-0.050000000000000000000000000000000000000000000000000
RHOV 95 3 0.050000000000000000000000000000000000000000000000000 
-0.050000000000000000000000000000000000000000000000000
RHOV 96 3 0.050000000000000000000000000000000000000000000000000 
-0.050000000000000000000000000000000000000000000000000
RHOV 112 5 0.083333333333333333333333333333333333333333333333333 
0.083333333333333333333333333333333333333333333333333
RHOV 113 5 0.083333333333333333333333333333333333333333333333333 
0.083333333333333333333333333333333333333333333333333
RHOV 114 5 -0.083333333333333333333333333333333333333333333333333 
-0.083333333333333333333333333333333333333333333333333
RHOV 115 5 -0.083333333333333333333333333333333333333333333333333 
-0.083333333333333333333333333333333333333333333333333
RHOV 116 5 0.083333333333333333333333333333333333333333333333333 
0.083333333333333333333333333333333333333333333333333
RHOV 117 5 0.083333333333333333333333333333333333333333333333333 
0.083333333333333333333333333333333333333333333333333
RHOV 118 5 -0.083333333333333333333333333333333333333333333333333 
-0.083333333333333333333333333333333333333333333333333
RHOV 119 5 -0.083333333333333333333333333333333333333333333333333 
-0.083333333333333333333333333333333333333333333333333
RHOV 120 5 0.083333333333333333333333333333333333333333333333333 
0.083333333333333333333333333333333333333333333333333
RHOV 121 5 0.083333333333333333333333333333333333333333333333333 
0.083333333333333333333333333333333333333333333333333
RHOV 122 5 0.083333333333333333333333333333333333333333333333333 
0.083333333333333333333333333333333333333333333333333
RHOV 123 5 0.083333333333333333333333333333333333333333333333333 
0.083333333333333333333333333333333333333333333333333
RHOV 137 15 -0.25000000000000000000000000000000000000000000000000 
0.25000000000000000000000000000000000000000000000000
RHOV 138 15 -0.25000000000000000000000000000000000000000000000000 
0.25000000000000000000000000000000000000000000000000
RHOV 139 15 -0.25000000000000000000000000000000000000000000000000 
0.25000000000000000000000000000000000000000000000000
RHOV 140 15 -0.25000000000000000000000000000000000000000000000000 
0.25000000000000000000000000000000000000000000000000

In file "vvdata/weyl-campaign/eis32s.m", line 503, column 7:
>> tr := &+[ G2[a][a] : a in [1..ncol] ];
         ^
Runtime error in '&+': Illegal null sequence

