BASE 21 2  M = 84  ds = [ 1, 2, 3, 4, 6, 7, 12, 14, 21, 28, 42, 84 ]
#cosets = 192
#monomials = 101
#holomorphic triple E's = 1 (cap 80)
#E's after external pool = 15
EPOOL 1 [ -6, 15, 0, -6, 0, 0, 0, 0, 0, 0, 0, 0 ]
EPOOL 2 [ -3, 6, -1, 0, 3, 0, -2, 0, 0, 0, 0, 0 ]
EPOOL 3 [ -2, 1, 4, 0, 2, 0, -2, 0, 0, 0, 0, 0 ]
EPOOL 4 [ -1, 2, 0, 0, 0, -3, 0, 7, 0, -2, 0, 0 ]
EPOOL 5 [ -1, 2, 0, 0, 0, 0, 0, 0, -1, 0, 1, 2 ]
EPOOL 6 [ 0, -3, -2, 6, 6, 0, -4, 0, 0, 0, 0, 0 ]
EPOOL 7 [ 0, -1, -2, 2, 4, 0, 0, 0, 0, 0, 0, 0 ]
EPOOL 8 [ 0, -1, 0, 2, 0, -2, 0, 4, 0, 0, 0, 0 ]
EPOOL 9 [ 0, 1, -2, -2, 2, 0, 4, 0, 0, 0, 0, 0 ]
EPOOL 10 [ 0, 2, 0, -1, 0, -2, 0, 7, 0, -3, 0, 0 ]
EPOOL 11 [ 0, 2, 0, -1, 0, 0, 0, 0, 2, 0, 1, -1 ]
EPOOL 12 [ 0, 6, -2, -3, 3, 0, -1, 0, 0, 0, 0, 0 ]
EPOOL 13 [ 2, -1, 0, 0, 0, 0, 0, 4, 0, -2, 0, 0 ]
EPOOL 14 [ 2, -1, 0, 0, 4, 0, -2, 0, 0, 0, 0, 0 ]
EPOOL 15 [ 6, -3, -4, 0, 6, 0, -2, 0, 0, 0, 0, 0 ]
  E 10/15 done
E constant table built
SOLVE resid = 3.799229357E-41  (|rho| = 0.8728715609)
RHO IS IN THE SPAN: E* found
BETA 4 -1.60000000000000000000000000000 1.42587178086217846062413630308E-38  r=[
-1, 2, 0, 0, 0, -3, 0, 7, 0, -2, 0, 0 ]
BETA 5 8.00000000000000000000000000000 1.84678812200765720246788904604E-77  r=[ 
-1, 2, 0, 0, 0, 0, 0, 0, -1, 0, 1, 2 ]
BETA 8 -0.800000000000000000000000000000 -2.85174356172435692124827260617E-38  
r=[ 0, -1, 0, 2, 0, -2, 0, 4, 0, 0, 0, 0 ]
oo-coset index 1
ESTAR oo-expansion (exponent grid q^(n/24)):
ECOEF 24/24 -1.60000000000000000000000000000 1.42587178086217846062413630308E-38
ECOEF 48/24 -2.40000000000000000000000000000 
-1.42587178086217846062413630308E-38
ECOEF 96/24 -2.40000000000000000000000000000 
-1.42587178086217846062413630308E-38
ECOEF 168/24 -1.60000000000000000000000000000 
1.42587178086217846062413630308E-38
ECOEF 192/24 2.40000000000000000000000000000 1.42587178086217846062413630308E-38
ECOEF 216/24 1.60000000000000000000000000000 
-1.42587178086217846062413630308E-38
ECOEF 336/24 2.40000000000000000000000000000 1.42587178086217846062413630308E-38
ECOEF 360/24 -4.80000000000000000000000000000 
-2.85174356172435692124827260617E-38
ECOEF 384/24 -5.60000000000000000000000000000 
1.42587178086217846062413630308E-38
ECOEF 432/24 -0.800000000000000000000000000000 
4.27761534258653538187240890925E-38
ECOEF 504/24 -4.80000000000000000000000000000 
-2.85174356172435692124827260617E-38
ECOEF 528/24 -4.80000000000000000000000000000 
-2.85174356172435692124827260617E-38
ECOEF 600/24 -6.40000000000000000000000000000 
-1.42587178086217846062413630308E-38
ECOEF 672/24 -2.40000000000000000000000000000 
-1.42587178086217846062413630308E-38
ECOEF 720/24 -3.20000000000000000000000000000 
2.85174356172435692124827260617E-38
ECOEF 768/24 -2.40000000000000000000000000000 
-1.42587178086217846062413630308E-38
ECOEF 864/24 -5.60000000000000000000000000000 
1.42587178086217846062413630308E-38
ECOEF 888/24 -6.40000000000000000000000000000 
5.70348712344871384249654521233E-38
ECOEF 936/24 -3.20000000000000000000000000000 
2.85174356172435692124827260617E-38
DONE
