BASE 15 2  M = 60
#panel monomials = 86, #E pool = 21
pass 1: constants
  coset 24/144
  coset 48/144
  coset 72/144
  coset 96/144
  coset 120/144
  coset 144/144
SOLVE resid = 4.069421639E-42
pass 2: convolutions
E0COEF g=60 W=1 24/24 -0.221569888441942683812944402636 
1.02938359194391183512251299621E-37
  conv coset 1/144 class 60 done
E0COEF g=1 W=60 0/1440 0.0166666666666666666666666666667 
0.0166666666666666666666666666667
E0COEF g=1 W=60 24/1440 -0.0372676527072242736344248789344 
-0.0372676527072242736344248789344
E0COEF g=1 W=60 48/1440 0.0593528226350102262776439195550 
0.0593528226350102262776439195550
E0COEF g=1 W=60 72/1440 0.0186338263536121368172124394672 
0.0186338263536121368172124394672
E0COEF g=1 W=60 96/1440 -0.0923728491520766816353593810217 
-0.0923728491520766816353593810217
E0COEF g=1 W=60 120/1440 -0.0110066755056888184525718204889 
-0.0110066755056888184525718204889
E0COEF g=1 W=60 144/1440 0.0296405018593009552697842599561 
0.0296405018593009552697842599561
E0COEF g=1 W=60 168/1440 0.0220133510113776369051436409778 
0.0220133510113776369051436409778
E0COEF g=1 W=60 192/1440 -0.0373394716236325893725002785773 
-0.0373394716236325893725002785773
E0COEF g=1 W=60 216/1440 -0.0220133510113776369051436409778 
-0.0220133510113776369051436409778
E0COEF g=1 W=60 240/1440 0.00369283147403237806354907337727 
0.00369283147403237806354907337727
E0COEF g=1 W=60 264/1440 0.0965486564258261841739933988465 
0.0965486564258261841739933988465
E0COEF g=1 W=60 288/1440 0.00337952465776550008793120151057 
0.00337952465776550008793120151057
E0COEF g=1 W=60 312/1440 0.0220133510113776369051436409778 
0.0220133510113776369051436409778
E0COEF g=1 W=60 336/1440 0.0220133510113776369051436409778 
0.0220133510113776369051436409778
E0COEF g=1 W=60 360/1440 -0.00369283147403237806354907337727 
-0.00369283147403237806354907337727
E0COEF g=1 W=60 384/1440 -0.0923728491520766816353593810217 
-0.0923728491520766816353593810217
E0COEF g=1 W=60 408/1440 -0.184745698304153363270718762043 
-0.184745698304153363270718762043
E0COEF g=1 W=60 432/1440 0.0220851699277859526432190406207 
0.0220851699277859526432190406207
E0COEF g=1 W=60 456/1440 0.140718996281398089460431480088 
0.140718996281398089460431480088
E0COEF g=1 W=60 480/1440 -0.0146995069797211965161208938661 
-0.0146995069797211965161208938661
E0COEF g=1 W=60 504/1440 -0.0220133510113776369051436409778 
-0.0220133510113776369051436409778
E0COEF g=1 W=60 528/1440 0.0965486564258261841739933988465 
0.0965486564258261841739933988465
E0COEF g=1 W=60 552/1440 0.0441703398555719052864380812414 
0.0441703398555719052864380812414
E0COEF g=1 W=60 576/1440 -0.0296405018593009552697842599561 
-0.0296405018593009552697842599561
E0COEF g=1 W=60 600/1440 -0.0446533156552890297615230256889 
-0.0446533156552890297615230256889
E0COEF g=1 W=60 624/1440 0.0661836908669495421915817222192 
0.0661836908669495421915817222192
E0COEF g=1 W=60 648/1440 -0.0186338263536121368172124394672 
-0.0186338263536121368172124394672
E0COEF g=1 W=60 672/1440 -0.0660400530341329107154309229333 
-0.0660400530341329107154309229333
E0COEF g=1 W=60 696/1440 0.0220133510113776369051436409778 
0.0220133510113776369051436409778
E0COEF g=1 W=60 720/1440 -0.0186338263536121368172124394672 
-0.0186338263536121368172124394672
E0COEF g=1 W=60 744/1440 0.140718996281398089460431480088 
0.140718996281398089460431480088
E0COEF g=1 W=60 768/1440 -0.199928181083591684261924600357 
-0.199928181083591684261924600357
E0COEF g=1 W=60 792/1440 -0.140718996281398089460431480088 
-0.140718996281398089460431480088
E0COEF g=1 W=60 816/1440 0.215254301695846636729281237957 
0.215254301695846636729281237957
E0COEF g=1 W=60 840/1440 0.00738566294806475612709814675454 
0.00738566294806475612709814675454
E0COEF g=1 W=60 864/1440 -0.0483461471293214078250720990662 
-0.0483461471293214078250720990662
E0COEF g=1 W=60 888/1440 0.0220133510113776369051436409778 
0.0220133510113776369051436409778
E0COEF g=1 W=60 912/1440 0.193097312851652368347986797693 
0.193097312851652368347986797693
E0COEF g=1 W=60 960/1440 -0.00369283147403237806354907337727 
-0.00369283147403237806354907337727
E0COEF g=1 W=60 984/1440 -0.355973297977244726189712718045 
-0.355973297977244726189712718045
E0COEF g=1 W=60 1008/1440 0.0592810037186019105395685199121 
0.0592810037186019105395685199121
E0COEF g=1 W=60 1032/1440 0.118562007437203821079137039824 
0.118562007437203821079137039824
E0COEF g=1 W=60 1056/1440 -0.0525219544030709103637061168910 
-0.0525219544030709103637061168910
E0COEF g=1 W=60 1080/1440 0.0110066755056888184525718204889 
0.0110066755056888184525718204889
  conv coset 2/144 class 1 done
  conv coset 3/144 class 1 done
  conv coset 4/144 class 1 done
  conv coset 5/144 class 1 done
  conv coset 6/144 class 1 done
  conv coset 7/144 class 1 done
  conv coset 8/144 class 1 done
  conv coset 9/144 class 1 done
  conv coset 10/144 class 1 done
  conv coset 11/144 class 1 done
  conv coset 12/144 class 1 done
  conv coset 13/144 class 1 done
  conv coset 14/144 class 1 done
  conv coset 15/144 class 1 done
  conv coset 16/144 class 1 done
  conv coset 17/144 class 1 done
  conv coset 18/144 class 1 done
  conv coset 19/144 class 1 done
  conv coset 20/144 class 1 done
  conv coset 21/144 class 1 done
  conv coset 22/144 class 1 done
  conv coset 23/144 class 1 done
  conv coset 24/144 class 1 done
  conv coset 25/144 class 1 done
  conv coset 26/144 class 1 done
  conv coset 27/144 class 1 done
  conv coset 28/144 class 1 done
  conv coset 29/144 class 1 done
  conv coset 30/144 class 1 done
  conv coset 31/144 class 1 done
  conv coset 32/144 class 1 done
  conv coset 33/144 class 1 done
  conv coset 34/144 class 1 done
  conv coset 35/144 class 1 done
  conv coset 36/144 class 1 done
  conv coset 37/144 class 1 done
  conv coset 38/144 class 1 done
  conv coset 39/144 class 1 done
  conv coset 40/144 class 1 done
  conv coset 41/144 class 1 done
  conv coset 42/144 class 1 done
  conv coset 43/144 class 1 done
  conv coset 44/144 class 1 done
  conv coset 45/144 class 1 done
  conv coset 46/144 class 1 done
  conv coset 47/144 class 1 done
  conv coset 48/144 class 1 done
  conv coset 49/144 class 1 done
  conv coset 50/144 class 1 done
  conv coset 51/144 class 1 done
  conv coset 52/144 class 1 done
  conv coset 53/144 class 1 done
  conv coset 54/144 class 1 done
  conv coset 55/144 class 1 done
  conv coset 56/144 class 1 done
  conv coset 57/144 class 1 done
  conv coset 58/144 class 1 done
  conv coset 59/144 class 1 done
  conv coset 60/144 class 1 done
  conv coset 61/144 class 1 done
FORM -2  A_f = (2.61217647151904E-72, -8.25419938435757E-72)  INTERM = 
(8.36106328206162E-43, -2.26378749513875E-73)  CONV = (-8.36106328206162E-43, 
-8.02782063484370E-72)  c_eta*(0) = (4.00000000000000, -1.84023565782566E-71)
FORM -1  A_f = (1.26874434464111E-69, 1.39633811348820E-69)  INTERM = 
(4.00000000000000, 7.04154466673677E-72)  CONV = (-4.00000000000000, 
1.38929656882146E-69)  c_eta*(0) = (8.00000000000000, 4.39447362589342E-69)
FORM 9  A_f = (1.04362592316407E-71, -3.29710736886867E-71)  INTERM = 
(-8.00000000000000, -8.77168638814511E-73)  CONV = (8.00000000000000, 
-3.20939050498722E-71)  c_eta*(0) = (1.66241562790934E-71, 
-7.35796474261608E-71)
FORM 10  A_f = (1.04313413005171E-71, -3.29557092756784E-71)  INTERM = 
(-8.00000000000000, -8.67654249561078E-73)  CONV = (8.00000000000000, 
-3.20880550261173E-71)  c_eta*(0) = (1.66153086810984E-71, 
-7.35696479676357E-71)
FORM 11  A_f = (5.22010451738766E-72, -1.64930343557068E-71)  INTERM = 
(1.21390663626062E-42, -4.43243109774316E-73)  CONV = (-1.21390663626062E-42, 
-1.60497912459325E-71)  c_eta*(0) = (8.00000000000000, -3.67947303446457E-71)
FORM 12  A_f = (1.30192218009682E-71, -4.12099086600360E-71)  INTERM = 
(-8.00000000000000, -1.09403299907495E-72)  CONV = (8.00000000000000, 
-4.01158756609610E-71)  c_eta*(0) = (4.00000000000000, -9.19742675772316E-71)
FORM 13  A_f = (1.26874434464111E-69, 1.39633811348820E-69)  INTERM = 
(4.00000000000000, 7.04154466673677E-72)  CONV = (-4.00000000000000, 
1.38929656882146E-69)  c_eta*(0) = (8.00000000000000, 4.39447362589342E-69)
FORM 14  A_f = (7.87396790102851E-72, -2.47168743043291E-71)  INTERM = 
(-8.00000000000000, -6.50789889300636E-73)  CONV = (8.00000000000000, 
-2.40660844150285E-71)  c_eta*(0) = (-4.00000000000000, -5.51789149433439E-71)
FORM 15  A_f = (2.61217647151904E-72, -8.25419938435757E-72)  INTERM = 
(8.36106328206162E-43, -2.26378749513875E-73)  CONV = (-8.36106328206162E-43, 
-8.02782063484370E-72)  c_eta*(0) = (4.00000000000000, -1.84023565782566E-71)
DONE
