BASE 15 1  M = 60  ds = [ 1, 2, 3, 4, 5, 6, 10, 12, 15, 20, 30, 60 ]
|D| = 450  invariants = [ 15, 30 ]
level(Dbar) = 60 (verified on the generators)
p = 2: |J_p| = 2  (multiplier modulus 4)
p = 3: |J_p| = 9  (multiplier modulus 9)
p = 5: |J_p| = 25  (multiplier modulus 25)
Jordan basis J_2 (2-rank 1): [
[ 0, 15 ]
]  Q*4: [ 1 ]  x_c = [ 0, 15 ]
sign(Dbar) = 1 mod 8 (2-part 1)
#isotropic = 1, tracking coset index 1  coords [ 0, 0 ]
VERIFY Qbar: 0/450 mismatches
VERIFY B: 0 mismatches on the 200x200 corner
VERIFY J_2: model 2  library 2  OK
VERIFY J_3: model 9  library 9  OK
VERIFY J_5: model 25  library 25  OK
#cosets = 144
rhov done (coordinate model, 11 YTab keys)
CTL: worst |closed - FFT| = 1.32235904405700550192801770403E-79 at word 144  
(120/144 FFT entries nonzero)
CTL VERDICT: PASS
E constant table built
RHOV 1 60 1.0000000000000000000000000000000000000000000000000 
0.00000000000000000000000000000000000000000000000000
RHOV 2 1 0.033333333333333333333333333333333333333333333333333 
0.033333333333333333333333333333333333333333333333333
RHOV 3 1 0.033333333333333333333333333333333333333333333333333 
0.033333333333333333333333333333333333333333333333333
RHOV 4 1 0.033333333333333333333333333333333333333333333333333 
0.033333333333333333333333333333333333333333333333333
RHOV 5 1 0.033333333333333333333333333333333333333333333333333 
0.033333333333333333333333333333333333333333333333333
RHOV 6 1 0.033333333333333333333333333333333333333333333333333 
0.033333333333333333333333333333333333333333333333333
RHOV 7 1 0.033333333333333333333333333333333333333333333333333 
0.033333333333333333333333333333333333333333333333333
RHOV 8 1 0.033333333333333333333333333333333333333333333333333 
0.033333333333333333333333333333333333333333333333333
RHOV 9 1 0.033333333333333333333333333333333333333333333333333 
0.033333333333333333333333333333333333333333333333333
RHOV 10 1 0.033333333333333333333333333333333333333333333333333 
0.033333333333333333333333333333333333333333333333333
RHOV 11 1 0.033333333333333333333333333333333333333333333333333 
0.033333333333333333333333333333333333333333333333333
RHOV 12 1 0.033333333333333333333333333333333333333333333333333 
0.033333333333333333333333333333333333333333333333333
RHOV 13 1 0.033333333333333333333333333333333333333333333333333 
0.033333333333333333333333333333333333333333333333333
RHOV 14 1 0.033333333333333333333333333333333333333333333333333 
0.033333333333333333333333333333333333333333333333333
RHOV 15 1 0.033333333333333333333333333333333333333333333333333 
0.033333333333333333333333333333333333333333333333333
RHOV 16 1 0.033333333333333333333333333333333333333333333333333 
0.033333333333333333333333333333333333333333333333333
RHOV 17 1 0.033333333333333333333333333333333333333333333333333 
0.033333333333333333333333333333333333333333333333333
RHOV 18 1 0.033333333333333333333333333333333333333333333333333 
0.033333333333333333333333333333333333333333333333333
RHOV 19 1 0.033333333333333333333333333333333333333333333333333 
0.033333333333333333333333333333333333333333333333333
RHOV 20 1 0.033333333333333333333333333333333333333333333333333 
0.033333333333333333333333333333333333333333333333333
RHOV 21 1 0.033333333333333333333333333333333333333333333333333 
0.033333333333333333333333333333333333333333333333333
RHOV 22 1 0.033333333333333333333333333333333333333333333333333 
0.033333333333333333333333333333333333333333333333333
RHOV 23 1 0.033333333333333333333333333333333333333333333333333 
0.033333333333333333333333333333333333333333333333333
RHOV 24 1 0.033333333333333333333333333333333333333333333333333 
0.033333333333333333333333333333333333333333333333333
RHOV 25 1 0.033333333333333333333333333333333333333333333333333 
0.033333333333333333333333333333333333333333333333333
RHOV 26 1 0.033333333333333333333333333333333333333333333333333 
0.033333333333333333333333333333333333333333333333333
RHOV 27 1 0.033333333333333333333333333333333333333333333333333 
0.033333333333333333333333333333333333333333333333333
RHOV 28 1 0.033333333333333333333333333333333333333333333333333 
0.033333333333333333333333333333333333333333333333333
RHOV 29 1 0.033333333333333333333333333333333333333333333333333 
0.033333333333333333333333333333333333333333333333333
RHOV 30 1 0.033333333333333333333333333333333333333333333333333 
0.033333333333333333333333333333333333333333333333333
RHOV 31 1 0.033333333333333333333333333333333333333333333333333 
0.033333333333333333333333333333333333333333333333333
RHOV 32 1 0.033333333333333333333333333333333333333333333333333 
0.033333333333333333333333333333333333333333333333333
RHOV 33 1 0.033333333333333333333333333333333333333333333333333 
0.033333333333333333333333333333333333333333333333333
RHOV 34 1 0.033333333333333333333333333333333333333333333333333 
0.033333333333333333333333333333333333333333333333333
RHOV 35 1 0.033333333333333333333333333333333333333333333333333 
0.033333333333333333333333333333333333333333333333333
RHOV 36 1 0.033333333333333333333333333333333333333333333333333 
0.033333333333333333333333333333333333333333333333333
RHOV 37 1 0.033333333333333333333333333333333333333333333333333 
0.033333333333333333333333333333333333333333333333333
RHOV 38 1 0.033333333333333333333333333333333333333333333333333 
0.033333333333333333333333333333333333333333333333333
RHOV 39 1 0.033333333333333333333333333333333333333333333333333 
0.033333333333333333333333333333333333333333333333333
RHOV 40 1 0.033333333333333333333333333333333333333333333333333 
0.033333333333333333333333333333333333333333333333333
RHOV 41 1 0.033333333333333333333333333333333333333333333333333 
0.033333333333333333333333333333333333333333333333333
RHOV 42 1 0.033333333333333333333333333333333333333333333333333 
0.033333333333333333333333333333333333333333333333333
RHOV 43 1 0.033333333333333333333333333333333333333333333333333 
0.033333333333333333333333333333333333333333333333333
RHOV 44 1 0.033333333333333333333333333333333333333333333333333 
0.033333333333333333333333333333333333333333333333333
RHOV 45 1 0.033333333333333333333333333333333333333333333333333 
0.033333333333333333333333333333333333333333333333333
RHOV 46 1 0.033333333333333333333333333333333333333333333333333 
0.033333333333333333333333333333333333333333333333333
RHOV 47 1 0.033333333333333333333333333333333333333333333333333 
0.033333333333333333333333333333333333333333333333333
RHOV 48 1 0.033333333333333333333333333333333333333333333333333 
0.033333333333333333333333333333333333333333333333333
RHOV 49 1 0.033333333333333333333333333333333333333333333333333 
0.033333333333333333333333333333333333333333333333333
RHOV 50 1 0.033333333333333333333333333333333333333333333333333 
0.033333333333333333333333333333333333333333333333333
RHOV 51 1 0.033333333333333333333333333333333333333333333333333 
0.033333333333333333333333333333333333333333333333333
RHOV 52 1 0.033333333333333333333333333333333333333333333333333 
0.033333333333333333333333333333333333333333333333333
RHOV 53 1 0.033333333333333333333333333333333333333333333333333 
0.033333333333333333333333333333333333333333333333333
RHOV 54 1 0.033333333333333333333333333333333333333333333333333 
0.033333333333333333333333333333333333333333333333333
RHOV 55 1 0.033333333333333333333333333333333333333333333333333 
0.033333333333333333333333333333333333333333333333333
RHOV 56 1 0.033333333333333333333333333333333333333333333333333 
0.033333333333333333333333333333333333333333333333333
RHOV 57 1 0.033333333333333333333333333333333333333333333333333 
0.033333333333333333333333333333333333333333333333333
RHOV 58 1 0.033333333333333333333333333333333333333333333333333 
0.033333333333333333333333333333333333333333333333333
RHOV 59 1 0.033333333333333333333333333333333333333333333333333 
0.033333333333333333333333333333333333333333333333333
RHOV 60 1 0.033333333333333333333333333333333333333333333333333 
0.033333333333333333333333333333333333333333333333333
RHOV 61 1 0.033333333333333333333333333333333333333333333333333 
0.033333333333333333333333333333333333333333333333333
RHOV 77 3 0.10000000000000000000000000000000000000000000000000 
-0.10000000000000000000000000000000000000000000000000
RHOV 78 3 0.10000000000000000000000000000000000000000000000000 
-0.10000000000000000000000000000000000000000000000000
RHOV 79 3 0.10000000000000000000000000000000000000000000000000 
-0.10000000000000000000000000000000000000000000000000
RHOV 80 3 0.10000000000000000000000000000000000000000000000000 
-0.10000000000000000000000000000000000000000000000000
RHOV 81 3 0.10000000000000000000000000000000000000000000000000 
-0.10000000000000000000000000000000000000000000000000
RHOV 82 3 0.10000000000000000000000000000000000000000000000000 
-0.10000000000000000000000000000000000000000000000000
RHOV 83 3 0.10000000000000000000000000000000000000000000000000 
-0.10000000000000000000000000000000000000000000000000
RHOV 84 3 0.10000000000000000000000000000000000000000000000000 
-0.10000000000000000000000000000000000000000000000000
RHOV 85 3 0.10000000000000000000000000000000000000000000000000 
-0.10000000000000000000000000000000000000000000000000
RHOV 86 3 0.10000000000000000000000000000000000000000000000000 
-0.10000000000000000000000000000000000000000000000000
RHOV 87 3 0.10000000000000000000000000000000000000000000000000 
-0.10000000000000000000000000000000000000000000000000
RHOV 88 3 0.10000000000000000000000000000000000000000000000000 
-0.10000000000000000000000000000000000000000000000000
RHOV 89 3 0.10000000000000000000000000000000000000000000000000 
-0.10000000000000000000000000000000000000000000000000
RHOV 90 3 0.10000000000000000000000000000000000000000000000000 
-0.10000000000000000000000000000000000000000000000000
RHOV 91 3 0.10000000000000000000000000000000000000000000000000 
-0.10000000000000000000000000000000000000000000000000
RHOV 92 3 0.10000000000000000000000000000000000000000000000000 
-0.10000000000000000000000000000000000000000000000000
RHOV 93 3 0.10000000000000000000000000000000000000000000000000 
-0.10000000000000000000000000000000000000000000000000
RHOV 94 3 0.10000000000000000000000000000000000000000000000000 
-0.10000000000000000000000000000000000000000000000000
RHOV 95 3 0.10000000000000000000000000000000000000000000000000 
-0.10000000000000000000000000000000000000000000000000
RHOV 96 3 0.10000000000000000000000000000000000000000000000000 
-0.10000000000000000000000000000000000000000000000000
RHOV 97 4 -0.066666666666666666666666666666666666666666666666666 
9.9683141448173269946400076948519960037203989536773E-82
RHOV 98 4 8.2054645335584556283769241494651818406462231458000E-82 
0.066666666666666666666666666666666666666666666666666
RHOV 99 4 -0.066666666666666666666666666666666666666666666666666 
1.7687626061745475701418986258766387952462672812449E-81
RHOV 100 4 4.6797653110407128958507570586915535144978715300456E-82 
0.066666666666666666666666666666666666666666666666666
RHOV 101 4 -0.066666666666666666666666666666666666666666666666666 
-8.3280954396640499097174721413832809234669297523580E-82
RHOV 102 4 2.3644088367414753041934881277293965738130770863344E-81 
0.066666666666666666666666666666666666666666666666666
RHOV 103 4 -0.066666666666666666666666666666666666666666666666666 
-3.4343816941073575520853930541532949799396532317165E-81
RHOV 104 4 -2.3716331339947725692015771228557031377988317014633E-82 
0.066666666666666666666666666666666666666666666666666
RHOV 105 4 -0.066666666666666666666666666666666666666666666666666 
2.9600550673084030382450776295821543523798868914239E-81
RHOV 106 4 -2.8387354635404298180338035523005372013728434266271E-81 
0.066666666666666666666666666666666666666666666666666
RHOV 107 4 -0.066666666666666666666666666666666666666666666666666 
-8.6375259943892626743126847341832287551255737446780E-81
RHOV 108 4 3.5557012978753307722966671314349121309466966965133E-81 
0.066666666666666666666666666666666666666666666666666
RHOV 109 4 -0.066666666666666666666666666666666666666666666666666 
-2.2430892329735020839822140504477794228060336215376E-81
RHOV 110 4 -8.0418797638223349402610952323304709765587639395885E-81 
0.066666666666666666666666666666666666666666666666666
RHOV 111 4 -0.066666666666666666666666666666666666666666666666666 
4.1513475284422585063482566332876699095135065016028E-81
RHOV 112 5 0.16666666666666666666666666666666666666666666666667 
0.16666666666666666666666666666666666666666666666667
RHOV 113 5 0.16666666666666666666666666666666666666666666666667 
0.16666666666666666666666666666666666666666666666667
RHOV 114 5 -0.16666666666666666666666666666666666666666666666667 
-0.16666666666666666666666666666666666666666666666667
RHOV 115 5 -0.16666666666666666666666666666666666666666666666667 
-0.16666666666666666666666666666666666666666666666667
RHOV 116 5 0.16666666666666666666666666666666666666666666666667 
0.16666666666666666666666666666666666666666666666667
RHOV 117 5 0.16666666666666666666666666666666666666666666666667 
0.16666666666666666666666666666666666666666666666667
RHOV 118 5 -0.16666666666666666666666666666666666666666666666667 
-0.16666666666666666666666666666666666666666666666667
RHOV 119 5 -0.16666666666666666666666666666666666666666666666667 
-0.16666666666666666666666666666666666666666666666667
RHOV 120 5 0.16666666666666666666666666666666666666666666666667 
0.16666666666666666666666666666666666666666666666667
RHOV 121 5 0.16666666666666666666666666666666666666666666666667 
0.16666666666666666666666666666666666666666666666667
RHOV 122 5 0.16666666666666666666666666666666666666666666666667 
0.16666666666666666666666666666666666666666666666667
RHOV 123 5 0.16666666666666666666666666666666666666666666666667 
0.16666666666666666666666666666666666666666666666667
RHOV 132 12 0.20000000000000000000000000000000000000000000000000 
-7.3303898236239031695006220954737600352191144291495E-81
RHOV 133 12 -0.20000000000000000000000000000000000000000000000000 
1.0904267207025469573810159106590306706619973259686E-80
RHOV 134 12 -1.2691205898726252775964927612148580042320402674955E-80 
-0.20000000000000000000000000000000000000000000000000
RHOV 135 12 0.20000000000000000000000000000000000000000000000000 
3.5924031495511676526235466013679097270053311356967E-80
RHOV 136 12 -2.3412838048930951988893538645498220056522979166565E-80 
-0.20000000000000000000000000000000000000000000000000
RHOV 137 15 -0.50000000000000000000000000000000000000000000000000 
0.50000000000000000000000000000000000000000000000000
RHOV 138 15 -0.50000000000000000000000000000000000000000000000000 
0.50000000000000000000000000000000000000000000000000
RHOV 139 15 -0.50000000000000000000000000000000000000000000000000 
0.50000000000000000000000000000000000000000000000000
RHOV 140 15 -0.50000000000000000000000000000000000000000000000000 
0.50000000000000000000000000000000000000000000000000
RHOV 141 20 0.33333333333333333333333333333333333333333333333333 
1.0911054403499559818441823463504452626667840160895E-80
RHOV 142 20 2.0940684001369683953752105154315498171798592417851E-80 
-0.33333333333333333333333333333333333333333333333333
RHOV 143 20 2.8900886722716951019447933319944481846803402350535E-80 
0.33333333333333333333333333333333333333333333333333

In file "vvdata/weyl-campaign/eis32s.m", line 503, column 7:
>> tr := &+[ G2[a][a] : a in [1..ncol] ];
         ^
Runtime error in '&+': Illegal null sequence

