BASE 22 1  M = 44  ds = [ 1, 2, 4, 11, 22, 44 ]
|D| = 968  i0 = 1
#isotropic = 1, tracking coset index 1
level(Dbar) = 44 (verified)
p = 2: |J_p| = 8
p = 11: |J_p| = 121
sign(Dbar) = 1 mod 8 (2-part 5)
Jordan basis J_2: [ 24, 486, 508 ]  Q*4: [ 3, 3, 3 ]  x_c = 2
#cosets = 72
AZERO wi=2 rhov(FFT) = 0.0227272727272727272727272727273 + 
0.0227272727272727272727272727273 i
rhov done (closed form, 5 YTab keys)
#E's after external pool = 5
EPOOL 1 [ -6, 15, -6, 0, 0, 0 ]
EPOOL 2 [ -2, 5, -2, -4, 10, -4 ]
EPOOL 3 [ 0, -1, 2, -2, 4, 0 ]
EPOOL 4 [ 0, 1, 0, -2, 6, -2 ]
EPOOL 5 [ 2, -1, 0, 0, 4, -2 ]
E constant table built
EMAT 1 1 44 1.0000000000000000000000000000000000000000000000000 
3.0254789281226485246616974269225789343060234683262E-81
EMAT 1 2 1 -0.25000000000000000000000000000000000000000000000000 
-0.25000000000000000000000000000000000000000000000000
EMAT 1 3 1 -0.25000000000000000000000000000000000000000000000000 
-0.25000000000000000000000000000000000000000000000000
EMAT 1 4 1 -0.25000000000000000000000000000000000000000000000000 
-0.25000000000000000000000000000000000000000000000000
EMAT 1 5 1 -0.25000000000000000000000000000000000000000000000000 
-0.25000000000000000000000000000000000000000000000000
EMAT 1 6 1 -0.25000000000000000000000000000000000000000000000000 
-0.25000000000000000000000000000000000000000000000000
EMAT 1 7 1 -0.25000000000000000000000000000000000000000000000000 
-0.25000000000000000000000000000000000000000000000000
EMAT 1 8 1 -0.25000000000000000000000000000000000000000000000000 
-0.25000000000000000000000000000000000000000000000000
EMAT 1 9 1 -0.25000000000000000000000000000000000000000000000000 
-0.25000000000000000000000000000000000000000000000000
EMAT 1 10 1 -0.25000000000000000000000000000000000000000000000000 
-0.25000000000000000000000000000000000000000000000000
EMAT 1 11 1 -0.25000000000000000000000000000000000000000000000000 
-0.25000000000000000000000000000000000000000000000000
EMAT 1 12 1 -0.25000000000000000000000000000000000000000000000000 
-0.25000000000000000000000000000000000000000000000000
EMAT 1 13 1 -0.25000000000000000000000000000000000000000000000000 
-0.25000000000000000000000000000000000000000000000000
EMAT 1 14 1 -0.25000000000000000000000000000000000000000000000000 
-0.25000000000000000000000000000000000000000000000000
EMAT 1 15 1 -0.25000000000000000000000000000000000000000000000000 
-0.25000000000000000000000000000000000000000000000000
EMAT 1 16 1 -0.25000000000000000000000000000000000000000000000000 
-0.25000000000000000000000000000000000000000000000000
EMAT 1 17 1 -0.25000000000000000000000000000000000000000000000000 
-0.25000000000000000000000000000000000000000000000000
EMAT 1 18 1 -0.25000000000000000000000000000000000000000000000000 
-0.25000000000000000000000000000000000000000000000000
EMAT 1 19 1 -0.25000000000000000000000000000000000000000000000000 
-0.25000000000000000000000000000000000000000000000000
EMAT 1 20 1 -0.25000000000000000000000000000000000000000000000000 
-0.25000000000000000000000000000000000000000000000000
EMAT 1 21 1 -0.25000000000000000000000000000000000000000000000000 
-0.25000000000000000000000000000000000000000000000000
EMAT 1 22 1 -0.25000000000000000000000000000000000000000000000000 
-0.25000000000000000000000000000000000000000000000000
EMAT 1 23 1 -0.25000000000000000000000000000000000000000000000000 
-0.25000000000000000000000000000000000000000000000000
EMAT 1 24 1 -0.25000000000000000000000000000000000000000000000000 
-0.25000000000000000000000000000000000000000000000000
EMAT 1 25 1 -0.25000000000000000000000000000000000000000000000000 
-0.25000000000000000000000000000000000000000000000000
EMAT 1 26 1 -0.25000000000000000000000000000000000000000000000000 
-0.25000000000000000000000000000000000000000000000000
EMAT 1 27 1 -0.25000000000000000000000000000000000000000000000000 
-0.25000000000000000000000000000000000000000000000000
EMAT 1 28 1 -0.25000000000000000000000000000000000000000000000000 
-0.25000000000000000000000000000000000000000000000000
EMAT 1 29 1 -0.25000000000000000000000000000000000000000000000000 
-0.25000000000000000000000000000000000000000000000000
EMAT 1 30 1 -0.25000000000000000000000000000000000000000000000000 
-0.25000000000000000000000000000000000000000000000000
EMAT 1 31 1 -0.25000000000000000000000000000000000000000000000000 
-0.25000000000000000000000000000000000000000000000000
EMAT 1 32 1 -0.25000000000000000000000000000000000000000000000000 
-0.25000000000000000000000000000000000000000000000000
EMAT 1 33 1 -0.25000000000000000000000000000000000000000000000000 
-0.25000000000000000000000000000000000000000000000000
EMAT 1 34 1 -0.25000000000000000000000000000000000000000000000000 
-0.25000000000000000000000000000000000000000000000000
EMAT 1 35 1 -0.25000000000000000000000000000000000000000000000000 
-0.25000000000000000000000000000000000000000000000000
EMAT 1 36 1 -0.25000000000000000000000000000000000000000000000000 
-0.25000000000000000000000000000000000000000000000000
EMAT 1 37 1 -0.25000000000000000000000000000000000000000000000000 
-0.25000000000000000000000000000000000000000000000000
EMAT 1 38 1 -0.25000000000000000000000000000000000000000000000000 
-0.25000000000000000000000000000000000000000000000000
EMAT 1 39 1 -0.25000000000000000000000000000000000000000000000000 
-0.25000000000000000000000000000000000000000000000000
EMAT 1 40 1 -0.25000000000000000000000000000000000000000000000000 
-0.25000000000000000000000000000000000000000000000000
EMAT 1 41 1 -0.25000000000000000000000000000000000000000000000000 
-0.25000000000000000000000000000000000000000000000000
EMAT 1 42 1 -0.25000000000000000000000000000000000000000000000000 
-0.25000000000000000000000000000000000000000000000000
EMAT 1 43 1 -0.25000000000000000000000000000000000000000000000000 
-0.25000000000000000000000000000000000000000000000000
EMAT 1 44 1 -0.25000000000000000000000000000000000000000000000000 
-0.25000000000000000000000000000000000000000000000000
EMAT 1 45 1 -0.25000000000000000000000000000000000000000000000000 
-0.25000000000000000000000000000000000000000000000000
EMAT 1 57 4 -1.0000000000000000000000000000000000000000000000000 
-2.5420318090404507421045177498860150855135115990299E-79
EMAT 1 58 4 -2.2151662216175089844506945473931108450001570161052E-79 
1.0000000000000000000000000000000000000000000000000
EMAT 1 59 4 -1.0000000000000000000000000000000000000000000000000 
4.7694323239643019441418014388099428096679953206338E-79
EMAT 1 60 4 5.1087099201157188111427094602184581772237183886701E-78 
1.0000000000000000000000000000000000000000000000000
EMAT 1 61 4 -1.0000000000000000000000000000000000000000000000000 
-5.9621874225165475031076738668039536136945927388958E-79
EMAT 1 62 4 -5.9462968772402019795568392707043579156855823679915E-78 
1.0000000000000000000000000000000000000000000000000
EMAT 1 63 4 -1.0000000000000000000000000000000000000000000000000 
-1.4773814255419116819198645703322697510130248507974E-78
EMAT 1 64 4 -1.6774188227809798421339673978810784844102851039212E-77 
1.0000000000000000000000000000000000000000000000000
EMAT 1 65 4 -1.0000000000000000000000000000000000000000000000000 
-1.5442045910339778418285418898939598279660990008610E-78
EMAT 1 66 4 4.4056847211720716462941634698288038150042919397732E-79 
1.0000000000000000000000000000000000000000000000000
EMAT 1 67 4 -1.0000000000000000000000000000000000000000000000000 
3.5269262583157018627231423607766619321129687085995E-78
EMAT 1 68 11 0.25000000000000000000000000000000000000000000000000 
-0.25000000000000000000000000000000000000000000000000
EMAT 1 69 11 -0.25000000000000000000000000000000000000000000000000 
0.25000000000000000000000000000000000000000000000000
EMAT 1 70 11 0.25000000000000000000000000000000000000000000000000 
-0.25000000000000000000000000000000000000000000000000
EMAT 1 71 11 0.25000000000000000000000000000000000000000000000000 
-0.25000000000000000000000000000000000000000000000000
EMAT 2 1 44 1.0000000000000000000000000000000000000000000000000 
-1.2854997615449153519622587118777197904471778853216E-80
EMAT 2 2 1 -0.022727272727272727272727272727272727272727272727273 
-0.022727272727272727272727272727272727272727272727273
EMAT 2 3 1 -0.022727272727272727272727272727272727272727272727273 
-0.022727272727272727272727272727272727272727272727273
EMAT 2 4 1 -0.022727272727272727272727272727272727272727272727273 
-0.022727272727272727272727272727272727272727272727273
EMAT 2 5 1 -0.022727272727272727272727272727272727272727272727273 
-0.022727272727272727272727272727272727272727272727273
EMAT 2 6 1 -0.022727272727272727272727272727272727272727272727273 
-0.022727272727272727272727272727272727272727272727273
EMAT 2 7 1 -0.022727272727272727272727272727272727272727272727273 
-0.022727272727272727272727272727272727272727272727273
EMAT 2 8 1 -0.022727272727272727272727272727272727272727272727273 
-0.022727272727272727272727272727272727272727272727273
EMAT 2 9 1 -0.022727272727272727272727272727272727272727272727273 
-0.022727272727272727272727272727272727272727272727273
EMAT 2 10 1 -0.022727272727272727272727272727272727272727272727273 
-0.022727272727272727272727272727272727272727272727273
EMAT 2 11 1 -0.022727272727272727272727272727272727272727272727273 
-0.022727272727272727272727272727272727272727272727273
EMAT 2 12 1 -0.022727272727272727272727272727272727272727272727273 
-0.022727272727272727272727272727272727272727272727273
EMAT 2 13 1 -0.022727272727272727272727272727272727272727272727273 
-0.022727272727272727272727272727272727272727272727273
EMAT 2 14 1 -0.022727272727272727272727272727272727272727272727273 
-0.022727272727272727272727272727272727272727272727273
EMAT 2 15 1 -0.022727272727272727272727272727272727272727272727273 
-0.022727272727272727272727272727272727272727272727273
EMAT 2 16 1 -0.022727272727272727272727272727272727272727272727273 
-0.022727272727272727272727272727272727272727272727273
EMAT 2 17 1 -0.022727272727272727272727272727272727272727272727273 
-0.022727272727272727272727272727272727272727272727273
EMAT 2 18 1 -0.022727272727272727272727272727272727272727272727273 
-0.022727272727272727272727272727272727272727272727273
EMAT 2 19 1 -0.022727272727272727272727272727272727272727272727273 
-0.022727272727272727272727272727272727272727272727273
EMAT 2 20 1 -0.022727272727272727272727272727272727272727272727273 
-0.022727272727272727272727272727272727272727272727273
EMAT 2 21 1 -0.022727272727272727272727272727272727272727272727273 
-0.022727272727272727272727272727272727272727272727273
EMAT 2 22 1 -0.022727272727272727272727272727272727272727272727273 
-0.022727272727272727272727272727272727272727272727273
EMAT 2 23 1 -0.022727272727272727272727272727272727272727272727273 
-0.022727272727272727272727272727272727272727272727273
EMAT 2 24 1 -0.022727272727272727272727272727272727272727272727273 
-0.022727272727272727272727272727272727272727272727273
EMAT 2 25 1 -0.022727272727272727272727272727272727272727272727273 
-0.022727272727272727272727272727272727272727272727273
EMAT 2 26 1 -0.022727272727272727272727272727272727272727272727273 
-0.022727272727272727272727272727272727272727272727273
EMAT 2 27 1 -0.022727272727272727272727272727272727272727272727273 
-0.022727272727272727272727272727272727272727272727273
EMAT 2 28 1 -0.022727272727272727272727272727272727272727272727273 
-0.022727272727272727272727272727272727272727272727273
EMAT 2 29 1 -0.022727272727272727272727272727272727272727272727273 
-0.022727272727272727272727272727272727272727272727273
EMAT 2 30 1 -0.022727272727272727272727272727272727272727272727273 
-0.022727272727272727272727272727272727272727272727273
EMAT 2 31 1 -0.022727272727272727272727272727272727272727272727273 
-0.022727272727272727272727272727272727272727272727273
EMAT 2 32 1 -0.022727272727272727272727272727272727272727272727273 
-0.022727272727272727272727272727272727272727272727273
EMAT 2 33 1 -0.022727272727272727272727272727272727272727272727273 
-0.022727272727272727272727272727272727272727272727273
EMAT 2 34 1 -0.022727272727272727272727272727272727272727272727273 
-0.022727272727272727272727272727272727272727272727273
EMAT 2 35 1 -0.022727272727272727272727272727272727272727272727273 
-0.022727272727272727272727272727272727272727272727273
EMAT 2 36 1 -0.022727272727272727272727272727272727272727272727273 
-0.022727272727272727272727272727272727272727272727273
EMAT 2 37 1 -0.022727272727272727272727272727272727272727272727273 
-0.022727272727272727272727272727272727272727272727273
EMAT 2 38 1 -0.022727272727272727272727272727272727272727272727273 
-0.022727272727272727272727272727272727272727272727273
EMAT 2 39 1 -0.022727272727272727272727272727272727272727272727273 
-0.022727272727272727272727272727272727272727272727273
EMAT 2 40 1 -0.022727272727272727272727272727272727272727272727273 
-0.022727272727272727272727272727272727272727272727273
EMAT 2 41 1 -0.022727272727272727272727272727272727272727272727273 
-0.022727272727272727272727272727272727272727272727273
EMAT 2 42 1 -0.022727272727272727272727272727272727272727272727273 
-0.022727272727272727272727272727272727272727272727273
EMAT 2 43 1 -0.022727272727272727272727272727272727272727272727273 
-0.022727272727272727272727272727272727272727272727273
EMAT 2 44 1 -0.022727272727272727272727272727272727272727272727273 
-0.022727272727272727272727272727272727272727272727273
EMAT 2 45 1 -0.022727272727272727272727272727272727272727272727273 
-0.022727272727272727272727272727272727272727272727273
EMAT 2 57 4 0.090909090909090909090909090909090909090909090909091 
1.0893874282889995155004114839515814766206355411902E-80
EMAT 2 58 4 1.2138299142546823771945138886455606604612908642618E-80 
-0.090909090909090909090909090909090909090909090909091
EMAT 2 59 4 0.090909090909090909090909090909090909090909090909091 
-4.0223740002014018860193777513703964504562264554311E-80
EMAT 2 60 4 -7.8407825168370322413184402622547796949912593424454E-80 
-0.090909090909090909090909090909090909090909090909091
EMAT 2 61 4 0.090909090909090909090909090909090909090909090909091 
1.5154975738175572902972247655661915809179797285897E-79
EMAT 2 62 4 1.6902839424901868258838022518756240073210153498183E-79 
-0.090909090909090909090909090909090909090909090909091
EMAT 2 63 4 0.090909090909090909090909090909090909090909090909091 
1.8069639546327830335570417497681429109189988376279E-79
EMAT 2 64 4 5.6720993261624741704744936157602242524752762026775E-79 
-0.090909090909090909090909090909090909090909090909091
EMAT 2 65 4 0.090909090909090909090909090909090909090909090909091 
-9.8788987608221528446586933521199084371788844920816E-81
EMAT 2 66 4 -4.0924821220220384071545485096758556161187834809967E-80 
-0.090909090909090909090909090909090909090909090909091
EMAT 2 67 4 0.090909090909090909090909090909090909090909090909091 
-1.3565538590935582455242018823130087232033637330680E-79
EMAT 2 68 11 -0.25000000000000000000000000000000000000000000000000 
0.25000000000000000000000000000000000000000000000000
EMAT 2 69 11 0.25000000000000000000000000000000000000000000000000 
-0.25000000000000000000000000000000000000000000000000
EMAT 2 70 11 -0.25000000000000000000000000000000000000000000000000 
0.25000000000000000000000000000000000000000000000000
EMAT 2 71 11 -0.25000000000000000000000000000000000000000000000000 
0.25000000000000000000000000000000000000000000000000
EMAT 3 2 1 -0.0056818181818181818181818181818181818181818181818182 
-0.0056818181818181818181818181818181818181818181818182
EMAT 3 3 1 -0.0056818181818181818181818181818181818181818181818182 
-0.0056818181818181818181818181818181818181818181818182
EMAT 3 4 1 -0.0056818181818181818181818181818181818181818181818182 
-0.0056818181818181818181818181818181818181818181818182
EMAT 3 5 1 -0.0056818181818181818181818181818181818181818181818182 
-0.0056818181818181818181818181818181818181818181818182
EMAT 3 6 1 -0.0056818181818181818181818181818181818181818181818182 
-0.0056818181818181818181818181818181818181818181818182
EMAT 3 7 1 -0.0056818181818181818181818181818181818181818181818182 
-0.0056818181818181818181818181818181818181818181818182
EMAT 3 8 1 -0.0056818181818181818181818181818181818181818181818182 
-0.0056818181818181818181818181818181818181818181818182
EMAT 3 9 1 -0.0056818181818181818181818181818181818181818181818182 
-0.0056818181818181818181818181818181818181818181818182
EMAT 3 10 1 -0.0056818181818181818181818181818181818181818181818182 
-0.0056818181818181818181818181818181818181818181818182
EMAT 3 11 1 -0.0056818181818181818181818181818181818181818181818182 
-0.0056818181818181818181818181818181818181818181818182
EMAT 3 12 1 -0.0056818181818181818181818181818181818181818181818182 
-0.0056818181818181818181818181818181818181818181818182
EMAT 3 13 1 -0.0056818181818181818181818181818181818181818181818182 
-0.0056818181818181818181818181818181818181818181818182
EMAT 3 14 1 -0.0056818181818181818181818181818181818181818181818182 
-0.0056818181818181818181818181818181818181818181818182
EMAT 3 15 1 -0.0056818181818181818181818181818181818181818181818182 
-0.0056818181818181818181818181818181818181818181818182
EMAT 3 16 1 -0.0056818181818181818181818181818181818181818181818182 
-0.0056818181818181818181818181818181818181818181818182
EMAT 3 17 1 -0.0056818181818181818181818181818181818181818181818182 
-0.0056818181818181818181818181818181818181818181818182
EMAT 3 18 1 -0.0056818181818181818181818181818181818181818181818182 
-0.0056818181818181818181818181818181818181818181818182
EMAT 3 19 1 -0.0056818181818181818181818181818181818181818181818182 
-0.0056818181818181818181818181818181818181818181818182
EMAT 3 20 1 -0.0056818181818181818181818181818181818181818181818182 
-0.0056818181818181818181818181818181818181818181818182
EMAT 3 21 1 -0.0056818181818181818181818181818181818181818181818182 
-0.0056818181818181818181818181818181818181818181818182
EMAT 3 22 1 -0.0056818181818181818181818181818181818181818181818182 
-0.0056818181818181818181818181818181818181818181818182
EMAT 3 23 1 -0.0056818181818181818181818181818181818181818181818182 
-0.0056818181818181818181818181818181818181818181818182
EMAT 3 24 1 -0.0056818181818181818181818181818181818181818181818182 
-0.0056818181818181818181818181818181818181818181818182
EMAT 3 25 1 -0.0056818181818181818181818181818181818181818181818182 
-0.0056818181818181818181818181818181818181818181818182
EMAT 3 26 1 -0.0056818181818181818181818181818181818181818181818182 
-0.0056818181818181818181818181818181818181818181818182
EMAT 3 27 1 -0.0056818181818181818181818181818181818181818181818182 
-0.0056818181818181818181818181818181818181818181818182
EMAT 3 28 1 -0.0056818181818181818181818181818181818181818181818182 
-0.0056818181818181818181818181818181818181818181818182
EMAT 3 29 1 -0.0056818181818181818181818181818181818181818181818182 
-0.0056818181818181818181818181818181818181818181818182
EMAT 3 30 1 -0.0056818181818181818181818181818181818181818181818182 
-0.0056818181818181818181818181818181818181818181818182
EMAT 3 31 1 -0.0056818181818181818181818181818181818181818181818182 
-0.0056818181818181818181818181818181818181818181818182
EMAT 3 32 1 -0.0056818181818181818181818181818181818181818181818182 
-0.0056818181818181818181818181818181818181818181818182
EMAT 3 33 1 -0.0056818181818181818181818181818181818181818181818182 
-0.0056818181818181818181818181818181818181818181818182
EMAT 3 34 1 -0.0056818181818181818181818181818181818181818181818182 
-0.0056818181818181818181818181818181818181818181818182
EMAT 3 35 1 -0.0056818181818181818181818181818181818181818181818182 
-0.0056818181818181818181818181818181818181818181818182
EMAT 3 36 1 -0.0056818181818181818181818181818181818181818181818182 
-0.0056818181818181818181818181818181818181818181818182
EMAT 3 37 1 -0.0056818181818181818181818181818181818181818181818182 
-0.0056818181818181818181818181818181818181818181818182
EMAT 3 38 1 -0.0056818181818181818181818181818181818181818181818182 
-0.0056818181818181818181818181818181818181818181818182
EMAT 3 39 1 -0.0056818181818181818181818181818181818181818181818182 
-0.0056818181818181818181818181818181818181818181818182
EMAT 3 40 1 -0.0056818181818181818181818181818181818181818181818182 
-0.0056818181818181818181818181818181818181818181818182
EMAT 3 41 1 -0.0056818181818181818181818181818181818181818181818182 
-0.0056818181818181818181818181818181818181818181818182
EMAT 3 42 1 -0.0056818181818181818181818181818181818181818181818182 
-0.0056818181818181818181818181818181818181818181818182
EMAT 3 43 1 -0.0056818181818181818181818181818181818181818181818182 
-0.0056818181818181818181818181818181818181818181818182
EMAT 3 44 1 -0.0056818181818181818181818181818181818181818181818182 
-0.0056818181818181818181818181818181818181818181818182
EMAT 3 45 1 -0.0056818181818181818181818181818181818181818181818182 
-0.0056818181818181818181818181818181818181818181818182
EMAT 3 68 11 -0.062500000000000000000000000000000000000000000000000 
0.062500000000000000000000000000000000000000000000000
EMAT 3 69 11 0.062500000000000000000000000000000000000000000000000 
-0.062500000000000000000000000000000000000000000000000
EMAT 3 70 11 -0.062500000000000000000000000000000000000000000000000 
0.062500000000000000000000000000000000000000000000000
EMAT 3 71 11 -0.062500000000000000000000000000000000000000000000000 
0.062500000000000000000000000000000000000000000000000
EMAT 5 1 44 1.0000000000000000000000000000000000000000000000000 
4.0101897076836149271826073739262452980819311096288E-81
EMAT 5 57 4 0.090909090909090909090909090909090909090909090909091 
2.8396806473948271008298962354581366062349688340245E-81
EMAT 5 58 4 -1.4234687797984245713484540752500696270695300170598E-80 
-0.090909090909090909090909090909090909090909090909091
EMAT 5 59 4 0.090909090909090909090909090909090909090909090909091 
-1.2962519157957142860983055093103876900710209208972E-80
EMAT 5 60 4 1.6005959762563666298547840245975277087310870552233E-80 
-0.090909090909090909090909090909090909090909090909091
EMAT 5 61 4 0.090909090909090909090909090909090909090909090909091 
6.1347781918162748406529021609323093717466236811616E-80
EMAT 5 62 4 -5.1181336488175284660470672886503908789989129337754E-80 
-0.090909090909090909090909090909090909090909090909091
EMAT 5 63 4 0.090909090909090909090909090909090909090909090909091 
5.8823834253674625582099345793879628054966401740865E-80
EMAT 5 64 4 -1.2691197119546659363893098159202404438197172654553E-79 
-0.090909090909090909090909090909090909090909090909091
EMAT 5 65 4 0.090909090909090909090909090909090909090909090909091 
-7.5011873908472702738135252853777260190275925952507E-80
EMAT 5 66 4 9.8511507185095170546395783115196537868006972349088E-80 
-0.090909090909090909090909090909090909090909090909091
EMAT 5 67 4 0.090909090909090909090909090909090909090909090909091 
2.9473381838338854832670952532884172514089421263847E-81
RHOV 1 44 1.0000000000000000000000000000000000000000000000000 
0.00000000000000000000000000000000000000000000000000
RHOV 2 1 0.022727272727272727272727272727272727272727272727273 
0.022727272727272727272727272727272727272727272727273
RHOV 3 1 0.022727272727272727272727272727272727272727272727273 
0.022727272727272727272727272727272727272727272727273
RHOV 4 1 0.022727272727272727272727272727272727272727272727273 
0.022727272727272727272727272727272727272727272727273
RHOV 5 1 0.022727272727272727272727272727272727272727272727273 
0.022727272727272727272727272727272727272727272727273
RHOV 6 1 0.022727272727272727272727272727272727272727272727273 
0.022727272727272727272727272727272727272727272727273
RHOV 7 1 0.022727272727272727272727272727272727272727272727273 
0.022727272727272727272727272727272727272727272727273
RHOV 8 1 0.022727272727272727272727272727272727272727272727273 
0.022727272727272727272727272727272727272727272727273
RHOV 9 1 0.022727272727272727272727272727272727272727272727273 
0.022727272727272727272727272727272727272727272727273
RHOV 10 1 0.022727272727272727272727272727272727272727272727273 
0.022727272727272727272727272727272727272727272727273
RHOV 11 1 0.022727272727272727272727272727272727272727272727273 
0.022727272727272727272727272727272727272727272727273
RHOV 12 1 0.022727272727272727272727272727272727272727272727273 
0.022727272727272727272727272727272727272727272727273
RHOV 13 1 0.022727272727272727272727272727272727272727272727273 
0.022727272727272727272727272727272727272727272727273
RHOV 14 1 0.022727272727272727272727272727272727272727272727273 
0.022727272727272727272727272727272727272727272727273
RHOV 15 1 0.022727272727272727272727272727272727272727272727273 
0.022727272727272727272727272727272727272727272727273
RHOV 16 1 0.022727272727272727272727272727272727272727272727273 
0.022727272727272727272727272727272727272727272727273
RHOV 17 1 0.022727272727272727272727272727272727272727272727273 
0.022727272727272727272727272727272727272727272727273
RHOV 18 1 0.022727272727272727272727272727272727272727272727273 
0.022727272727272727272727272727272727272727272727273
RHOV 19 1 0.022727272727272727272727272727272727272727272727273 
0.022727272727272727272727272727272727272727272727273
RHOV 20 1 0.022727272727272727272727272727272727272727272727273 
0.022727272727272727272727272727272727272727272727273
RHOV 21 1 0.022727272727272727272727272727272727272727272727273 
0.022727272727272727272727272727272727272727272727273
RHOV 22 1 0.022727272727272727272727272727272727272727272727273 
0.022727272727272727272727272727272727272727272727273
RHOV 23 1 0.022727272727272727272727272727272727272727272727273 
0.022727272727272727272727272727272727272727272727273
RHOV 24 1 0.022727272727272727272727272727272727272727272727273 
0.022727272727272727272727272727272727272727272727273
RHOV 25 1 0.022727272727272727272727272727272727272727272727273 
0.022727272727272727272727272727272727272727272727273
RHOV 26 1 0.022727272727272727272727272727272727272727272727273 
0.022727272727272727272727272727272727272727272727273
RHOV 27 1 0.022727272727272727272727272727272727272727272727273 
0.022727272727272727272727272727272727272727272727273
RHOV 28 1 0.022727272727272727272727272727272727272727272727273 
0.022727272727272727272727272727272727272727272727273
RHOV 29 1 0.022727272727272727272727272727272727272727272727273 
0.022727272727272727272727272727272727272727272727273
RHOV 30 1 0.022727272727272727272727272727272727272727272727273 
0.022727272727272727272727272727272727272727272727273
RHOV 31 1 0.022727272727272727272727272727272727272727272727273 
0.022727272727272727272727272727272727272727272727273
RHOV 32 1 0.022727272727272727272727272727272727272727272727273 
0.022727272727272727272727272727272727272727272727273
RHOV 33 1 0.022727272727272727272727272727272727272727272727273 
0.022727272727272727272727272727272727272727272727273
RHOV 34 1 0.022727272727272727272727272727272727272727272727273 
0.022727272727272727272727272727272727272727272727273
RHOV 35 1 0.022727272727272727272727272727272727272727272727273 
0.022727272727272727272727272727272727272727272727273
RHOV 36 1 0.022727272727272727272727272727272727272727272727273 
0.022727272727272727272727272727272727272727272727273
RHOV 37 1 0.022727272727272727272727272727272727272727272727273 
0.022727272727272727272727272727272727272727272727273
RHOV 38 1 0.022727272727272727272727272727272727272727272727273 
0.022727272727272727272727272727272727272727272727273
RHOV 39 1 0.022727272727272727272727272727272727272727272727273 
0.022727272727272727272727272727272727272727272727273
RHOV 40 1 0.022727272727272727272727272727272727272727272727273 
0.022727272727272727272727272727272727272727272727273
RHOV 41 1 0.022727272727272727272727272727272727272727272727273 
0.022727272727272727272727272727272727272727272727273
RHOV 42 1 0.022727272727272727272727272727272727272727272727273 
0.022727272727272727272727272727272727272727272727273
RHOV 43 1 0.022727272727272727272727272727272727272727272727273 
0.022727272727272727272727272727272727272727272727273
RHOV 44 1 0.022727272727272727272727272727272727272727272727273 
0.022727272727272727272727272727272727272727272727273
RHOV 45 1 0.022727272727272727272727272727272727272727272727273 
0.022727272727272727272727272727272727272727272727273
RHOV 57 4 0.090909090909090909090909090909090909090909090909091 
5.2061575426627013929909394215550365560116837743650E-81
RHOV 58 4 7.9415110693545534298937435190489580683200707535349E-81 
-0.090909090909090909090909090909090909090909090909091
RHOV 59 4 0.090909090909090909090909090909090909090909090909091 
-1.5904202833491124669908840067531425374340427849604E-81
RHOV 60 4 1.3412218122738257503699351714036801092936844711875E-80 
-0.090909090909090909090909090909090909090909090909091
RHOV 61 4 0.090909090909090909090909090909090909090909090909091 
3.8802867700345916068147241882347004871827311733794E-81
RHOV 62 4 -5.6516445826690742900699033375674001185713823651159E-81 
-0.090909090909090909090909090909090909090909090909091
RHOV 63 4 0.090909090909090909090909090909090909090909090909091 
3.3885563582209331548195195629814587747924506167050E-80
RHOV 64 4 2.4353632229505665651310568104012487142170392628554E-80 
-0.090909090909090909090909090909090909090909090909091
RHOV 65 4 0.090909090909090909090909090909090909090909090909091 
-3.4247438640780071980723785914973701935833722980602E-80
RHOV 66 4 5.2897695240983338575413130524082859306621655515636E-81 
-0.090909090909090909090909090909090909090909090909091
RHOV 67 4 0.090909090909090909090909090909090909090909090909091 
4.4826977688976739695806412019790273797158054083729E-80
RHOV 68 11 0.25000000000000000000000000000000000000000000000000 
-0.25000000000000000000000000000000000000000000000000
RHOV 69 11 -0.25000000000000000000000000000000000000000000000000 
0.25000000000000000000000000000000000000000000000000
RHOV 70 11 0.25000000000000000000000000000000000000000000000000 
-0.25000000000000000000000000000000000000000000000000
RHOV 71 11 0.25000000000000000000000000000000000000000000000000 
-0.25000000000000000000000000000000000000000000000000
SOLVE resid = 1.667025315E-43  (|rho| = 1.279204298)
RHO IS IN THE SPAN: E* found
BETA 2 -0.833333333333333333333333333333 -7.89536736492486267209167097440E-38  
r=[ -2, 5, -2, -4, 10, -4 ]
BETA 3 -0.666666666666666666666666666667 3.15814694596994506883666838976E-37  
r=[ 0, -1, 2, -2, 4, 0 ]
BETA 5 1.83333333333333333333333333333 7.89536736492486267209167097440E-38  r=[ 
2, -1, 0, 0, 4, -2 ]
oo-coset index 1
ESTAR oo-expansion (exponent grid q^(n/24)):
ECOEF 0/24 1.00000000000000000000000000000 6.77562710386497710436793996690E-80
ECOEF 24/24 -5.33333333333333333333333333334 
-3.15814694596994506883666838976E-37
ECOEF 72/24 -0.666666666666666666666666666667 
3.15814694596994506883666838976E-37
ECOEF 96/24 2.00000000000000000000000000000 1.35512542077299542087358799338E-79
ECOEF 120/24 -0.666666666666666666666666666667 
3.15814694596994506883666838976E-37
ECOEF 216/24 -6.00000000000000000000000000000 
4.41368677612185833297241980675E-78
ECOEF 264/24 -3.33333333333333333333333333333 
-3.15814694596994506883666838976E-37
ECOEF 288/24 -6.66666666666666666666666666666 
-6.31629389193989013767333677952E-37
ECOEF 336/24 -1.33333333333333333333333333333 
6.31629389193989013767333677952E-37
ECOEF 360/24 -7.33333333333333333333333333334 
-3.15814694596994506883666838976E-37
ECOEF 384/24 0.666666666666666666666666666667 
6.31629389193989013767333677952E-37
ECOEF 480/24 -8.00000000000000000000000000000 
9.09839863639831575011955721217E-78
ECOEF 528/24 -10.6666666666666666666666666667 
-6.31629389193989013767333677952E-37
ECOEF 552/24 7.33333333333333333333333333334 3.15814694596994506883666838976E-37
ECOEF 600/24 -6.00000000000000000000000000000 
4.41368677612185833297241980675E-78
ECOEF 624/24 -22.6666666666666666666666666667 
-6.31629389193989013767333677952E-37
ECOEF 648/24 -7.33333333333333333333333333334 
-3.15814694596994506883666838976E-37
ECOEF 744/24 7.33333333333333333333333333334 3.15814694596994506883666838976E-37
ECOEF 792/24 -0.666666666666666666666666666667 
3.15814694596994506883666838976E-37
ECOEF 816/24 -1.33333333333333333333333333333 
6.31629389193989013767333677952E-37
ECOEF 864/24 -6.00000000000000000000000000000 
9.23391117847561529220691601151E-78
ECOEF 888/24 -0.666666666666666666666666666667 
3.15814694596994506883666838976E-37
ECOEF 912/24 -22.6666666666666666666666666667 
-6.31629389193989013767333677952E-37
DONE
