BASE 22 3  M = 132  ds = [ 1, 2, 3, 4, 6, 11, 12, 22, 33, 44, 66, 132 ]
#cosets = 288
#monomials = 132
#holomorphic triple E's = 0 (cap 80)
#E's after external pool = 24
EPOOL 1 [ -3, 6, -1, 0, 3, 0, -2, 0, 0, 0, 0, 0 ]
EPOOL 2 [ -2, 1, 4, 0, 2, 0, -2, 0, 0, 0, 0, 0 ]
EPOOL 3 [ -1, -1, 1, 3, 4, 0, -3, 0, 0, 0, 0, 0 ]
EPOOL 4 [ -1, 1, 1, -1, 2, 0, 1, 0, 0, 0, 0, 0 ]
EPOOL 5 [ -1, 2, 1, 0, -1, 0, 0, 0, 0, 0, 0, 2 ]
EPOOL 6 [ 0, -3, -2, 6, 6, 0, -4, 0, 0, 0, 0, 0 ]
EPOOL 7 [ 0, -2, -2, 1, 11, 0, -5, 0, 0, 0, 0, 0 ]
EPOOL 8 [ 0, -1, -2, 2, 4, 0, 0, 0, 0, 0, 0, 0 ]
EPOOL 9 [ 0, -1, 0, 2, 0, -2, 0, 4, 0, 0, 0, 0 ]
EPOOL 10 [ 0, 0, -1, 0, 2, -1, 0, 2, 0, 0, -1, 2 ]
EPOOL 11 [ 0, 0, 0, 0, 1, -2, 0, 5, 0, -2, 1, 0 ]
EPOOL 12 [ 0, 0, 0, 0, 2, 0, -1, 2, 2, -1, -1, 0 ]
EPOOL 13 [ 0, 1, -2, -2, 2, 0, 4, 0, 0, 0, 0, 0 ]
EPOOL 14 [ 0, 1, 0, 0, 0, -2, 0, 6, 0, -2, 0, 0 ]
EPOOL 15 [ 0, 1, 0, 0, 0, 0, 0, -1, 2, 1, 1, -1 ]
EPOOL 16 [ 0, 1, 0, 0, 0, 1, 0, -1, -1, 0, 1, 2 ]
EPOOL 17 [ 0, 2, 0, -1, -1, 0, 1, 0, 2, 0, 0, 0 ]
EPOOL 18 [ 0, 6, -2, -3, 3, 0, -1, 0, 0, 0, 0, 0 ]
EPOOL 19 [ 1, -2, -5, 0, 11, 0, -2, 0, 0, 0, 0, 0 ]
EPOOL 20 [ 2, -1, 0, 0, 0, 0, 0, 4, 0, -2, 0, 0 ]
EPOOL 21 [ 2, -1, 0, 0, 4, 0, -2, 0, 0, 0, 0, 0 ]
EPOOL 22 [ 3, -3, -3, 3, 6, 0, -3, 0, 0, 0, 0, 0 ]
EPOOL 23 [ 3, -1, -3, -1, 4, 0, 1, 0, 0, 0, 0, 0 ]
EPOOL 24 [ 6, -3, -4, 0, 6, 0, -2, 0, 0, 0, 0, 0 ]
  E 10/24 done
  E 20/24 done
E constant table built
SOLVE resid = 5.027291207E-42  (|rho| = 0.7385489459)
RHO IS IN THE SPAN: E* found
BETA 1 -0.0171007111281952719584854891409 -4.24073018072274661785451946436E-40  
r=[ -3, 6, -1, 0, 3, 0, -2, 0, 0, 0, 0, 0 ]
BETA 2 -0.0133720930232558139534883720930 2.35236845670753555773399509519E-38  
r=[ -2, 1, 4, 0, 2, 0, -2, 0, 0, 0, 0, 0 ]
BETA 3 -0.00480972515856236786469344608879 9.09384943925633241423698990962E-39  
r=[ -1, -1, 1, 3, 4, 0, -3, 0, 0, 0, 0, 0 ]
BETA 4 -0.00856236786469344608879492600423 5.06986263179999509271747211906E-38  
r=[ -1, 1, 1, -1, 2, 0, 1, 0, 0, 0, 0, 0 ]
BETA 6 0.00133576782625408418220257543725 -5.68476144338547028325454912178E-38  
r=[ 0, -3, -2, 6, 6, 0, -4, 0, 0, 0, 0, 0 ]
BETA 7 0.00375264270613107822410147991543 1.03034792087957792941493720992E-38  
r=[ 0, -2, -2, 1, 11, 0, -5, 0, 0, 0, 0, 0 ]
BETA 8 -0.00614549298481645204689602152604 -6.61169510826664112700913587256E-38 
r=[ 0, -1, -2, 2, 4, 0, 0, 0, 0, 0, 0, 0 ]
BETA 9 -1.00000000000000000000000000000 -6.82871081600877688421062039329E-75  
r=[ 0, -1, 0, 2, 0, -2, 0, 4, 0, 0, 0, 0 ]
BETA 10 1.20000000000000000000000000000 8.19475203518119969807143963803E-75  r=[
0, 0, -1, 0, 2, -1, 0, 2, 0, 0, -1, 2 ]
BETA 12 -0.300000000000000000000000000000 1.64666438671129963091594756381E-76  
r=[ 0, 0, 0, 0, 2, 0, -1, 2, 2, -1, -1, 0 ]
BETA 13 -0.00241687487987699404189890447818 -2.43978171269242192539107833843E-39
r=[ 0, 1, -2, -2, 2, 0, 4, 0, 0, 0, 0, 0 ]
BETA 18 0.0230876417451470305592927157409 1.08409354811729600674717871340E-38  
r=[ 0, 6, -2, -3, 3, 0, -1, 0, 0, 0, 0, 0 ]
BETA 19 -0.00372861810493945800499711704786 -2.53375030479813955647321225954E-38
r=[ 1, -2, -5, 0, 11, 0, -2, 0, 0, 0, 0, 0 ]
BETA 20 0.250000000000000000000000000000 -1.37274905192136603786427330627E-76  
r=[ 2, -1, 0, 0, 0, 0, 0, 4, 0, -2, 0, 0 ]
BETA 21 0.0208773784355179704016913319239 2.49802424443595563062179716434E-38  
r=[ 2, -1, 0, 0, 4, 0, -2, 0, 0, 0, 0, 0 ]
BETA 22 0.0197722467807034403228906400154 -4.35812493933878660997760470385E-38  
r=[ 3, -3, -3, 3, 6, 0, -3, 0, 0, 0, 0, 0 ]
BETA 23 0.00110513165481453007880069190851 3.77680392299423102453415371150E-38  
r=[ 3, -1, -3, -1, 4, 0, 1, 0, 0, 0, 0, 0 ]
BETA 24 0.0164568518162598500864885642898 2.21107457046548599346909184646E-38  
r=[ 6, -3, -4, 0, 6, 0, -2, 0, 0, 0, 0, 0 ]
oo-coset index 1
ESTAR oo-expansion (exponent grid q^(n/24)):
ECOEF 24/24 -0.800000000000000000000000000000 
-1.13476088330566188944547376343E-74
ECOEF 72/24 -1.20000000000000000000000000000 
-1.96352933626727206954281171280E-74
ECOEF 96/24 0.200000000000000000000000000000 
-2.01473060773534882534315933093E-74
ECOEF 120/24 -1.00000000000000000000000000000 
-2.06783762751722254557429389146E-74
ECOEF 216/24 -1.80000000000000000000000000000 
-3.20259851082288443501976765489E-74
ECOEF 288/24 -0.200000000000000000000000000000 
-2.10571801701922667550486430873E-74
ECOEF 336/24 -2.00000000000000000000000000000 
-4.13567525503444509114858778292E-74
ECOEF 360/24 -1.00000000000000000000000000000 
-2.33299060630654227718729130985E-74
ECOEF 384/24 -1.80000000000000000000000000000 
-5.03059229564276879095151268011E-74
ECOEF 480/24 -2.00000000000000000000000000000 
-2.75070870911810023399535593079E-74
ECOEF 528/24 -1.60000000000000000000000000000 
-4.62688678303372819191478493723E-74
ECOEF 552/24 1.00000000000000000000000000000 
-7.92691005754586971450203903830E-75
ECOEF 600/24 -3.00000000000000000000000000000 
-6.46649542228289641867757272096E-74
ECOEF 624/24 -4.00000000000000000000000000000 
-5.41082187679708066527267777055E-74
ECOEF 648/24 -1.20000000000000000000000000000 
-3.34849588218361692669604356494E-74
ECOEF 744/24 1.00000000000000000000000000000 
-5.74304957987158073774889171538E-74
ECOEF 792/24 -1.60000000000000000000000000000 
-6.74963437262780537900364976094E-74
ECOEF 816/24 -4.40000000000000000000000000000 
-1.06634690779544690584641979151E-73
ECOEF 864/24 -1.80000000000000000000000000000 
-4.76543931685344905933851526172E-74
ECOEF 888/24 -2.20000000000000000000000000000 
-5.33173453897723452923209895753E-74
ECOEF 912/24 -4.00000000000000000000000000000 
-5.41082187679708066527267777055E-74
DONE
