BASE 15 2  M = 60  ds = [ 1, 2, 3, 4, 5, 6, 10, 12, 15, 20, 30, 60 ]
#cosets = 144
#monomials = 86
#holomorphic triple E's = 1 (cap 80)
#E's after external pool = 22
EPOOL 1 [ -6, 15, 0, -6, 0, 0, 0, 0, 0, 0, 0, 0 ]
EPOOL 2 [ -3, 6, -1, 0, 0, 3, 0, -2, 0, 0, 0, 0 ]
EPOOL 3 [ -3, 7, 0, -3, 1, 0, 0, 0, 0, 1, 0, 0 ]
EPOOL 4 [ -2, 1, 4, 0, 0, 2, 0, -2, 0, 0, 0, 0 ]
EPOOL 5 [ -1, 0, 0, 4, -1, 0, 3, 0, 0, -2, 0, 0 ]
EPOOL 6 [ -1, 2, 0, 0, -1, 0, 1, 0, 0, 2, 0, 0 ]
EPOOL 7 [ -1, 2, 0, 0, 0, 0, 0, 0, -3, 0, 7, -2 ]
EPOOL 8 [ 0, -3, -2, 6, 0, 6, 0, -4, 0, 0, 0, 0 ]
EPOOL 9 [ 0, -1, -2, 2, 0, 4, 0, 0, 0, 0, 0, 0 ]
EPOOL 10 [ 0, -1, 0, 2, 0, 0, 0, 0, -2, 0, 4, 0 ]
EPOOL 11 [ 0, 0, 0, 0, 2, 0, -1, 1, 0, 0, 0, 1 ]
EPOOL 12 [ 0, 0, 0, 2, 0, 0, 0, -1, -2, -1, 5, 0 ]
EPOOL 13 [ 0, 0, 1, 0, 0, 0, -1, 0, 1, 2, 0, 0 ]
EPOOL 14 [ 0, 1, -2, -2, 0, 2, 0, 4, 0, 0, 0, 0 ]
EPOOL 15 [ 0, 2, 0, -1, 0, 0, 0, 0, -2, 0, 7, -3 ]
EPOOL 16 [ 0, 2, 0, -1, 2, 0, 1, 0, 0, -1, 0, 0 ]
EPOOL 17 [ 0, 6, -2, -3, 0, 3, 0, -1, 0, 0, 0, 0 ]
EPOOL 18 [ 2, -1, 0, 0, 0, 0, 0, 0, 0, 0, 4, -2 ]
EPOOL 19 [ 2, -1, 0, 0, 0, 4, 0, -2, 0, 0, 0, 0 ]
EPOOL 20 [ 2, 0, -1, 0, -1, 0, 0, 0, 0, 0, 5, -2 ]
EPOOL 21 [ 4, 0, 0, -1, -2, 0, 3, 0, 0, -1, 0, 0 ]
EPOOL 22 [ 6, -3, -4, 0, 0, 6, 0, -2, 0, 0, 0, 0 ]
  E 10/22 done
  E 20/22 done
E constant table built
SOLVE resid = 4.739132593E-42  (|rho| = 0.8944271910)
RHO IS IN THE SPAN: E* found
BETA 1 -0.100221769440447189219776800650 -6.16034703251499504881676874936E-38  
r=[ -6, 15, 0, -6, 0, 0, 0, 0, 0, 0, 0, 0 ]
BETA 2 -0.0826302714850277371436912379554 1.91976039880933063284192318167E-38  
r=[ -3, 6, -1, 0, 0, 3, 0, -2, 0, 0, 0, 0 ]
BETA 3 -0.0747112611566090454090343600979 5.69198147916691482545995381879E-38  
r=[ -3, 7, 0, -3, 1, 0, 0, 0, 0, 1, 0, 0 ]
BETA 4 -0.0581276927529951158184273701895 -3.13453063761791724540241911183E-38  
r=[ -2, 1, 4, 0, 0, 2, 0, -2, 0, 0, 0, 0 ]
BETA 5 0.123979862442731370966475535113 5.56581743438487767979180134262E-38  r=[
-1, 0, 0, 4, -1, 0, 3, 0, 0, -2, 0, 0 ]
BETA 6 -0.0298709347799733333717838929454 4.42538089004391716044379232483E-38  
r=[ -1, 2, 0, 0, -1, 0, 1, 0, 0, 2, 0, 0 ]
BETA 7 2.09752826241852976120118288897 -6.13980935940716982023264952283E-38  r=[
-1, 2, 0, 0, 0, 0, 0, 0, -3, 0, 7, -2 ]
BETA 8 -0.0231015948490994761428261448087 2.07071267694966562884758810111E-37  
r=[ 0, -3, -2, 6, 0, 6, 0, -4, 0, 0, 0, 0 ]
BETA 9 -0.0198428922119760870002883643822 -1.60535050093392499131710003209E-37  
r=[ 0, -1, -2, 2, 0, 4, 0, 0, 0, 0, 0, 0 ]
BETA 10 1.41165183406167670071521506649 -2.27934181960864932340000782257E-38  
r=[ 0, -1, 0, 2, 0, 0, 0, 0, -2, 0, 4, 0 ]
BETA 12 0.282714131002634557711311787243 -9.06857223901767998208667604649E-38  
r=[ 0, 0, 0, 2, 0, 0, 0, -1, -2, -1, 5, 0 ]
BETA 14 0.00465968652005653432497550338356 8.86073745791544606400031371621E-38  
r=[ 0, 1, -2, -2, 0, 2, 0, 4, 0, 0, 0, 0 ]
BETA 15 -0.0265224443547191698081075060279 -1.25042040420295137049717186592E-38 
r=[ 0, 2, 0, -1, 0, 0, 0, 0, -2, 0, 7, -3 ]
BETA 16 0.228562058379313749747293788156 -3.34509117808356573737116035995E-38  
r=[ 0, 2, 0, -1, 2, 0, 1, 0, 0, -1, 0, 0 ]
BETA 17 -0.0650387735296082850676056752607 -9.83989821531321378581723388530E-38 
r=[ 0, 6, -2, -3, 0, 3, 0, -1, 0, 0, 0, 0 ]
BETA 18 -0.186869588054273694614731175539 3.51861968220195519474882015444E-39  
r=[ 2, -1, 0, 0, 0, 0, 0, 0, 0, 0, 4, -2 ]
BETA 19 0.00260513001468309488282407380512 -2.80794609337526694349819949551E-39 
r=[ 2, -1, 0, 0, 0, 4, 0, -2, 0, 0, 0, 0 ]
BETA 20 1.37137723955987001805518265324 1.37561989184738240492706511184E-37  r=[
2, 0, -1, 0, -1, 0, 0, 0, 0, 0, 5, -2 ]
BETA 21 0.0494721465261765974348889414211 8.71614260753699106299538747106E-39  
r=[ 4, 0, 0, -1, -2, 0, 3, 0, 0, -1, 0, 0 ]
BETA 22 0.137892937103265854783683571937 -5.40509875459458934462945237606E-38  
r=[ 6, -3, -4, 0, 0, 6, 0, -2, 0, 0, 0, 0 ]
oo-coset index 1
ESTAR oo-expansion (exponent grid q^(n/24)):
ECOEF 24/24 -0.221391160614860640752096788110 
2.90631315575955748500159920265E-39
ECOEF 48/24 -0.659166175425215839219483820591 
-5.62767905503396065413815369331E-38
ECOEF 72/24 -0.880557336040076479971580608701 
-5.33704773945800490563799377304E-38
ECOEF 96/24 0.221391160614860640752096788110 
-2.90631315575955748500159920265E-39
ECOEF 120/24 0.659166175425215839219483820591 
5.62767905503396065413815369331E-38
ECOEF 144/24 0.221391160614860640752096788110 
-2.90631315575955748500159920265E-39
ECOEF 168/24 -4.00000000000000000000000000000 
-4.16080397718428364268685148428E-78
ECOEF 192/24 -1.57971915249463120083735496201 
1.63017745339499704654141412394E-37
ECOEF 216/24 -0.221391160614860640752096788110 
2.90631315575955748500159920265E-39
ECOEF 240/24 -3.77860883938513935924790321189 
-2.90631315575955748500159920265E-39
ECOEF 288/24 -4.65916617542521583921948382059 
-5.62767905503396065413815369331E-38
ECOEF 312/24 -8.00000000000000000000000000000 
1.63934245478974435071227826237E-77
ECOEF 360/24 -2.68166764914956832156103235882 
1.12553581100679213082763073866E-37
ECOEF 384/24 -0.221391160614860640752096788110 
2.90631315575955748500159920265E-39
ECOEF 432/24 0.659166175425215839219483820591 
5.62767905503396065413815369331E-38
ECOEF 480/24 1.57971915249463120083735496201 
-1.63017745339499704654141412394E-37
ECOEF 504/24 0.442782321229721281504193576219 
-5.81262631151911497000319840531E-39
ECOEF 528/24 -8.00000000000000000000000000000 
1.63934245478974435071227826237E-77
ECOEF 552/24 0.920552977069415361617871141413 
-2.19294535889839311195522949327E-37
ECOEF 576/24 -0.221391160614860640752096788110 
2.90631315575955748500159920265E-39
ECOEF 600/24 0.221391160614860640752096788110 
-2.90631315575955748500159920265E-39
ECOEF 648/24 -3.11944266395992352002841939130 
5.33704773945800490563799377304E-38
ECOEF 672/24 -8.00000000000000000000000000000 
-8.32160795436856728537370296856E-78
ECOEF 720/24 -5.10194849665493712072367739681 
-5.04641642388204915713783385278E-38
ECOEF 768/24 2.89805150334506287927632260319 
-5.04641642388204915713783385278E-38
ECOEF 792/24 -9.31833235085043167843896764118 
-1.12553581100679213082763073866E-37
ECOEF 816/24 -0.442782321229721281504193576219 
5.81262631151911497000319840531E-39
ECOEF 840/24 -2.23888532791984704005683878260 
1.06740954789160098112759875461E-37
ECOEF 864/24 0.221391160614860640752096788110 
-2.90631315575955748500159920265E-39
ECOEF 888/24 -8.00000000000000000000000000000 
1.63934245478974435071227826237E-77
ECOEF 912/24 1.31833235085043167843896764118 1.12553581100679213082763073866E-37
ECOEF 936/24 0.442782321229721281504193576219 
-5.81262631151911497000319840531E-39
DONE
