BASE 22 3  M = 132  ds = [ 1, 2, 3, 4, 6, 11, 12, 22, 33, 44, 66, 132 ]
|D| = 8712  invariants = [ 2, 66, 66 ]
level(Dbar) = 132 (verified on the generators)
p = 2: |J_p| = 8  (multiplier modulus 8)
p = 3: |J_p| = 9  (multiplier modulus 9)
p = 11: |J_p| = 121  (multiplier modulus 121)
Jordan basis J_2 (2-rank 3): [
[ 0, 33, 0 ],
[ 0, 33, 33 ],
[ 1, 33, 33 ]
]  Q*4: [ 3, 3, 3 ]  x_c = [ 1, 33, 0 ]
sign(Dbar) = 1 mod 8 (2-part 5)
#isotropic = 5, tracking coset index 45  coords [ 0, 22, 0 ]
VERIFY Qbar: 0/8712 mismatches
VERIFY B: 0 mismatches on the 200x200 corner
VERIFY J_2: model 8  library 8  OK
VERIFY J_3: model 9  library 9  OK
VERIFY J_11: model 121  library 121  OK
#cosets = 288
rhov done (coordinate model, 11 YTab keys)
CTL: worst |closed - FFT| = 1.28243976100822349090675248102E-79 at word 287  
(180/288 FFT entries nonzero)
CTL VERDICT: PASS
E constant table built
RHOV 2 1 0.0075757575757575757575757575757575757575757575757576 
0.0075757575757575757575757575757575757575757575757576
RHOV 3 1 0.0075757575757575757575757575757575757575757575757576 
0.0075757575757575757575757575757575757575757575757576
RHOV 4 1 0.0075757575757575757575757575757575757575757575757576 
0.0075757575757575757575757575757575757575757575757576
RHOV 5 1 0.0075757575757575757575757575757575757575757575757576 
0.0075757575757575757575757575757575757575757575757576
RHOV 6 1 0.0075757575757575757575757575757575757575757575757576 
0.0075757575757575757575757575757575757575757575757576
RHOV 7 1 0.0075757575757575757575757575757575757575757575757576 
0.0075757575757575757575757575757575757575757575757576
RHOV 8 1 0.0075757575757575757575757575757575757575757575757576 
0.0075757575757575757575757575757575757575757575757576
RHOV 9 1 0.0075757575757575757575757575757575757575757575757576 
0.0075757575757575757575757575757575757575757575757576
RHOV 10 1 0.0075757575757575757575757575757575757575757575757576 
0.0075757575757575757575757575757575757575757575757576
RHOV 11 1 0.0075757575757575757575757575757575757575757575757576 
0.0075757575757575757575757575757575757575757575757576
RHOV 12 1 0.0075757575757575757575757575757575757575757575757576 
0.0075757575757575757575757575757575757575757575757576
RHOV 13 1 0.0075757575757575757575757575757575757575757575757576 
0.0075757575757575757575757575757575757575757575757576
RHOV 14 1 0.0075757575757575757575757575757575757575757575757576 
0.0075757575757575757575757575757575757575757575757576
RHOV 15 1 0.0075757575757575757575757575757575757575757575757576 
0.0075757575757575757575757575757575757575757575757576
RHOV 16 1 0.0075757575757575757575757575757575757575757575757576 
0.0075757575757575757575757575757575757575757575757576
RHOV 17 1 0.0075757575757575757575757575757575757575757575757576 
0.0075757575757575757575757575757575757575757575757576
RHOV 18 1 0.0075757575757575757575757575757575757575757575757576 
0.0075757575757575757575757575757575757575757575757576
RHOV 19 1 0.0075757575757575757575757575757575757575757575757576 
0.0075757575757575757575757575757575757575757575757576
RHOV 20 1 0.0075757575757575757575757575757575757575757575757576 
0.0075757575757575757575757575757575757575757575757576
RHOV 21 1 0.0075757575757575757575757575757575757575757575757576 
0.0075757575757575757575757575757575757575757575757576
RHOV 22 1 0.0075757575757575757575757575757575757575757575757576 
0.0075757575757575757575757575757575757575757575757576
RHOV 23 1 0.0075757575757575757575757575757575757575757575757576 
0.0075757575757575757575757575757575757575757575757576
RHOV 24 1 0.0075757575757575757575757575757575757575757575757576 
0.0075757575757575757575757575757575757575757575757576
RHOV 25 1 0.0075757575757575757575757575757575757575757575757576 
0.0075757575757575757575757575757575757575757575757576
RHOV 26 1 0.0075757575757575757575757575757575757575757575757576 
0.0075757575757575757575757575757575757575757575757576
RHOV 27 1 0.0075757575757575757575757575757575757575757575757576 
0.0075757575757575757575757575757575757575757575757576
RHOV 28 1 0.0075757575757575757575757575757575757575757575757576 
0.0075757575757575757575757575757575757575757575757576
RHOV 29 1 0.0075757575757575757575757575757575757575757575757576 
0.0075757575757575757575757575757575757575757575757576
RHOV 30 1 0.0075757575757575757575757575757575757575757575757576 
0.0075757575757575757575757575757575757575757575757576
RHOV 31 1 0.0075757575757575757575757575757575757575757575757576 
0.0075757575757575757575757575757575757575757575757576
RHOV 32 1 0.0075757575757575757575757575757575757575757575757576 
0.0075757575757575757575757575757575757575757575757576
RHOV 33 1 0.0075757575757575757575757575757575757575757575757576 
0.0075757575757575757575757575757575757575757575757576
RHOV 34 1 0.0075757575757575757575757575757575757575757575757576 
0.0075757575757575757575757575757575757575757575757576
RHOV 35 1 0.0075757575757575757575757575757575757575757575757576 
0.0075757575757575757575757575757575757575757575757576
RHOV 36 1 0.0075757575757575757575757575757575757575757575757576 
0.0075757575757575757575757575757575757575757575757576
RHOV 37 1 0.0075757575757575757575757575757575757575757575757576 
0.0075757575757575757575757575757575757575757575757576
RHOV 38 1 0.0075757575757575757575757575757575757575757575757576 
0.0075757575757575757575757575757575757575757575757576
RHOV 39 1 0.0075757575757575757575757575757575757575757575757576 
0.0075757575757575757575757575757575757575757575757576
RHOV 40 1 0.0075757575757575757575757575757575757575757575757576 
0.0075757575757575757575757575757575757575757575757576
RHOV 41 1 0.0075757575757575757575757575757575757575757575757576 
0.0075757575757575757575757575757575757575757575757576
RHOV 42 1 0.0075757575757575757575757575757575757575757575757576 
0.0075757575757575757575757575757575757575757575757576
RHOV 43 1 0.0075757575757575757575757575757575757575757575757576 
0.0075757575757575757575757575757575757575757575757576
RHOV 44 1 0.0075757575757575757575757575757575757575757575757576 
0.0075757575757575757575757575757575757575757575757576
RHOV 45 1 0.0075757575757575757575757575757575757575757575757576 
0.0075757575757575757575757575757575757575757575757576
RHOV 46 1 0.0075757575757575757575757575757575757575757575757576 
0.0075757575757575757575757575757575757575757575757576
RHOV 47 1 0.0075757575757575757575757575757575757575757575757576 
0.0075757575757575757575757575757575757575757575757576
RHOV 48 1 0.0075757575757575757575757575757575757575757575757576 
0.0075757575757575757575757575757575757575757575757576
RHOV 49 1 0.0075757575757575757575757575757575757575757575757576 
0.0075757575757575757575757575757575757575757575757576
RHOV 50 1 0.0075757575757575757575757575757575757575757575757576 
0.0075757575757575757575757575757575757575757575757576
RHOV 51 1 0.0075757575757575757575757575757575757575757575757576 
0.0075757575757575757575757575757575757575757575757576
RHOV 52 1 0.0075757575757575757575757575757575757575757575757576 
0.0075757575757575757575757575757575757575757575757576
RHOV 53 1 0.0075757575757575757575757575757575757575757575757576 
0.0075757575757575757575757575757575757575757575757576
RHOV 54 1 0.0075757575757575757575757575757575757575757575757576 
0.0075757575757575757575757575757575757575757575757576
RHOV 55 1 0.0075757575757575757575757575757575757575757575757576 
0.0075757575757575757575757575757575757575757575757576
RHOV 56 1 0.0075757575757575757575757575757575757575757575757576 
0.0075757575757575757575757575757575757575757575757576
RHOV 57 1 0.0075757575757575757575757575757575757575757575757576 
0.0075757575757575757575757575757575757575757575757576
RHOV 58 1 0.0075757575757575757575757575757575757575757575757576 
0.0075757575757575757575757575757575757575757575757576
RHOV 59 1 0.0075757575757575757575757575757575757575757575757576 
0.0075757575757575757575757575757575757575757575757576
RHOV 60 1 0.0075757575757575757575757575757575757575757575757576 
0.0075757575757575757575757575757575757575757575757576
RHOV 61 1 0.0075757575757575757575757575757575757575757575757576 
0.0075757575757575757575757575757575757575757575757576
RHOV 62 1 0.0075757575757575757575757575757575757575757575757576 
0.0075757575757575757575757575757575757575757575757576
RHOV 63 1 0.0075757575757575757575757575757575757575757575757576 
0.0075757575757575757575757575757575757575757575757576
RHOV 64 1 0.0075757575757575757575757575757575757575757575757576 
0.0075757575757575757575757575757575757575757575757576
RHOV 65 1 0.0075757575757575757575757575757575757575757575757576 
0.0075757575757575757575757575757575757575757575757576
RHOV 66 1 0.0075757575757575757575757575757575757575757575757576 
0.0075757575757575757575757575757575757575757575757576
RHOV 67 1 0.0075757575757575757575757575757575757575757575757576 
0.0075757575757575757575757575757575757575757575757576
RHOV 68 1 0.0075757575757575757575757575757575757575757575757576 
0.0075757575757575757575757575757575757575757575757576
RHOV 69 1 0.0075757575757575757575757575757575757575757575757576 
0.0075757575757575757575757575757575757575757575757576
RHOV 70 1 0.0075757575757575757575757575757575757575757575757576 
0.0075757575757575757575757575757575757575757575757576
RHOV 71 1 0.0075757575757575757575757575757575757575757575757576 
0.0075757575757575757575757575757575757575757575757576
RHOV 72 1 0.0075757575757575757575757575757575757575757575757576 
0.0075757575757575757575757575757575757575757575757576
RHOV 73 1 0.0075757575757575757575757575757575757575757575757576 
0.0075757575757575757575757575757575757575757575757576
RHOV 74 1 0.0075757575757575757575757575757575757575757575757576 
0.0075757575757575757575757575757575757575757575757576
RHOV 75 1 0.0075757575757575757575757575757575757575757575757576 
0.0075757575757575757575757575757575757575757575757576
RHOV 76 1 0.0075757575757575757575757575757575757575757575757576 
0.0075757575757575757575757575757575757575757575757576
RHOV 77 1 0.0075757575757575757575757575757575757575757575757576 
0.0075757575757575757575757575757575757575757575757576
RHOV 78 1 0.0075757575757575757575757575757575757575757575757576 
0.0075757575757575757575757575757575757575757575757576
RHOV 79 1 0.0075757575757575757575757575757575757575757575757576 
0.0075757575757575757575757575757575757575757575757576
RHOV 80 1 0.0075757575757575757575757575757575757575757575757576 
0.0075757575757575757575757575757575757575757575757576
RHOV 81 1 0.0075757575757575757575757575757575757575757575757576 
0.0075757575757575757575757575757575757575757575757576
RHOV 82 1 0.0075757575757575757575757575757575757575757575757576 
0.0075757575757575757575757575757575757575757575757576
RHOV 83 1 0.0075757575757575757575757575757575757575757575757576 
0.0075757575757575757575757575757575757575757575757576
RHOV 84 1 0.0075757575757575757575757575757575757575757575757576 
0.0075757575757575757575757575757575757575757575757576
RHOV 85 1 0.0075757575757575757575757575757575757575757575757576 
0.0075757575757575757575757575757575757575757575757576
RHOV 86 1 0.0075757575757575757575757575757575757575757575757576 
0.0075757575757575757575757575757575757575757575757576
RHOV 87 1 0.0075757575757575757575757575757575757575757575757576 
0.0075757575757575757575757575757575757575757575757576
RHOV 88 1 0.0075757575757575757575757575757575757575757575757576 
0.0075757575757575757575757575757575757575757575757576
RHOV 89 1 0.0075757575757575757575757575757575757575757575757576 
0.0075757575757575757575757575757575757575757575757576
RHOV 90 1 0.0075757575757575757575757575757575757575757575757576 
0.0075757575757575757575757575757575757575757575757576
RHOV 91 1 0.0075757575757575757575757575757575757575757575757576 
0.0075757575757575757575757575757575757575757575757576
RHOV 92 1 0.0075757575757575757575757575757575757575757575757576 
0.0075757575757575757575757575757575757575757575757576
RHOV 93 1 0.0075757575757575757575757575757575757575757575757576 
0.0075757575757575757575757575757575757575757575757576
RHOV 94 1 0.0075757575757575757575757575757575757575757575757576 
0.0075757575757575757575757575757575757575757575757576
RHOV 95 1 0.0075757575757575757575757575757575757575757575757576 
0.0075757575757575757575757575757575757575757575757576
RHOV 96 1 0.0075757575757575757575757575757575757575757575757576 
0.0075757575757575757575757575757575757575757575757576
RHOV 97 1 0.0075757575757575757575757575757575757575757575757576 
0.0075757575757575757575757575757575757575757575757576
RHOV 98 1 0.0075757575757575757575757575757575757575757575757576 
0.0075757575757575757575757575757575757575757575757576
RHOV 99 1 0.0075757575757575757575757575757575757575757575757576 
0.0075757575757575757575757575757575757575757575757576
RHOV 100 1 0.0075757575757575757575757575757575757575757575757576 
0.0075757575757575757575757575757575757575757575757576
RHOV 101 1 0.0075757575757575757575757575757575757575757575757576 
0.0075757575757575757575757575757575757575757575757576
RHOV 102 1 0.0075757575757575757575757575757575757575757575757576 
0.0075757575757575757575757575757575757575757575757576
RHOV 103 1 0.0075757575757575757575757575757575757575757575757576 
0.0075757575757575757575757575757575757575757575757576
RHOV 104 1 0.0075757575757575757575757575757575757575757575757576 
0.0075757575757575757575757575757575757575757575757576
RHOV 105 1 0.0075757575757575757575757575757575757575757575757576 
0.0075757575757575757575757575757575757575757575757576
RHOV 106 1 0.0075757575757575757575757575757575757575757575757576 
0.0075757575757575757575757575757575757575757575757576
RHOV 107 1 0.0075757575757575757575757575757575757575757575757576 
0.0075757575757575757575757575757575757575757575757576
RHOV 108 1 0.0075757575757575757575757575757575757575757575757576 
0.0075757575757575757575757575757575757575757575757576
RHOV 109 1 0.0075757575757575757575757575757575757575757575757576 
0.0075757575757575757575757575757575757575757575757576
RHOV 110 1 0.0075757575757575757575757575757575757575757575757576 
0.0075757575757575757575757575757575757575757575757576
RHOV 111 1 0.0075757575757575757575757575757575757575757575757576 
0.0075757575757575757575757575757575757575757575757576
RHOV 112 1 0.0075757575757575757575757575757575757575757575757576 
0.0075757575757575757575757575757575757575757575757576
RHOV 113 1 0.0075757575757575757575757575757575757575757575757576 
0.0075757575757575757575757575757575757575757575757576
RHOV 114 1 0.0075757575757575757575757575757575757575757575757576 
0.0075757575757575757575757575757575757575757575757576
RHOV 115 1 0.0075757575757575757575757575757575757575757575757576 
0.0075757575757575757575757575757575757575757575757576
RHOV 116 1 0.0075757575757575757575757575757575757575757575757576 
0.0075757575757575757575757575757575757575757575757576
RHOV 117 1 0.0075757575757575757575757575757575757575757575757576 
0.0075757575757575757575757575757575757575757575757576
RHOV 118 1 0.0075757575757575757575757575757575757575757575757576 
0.0075757575757575757575757575757575757575757575757576
RHOV 119 1 0.0075757575757575757575757575757575757575757575757576 
0.0075757575757575757575757575757575757575757575757576
RHOV 120 1 0.0075757575757575757575757575757575757575757575757576 
0.0075757575757575757575757575757575757575757575757576
RHOV 121 1 0.0075757575757575757575757575757575757575757575757576 
0.0075757575757575757575757575757575757575757575757576
RHOV 122 1 0.0075757575757575757575757575757575757575757575757576 
0.0075757575757575757575757575757575757575757575757576
RHOV 123 1 0.0075757575757575757575757575757575757575757575757576 
0.0075757575757575757575757575757575757575757575757576
RHOV 124 1 0.0075757575757575757575757575757575757575757575757576 
0.0075757575757575757575757575757575757575757575757576
RHOV 125 1 0.0075757575757575757575757575757575757575757575757576 
0.0075757575757575757575757575757575757575757575757576
RHOV 126 1 0.0075757575757575757575757575757575757575757575757576 
0.0075757575757575757575757575757575757575757575757576
RHOV 127 1 0.0075757575757575757575757575757575757575757575757576 
0.0075757575757575757575757575757575757575757575757576
RHOV 128 1 0.0075757575757575757575757575757575757575757575757576 
0.0075757575757575757575757575757575757575757575757576
RHOV 129 1 0.0075757575757575757575757575757575757575757575757576 
0.0075757575757575757575757575757575757575757575757576
RHOV 130 1 0.0075757575757575757575757575757575757575757575757576 
0.0075757575757575757575757575757575757575757575757576
RHOV 131 1 0.0075757575757575757575757575757575757575757575757576 
0.0075757575757575757575757575757575757575757575757576
RHOV 132 1 0.0075757575757575757575757575757575757575757575757576 
0.0075757575757575757575757575757575757575757575757576
RHOV 133 1 0.0075757575757575757575757575757575757575757575757576 
0.0075757575757575757575757575757575757575757575757576
RHOV 211 4 0.030303030303030303030303030303030303030303030303030 
2.0838882589006973753280621449680431167215792652523E-81
RHOV 212 4 2.9956727677979813876289968441326836208243749249756E-81 
-0.030303030303030303030303030303030303030303030303030
RHOV 213 4 0.030303030303030303030303030303030303030303030303030 
-1.8163768310324057799921233113468324776032958785616E-82
RHOV 214 4 4.8192417855925494122308662424619646290299662444222E-81 
-0.030303030303030303030303030303030303030303030303030
RHOV 215 4 0.030303030303030303030303030303030303030303030303030 
1.6419313346913274466026570671945977604452617315904E-81
RHOV 216 4 -1.5353791162098945190255521080727691081394427812413E-81 
-0.030303030303030303030303030303030303030303030303030
RHOV 217 4 0.030303030303030303030303030303030303030303030303030 
1.1643690272082907427062814214387893514025853396147E-80
RHOV 218 4 8.4663798211816854614346050391205266454411488833153E-81 
-0.030303030303030303030303030303030303030303030303030
RHOV 219 4 0.030303030303030303030303030303030303030303030303030 
-1.1067310468913560415910179633874869713893556319737E-80
RHOV 220 4 2.1117589193792415301781866885857929082717398576519E-81 
-0.030303030303030303030303030303030303030303030303030
RHOV 221 4 0.030303030303030303030303030303030303030303030303030 
1.5290828307672043476266553011046455530437036035040E-80
RHOV 222 4 -4.2428619824232024010782316619489408288976691680117E-81 
-0.030303030303030303030303030303030303030303030303030
RHOV 223 4 0.030303030303030303030303030303030303030303030303030 
8.9362074058695995450101346605117217932676270093768E-81
RHOV 224 4 2.2115276794162401491098500982972384415432923186765E-80 
-0.030303030303030303030303030303030303030303030303030
RHOV 225 4 0.030303030303030303030303030303030303030303030303030 
2.5815865040671556137537163099769880560982179837133E-81
RHOV 226 4 1.5760655892359957559842082632437650678263514161102E-80 
-0.030303030303030303030303030303030303030303030303030
RHOV 227 4 0.030303030303030303030303030303030303030303030303030 
-3.7730343977352883175027020405577456810711910419503E-81
RHOV 228 4 -2.3306724687830534194847486713553142040405896245002E-80 
-0.030303030303030303030303030303030303030303030303030
RHOV 229 4 0.030303030303030303030303030303030303030303030303030 
2.2585104378850315574674030604363579563259401312827E-80
RHOV 230 4 3.0514140887550696973292459313681832039246961097747E-81 
-0.030303030303030303030303030303030303030303030303030
RHOV 231 4 0.030303030303030303030303030303030303030303030303030 
-1.6482276201340176180015538741627213155410009093277E-80
RHOV 232 4 2.9409552865340673589505978576289508448255288464552E-80 
-0.030303030303030303030303030303030303030303030303030
RHOV 233 4 0.030303030303030303030303030303030303030303030303030 
9.8758625752454277121611939032941120889205832614997E-81
RHOV 234 4 -9.6578277148498181651835907697012842704141219415523E-81 
-0.030303030303030303030303030303030303030303030303030
RHOV 235 4 0.030303030303030303030303030303030303030303030303030 
3.6234001351831031604337926548215437333251175616277E-80
RHOV 236 4 1.6700311061735785726993141875220040973916470413225E-80 
-0.030303030303030303030303030303030303030303030303030
RHOV 237 4 0.030303030303030303030303030303030303030303030303030 
-2.8333792283594601503516427977753553854182347898274E-81
RHOV 238 4 4.3058449838321389619169874520141366218247062768001E-80 
-0.030303030303030303030303030303030303030303030303030
RHOV 239 4 0.030303030303030303030303030303030303030303030303030 
2.3524759548226143741825089847145969858912357564950E-80
RHOV 240 4 3.9910692581308978644803051741505734995776523618975E-81 
-0.030303030303030303030303030303030303030303030303030
RHOV 241 4 0.030303030303030303030303030303030303030303030303030 
-1.5542621031964348012864479498844822859757052841154E-80
RHOV 242 4 3.0349208034716501756657037819071898743908244716674E-80 
-0.030303030303030303030303030303030303030303030303030
RHOV 243 4 0.030303030303030303030303030303030303030303030303030 
7.6241037101397351526178555136988620347573542274504E-80
RHOV 255 11 0.083333333333333333333333333333333333333333333333333 
-0.083333333333333333333333333333333333333333333333333
RHOV 256 11 -0.083333333333333333333333333333333333333333333333333 
0.083333333333333333333333333333333333333333333333333
RHOV 257 11 0.083333333333333333333333333333333333333333333333333 
-0.083333333333333333333333333333333333333333333333333
RHOV 258 11 0.083333333333333333333333333333333333333333333333333 
-0.083333333333333333333333333333333333333333333333333
RHOV 259 11 -0.083333333333333333333333333333333333333333333333333 
0.083333333333333333333333333333333333333333333333333
RHOV 260 11 -0.083333333333333333333333333333333333333333333333333 
0.083333333333333333333333333333333333333333333333333
RHOV 261 11 0.083333333333333333333333333333333333333333333333333 
-0.083333333333333333333333333333333333333333333333333
RHOV 262 11 0.083333333333333333333333333333333333333333333333333 
-0.083333333333333333333333333333333333333333333333333
RHOV 263 11 0.083333333333333333333333333333333333333333333333333 
-0.083333333333333333333333333333333333333333333333333
RHOV 264 11 0.083333333333333333333333333333333333333333333333333 
-0.083333333333333333333333333333333333333333333333333
RHOV 265 11 0.083333333333333333333333333333333333333333333333333 
-0.083333333333333333333333333333333333333333333333333
RHOV 266 11 0.083333333333333333333333333333333333333333333333333 
-0.083333333333333333333333333333333333333333333333333
RHOV 285 44 -0.33333333333333333333333333333333333333333333333333 
1.4009730958543757668158195773625537382633157223298E-80
RHOV 286 44 2.8900886722716951019447933319944481846803402350535E-80 
0.33333333333333333333333333333333333333333333333333
RHOV 287 44 -0.33333333333333333333333333333333333333333333333333 
1.3375213160245727588517883610376758851009865127398E-79

In file "vvdata/weyl-campaign/eis32s.m", line 503, column 7:
>>     end for;
         ^
Runtime error in '&+': Illegal null sequence

