BASE 26 1  M = 52  ds = [ 1, 2, 4, 13, 26, 52 ]
|D| = 1352  i0 = 1
#isotropic = 1, tracking coset index 1
level(Dbar) = 52 (verified)
p = 2: |J_p| = 8
p = 13: |J_p| = 169
sign(Dbar) = 1 mod 8 (2-part 5)
Jordan basis J_2: [ 28, 677, 703 ]  Q*4: [ 3, 3, 3 ]  x_c = 2
#cosets = 84
AZERO wi=2 rhov(FFT) = 0.0192307692307692307692307692308 + 
0.0192307692307692307692307692308 i
rhov done (closed form, 5 YTab keys)
#E's after external pool = 4
EPOOL 1 [ -6, 15, -6, 0, 0, 0 ]
EPOOL 2 [ -2, 5, -2, -4, 10, -4 ]
EPOOL 3 [ -1, 2, 0, -1, 1, 2 ]
EPOOL 4 [ 0, 2, -1, 2, 1, -1 ]
E constant table built
EMAT 1 1 52 1.0000000000000000000000000000000000000000000000000 
3.0254789281226485246616974269225789343060234683262E-81
EMAT 1 2 1 -0.25000000000000000000000000000000000000000000000000 
-0.25000000000000000000000000000000000000000000000000
EMAT 1 3 1 -0.25000000000000000000000000000000000000000000000000 
-0.25000000000000000000000000000000000000000000000000
EMAT 1 4 1 -0.25000000000000000000000000000000000000000000000000 
-0.25000000000000000000000000000000000000000000000000
EMAT 1 5 1 -0.25000000000000000000000000000000000000000000000000 
-0.25000000000000000000000000000000000000000000000000
EMAT 1 6 1 -0.25000000000000000000000000000000000000000000000000 
-0.25000000000000000000000000000000000000000000000000
EMAT 1 7 1 -0.25000000000000000000000000000000000000000000000000 
-0.25000000000000000000000000000000000000000000000000
EMAT 1 8 1 -0.25000000000000000000000000000000000000000000000000 
-0.25000000000000000000000000000000000000000000000000
EMAT 1 9 1 -0.25000000000000000000000000000000000000000000000000 
-0.25000000000000000000000000000000000000000000000000
EMAT 1 10 1 -0.25000000000000000000000000000000000000000000000000 
-0.25000000000000000000000000000000000000000000000000
EMAT 1 11 1 -0.25000000000000000000000000000000000000000000000000 
-0.25000000000000000000000000000000000000000000000000
EMAT 1 12 1 -0.25000000000000000000000000000000000000000000000000 
-0.25000000000000000000000000000000000000000000000000
EMAT 1 13 1 -0.25000000000000000000000000000000000000000000000000 
-0.25000000000000000000000000000000000000000000000000
EMAT 1 14 1 -0.25000000000000000000000000000000000000000000000000 
-0.25000000000000000000000000000000000000000000000000
EMAT 1 15 1 -0.25000000000000000000000000000000000000000000000000 
-0.25000000000000000000000000000000000000000000000000
EMAT 1 16 1 -0.25000000000000000000000000000000000000000000000000 
-0.25000000000000000000000000000000000000000000000000
EMAT 1 17 1 -0.25000000000000000000000000000000000000000000000000 
-0.25000000000000000000000000000000000000000000000000
EMAT 1 18 1 -0.25000000000000000000000000000000000000000000000000 
-0.25000000000000000000000000000000000000000000000000
EMAT 1 19 1 -0.25000000000000000000000000000000000000000000000000 
-0.25000000000000000000000000000000000000000000000000
EMAT 1 20 1 -0.25000000000000000000000000000000000000000000000000 
-0.25000000000000000000000000000000000000000000000000
EMAT 1 21 1 -0.25000000000000000000000000000000000000000000000000 
-0.25000000000000000000000000000000000000000000000000
EMAT 1 22 1 -0.25000000000000000000000000000000000000000000000000 
-0.25000000000000000000000000000000000000000000000000
EMAT 1 23 1 -0.25000000000000000000000000000000000000000000000000 
-0.25000000000000000000000000000000000000000000000000
EMAT 1 24 1 -0.25000000000000000000000000000000000000000000000000 
-0.25000000000000000000000000000000000000000000000000
EMAT 1 25 1 -0.25000000000000000000000000000000000000000000000000 
-0.25000000000000000000000000000000000000000000000000
EMAT 1 26 1 -0.25000000000000000000000000000000000000000000000000 
-0.25000000000000000000000000000000000000000000000000
EMAT 1 27 1 -0.25000000000000000000000000000000000000000000000000 
-0.25000000000000000000000000000000000000000000000000
EMAT 1 28 1 -0.25000000000000000000000000000000000000000000000000 
-0.25000000000000000000000000000000000000000000000000
EMAT 1 29 1 -0.25000000000000000000000000000000000000000000000000 
-0.25000000000000000000000000000000000000000000000000
EMAT 1 30 1 -0.25000000000000000000000000000000000000000000000000 
-0.25000000000000000000000000000000000000000000000000
EMAT 1 31 1 -0.25000000000000000000000000000000000000000000000000 
-0.25000000000000000000000000000000000000000000000000
EMAT 1 32 1 -0.25000000000000000000000000000000000000000000000000 
-0.25000000000000000000000000000000000000000000000000
EMAT 1 33 1 -0.25000000000000000000000000000000000000000000000000 
-0.25000000000000000000000000000000000000000000000000
EMAT 1 34 1 -0.25000000000000000000000000000000000000000000000000 
-0.25000000000000000000000000000000000000000000000000
EMAT 1 35 1 -0.25000000000000000000000000000000000000000000000000 
-0.25000000000000000000000000000000000000000000000000
EMAT 1 36 1 -0.25000000000000000000000000000000000000000000000000 
-0.25000000000000000000000000000000000000000000000000
EMAT 1 37 1 -0.25000000000000000000000000000000000000000000000000 
-0.25000000000000000000000000000000000000000000000000
EMAT 1 38 1 -0.25000000000000000000000000000000000000000000000000 
-0.25000000000000000000000000000000000000000000000000
EMAT 1 39 1 -0.25000000000000000000000000000000000000000000000000 
-0.25000000000000000000000000000000000000000000000000
EMAT 1 40 1 -0.25000000000000000000000000000000000000000000000000 
-0.25000000000000000000000000000000000000000000000000
EMAT 1 41 1 -0.25000000000000000000000000000000000000000000000000 
-0.25000000000000000000000000000000000000000000000000
EMAT 1 42 1 -0.25000000000000000000000000000000000000000000000000 
-0.25000000000000000000000000000000000000000000000000
EMAT 1 43 1 -0.25000000000000000000000000000000000000000000000000 
-0.25000000000000000000000000000000000000000000000000
EMAT 1 44 1 -0.25000000000000000000000000000000000000000000000000 
-0.25000000000000000000000000000000000000000000000000
EMAT 1 45 1 -0.25000000000000000000000000000000000000000000000000 
-0.25000000000000000000000000000000000000000000000000
EMAT 1 46 1 -0.25000000000000000000000000000000000000000000000000 
-0.25000000000000000000000000000000000000000000000000
EMAT 1 47 1 -0.25000000000000000000000000000000000000000000000000 
-0.25000000000000000000000000000000000000000000000000
EMAT 1 48 1 -0.25000000000000000000000000000000000000000000000000 
-0.25000000000000000000000000000000000000000000000000
EMAT 1 49 1 -0.25000000000000000000000000000000000000000000000000 
-0.25000000000000000000000000000000000000000000000000
EMAT 1 50 1 -0.25000000000000000000000000000000000000000000000000 
-0.25000000000000000000000000000000000000000000000000
EMAT 1 51 1 -0.25000000000000000000000000000000000000000000000000 
-0.25000000000000000000000000000000000000000000000000
EMAT 1 52 1 -0.25000000000000000000000000000000000000000000000000 
-0.25000000000000000000000000000000000000000000000000
EMAT 1 53 1 -0.25000000000000000000000000000000000000000000000000 
-0.25000000000000000000000000000000000000000000000000
EMAT 1 67 4 -1.0000000000000000000000000000000000000000000000000 
-2.5420318090404507421045177498860150855135115990299E-79
EMAT 1 68 4 -2.2151662216175089844506945473931108450001570161052E-79 
1.0000000000000000000000000000000000000000000000000
EMAT 1 69 4 -1.0000000000000000000000000000000000000000000000000 
4.7694323239643019441418014388099428096679953206338E-79
EMAT 1 70 4 5.1087099201157188111427094602184581772237183886701E-78 
1.0000000000000000000000000000000000000000000000000
EMAT 1 71 4 -1.0000000000000000000000000000000000000000000000000 
-5.9621874225165475031076738668039536136945927388958E-79
EMAT 1 72 4 -5.9462968772402019795568392707043579156855823679915E-78 
1.0000000000000000000000000000000000000000000000000
EMAT 1 73 4 -1.0000000000000000000000000000000000000000000000000 
-1.4773814255419116819198645703322697510130248507974E-78
EMAT 1 74 4 -1.6774188227809798421339673978810784844102851039212E-77 
1.0000000000000000000000000000000000000000000000000
EMAT 1 75 4 -1.0000000000000000000000000000000000000000000000000 
-1.5442045910339778418285418898939598279660990008610E-78
EMAT 1 76 4 4.4056847211720716462941634698288038150042919397732E-79 
1.0000000000000000000000000000000000000000000000000
EMAT 1 77 4 -1.0000000000000000000000000000000000000000000000000 
3.5269262583157018627231423607766619321129687085995E-78
EMAT 1 78 4 1.2332628620160324494727838860470613375590300988511E-77 
1.0000000000000000000000000000000000000000000000000
EMAT 1 79 4 -1.0000000000000000000000000000000000000000000000000 
-1.6564831276164685265041676442681599092724881656335E-77
EMAT 1 80 13 0.25000000000000000000000000000000000000000000000000 
0.25000000000000000000000000000000000000000000000000
EMAT 1 81 13 -0.25000000000000000000000000000000000000000000000000 
-0.25000000000000000000000000000000000000000000000000
EMAT 1 82 13 0.25000000000000000000000000000000000000000000000000 
0.25000000000000000000000000000000000000000000000000
EMAT 1 83 13 0.25000000000000000000000000000000000000000000000000 
0.25000000000000000000000000000000000000000000000000
EMAT 2 1 52 1.0000000000000000000000000000000000000000000000000 
5.1748910517712724473997295034291198388733652951509E-80
EMAT 2 2 1 -0.019230769230769230769230769230769230769230769230769 
-0.019230769230769230769230769230769230769230769230769
EMAT 2 3 1 -0.019230769230769230769230769230769230769230769230769 
-0.019230769230769230769230769230769230769230769230769
EMAT 2 4 1 -0.019230769230769230769230769230769230769230769230769 
-0.019230769230769230769230769230769230769230769230769
EMAT 2 5 1 -0.019230769230769230769230769230769230769230769230769 
-0.019230769230769230769230769230769230769230769230769
EMAT 2 6 1 -0.019230769230769230769230769230769230769230769230769 
-0.019230769230769230769230769230769230769230769230769
EMAT 2 7 1 -0.019230769230769230769230769230769230769230769230769 
-0.019230769230769230769230769230769230769230769230769
EMAT 2 8 1 -0.019230769230769230769230769230769230769230769230769 
-0.019230769230769230769230769230769230769230769230769
EMAT 2 9 1 -0.019230769230769230769230769230769230769230769230769 
-0.019230769230769230769230769230769230769230769230769
EMAT 2 10 1 -0.019230769230769230769230769230769230769230769230769 
-0.019230769230769230769230769230769230769230769230769
EMAT 2 11 1 -0.019230769230769230769230769230769230769230769230769 
-0.019230769230769230769230769230769230769230769230769
EMAT 2 12 1 -0.019230769230769230769230769230769230769230769230769 
-0.019230769230769230769230769230769230769230769230769
EMAT 2 13 1 -0.019230769230769230769230769230769230769230769230769 
-0.019230769230769230769230769230769230769230769230769
EMAT 2 14 1 -0.019230769230769230769230769230769230769230769230769 
-0.019230769230769230769230769230769230769230769230769
EMAT 2 15 1 -0.019230769230769230769230769230769230769230769230769 
-0.019230769230769230769230769230769230769230769230769
EMAT 2 16 1 -0.019230769230769230769230769230769230769230769230769 
-0.019230769230769230769230769230769230769230769230769
EMAT 2 17 1 -0.019230769230769230769230769230769230769230769230769 
-0.019230769230769230769230769230769230769230769230769
EMAT 2 18 1 -0.019230769230769230769230769230769230769230769230769 
-0.019230769230769230769230769230769230769230769230769
EMAT 2 19 1 -0.019230769230769230769230769230769230769230769230769 
-0.019230769230769230769230769230769230769230769230769
EMAT 2 20 1 -0.019230769230769230769230769230769230769230769230769 
-0.019230769230769230769230769230769230769230769230769
EMAT 2 21 1 -0.019230769230769230769230769230769230769230769230769 
-0.019230769230769230769230769230769230769230769230769
EMAT 2 22 1 -0.019230769230769230769230769230769230769230769230769 
-0.019230769230769230769230769230769230769230769230769
EMAT 2 23 1 -0.019230769230769230769230769230769230769230769230769 
-0.019230769230769230769230769230769230769230769230769
EMAT 2 24 1 -0.019230769230769230769230769230769230769230769230769 
-0.019230769230769230769230769230769230769230769230769
EMAT 2 25 1 -0.019230769230769230769230769230769230769230769230769 
-0.019230769230769230769230769230769230769230769230769
EMAT 2 26 1 -0.019230769230769230769230769230769230769230769230769 
-0.019230769230769230769230769230769230769230769230769
EMAT 2 27 1 -0.019230769230769230769230769230769230769230769230769 
-0.019230769230769230769230769230769230769230769230769
EMAT 2 28 1 -0.019230769230769230769230769230769230769230769230769 
-0.019230769230769230769230769230769230769230769230769
EMAT 2 29 1 -0.019230769230769230769230769230769230769230769230769 
-0.019230769230769230769230769230769230769230769230769
EMAT 2 30 1 -0.019230769230769230769230769230769230769230769230769 
-0.019230769230769230769230769230769230769230769230769
EMAT 2 31 1 -0.019230769230769230769230769230769230769230769230769 
-0.019230769230769230769230769230769230769230769230769
EMAT 2 32 1 -0.019230769230769230769230769230769230769230769230769 
-0.019230769230769230769230769230769230769230769230769
EMAT 2 33 1 -0.019230769230769230769230769230769230769230769230769 
-0.019230769230769230769230769230769230769230769230769
EMAT 2 34 1 -0.019230769230769230769230769230769230769230769230769 
-0.019230769230769230769230769230769230769230769230769
EMAT 2 35 1 -0.019230769230769230769230769230769230769230769230769 
-0.019230769230769230769230769230769230769230769230769
EMAT 2 36 1 -0.019230769230769230769230769230769230769230769230769 
-0.019230769230769230769230769230769230769230769230769
EMAT 2 37 1 -0.019230769230769230769230769230769230769230769230769 
-0.019230769230769230769230769230769230769230769230769
EMAT 2 38 1 -0.019230769230769230769230769230769230769230769230769 
-0.019230769230769230769230769230769230769230769230769
EMAT 2 39 1 -0.019230769230769230769230769230769230769230769230769 
-0.019230769230769230769230769230769230769230769230769
EMAT 2 40 1 -0.019230769230769230769230769230769230769230769230769 
-0.019230769230769230769230769230769230769230769230769
EMAT 2 41 1 -0.019230769230769230769230769230769230769230769230769 
-0.019230769230769230769230769230769230769230769230769
EMAT 2 42 1 -0.019230769230769230769230769230769230769230769230769 
-0.019230769230769230769230769230769230769230769230769
EMAT 2 43 1 -0.019230769230769230769230769230769230769230769230769 
-0.019230769230769230769230769230769230769230769230769
EMAT 2 44 1 -0.019230769230769230769230769230769230769230769230769 
-0.019230769230769230769230769230769230769230769230769
EMAT 2 45 1 -0.019230769230769230769230769230769230769230769230769 
-0.019230769230769230769230769230769230769230769230769
EMAT 2 46 1 -0.019230769230769230769230769230769230769230769230769 
-0.019230769230769230769230769230769230769230769230769
EMAT 2 47 1 -0.019230769230769230769230769230769230769230769230769 
-0.019230769230769230769230769230769230769230769230769
EMAT 2 48 1 -0.019230769230769230769230769230769230769230769230769 
-0.019230769230769230769230769230769230769230769230769
EMAT 2 49 1 -0.019230769230769230769230769230769230769230769230769 
-0.019230769230769230769230769230769230769230769230769
EMAT 2 50 1 -0.019230769230769230769230769230769230769230769230769 
-0.019230769230769230769230769230769230769230769230769
EMAT 2 51 1 -0.019230769230769230769230769230769230769230769230769 
-0.019230769230769230769230769230769230769230769230769
EMAT 2 52 1 -0.019230769230769230769230769230769230769230769230769 
-0.019230769230769230769230769230769230769230769230769
EMAT 2 53 1 -0.019230769230769230769230769230769230769230769230769 
-0.019230769230769230769230769230769230769230769230769
EMAT 2 67 4 -0.076923076923076923076923076923076923076923076923077 
-8.5029526960598162098047440941508142346147736577570E-81
EMAT 2 68 4 -2.3905455745789279663418743494411701725991487715546E-81 
0.076923076923076923076923076923076923076923076923077
EMAT 2 69 4 -0.076923076923076923076923076923076923076923076923077 
2.2493254667513350195182120865750865722492681376182E-80
EMAT 2 70 4 1.5862661499536073420256816057327844091385434290148E-79 
0.076923076923076923076923076923076923076923076923077
EMAT 2 71 4 -0.076923076923076923076923076923076923076923076923077 
1.3965981791716269578185422250957660823920939095895E-79
EMAT 2 72 4 -1.2163967655943780699323448325462763312995763014662E-79 
0.076923076923076923076923076923076923076923076923077
EMAT 2 73 4 -0.076923076923076923076923076923076923076923076923077 
-5.5753939259220114096399700746980051574309335082592E-80
EMAT 2 74 4 -5.8097030281798842096840910747436389806904841187003E-79 
0.076923076923076923076923076923076923076923076923077
EMAT 2 75 4 -0.076923076923076923076923076923076923076923076923077 
-6.6845154910105213141844244924744650270469294085150E-80
EMAT 2 76 4 -2.9407248124313054255100020074632409410238696632509E-79 
0.076923076923076923076923076923076923076923076923077
EMAT 2 77 4 -0.076923076923076923076923076923076923076923076923077 
9.9010601878894974516953968095248308061479912418341E-80
EMAT 2 78 4 4.1463783909389518191528060555220859085004761276034E-79 
0.076923076923076923076923076923076923076923076923077
EMAT 2 79 4 -0.076923076923076923076923076923076923076923076923077 
-5.9949174323477394739752570354930817580644716493302E-79
EMAT 2 80 13 0.25000000000000000000000000000000000000000000000000 
0.25000000000000000000000000000000000000000000000000
EMAT 2 81 13 -0.25000000000000000000000000000000000000000000000000 
-0.25000000000000000000000000000000000000000000000000
EMAT 2 82 13 0.25000000000000000000000000000000000000000000000000 
0.25000000000000000000000000000000000000000000000000
EMAT 2 83 13 0.25000000000000000000000000000000000000000000000000 
0.25000000000000000000000000000000000000000000000000
EMAT 3 2 1 -0.0048076923076923076923076923076923076923076923076923 
-0.0048076923076923076923076923076923076923076923076923
EMAT 3 3 1 -0.0048076923076923076923076923076923076923076923076923 
-0.0048076923076923076923076923076923076923076923076923
EMAT 3 4 1 -0.0048076923076923076923076923076923076923076923076923 
-0.0048076923076923076923076923076923076923076923076923
EMAT 3 5 1 -0.0048076923076923076923076923076923076923076923076923 
-0.0048076923076923076923076923076923076923076923076923
EMAT 3 6 1 -0.0048076923076923076923076923076923076923076923076923 
-0.0048076923076923076923076923076923076923076923076923
EMAT 3 7 1 -0.0048076923076923076923076923076923076923076923076923 
-0.0048076923076923076923076923076923076923076923076923
EMAT 3 8 1 -0.0048076923076923076923076923076923076923076923076923 
-0.0048076923076923076923076923076923076923076923076923
EMAT 3 9 1 -0.0048076923076923076923076923076923076923076923076923 
-0.0048076923076923076923076923076923076923076923076923
EMAT 3 10 1 -0.0048076923076923076923076923076923076923076923076923 
-0.0048076923076923076923076923076923076923076923076923
EMAT 3 11 1 -0.0048076923076923076923076923076923076923076923076923 
-0.0048076923076923076923076923076923076923076923076923
EMAT 3 12 1 -0.0048076923076923076923076923076923076923076923076923 
-0.0048076923076923076923076923076923076923076923076923
EMAT 3 13 1 -0.0048076923076923076923076923076923076923076923076923 
-0.0048076923076923076923076923076923076923076923076923
EMAT 3 14 1 -0.0048076923076923076923076923076923076923076923076923 
-0.0048076923076923076923076923076923076923076923076923
EMAT 3 15 1 -0.0048076923076923076923076923076923076923076923076923 
-0.0048076923076923076923076923076923076923076923076923
EMAT 3 16 1 -0.0048076923076923076923076923076923076923076923076923 
-0.0048076923076923076923076923076923076923076923076923
EMAT 3 17 1 -0.0048076923076923076923076923076923076923076923076923 
-0.0048076923076923076923076923076923076923076923076923
EMAT 3 18 1 -0.0048076923076923076923076923076923076923076923076923 
-0.0048076923076923076923076923076923076923076923076923
EMAT 3 19 1 -0.0048076923076923076923076923076923076923076923076923 
-0.0048076923076923076923076923076923076923076923076923
EMAT 3 20 1 -0.0048076923076923076923076923076923076923076923076923 
-0.0048076923076923076923076923076923076923076923076923
EMAT 3 21 1 -0.0048076923076923076923076923076923076923076923076923 
-0.0048076923076923076923076923076923076923076923076923
EMAT 3 22 1 -0.0048076923076923076923076923076923076923076923076923 
-0.0048076923076923076923076923076923076923076923076923
EMAT 3 23 1 -0.0048076923076923076923076923076923076923076923076923 
-0.0048076923076923076923076923076923076923076923076923
EMAT 3 24 1 -0.0048076923076923076923076923076923076923076923076923 
-0.0048076923076923076923076923076923076923076923076923
EMAT 3 25 1 -0.0048076923076923076923076923076923076923076923076923 
-0.0048076923076923076923076923076923076923076923076923
EMAT 3 26 1 -0.0048076923076923076923076923076923076923076923076923 
-0.0048076923076923076923076923076923076923076923076923
EMAT 3 27 1 -0.0048076923076923076923076923076923076923076923076923 
-0.0048076923076923076923076923076923076923076923076923
EMAT 3 28 1 -0.0048076923076923076923076923076923076923076923076923 
-0.0048076923076923076923076923076923076923076923076923
EMAT 3 29 1 -0.0048076923076923076923076923076923076923076923076923 
-0.0048076923076923076923076923076923076923076923076923
EMAT 3 30 1 -0.0048076923076923076923076923076923076923076923076923 
-0.0048076923076923076923076923076923076923076923076923
EMAT 3 31 1 -0.0048076923076923076923076923076923076923076923076923 
-0.0048076923076923076923076923076923076923076923076923
EMAT 3 32 1 -0.0048076923076923076923076923076923076923076923076923 
-0.0048076923076923076923076923076923076923076923076923
EMAT 3 33 1 -0.0048076923076923076923076923076923076923076923076923 
-0.0048076923076923076923076923076923076923076923076923
EMAT 3 34 1 -0.0048076923076923076923076923076923076923076923076923 
-0.0048076923076923076923076923076923076923076923076923
EMAT 3 35 1 -0.0048076923076923076923076923076923076923076923076923 
-0.0048076923076923076923076923076923076923076923076923
EMAT 3 36 1 -0.0048076923076923076923076923076923076923076923076923 
-0.0048076923076923076923076923076923076923076923076923
EMAT 3 37 1 -0.0048076923076923076923076923076923076923076923076923 
-0.0048076923076923076923076923076923076923076923076923
EMAT 3 38 1 -0.0048076923076923076923076923076923076923076923076923 
-0.0048076923076923076923076923076923076923076923076923
EMAT 3 39 1 -0.0048076923076923076923076923076923076923076923076923 
-0.0048076923076923076923076923076923076923076923076923
EMAT 3 40 1 -0.0048076923076923076923076923076923076923076923076923 
-0.0048076923076923076923076923076923076923076923076923
EMAT 3 41 1 -0.0048076923076923076923076923076923076923076923076923 
-0.0048076923076923076923076923076923076923076923076923
EMAT 3 42 1 -0.0048076923076923076923076923076923076923076923076923 
-0.0048076923076923076923076923076923076923076923076923
EMAT 3 43 1 -0.0048076923076923076923076923076923076923076923076923 
-0.0048076923076923076923076923076923076923076923076923
EMAT 3 44 1 -0.0048076923076923076923076923076923076923076923076923 
-0.0048076923076923076923076923076923076923076923076923
EMAT 3 45 1 -0.0048076923076923076923076923076923076923076923076923 
-0.0048076923076923076923076923076923076923076923076923
EMAT 3 46 1 -0.0048076923076923076923076923076923076923076923076923 
-0.0048076923076923076923076923076923076923076923076923
EMAT 3 47 1 -0.0048076923076923076923076923076923076923076923076923 
-0.0048076923076923076923076923076923076923076923076923
EMAT 3 48 1 -0.0048076923076923076923076923076923076923076923076923 
-0.0048076923076923076923076923076923076923076923076923
EMAT 3 49 1 -0.0048076923076923076923076923076923076923076923076923 
-0.0048076923076923076923076923076923076923076923076923
EMAT 3 50 1 -0.0048076923076923076923076923076923076923076923076923 
-0.0048076923076923076923076923076923076923076923076923
EMAT 3 51 1 -0.0048076923076923076923076923076923076923076923076923 
-0.0048076923076923076923076923076923076923076923076923
EMAT 3 52 1 -0.0048076923076923076923076923076923076923076923076923 
-0.0048076923076923076923076923076923076923076923076923
EMAT 3 53 1 -0.0048076923076923076923076923076923076923076923076923 
-0.0048076923076923076923076923076923076923076923076923
EMAT 3 80 13 -0.062500000000000000000000000000000000000000000000000 
-0.062500000000000000000000000000000000000000000000000
EMAT 3 81 13 0.062500000000000000000000000000000000000000000000000 
0.062500000000000000000000000000000000000000000000000
EMAT 3 82 13 -0.062500000000000000000000000000000000000000000000000 
-0.062500000000000000000000000000000000000000000000000
EMAT 3 83 13 -0.062500000000000000000000000000000000000000000000000 
-0.062500000000000000000000000000000000000000000000000
EMAT 4 1 52 1.0000000000000000000000000000000000000000000000000 
1.2228152489425908098084878283368879788584289564160E-81
EMAT 4 67 4 0.076923076923076923076923076923076923076923076923077 
9.8726376778718489894930488081679974062989238603426E-81
EMAT 4 68 4 -1.6515369357697005623102256516086575172003935002353E-81 
-0.076923076923076923076923076923076923076923076923077
EMAT 4 69 4 0.076923076923076923076923076923076923076923076923077 
8.0505180036787027832768757102882658408681125419494E-81
EMAT 4 70 4 -4.3027051262228028844925643377937491750433261148850E-80 
-0.076923076923076923076923076923076923076923076923077
EMAT 4 71 4 0.076923076923076923076923076923076923076923076923077 
1.2801450788139974884444457459407559533122071476896E-79
EMAT 4 72 4 7.1413285046900751177429617651798032350667809598890E-80 
-0.076923076923076923076923076923076923076923076923077
EMAT 4 73 4 0.076923076923076923076923076923076923076923076923077 
-3.7033305902676233374297346761554976669496134543979E-80
EMAT 4 74 4 1.6846053632203146967303588891153829203704184032546E-79 
-0.076923076923076923076923076923076923076923076923077
EMAT 4 75 4 0.076923076923076923076923076923076923076923076923077 
6.2456930149446107357618932151450644093870647355010E-80
EMAT 4 76 4 8.2467446559842567895618036861019758419072740900261E-80 
-0.076923076923076923076923076923076923076923076923077
EMAT 4 77 4 0.076923076923076923076923076923076923076923076923077 
-1.5310501456545833122535784458403091828677877601835E-80
EMAT 4 78 4 -1.2571683036956711095840629856732517697966138299417E-79 
-0.076923076923076923076923076923076923076923076923077
EMAT 4 79 4 0.076923076923076923076923076923076923076923076923077 
3.3957783765142805038798781917115785067495963559955E-79
RHOV 1 52 1.0000000000000000000000000000000000000000000000000 
0.00000000000000000000000000000000000000000000000000
RHOV 2 1 0.019230769230769230769230769230769230769230769230769 
0.019230769230769230769230769230769230769230769230769
RHOV 3 1 0.019230769230769230769230769230769230769230769230769 
0.019230769230769230769230769230769230769230769230769
RHOV 4 1 0.019230769230769230769230769230769230769230769230769 
0.019230769230769230769230769230769230769230769230769
RHOV 5 1 0.019230769230769230769230769230769230769230769230769 
0.019230769230769230769230769230769230769230769230769
RHOV 6 1 0.019230769230769230769230769230769230769230769230769 
0.019230769230769230769230769230769230769230769230769
RHOV 7 1 0.019230769230769230769230769230769230769230769230769 
0.019230769230769230769230769230769230769230769230769
RHOV 8 1 0.019230769230769230769230769230769230769230769230769 
0.019230769230769230769230769230769230769230769230769
RHOV 9 1 0.019230769230769230769230769230769230769230769230769 
0.019230769230769230769230769230769230769230769230769
RHOV 10 1 0.019230769230769230769230769230769230769230769230769 
0.019230769230769230769230769230769230769230769230769
RHOV 11 1 0.019230769230769230769230769230769230769230769230769 
0.019230769230769230769230769230769230769230769230769
RHOV 12 1 0.019230769230769230769230769230769230769230769230769 
0.019230769230769230769230769230769230769230769230769
RHOV 13 1 0.019230769230769230769230769230769230769230769230769 
0.019230769230769230769230769230769230769230769230769
RHOV 14 1 0.019230769230769230769230769230769230769230769230769 
0.019230769230769230769230769230769230769230769230769
RHOV 15 1 0.019230769230769230769230769230769230769230769230769 
0.019230769230769230769230769230769230769230769230769
RHOV 16 1 0.019230769230769230769230769230769230769230769230769 
0.019230769230769230769230769230769230769230769230769
RHOV 17 1 0.019230769230769230769230769230769230769230769230769 
0.019230769230769230769230769230769230769230769230769
RHOV 18 1 0.019230769230769230769230769230769230769230769230769 
0.019230769230769230769230769230769230769230769230769
RHOV 19 1 0.019230769230769230769230769230769230769230769230769 
0.019230769230769230769230769230769230769230769230769
RHOV 20 1 0.019230769230769230769230769230769230769230769230769 
0.019230769230769230769230769230769230769230769230769
RHOV 21 1 0.019230769230769230769230769230769230769230769230769 
0.019230769230769230769230769230769230769230769230769
RHOV 22 1 0.019230769230769230769230769230769230769230769230769 
0.019230769230769230769230769230769230769230769230769
RHOV 23 1 0.019230769230769230769230769230769230769230769230769 
0.019230769230769230769230769230769230769230769230769
RHOV 24 1 0.019230769230769230769230769230769230769230769230769 
0.019230769230769230769230769230769230769230769230769
RHOV 25 1 0.019230769230769230769230769230769230769230769230769 
0.019230769230769230769230769230769230769230769230769
RHOV 26 1 0.019230769230769230769230769230769230769230769230769 
0.019230769230769230769230769230769230769230769230769
RHOV 27 1 0.019230769230769230769230769230769230769230769230769 
0.019230769230769230769230769230769230769230769230769
RHOV 28 1 0.019230769230769230769230769230769230769230769230769 
0.019230769230769230769230769230769230769230769230769
RHOV 29 1 0.019230769230769230769230769230769230769230769230769 
0.019230769230769230769230769230769230769230769230769
RHOV 30 1 0.019230769230769230769230769230769230769230769230769 
0.019230769230769230769230769230769230769230769230769
RHOV 31 1 0.019230769230769230769230769230769230769230769230769 
0.019230769230769230769230769230769230769230769230769
RHOV 32 1 0.019230769230769230769230769230769230769230769230769 
0.019230769230769230769230769230769230769230769230769
RHOV 33 1 0.019230769230769230769230769230769230769230769230769 
0.019230769230769230769230769230769230769230769230769
RHOV 34 1 0.019230769230769230769230769230769230769230769230769 
0.019230769230769230769230769230769230769230769230769
RHOV 35 1 0.019230769230769230769230769230769230769230769230769 
0.019230769230769230769230769230769230769230769230769
RHOV 36 1 0.019230769230769230769230769230769230769230769230769 
0.019230769230769230769230769230769230769230769230769
RHOV 37 1 0.019230769230769230769230769230769230769230769230769 
0.019230769230769230769230769230769230769230769230769
RHOV 38 1 0.019230769230769230769230769230769230769230769230769 
0.019230769230769230769230769230769230769230769230769
RHOV 39 1 0.019230769230769230769230769230769230769230769230769 
0.019230769230769230769230769230769230769230769230769
RHOV 40 1 0.019230769230769230769230769230769230769230769230769 
0.019230769230769230769230769230769230769230769230769
RHOV 41 1 0.019230769230769230769230769230769230769230769230769 
0.019230769230769230769230769230769230769230769230769
RHOV 42 1 0.019230769230769230769230769230769230769230769230769 
0.019230769230769230769230769230769230769230769230769
RHOV 43 1 0.019230769230769230769230769230769230769230769230769 
0.019230769230769230769230769230769230769230769230769
RHOV 44 1 0.019230769230769230769230769230769230769230769230769 
0.019230769230769230769230769230769230769230769230769
RHOV 45 1 0.019230769230769230769230769230769230769230769230769 
0.019230769230769230769230769230769230769230769230769
RHOV 46 1 0.019230769230769230769230769230769230769230769230769 
0.019230769230769230769230769230769230769230769230769
RHOV 47 1 0.019230769230769230769230769230769230769230769230769 
0.019230769230769230769230769230769230769230769230769
RHOV 48 1 0.019230769230769230769230769230769230769230769230769 
0.019230769230769230769230769230769230769230769230769
RHOV 49 1 0.019230769230769230769230769230769230769230769230769 
0.019230769230769230769230769230769230769230769230769
RHOV 50 1 0.019230769230769230769230769230769230769230769230769 
0.019230769230769230769230769230769230769230769230769
RHOV 51 1 0.019230769230769230769230769230769230769230769230769 
0.019230769230769230769230769230769230769230769230769
RHOV 52 1 0.019230769230769230769230769230769230769230769230769 
0.019230769230769230769230769230769230769230769230769
RHOV 53 1 0.019230769230769230769230769230769230769230769230769 
0.019230769230769230769230769230769230769230769230769
RHOV 67 4 0.076923076923076923076923076923076923076923076923077 
-2.7668252142156572503896451136226745032757694470538E-82
RHOV 68 4 2.0378473857792321523403312634402815216256735761307E-81 
-0.076923076923076923076923076923076923076923076923077
RHOV 69 4 0.076923076923076923076923076923076923076923076923077 
-6.0276329895854082219466612583922651447816532641346E-81
RHOV 70 4 6.6669072001808279070989228130453794655321746178028E-81 
-0.076923076923076923076923076923076923076923076923077
RHOV 71 4 0.076923076923076923076923076923076923076923076923077 
-1.3985731751838124671880697087871672008751522224624E-81
RHOV 72 4 -9.4640535505484528414750622306197138672824790627277E-81 
-0.076923076923076923076923076923076923076923076923077
RHOV 73 4 0.076923076923076923076923076923076923076923076923077 
2.3990507204348659790903098434088122019752503541412E-80
RHOV 74 4 1.5925026828984019416616105912255575353345176701147E-80 
-0.076923076923076923076923076923076923076923076923077
RHOV 75 4 0.076923076923076923076923076923076923076923076923077 
-3.3660494676642373964336039796117353866504459583523E-80
RHOV 76 4 -2.0593392174526133195787913140951797946947697938345E-82 
-0.076923076923076923076923076923076923076923076923077
RHOV 77 4 0.076923076923076923076923076923076923076923076923077 
3.3248626833151851300420281533298317907565505624757E-80
RHOV 78 4 -1.6336894672474542080531864175074611312284130659914E-80 
-0.076923076923076923076923076923076923076923076923077
RHOV 79 4 0.076923076923076923076923076923076923076923076923077 
1.7117666082422570551846296489633224574750851944226E-80
RHOV 80 13 0.25000000000000000000000000000000000000000000000000 
0.25000000000000000000000000000000000000000000000000
RHOV 81 13 -0.25000000000000000000000000000000000000000000000000 
-0.25000000000000000000000000000000000000000000000000
RHOV 82 13 0.25000000000000000000000000000000000000000000000000 
0.25000000000000000000000000000000000000000000000000
RHOV 83 13 0.25000000000000000000000000000000000000000000000000 
0.25000000000000000000000000000000000000000000000000
SOLVE resid = 7.823885590E-44  (|rho| = 1.270977819)
RHO IS IN THE SPAN: E* found
BETA 1 -0.154078549848942598187311178248 -2.95145230678882252197933169682E-38  
r=[ -6, 15, -6, 0, 0, 0 ]
BETA 2 1.07854984894259818731117824773 2.06601661475217576538553218777E-37  r=[ 
-2, 5, -2, -4, 10, -4 ]
BETA 3 -0.302114803625377643504531722054 7.08348553629317405275039607236E-37  
r=[ -1, 2, 0, -1, 1, 2 ]
BETA 4 0.0755287009063444108761329305136 -1.77087138407329351318759901809E-37  
r=[ 0, 2, -1, 2, 1, -1 ]
oo-coset index 1
ESTAR oo-expansion (exponent grid q^(n/24)):
ECOEF 0/24 1.00000000000000000000000000000 -1.22470690168623344020361950111E-79
ECOEF 24/24 1.23262839879154078549848942598 2.36116184543105801758346535745E-37
ECOEF 48/24 -2.00000000000000000000000000000 1.96173831539233739512588918447E-78
ECOEF 72/24 -1.23262839879154078549848942598 
-2.36116184543105801758346535745E-37
ECOEF 96/24 1.23262839879154078549848942598 2.36116184543105801758346535745E-37
ECOEF 120/24 -4.00000000000000000000000000000 
3.59739944772223303040334830456E-78
ECOEF 144/24 -4.00000000000000000000000000000 
3.59739944772223303040334830456E-78
ECOEF 192/24 -2.00000000000000000000000000000 
1.63566113232989563527745912009E-78
ECOEF 216/24 -2.46525679758308157099697885196 
-4.72232369086211603516693071490E-37
ECOEF 240/24 -3.69788519637462235649546827795 
-7.08348553629317405275039607236E-37
ECOEF 264/24 -4.00000000000000000000000000000 
3.59739944772223303040334830456E-78
ECOEF 288/24 -1.23262839879154078549848942598 
-2.36116184543105801758346535745E-37
ECOEF 312/24 0.465256797583081570996978851964 
4.72232369086211603516693071490E-37
ECOEF 336/24 1.23262839879154078549848942598 2.36116184543105801758346535745E-37
ECOEF 384/24 1.23262839879154078549848942598 2.36116184543105801758346535745E-37
ECOEF 408/24 1.23262839879154078549848942598 2.36116184543105801758346535745E-37
ECOEF 432/24 -6.00000000000000000000000000000 
5.55913776311457042552923748903E-78
ECOEF 456/24 -4.00000000000000000000000000000 
3.59739944772223303040334830456E-78
ECOEF 480/24 -4.00000000000000000000000000000 
3.59739944772223303040334830456E-78
ECOEF 504/24 -8.00000000000000000000000000000 
7.52087607850690782065512667351E-78
ECOEF 528/24 4.93051359516616314199395770393 9.44464738172423207033386142981E-37
ECOEF 576/24 -4.00000000000000000000000000000 
3.59739944772223303040334830456E-78
ECOEF 600/24 -2.46525679758308157099697885196 
-4.72232369086211603516693071490E-37
ECOEF 624/24 -7.23262839879154078549848942598 
-2.36116184543105801758346535745E-37
ECOEF 648/24 3.69788519637462235649546827795 7.08348553629317405275039607236E-37
ECOEF 696/24 -2.46525679758308157099697885196 
-4.72232369086211603516693071490E-37
ECOEF 720/24 1.23262839879154078549848942598 2.36116184543105801758346535745E-37
ECOEF 768/24 -2.00000000000000000000000000000 
1.63566113232989563527745912009E-78
ECOEF 792/24 -8.00000000000000000000000000000 
7.19479889544446606080669660913E-78
ECOEF 816/24 -8.00000000000000000000000000000 
7.52087607850690782065512667351E-78
ECOEF 840/24 1.23262839879154078549848942598 2.36116184543105801758346535745E-37
ECOEF 864/24 -2.46525679758308157099697885196 
-4.72232369086211603516693071490E-37
ECOEF 888/24 -4.00000000000000000000000000000 
3.59739944772223303040334830456E-78
ECOEF 912/24 -2.46525679758308157099697885196 
-4.72232369086211603516693071490E-37
DONE
