X0^15(2): |2-part| = 8, Q values [ 0, 0, 0, 1/4, 1/4, 1/4, 1/2, 3/4 ]
   parity: 2|N | 30
   G2(1) arg8 = 1.0000000   G2/[ (2/c)e_8(c) ] = (0.35355339, -2.2001682E-61)
   G2(3) arg8 = -1.0000000   G2/[ (2/c)e_8(c) ] = (0.35355339, 3.4889968E-61)
   G2(5) arg8 = 1.0000000   G2/[ (2/c)e_8(c) ] = (0.35355339, 2.4670933E-61)
   G2(7) arg8 = -1.0000000   G2/[ (2/c)e_8(c) ] = (0.35355339, 3.4889968E-61)
X0^21(2): |2-part| = 8, Q values [ 0, 0, 0, 1/4, 1/4, 1/4, 1/2, 3/4 ]
   parity: 2|N | 42
   G2(1) arg8 = 1.0000000   G2/[ (2/c)e_8(c) ] = (0.35355339, -2.2001682E-61)
   G2(3) arg8 = -1.0000000   G2/[ (2/c)e_8(c) ] = (0.35355339, 3.4889968E-61)
   G2(5) arg8 = 1.0000000   G2/[ (2/c)e_8(c) ] = (0.35355339, 2.4670933E-61)
   G2(7) arg8 = -1.0000000   G2/[ (2/c)e_8(c) ] = (0.35355339, 3.4889968E-61)
X0^33(2): |2-part| = 8, Q values [ 0, 0, 0, 1/4, 1/4, 1/4, 1/2, 3/4 ]
   parity: 2|N | 66
   G2(1) arg8 = 1.0000000   G2/[ (2/c)e_8(c) ] = (0.35355339, -2.2001682E-61)
   G2(3) arg8 = -1.0000000   G2/[ (2/c)e_8(c) ] = (0.35355339, 3.4889968E-61)
   G2(5) arg8 = 1.0000000   G2/[ (2/c)e_8(c) ] = (0.35355339, 2.4670933E-61)
   G2(7) arg8 = -1.0000000   G2/[ (2/c)e_8(c) ] = (0.35355339, 3.4889968E-61)
X0^35(2): |2-part| = 8, Q values [ 0, 0, 0, 1/4, 1/4, 1/4, 1/2, 3/4 ]
   parity: 2|N | 70
   G2(1) arg8 = 1.0000000   G2/[ (2/c)e_8(c) ] = (0.35355339, -2.2001682E-61)
   G2(3) arg8 = -1.0000000   G2/[ (2/c)e_8(c) ] = (0.35355339, 3.4889968E-61)
   G2(5) arg8 = 1.0000000   G2/[ (2/c)e_8(c) ] = (0.35355339, 2.4670933E-61)
   G2(7) arg8 = -1.0000000   G2/[ (2/c)e_8(c) ] = (0.35355339, 3.4889968E-61)
X0^10(7): |2-part| = 8, Q values [ 0, 1/4, 1/2, 1/2, 1/2, 3/4, 3/4, 3/4 ]
   parity: 2|D | 70
   G2(1) arg8 = -3.0000000   G2/[ (2/c)e_8(c) ] = (-0.35355339, -6.6005044E-61)
   G2(3) arg8 = 3.0000000   G2/[ (2/c)e_8(c) ] = (-0.35355339, 5.3116758E-61)
   G2(5) arg8 = -3.0000000   G2/[ (2/c)e_8(c) ] = (-0.35355339, -1.1267766E-60)
   G2(7) arg8 = 3.0000000   G2/[ (2/c)e_8(c) ] = (-0.35355339, 5.3116758E-61)
X0^6(11): |2-part| = 8, Q values [ 0, 1/4, 1/2, 1/2, 1/2, 3/4, 3/4, 3/4 ]
   parity: 2|D | 66
   G2(1) arg8 = -3.0000000   G2/[ (2/c)e_8(c) ] = (-0.35355339, -6.6005044E-61)
   G2(3) arg8 = 3.0000000   G2/[ (2/c)e_8(c) ] = (-0.35355339, 5.3116758E-61)
   G2(5) arg8 = -3.0000000   G2/[ (2/c)e_8(c) ] = (-0.35355339, -1.1267766E-60)
   G2(7) arg8 = 3.0000000   G2/[ (2/c)e_8(c) ] = (-0.35355339, 5.3116758E-61)
X0^6(5): |2-part| = 8, Q values [ 0, 1/4, 1/2, 1/2, 1/2, 3/4, 3/4, 3/4 ]
   parity: 2|D | 30
   G2(1) arg8 = -3.0000000   G2/[ (2/c)e_8(c) ] = (-0.35355339, -6.6005044E-61)
   G2(3) arg8 = 3.0000000   G2/[ (2/c)e_8(c) ] = (-0.35355339, 5.3116758E-61)
   G2(5) arg8 = -3.0000000   G2/[ (2/c)e_8(c) ] = (-0.35355339, -1.1267766E-60)
   G2(7) arg8 = 3.0000000   G2/[ (2/c)e_8(c) ] = (-0.35355339, 5.3116758E-61)
X0^22(3): |2-part| = 8, Q values [ 0, 1/4, 1/2, 1/2, 1/2, 3/4, 3/4, 3/4 ]
   parity: 2|D | 66
   G2(1) arg8 = -3.0000000   G2/[ (2/c)e_8(c) ] = (-0.35355339, -6.6005044E-61)
   G2(3) arg8 = 3.0000000   G2/[ (2/c)e_8(c) ] = (-0.35355339, 5.3116758E-61)
   G2(5) arg8 = -3.0000000   G2/[ (2/c)e_8(c) ] = (-0.35355339, -1.1267766E-60)
   G2(7) arg8 = 3.0000000   G2/[ (2/c)e_8(c) ] = (-0.35355339, 5.3116758E-61)
X0^34(5): |2-part| = 8, Q values [ 0, 1/4, 1/2, 1/2, 1/2, 3/4, 3/4, 3/4 ]
   parity: 2|D | 170
   G2(1) arg8 = -3.0000000   G2/[ (2/c)e_8(c) ] = (-0.35355339, -6.6005044E-61)
   G2(3) arg8 = 3.0000000   G2/[ (2/c)e_8(c) ] = (-0.35355339, 5.3116758E-61)
   G2(5) arg8 = -3.0000000   G2/[ (2/c)e_8(c) ] = (-0.35355339, -1.1267766E-60)
   G2(7) arg8 = 3.0000000   G2/[ (2/c)e_8(c) ] = (-0.35355339, 5.3116758E-61)
X0^14(3): |2-part| = 8, Q values [ 0, 1/4, 1/2, 1/2, 1/2, 3/4, 3/4, 3/4 ]
   parity: 2|D | 42
   G2(1) arg8 = -3.0000000   G2/[ (2/c)e_8(c) ] = (-0.35355339, -6.6005044E-61)
   G2(3) arg8 = 3.0000000   G2/[ (2/c)e_8(c) ] = (-0.35355339, 5.3116758E-61)
   G2(5) arg8 = -3.0000000   G2/[ (2/c)e_8(c) ] = (-0.35355339, -1.1267766E-60)
   G2(7) arg8 = 3.0000000   G2/[ (2/c)e_8(c) ] = (-0.35355339, 5.3116758E-61)
