X0^6(13): non-firing rational candidates [ -52, -312, -91, -195, -403, -520 ]; 
admitting [ -52, -312, -91 ] beyond the anchors
table built (138.450 s)
  ds     = [ -3, -4, -52, -312, -43, -91, -40, -51 ]
  s      = [* 0, 3, 105456/25, 177957/43, Infinity, 8788, 2, 12/7 *]
  stilde = [* 1, 0, 9/25, 16/43, Infinity, 1/3, 1/3, 3/7 *]
  degs   = [ 1, 1, 1, 1, 1, 1, 1, 1 ]
    d = -3       deg 1  fires true
    d = -4       deg 1  fires true
    d = -52      deg 1  fires false
    d = -312     deg 1  fires false
    d = -43      deg 1  fires true
    d = -91      deg 1  fires false
    d = -40      deg 1  fires true
    d = -51      deg 1  fires true

admissible residual pairs <r(-1), r(-2)>: { <3, 0> }
the pipeline applies m0_multiplier here: false
  form -1 : residual 3     closed form -360/7   TRUE multiplier 3      *** 
closed form WRONG ***
  form -2 : residual 0     closed form 48/7     TRUE multiplier 0      *** 
closed form WRONG ***
TOTAL 139.240 s
