X0^6(11): non-firing rational candidates [ -88, -132, -187, -627, -1012 ]; 
admitting [ -88, -132, -187 ] beyond the anchors
table built (170.170 s)
  ds     = [ -24, -88, -132, -19, -40, -187, -43, -51 ]
  s      = [* Infinity, 1/3, 2/3, 0, 8/3, 208/51, 16, 16/3 *]
  stilde = [* Infinity, 9, 10, 8, 0, 72/17, 40, 8 *]
  degs   = [ 1, 1, 1, 1, 1, 1, 1, 1 ]
    d = -24      deg 1  fires true
    d = -88      deg 1  fires false
    d = -132     deg 1  fires false
    d = -19      deg 1  fires true
    d = -40      deg 1  fires true
    d = -187     deg 1  fires false
    d = -43      deg 1  fires true
    d = -51      deg 1  fires true

admissible residual pairs <r(-1), r(-2)>: { <0, 0> }
the pipeline applies m0_multiplier here: false
  form -1 : residual 0     closed form 0        TRUE multiplier 0      closed 
form OK
  form -2 : residual 0     closed form 0        TRUE multiplier 0      closed 
form OK
TOTAL 170.730 s
