X0^6(17): non-firing rational candidates [ -51, -408, -187, -340 ]; admitting [ 
-51, -408, -187 ] beyond the anchors
table built (275.950 s)
  ds     = [ -4, -51, -408, -19, -43, -187, -52, -67 ]
  s      = [* Infinity, 1/48, 19/768, 0, 1/54, 1/3, 1/24, 1/16 *]
  stilde = [* Infinity, 1/8, 43/128, 1, 0, 19, 5/4, 35/8 *]
  degs   = [ 1, 1, 1, 1, 1, 1, 1, 1 ]
    d = -4       deg 1  fires true
    d = -51      deg 1  fires false
    d = -408     deg 1  fires false
    d = -19      deg 1  fires true
    d = -43      deg 1  fires true
    d = -187     deg 1  fires false
    d = -52      deg 1  fires true
    d = -67      deg 1  fires true

admissible residual pairs <r(-1), r(-2)>: { <0, 0> }
the pipeline applies m0_multiplier here: false
  form -1 : residual 0     closed form 8        TRUE multiplier 0      *** 
closed form WRONG ***
  form -2 : residual 0     closed form 16/3     TRUE multiplier 0      *** 
closed form WRONG ***
TOTAL 277.090 s
