PROBE key 11 infty -4 ram [ -88, -264, -4 ] intsol true solden 1
PROBE key 12 infty -4 ram [ -88, -264, -132, -4 ] intsol true solden 1
PROBE key 13 infty -4 ram [ -88, -12, -4 ] intsol true solden 1
PROBE key 14 infty -4 ram [ -132, -4 ] intsol true solden 1
PROBE key 15 infty -4 ram [ -264, -12, -4 ] intsol true solden 1
PROBE key 9 infty -4 ram [ -264, -12, -132, -4 ] intsol true solden 1
PROBE key -1 infty -4 ram [ -12, -4 ] intsol false solden 2
PROBE key 11 infty -4 ram [ -88, -264, -4 ] intsol true solden 1
PROBE key 12 infty -4 ram [ -88, -264, -132, -4 ] intsol true solden 1
PROBE key 13 infty -4 ram [ -88, -12, -4 ] intsol true solden 1
PROBE key 14 infty -4 ram [ -132, -4 ] intsol true solden 1
PROBE key 15 infty -4 ram [ -264, -12, -4 ] intsol true solden 1
PROBE key 9 infty -4 ram [ -264, -12, -132, -4 ] intsol true solden 1
PROBE key -1 infty -4 ram [ -12, -4 ] intsol false solden 2
PROBE key 11 infty -4 ram [ -88, -264, -4 ] intsol true solden 1
PROBE key 12 infty -4 ram [ -88, -264, -132, -4 ] intsol true solden 1
PROBE key 13 infty -4 ram [ -88, -12, -4 ] intsol true solden 1
PROBE key 14 infty -4 ram [ -132, -4 ] intsol true solden 1
PROBE key 15 infty -4 ram [ -264, -12, -4 ] intsol true solden 1
PROBE key 9 infty -4 ram [ -264, -12, -132, -4 ] intsol true solden 1
PROBE key -1 infty -4 ram [ -12, -4 ] intsol false solden 2
PROBE key 11 infty -4 ram [ -88, -264, -4 ] intsol true solden 1
PROBE key 12 infty -4 ram [ -88, -264, -132, -4 ] intsol true solden 1
PROBE key 13 infty -4 ram [ -88, -12, -4 ] intsol true solden 1
PROBE key 14 infty -4 ram [ -132, -4 ] intsol true solden 1
PROBE key 15 infty -4 ram [ -264, -12, -4 ] intsol true solden 1
PROBE key 9 infty -4 ram [ -264, -12, -132, -4 ] intsol true solden 1
PROBE key -1 infty -4 ram [ -12, -4 ] intsol false solden 2
PROBE key 11 infty -4 ram [ -88, -264, -4 ] intsol true solden 1
PROBE key 12 infty -4 ram [ -88, -264, -132, -4 ] intsol true solden 1
PROBE key 13 infty -4 ram [ -88, -12, -4 ] intsol true solden 1
PROBE key 14 infty -4 ram [ -132, -4 ] intsol true solden 1
PROBE key 15 infty -4 ram [ -264, -12, -4 ] intsol true solden 1
PROBE key 9 infty -4 ram [ -264, -12, -132, -4 ] intsol true solden 1
PROBE key -1 infty -4 ram [ -12, -4 ] intsol false solden 2
PROBE key 11 infty -4 ram [ -88, -264, -4 ] intsol true solden 1
PROBE key 12 infty -4 ram [ -88, -264, -132, -4 ] intsol true solden 1
PROBE key 13 infty -4 ram [ -88, -12, -4 ] intsol true solden 1
PROBE key 14 infty -4 ram [ -132, -4 ] intsol true solden 1
PROBE key 15 infty -4 ram [ -264, -12, -4 ] intsol true solden 1
PROBE key 9 infty -4 ram [ -264, -12, -132, -4 ] intsol true solden 1
PROBE key -1 infty -4 ram [ -88, -4 ] intsol false solden 2
PROBE key 11 infty -4 ram [ -88, -264, -4 ] intsol true solden 1
PROBE key 12 infty -4 ram [ -88, -264, -132, -4 ] intsol true solden 1
PROBE key 13 infty -4 ram [ -88, -12, -4 ] intsol true solden 1
PROBE key 14 infty -4 ram [ -132, -4 ] intsol true solden 1
PROBE key 15 infty -4 ram [ -264, -12, -4 ] intsol true solden 1
PROBE key 9 infty -4 ram [ -264, -12, -132, -4 ] intsol true solden 1
PROBE key -1 infty -4 ram [ -88, -4 ] intsol false solden 2
PROBE key 11 infty -4 ram [ -88, -264, -4 ] intsol true solden 1
PROBE key 12 infty -4 ram [ -88, -264, -132, -4 ] intsol true solden 1
PROBE key 13 infty -4 ram [ -88, -12, -4 ] intsol true solden 1
PROBE key 14 infty -4 ram [ -132, -4 ] intsol true solden 1
PROBE key 15 infty -4 ram [ -264, -12, -4 ] intsol true solden 1
PROBE key 9 infty -4 ram [ -264, -12, -132, -4 ] intsol true solden 1
PROBE key -1 infty -4 ram [ -88, -4 ] intsol false solden 2
PROBE key 11 infty -4 ram [ -88, -264, -4 ] intsol true solden 1
PROBE key 12 infty -4 ram [ -88, -264, -132, -4 ] intsol true solden 1
PROBE key 13 infty -4 ram [ -88, -12, -4 ] intsol true solden 1
PROBE key 14 infty -4 ram [ -132, -4 ] intsol true solden 1
PROBE key 15 infty -4 ram [ -264, -12, -4 ] intsol true solden 1
PROBE key 9 infty -4 ram [ -264, -12, -132, -4 ] intsol true solden 1
PROBE key -1 infty -4 ram [ -88, -4 ] intsol false solden 2
PROBE key 11 infty -4 ram [ -88, -264, -4 ] intsol true solden 1
PROBE key 12 infty -4 ram [ -88, -264, -132, -4 ] intsol true solden 1
PROBE key 13 infty -4 ram [ -88, -12, -4 ] intsol true solden 1
PROBE key 14 infty -4 ram [ -132, -4 ] intsol true solden 1
PROBE key 15 infty -4 ram [ -264, -12, -4 ] intsol true solden 1
PROBE key 9 infty -4 ram [ -264, -12, -132, -4 ] intsol true solden 1
PROBE key -1 infty -4 ram [ -88, -4 ] intsol false solden 2
PROBE key 11 infty -4 ram [ -88, -264, -4 ] intsol true solden 1
PROBE key 12 infty -4 ram [ -88, -264, -132, -4 ] intsol true solden 1
PROBE key 13 infty -4 ram [ -88, -12, -4 ] intsol true solden 1
PROBE key 14 infty -4 ram [ -132, -4 ] intsol true solden 1
PROBE key 15 infty -4 ram [ -264, -12, -4 ] intsol true solden 1
PROBE key 9 infty -4 ram [ -264, -12, -132, -4 ] intsol true solden 1
PROBE key -1 infty -4 ram [ -132, -4 ] intsol true solden 1
PROBE key 10 infty -4 ram [ -88, -12, -132, -4 ] intsol true solden 1
PROBE key -2 infty -4 ram [ -12, -4 ] intsol false solden 2
PROBE key 11 infty -4 ram [ -88, -264, -4 ] intsol true solden 1
PROBE key 12 infty -4 ram [ -88, -264, -132, -4 ] intsol true solden 1
PROBE key 13 infty -4 ram [ -88, -12, -4 ] intsol true solden 1
PROBE key 14 infty -4 ram [ -132, -4 ] intsol true solden 1
PROBE key 15 infty -4 ram [ -264, -12, -4 ] intsol true solden 1
PROBE key 9 infty -4 ram [ -264, -12, -132, -4 ] intsol true solden 1
PROBE key -1 infty -4 ram [ -132, -4 ] intsol true solden 1
PROBE key 10 infty -4 ram [ -88, -12, -132, -4 ] intsol true solden 1
PROBE key -2 infty -4 ram [ -88, -4 ] intsol false solden 2
PROBE key 11 infty -4 ram [ -88, -264, -4 ] intsol true solden 1
PROBE key 12 infty -4 ram [ -88, -264, -132, -4 ] intsol true solden 1
PROBE key 13 infty -4 ram [ -88, -12, -4 ] intsol true solden 1
PROBE key 14 infty -4 ram [ -132, -4 ] intsol true solden 1
PROBE key 15 infty -4 ram [ -264, -12, -4 ] intsol true solden 1
PROBE key 9 infty -4 ram [ -264, -12, -132, -4 ] intsol true solden 1
PROBE key -1 infty -4 ram [ -132, -4 ] intsol true solden 1
PROBE key 10 infty -4 ram [ -88, -12, -132, -4 ] intsol true solden 1
PROBE key 11 infty -4 ram [ -88, -264, -4 ] intsol true solden 1
PROBE key 12 infty -4 ram [ -88, -264, -132, -4 ] intsol true solden 1
PROBE key 13 infty -4 ram [ -88, -12, -4 ] intsol true solden 1
PROBE key 14 infty -4 ram [ -132, -4 ] intsol true solden 1
PROBE key 15 infty -4 ram [ -264, -12, -4 ] intsol true solden 1
PROBE key 9 infty -4 ram [ -264, -12, -132, -4 ] intsol true solden 1
PROBE key -1 infty -4 ram [ -132, -4 ] intsol true solden 1
PROBE key 10 infty -4 ram [ -88, -12, -132, -4 ] intsol true solden 1
PROBE key -2 infty -4 ram [ -148, -4 ] intsol true solden 1
X0^33(2): non-firing rational candidates [ -4, -88, -132, -148, -168, -232, 
-312, -372, -408, -708, -1012 ]; admitting [ -88, -168, -232 ] beyond the 
anchors
  firing degree-1 candidates [ -12, -15 ]; admitting [ -12, -15 ]
table built (276.150 s)
  ds     = [ -4, -12, -88, -132, -15, -148, -168, -232, -55, -55 ]
  s      = [* Infinity, 1, 11/27, 0, 1/3, 4/3, 2/3, 2/27, 11/9, 11/9 *]
  stilde = [* Infinity, 1, 25/9, 4, 5, 0, 2, 34/9, 29, 29 *]
  degs   = [ 1, 1, 1, 1, 1, 1, 1, 1, 2, 2 ]
    d = -4       deg 1  fires false
    d = -12      deg 1  fires true
    d = -88      deg 1  fires false
    d = -132     deg 1  fires false
    d = -15      deg 1  fires true
    d = -148     deg 1  fires false
    d = -168     deg 1  fires false
    d = -232     deg 1  fires false
    d = -55      deg 2  fires true
    d = -55      deg 2  fires true

admissible residual pairs <r(-1), r(-2)>: { <0, 0> }
the pipeline applies m0_multiplier here: true  (every parity)
  form -1 : residual 0      applied 0        TRUE multiplier 0        pipeline 
OK
  form -2 : residual 0      applied 0        TRUE multiplier 0        pipeline 
OK
TOTAL 313.320 s
