PROBE key 11 infty -4 ram [ -88, -264, -4 ] intsol true solden 1
PROBE key 12 infty -4 ram [ -88, -264, -132, -4 ] intsol true solden 1
PROBE key 13 infty -4 ram [ -88, -12, -4 ] intsol true solden 1
PROBE key 14 infty -4 ram [ -132, -4 ] intsol true solden 1
PROBE key 15 infty -4 ram [ -264, -12, -4 ] intsol true solden 1
PROBE key 9 infty -4 ram [ -264, -12, -132, -4 ] intsol true solden 1
PROBE key -1 infty -4 ram [ -12, -4 ] intsol false solden 2
PROBE key 11 infty -4 ram [ -88, -264, -4 ] intsol true solden 1
PROBE key 12 infty -4 ram [ -88, -264, -132, -4 ] intsol true solden 1
PROBE key 13 infty -4 ram [ -88, -12, -4 ] intsol true solden 1
PROBE key 14 infty -4 ram [ -132, -4 ] intsol true solden 1
PROBE key 15 infty -4 ram [ -264, -12, -4 ] intsol true solden 1
PROBE key 9 infty -4 ram [ -264, -12, -132, -4 ] intsol true solden 1
PROBE key -1 infty -4 ram [ -12, -4 ] intsol false solden 2
PROBE key 11 infty -4 ram [ -88, -264, -4 ] intsol true solden 1
PROBE key 12 infty -4 ram [ -88, -264, -132, -4 ] intsol true solden 1
PROBE key 13 infty -4 ram [ -88, -12, -4 ] intsol true solden 1
PROBE key 14 infty -4 ram [ -132, -4 ] intsol true solden 1
PROBE key 15 infty -4 ram [ -264, -12, -4 ] intsol true solden 1
PROBE key 9 infty -4 ram [ -264, -12, -132, -4 ] intsol true solden 1
PROBE key -1 infty -4 ram [ -12, -4 ] intsol false solden 2
PROBE key 11 infty -4 ram [ -88, -264, -4 ] intsol true solden 1
PROBE key 12 infty -4 ram [ -88, -264, -132, -4 ] intsol true solden 1
PROBE key 13 infty -4 ram [ -88, -12, -4 ] intsol true solden 1
PROBE key 14 infty -4 ram [ -132, -4 ] intsol true solden 1
PROBE key 15 infty -4 ram [ -264, -12, -4 ] intsol true solden 1
PROBE key 9 infty -4 ram [ -264, -12, -132, -4 ] intsol true solden 1
PROBE key -1 infty -4 ram [ -12, -4 ] intsol false solden 2
PROBE key 11 infty -4 ram [ -88, -264, -4 ] intsol true solden 1
PROBE key 12 infty -4 ram [ -88, -264, -132, -4 ] intsol true solden 1
PROBE key 13 infty -4 ram [ -88, -12, -4 ] intsol true solden 1
PROBE key 14 infty -4 ram [ -132, -4 ] intsol true solden 1
PROBE key 15 infty -4 ram [ -264, -12, -4 ] intsol true solden 1
PROBE key 9 infty -4 ram [ -264, -12, -132, -4 ] intsol true solden 1
PROBE key -1 infty -4 ram [ -12, -4 ] intsol false solden 2
PROBE key 11 infty -4 ram [ -88, -264, -4 ] intsol true solden 1
PROBE key 12 infty -4 ram [ -88, -264, -132, -4 ] intsol true solden 1
PROBE key 13 infty -4 ram [ -88, -12, -4 ] intsol true solden 1
PROBE key 14 infty -4 ram [ -132, -4 ] intsol true solden 1
PROBE key 15 infty -4 ram [ -264, -12, -4 ] intsol true solden 1
PROBE key 9 infty -4 ram [ -264, -12, -132, -4 ] intsol true solden 1
PROBE key -1 infty -4 ram [ -88, -4 ] intsol false solden 2
PROBE key 11 infty -4 ram [ -88, -264, -4 ] intsol true solden 1
PROBE key 12 infty -4 ram [ -88, -264, -132, -4 ] intsol true solden 1
PROBE key 13 infty -4 ram [ -88, -12, -4 ] intsol true solden 1
PROBE key 14 infty -4 ram [ -132, -4 ] intsol true solden 1
PROBE key 15 infty -4 ram [ -264, -12, -4 ] intsol true solden 1
PROBE key 9 infty -4 ram [ -264, -12, -132, -4 ] intsol true solden 1
PROBE key -1 infty -4 ram [ -88, -4 ] intsol false solden 2
PROBE key 11 infty -4 ram [ -88, -264, -4 ] intsol true solden 1
PROBE key 12 infty -4 ram [ -88, -264, -132, -4 ] intsol true solden 1
PROBE key 13 infty -4 ram [ -88, -12, -4 ] intsol true solden 1
PROBE key 14 infty -4 ram [ -132, -4 ] intsol true solden 1
PROBE key 15 infty -4 ram [ -264, -12, -4 ] intsol true solden 1
PROBE key 9 infty -4 ram [ -264, -12, -132, -4 ] intsol true solden 1
PROBE key -1 infty -4 ram [ -88, -4 ] intsol false solden 2
PROBE key 11 infty -4 ram [ -88, -264, -4 ] intsol true solden 1
PROBE key 12 infty -4 ram [ -88, -264, -132, -4 ] intsol true solden 1
PROBE key 13 infty -4 ram [ -88, -12, -4 ] intsol true solden 1
PROBE key 14 infty -4 ram [ -132, -4 ] intsol true solden 1
PROBE key 15 infty -4 ram [ -264, -12, -4 ] intsol true solden 1
PROBE key 9 infty -4 ram [ -264, -12, -132, -4 ] intsol true solden 1
PROBE key -1 infty -4 ram [ -88, -4 ] intsol false solden 2
PROBE key 11 infty -4 ram [ -88, -264, -4 ] intsol true solden 1
PROBE key 12 infty -4 ram [ -88, -264, -132, -4 ] intsol true solden 1
PROBE key 13 infty -4 ram [ -88, -12, -4 ] intsol true solden 1
PROBE key 14 infty -4 ram [ -132, -4 ] intsol true solden 1
PROBE key 15 infty -4 ram [ -264, -12, -4 ] intsol true solden 1
PROBE key 9 infty -4 ram [ -264, -12, -132, -4 ] intsol true solden 1
PROBE key -1 infty -4 ram [ -88, -4 ] intsol false solden 2
PROBE key 11 infty -4 ram [ -88, -264, -4 ] intsol true solden 1
PROBE key 12 infty -4 ram [ -88, -264, -132, -4 ] intsol true solden 1
PROBE key 13 infty -4 ram [ -88, -12, -4 ] intsol true solden 1
PROBE key 14 infty -4 ram [ -132, -4 ] intsol true solden 1
PROBE key 15 infty -4 ram [ -264, -12, -4 ] intsol true solden 1
PROBE key 9 infty -4 ram [ -264, -12, -132, -4 ] intsol true solden 1
PROBE key -1 infty -4 ram [ -132, -4 ] intsol true solden 1
PROBE key 10 infty -4 ram [ -88, -12, -132, -4 ] intsol true solden 1
PROBE key -2 infty -4 ram [ -12, -4 ] intsol false solden 2
PROBE key 11 infty -4 ram [ -88, -264, -4 ] intsol true solden 1
PROBE key 12 infty -4 ram [ -88, -264, -132, -4 ] intsol true solden 1
PROBE key 13 infty -4 ram [ -88, -12, -4 ] intsol true solden 1
PROBE key 14 infty -4 ram [ -132, -4 ] intsol true solden 1
PROBE key 15 infty -4 ram [ -264, -12, -4 ] intsol true solden 1
PROBE key 9 infty -4 ram [ -264, -12, -132, -4 ] intsol true solden 1
PROBE key -1 infty -4 ram [ -132, -4 ] intsol true solden 1
PROBE key 10 infty -4 ram [ -88, -12, -132, -4 ] intsol true solden 1
PROBE key -2 infty -4 ram [ -88, -4 ] intsol false solden 2
PROBE key 11 infty -4 ram [ -88, -264, -4 ] intsol true solden 1
PROBE key 12 infty -4 ram [ -88, -264, -132, -4 ] intsol true solden 1
PROBE key 13 infty -4 ram [ -88, -12, -4 ] intsol true solden 1
PROBE key 14 infty -4 ram [ -132, -4 ] intsol true solden 1
PROBE key 15 infty -4 ram [ -264, -12, -4 ] intsol true solden 1
PROBE key 9 infty -4 ram [ -264, -12, -132, -4 ] intsol true solden 1
PROBE key -1 infty -4 ram [ -132, -4 ] intsol true solden 1
PROBE key 10 infty -4 ram [ -88, -12, -132, -4 ] intsol true solden 1
PROBE key 11 infty -4 ram [ -88, -264, -4 ] intsol true solden 1
PROBE key 12 infty -4 ram [ -88, -264, -132, -4 ] intsol true solden 1
PROBE key 13 infty -4 ram [ -88, -12, -4 ] intsol true solden 1
PROBE key 14 infty -4 ram [ -132, -4 ] intsol true solden 1
PROBE key 15 infty -4 ram [ -264, -12, -4 ] intsol true solden 1
PROBE key 9 infty -4 ram [ -264, -12, -132, -4 ] intsol true solden 1
PROBE key -1 infty -4 ram [ -132, -4 ] intsol true solden 1
PROBE key 10 infty -4 ram [ -88, -12, -132, -4 ] intsol true solden 1
PROBE key -2 infty -4 ram [ -148, -4 ] intsol true solden 1
X0^33(2): non-firing rational candidates [ -4, -88, -132, -148, -168, -232, 
-312, -372, -408, -708, -1012 ]; admitting [ -88, -168, -232 ] beyond the 
anchors
Runtime error: Could not find enough points, sorry!
