X0^38(3): non-firing rational candidates [ -24, -228, -120, -123, -168, -267, 
-372, -408, -627, -708 ]; admitting [ -120, -123, -168 ] beyond the anchors
table built (613.110 s)
  ds     = [ -24, -228, -11, -120, -123, -168, -20, -35 ]
  s      = [* Infinity, 0, 1, 1/3, 9, 7/3, 5, 1 *]
  stilde = [* Infinity, 1/4, 0, 1/3, 2, 1/3, 1, 1 *]
  degs   = [ 1, 1, 1, 1, 1, 1, 1, 2 ]
    d = -24      deg 1  fires false
    d = -228     deg 1  fires false
    d = -11      deg 1  fires true
    d = -120     deg 1  fires false
    d = -123     deg 1  fires false
    d = -168     deg 1  fires false
    d = -20      deg 1  fires true
    d = -35      deg 2  fires true

admissible residual pairs <r(-1), r(-2)>: { <0, 0> }
the pipeline applies m0_multiplier here: true  (every parity)
  form -1 : residual 0      applied -1       TRUE multiplier -1       pipeline 
OK
  form -2 : residual 0      applied -1       TRUE multiplier -1       pipeline 
OK
TOTAL 817.350 s
