# 31 pool members, 360 cosets with nonzero constants
# rank 7, kernel dim 24
K0: snap_err 1.46e-46  exact_dev 6.82e-77  den 5
    [-1, 5, -4, 5, 0, 0, 0, 0, 0, 0, 0, 0, 0, 0, 0, 0, 0, 0, 0, 0, 0, 0, 0, 0, 0, 0, 0, 0, 0, 0, 0]
K1: snap_err 0.0  exact_dev 6.82e-77  den 5
    [1, -5, -1, 0, 5, 0, 0, 0, 0, 0, 0, 0, 0, 0, 0, 0, 0, 0, 0, 0, 0, 0, 0, 0, 0, 0, 0, 0, 0, 0, 0]
K2: snap_err 0.0  exact_dev 3.41e-76  den 1
    [-1, 5, 0, 0, 0, 0, 1, 0, 0, 0, 0, 0, 0, 0, 0, 0, 0, 0, 0, 0, 0, 0, 0, 0, 0, 0, 0, 0, 0, 0, 0]
K3: snap_err 8.76e-47  exact_dev 7.74e-48  den 75
    [2, -10, -2, 0, 0, 30, 0, -50, 75, 0, 0, 0, 0, 0, 0, 0, 0, 0, 0, 0, 0, 0, 0, 0, 0, 0, 0, 0, 0, 0, 0]
K4: snap_err 4.38e-47  exact_dev 3.87e-48  den 75
    [-2, 10, 2, 0, 0, -30, 0, -25, 0, 75, 0, 0, 0, 0, 0, 0, 0, 0, 0, 0, 0, 0, 0, 0, 0, 0, 0, 0, 0, 0, 0]
K5: snap_err 8.76e-47  exact_dev 7.74e-48  den 15
    [2, -10, -2, 0, 0, 30, 0, 10, 0, 0, 15, 0, 0, 0, 0, 0, 0, 0, 0, 0, 0, 0, 0, 0, 0, 0, 0, 0, 0, 0, 0]
K6: snap_err 0.0  exact_dev 0.0  den 1
    [0, 0, 0, 0, 0, -1, 0, 0, 0, 0, 0, 1, 0, 0, 0, 0, 0, 0, 0, 0, 0, 0, 0, 0, 0, 0, 0, 0, 0, 0, 0]
K7: snap_err 0.0  exact_dev 0.0  den 1
    [0, 0, 0, 0, 0, 0, 0, 0, 0, 0, 0, 0, 1, 0, 0, 0, 0, 0, 0, 0, 0, 0, 0, 0, 0, 0, 0, 0, 0, 0, 0]
K8: snap_err 4.38e-47  exact_dev 3.87e-48  den 75
    [-2, 10, 2, 0, 0, -30, 0, -25, 0, 0, 0, 0, 0, 75, 0, 0, 0, 0, 0, 0, 0, 0, 0, 0, 0, 0, 0, 0, 0, 0, 0]
K9: snap_err 4.38e-47  exact_dev 3.87e-48  den 75
    [-2, 10, 2, 0, 0, -30, 0, -25, 0, 0, 0, 0, 0, 0, 75, 0, 0, 0, 0, 0, 0, 0, 0, 0, 0, 0, 0, 0, 0, 0, 0]
K10: snap_err 0.0  exact_dev 0.0  den 1
    [0, 0, 0, 0, 0, 0, 0, 0, 0, 0, 0, 0, 0, 0, 0, 1, 0, 0, 0, 0, 0, 0, 0, 0, 0, 0, 0, 0, 0, 0, 0]
K11: snap_err 0.0  exact_dev 0.0  den 1
    [0, 0, 0, 0, 0, 0, 0, 0, 0, 0, 0, 0, 0, 0, 0, 0, 1, 0, 0, 0, 0, 0, 0, 0, 0, 0, 0, 0, 0, 0, 0]
K12: snap_err 0.0  exact_dev 0.0  den 1
    [0, 0, 0, 0, 0, 0, 0, 0, 0, 0, 0, 0, 0, 0, 0, 0, 0, 0, 0, 1, 0, 0, 0, 0, 0, 0, 0, 0, 0, 0, 0]
K13: snap_err 0.0  exact_dev 1.8e-75  den 1
    [0, 0, 0, 0, 0, 0, 0, 0, 0, 0, 0, 0, 0, 0, 0, 0, 0, 0, -1, 0, 1, 0, 0, 0, 0, 0, 0, 0, 0, 0, 0]
K14: snap_err 0.0  exact_dev 0.0  den 1
    [0, 0, 0, 0, 0, 0, 0, 0, 0, 0, 0, 0, 0, 0, 0, 0, 0, 0, 0, 0, 0, 1, 0, 0, 0, 0, 0, 0, 0, 0, 0]
K15: snap_err 0.0  exact_dev 9.04e-76  den 1
    [0, 0, 0, 0, 0, 0, 0, 0, 0, 0, 0, 0, 0, 0, 0, 0, 0, -1, 0, 0, 0, 0, 1, 0, 0, 0, 0, 0, 0, 0, 0]
K16: snap_err 7.01e-46  exact_dev 2.67e-77  den 5
    [-1, 10, -4, 0, 0, 0, 0, 0, 0, 0, 0, 0, 0, 0, 0, 0, 0, 0, 0, 0, 0, 0, 0, 5, 0, 0, 0, 0, 0, 0, 0]
K17: snap_err 0.0  exact_dev 0.0  den 1
    [0, 0, 0, 0, 0, 0, 0, 0, 0, 0, 0, 0, 0, 0, 0, 0, 0, 0, 0, 0, 0, 0, 0, 0, 1, 0, 0, 0, 0, 0, 0]
K18: snap_err 0.0  exact_dev 4.38e-47  den 5
    [-4, 15, 4, 0, 0, 0, 0, 0, 0, 0, 0, 0, 0, 0, 0, 0, 0, 0, 0, 0, 0, 0, 0, 0, 0, 5, 0, 0, 0, 0, 0]
K19: snap_err 1.05e-45  exact_dev 1.09e-47  den 50
    [1, -10, 4, 0, 0, 0, 0, 0, 0, 0, 0, 0, 0, 0, 0, 0, 0, -30, -25, 0, 0, 0, 0, 0, 0, 0, 50, 0, 0, 0, 0]
K20: snap_err 0.0  exact_dev 1.8e-75  den 1
    [0, 0, 0, 0, 0, 0, 0, 0, 0, 0, 0, 0, 0, 0, 0, 0, 0, 0, -1, 0, 0, 0, 0, 0, 0, 0, 0, 1, 0, 0, 0]
K21: snap_err 1.09e-46  exact_dev 5.47e-48  den 50
    [1, -10, 4, 0, 0, 0, 0, 0, 0, 0, 0, 0, 0, 0, 0, 0, 0, -30, 25, 0, 0, 0, 0, 0, 0, 0, 0, 0, 50, 0, 0]
K22: snap_err 3.5e-46  exact_dev 4.38e-47  den 25
    [-2, 20, -8, 0, 0, 0, 0, 0, 0, 0, 0, 0, 0, 0, 0, 0, 0, 60, -75, 0, 0, 0, 0, 0, 0, 0, 0, 0, 0, 25, 0]
K23: snap_err 0.0  exact_dev 1.29e-75  den 1
    [3, -10, -4, 0, 0, 0, 0, 0, 0, 0, 0, 0, 0, 0, 0, 0, 0, 0, 0, 0, 0, 0, 0, 0, 0, 0, 0, 0, 0, 0, 1]
