# 38 pool members, 240 cosets with nonzero constants
# rank 7, kernel dim 31
K0: snap_err 1.31e-46  exact_dev 7.74e-48  den 1
    [-1, 1, 1, 0, 0, 0, 0, 0, 0, 0, 0, 0, 0, 0, 0, 0, 0, 0, 0, 0, 0, 0, 0, 0, 0, 0, 0, 0, 0, 0, 0, 0, 0, 0, 0, 0, 0, 0]
K1: snap_err 1.31e-46  exact_dev 4.25e-77  den 2
    [1, 0, 0, -3, 2, 0, 0, 0, 0, 0, 0, 0, 0, 0, 0, 0, 0, 0, 0, 0, 0, 0, 0, 0, 0, 0, 0, 0, 0, 0, 0, 0, 0, 0, 0, 0, 0, 0]
K2: snap_err 9.03e-47  exact_dev 1.09e-47  den 2
    [-1, 0, 0, 1, 0, 2, 0, 0, 0, 0, 0, 0, 0, 0, 0, 0, 0, 0, 0, 0, 0, 0, 0, 0, 0, 0, 0, 0, 0, 0, 0, 0, 0, 0, 0, 0, 0, 0]
K3: snap_err 0.0  exact_dev 0.0  den 1
    [0, 0, 0, 0, 0, 0, 1, 0, 0, 0, 0, 0, 0, 0, 0, 0, 0, 0, 0, 0, 0, 0, 0, 0, 0, 0, 0, 0, 0, 0, 0, 0, 0, 0, 0, 0, 0, 0]
K4: snap_err 8.76e-47  exact_dev 1.06e-76  den 4
    [3, 2, 0, -9, 0, 0, 0, 4, 0, 0, 0, 0, 0, 0, 0, 0, 0, 0, 0, 0, 0, 0, 0, 0, 0, 0, 0, 0, 0, 0, 0, 0, 0, 0, 0, 0, 0, 0]
K5: snap_err 0.0  exact_dev 3.87e-48  den 4
    [-1, -2, 0, 3, 0, 0, 0, 0, 4, 0, 0, 0, 0, 0, 0, 0, 0, 0, 0, 0, 0, 0, 0, 0, 0, 0, 0, 0, 0, 0, 0, 0, 0, 0, 0, 0, 0, 0]
K6: snap_err 1.75e-46  exact_dev 8.76e-47  den 3
    [0, 0, 0, 0, 0, 0, 0, 0, 0, 0, -2, 3, -4, 3, 0, 0, 0, 0, 0, 0, 0, 0, 0, 0, 0, 0, 0, 0, 0, 0, 0, 0, 0, 0, 0, 0, 0, 0]
K7: snap_err 5.84e-47  exact_dev 2.18e-79  den 3
    [0, 0, 0, 0, 0, 0, 0, 0, 0, 0, -1, 0, 1, 0, 3, 0, 0, 0, 0, 0, 0, 0, 0, 0, 0, 0, 0, 0, 0, 0, 0, 0, 0, 0, 0, 0, 0, 0]
K8: snap_err 1.75e-46  exact_dev 4.38e-47  den 3
    [0, 0, 0, 0, 0, 0, 0, 0, 0, 0, 2, -3, 1, 0, 0, 3, 0, 0, 0, 0, 0, 0, 0, 0, 0, 0, 0, 0, 0, 0, 0, 0, 0, 0, 0, 0, 0, 0]
K9: snap_err 1.45e-45  exact_dev 6.57e-47  den 1
    [0, 0, 0, 0, 0, 0, 0, 0, 0, 0, -6, 9, -4, 0, 0, 0, 1, 0, 0, 0, 0, 0, 0, 0, 0, 0, 0, 0, 0, 0, 0, 0, 0, 0, 0, 0, 0, 0]
K10: snap_err 1.97e-46  exact_dev 1.94e-48  den 1
    [0, 0, 0, 0, 0, 0, 0, 0, 0, 0, -1, 1, 0, 0, 0, 0, 0, 1, 0, 0, 0, 0, 0, 0, 0, 0, 0, 0, 0, 0, 0, 0, 0, 0, 0, 0, 0, 0]
K11: snap_err 5.84e-46  exact_dev 1.75e-46  den 3
    [0, 0, 0, 0, 0, 0, 0, 0, 0, 0, -4, 9, -8, 0, 0, 0, 0, 0, 3, 0, 0, 0, 0, 0, 0, 0, 0, 0, 0, 0, 0, 0, 0, 0, 0, 0, 0, 0]
K12: snap_err 2.8e-45  exact_dev 2.19e-47  den 1
    [0, 0, 0, 0, 0, 0, 0, 0, 0, 0, 8, -9, 0, 0, 0, 0, 0, 0, 0, 1, 0, 0, 0, 0, 0, 0, 0, 0, 0, 0, 0, 0, 0, 0, 0, 0, 0, 0]
K13: snap_err 5.25e-46  exact_dev 1.55e-47  den 72
    [-3, -6, 0, 9, 0, 0, 0, 0, 0, 60, -40, 0, 40, 0, 0, 0, 0, 0, 0, 0, 72, 0, 0, 0, 0, 0, 0, 0, 0, 0, 0, 0, 0, 0, 0, 0, 0, 0]
K14: snap_err 5.84e-47  exact_dev 2.18e-79  den 3
    [0, 0, 0, 0, 0, 0, 0, 0, 0, 0, -1, 0, 1, 0, 0, 0, 0, 0, 0, 0, 0, 3, 0, 0, 0, 0, 0, 0, 0, 0, 0, 0, 0, 0, 0, 0, 0, 0]
K15: snap_err 0.0  exact_dev 0.0  den 1
    [0, 0, 0, 0, 0, 0, 0, 0, 0, 0, 0, 0, 0, 0, 0, 0, 0, 0, 0, 0, 0, 0, 1, 0, 0, 0, 0, 0, 0, 0, 0, 0, 0, 0, 0, 0, 0, 0]
K16: snap_err 1.05e-45  exact_dev 3.1e-47  den 18
    [6, 0, 0, -9, 0, 0, 0, 0, 0, 60, -10, -45, 40, 0, 0, 0, 0, 0, 0, 0, 0, 0, 0, 18, 0, 0, 0, 0, 0, 0, 0, 0, 0, 0, 0, 0, 0, 0]
K17: snap_err 5.84e-46  exact_dev 1.75e-46  den 3
    [0, 0, 0, 0, 0, 0, 0, 0, 0, 0, -4, 9, -8, 0, 0, 0, 0, 0, 0, 0, 0, 0, 0, 0, 3, 0, 0, 0, 0, 0, 0, 0, 0, 0, 0, 0, 0, 0]
K18: snap_err 9.03e-47  exact_dev 2.9e-48  den 4
    [-1, 2, 0, -1, 0, 0, 0, 0, 0, 0, 0, 0, 0, 0, 0, 0, 0, 0, 0, 0, 0, 0, 0, 0, 0, 4, 0, 0, 0, 0, 0, 0, 0, 0, 0, 0, 0, 0]
K19: snap_err 0.0  exact_dev 0.0  den 1
    [0, 0, 0, 0, 0, 0, 0, 0, 0, 0, 0, 0, 0, 0, 0, 0, 0, 0, 0, 0, 0, 0, 0, 0, 0, 0, 1, 0, 0, 0, 0, 0, 0, 0, 0, 0, 0, 0]
K20: snap_err 0.0  exact_dev 0.0  den 1
    [0, 0, 0, 0, 0, 0, 0, 0, 0, 0, 0, 0, 0, 0, 0, 0, 0, 0, 0, 0, 0, 0, 0, 0, 0, 0, 0, 1, 0, 0, 0, 0, 0, 0, 0, 0, 0, 0]
K21: snap_err 0.0  exact_dev 0.0  den 1
    [0, 0, 0, 0, 0, 0, 0, 0, 0, 0, 0, 0, 0, 0, 0, 0, 0, 0, 0, 0, 0, 0, 0, 0, 0, 0, 0, 0, 1, 0, 0, 0, 0, 0, 0, 0, 0, 0]
K22: snap_err 0.0  exact_dev 0.0  den 1
    [0, 0, 0, 0, 0, 0, 0, 0, 0, 0, 0, 0, 0, 0, 0, 0, 0, 0, 0, 0, 0, 0, 0, 0, 0, 0, 0, 0, 0, 1, 0, 0, 0, 0, 0, 0, 0, 0]
K23: snap_err 0.0  exact_dev 0.0  den 1
    [0, 0, 0, 0, 0, 0, 0, 0, 0, 0, 0, 0, 0, 0, 0, 0, 0, 0, 0, 0, 0, 0, 0, 0, 0, 0, 0, 0, 0, 0, 1, 0, 0, 0, 0, 0, 0, 0]
K24: snap_err 0.0  exact_dev 0.0  den 1
    [0, 0, 0, 0, 0, 0, 0, 0, 0, 0, 0, 0, 0, 0, 0, 0, 0, 0, 0, 0, 0, 0, 0, 0, 0, 0, 0, 0, 0, 0, 0, 1, 0, 0, 0, 0, 0, 0]
K25: snap_err 5.25e-46  exact_dev 1.28e-76  den 1
    [3, -4, 0, 0, 0, 0, 0, 0, 0, 0, 0, 0, 0, 0, 0, 0, 0, 0, 0, 0, 0, 0, 0, 0, 0, 0, 0, 0, 0, 0, 0, 0, 1, 0, 0, 0, 0, 0]
K26: snap_err 2.8e-45  exact_dev 6.57e-47  den 1
    [0, 0, 0, 0, 0, 0, 0, 0, 0, -4, -2, 9, -8, 0, 0, 0, 0, 0, 0, 0, 0, 0, 0, 0, 0, 0, 0, 0, 0, 0, 0, 0, 0, 1, 0, 0, 0, 0]
K27: snap_err 2.63e-46  exact_dev 7.96e-77  den 1
    [2, 0, 0, -3, 0, 0, 0, 0, 0, 0, 0, 0, 0, 0, 0, 0, 0, 0, 0, 0, 0, 0, 0, 0, 0, 0, 0, 0, 0, 0, 0, 0, 0, 0, 1, 0, 0, 0]
K28: snap_err 1.75e-46  exact_dev 1.7e-76  den 2
    [3, 4, 0, -9, 0, 0, 0, 0, 0, 0, 0, 0, 0, 0, 0, 0, 0, 0, 0, 0, 0, 0, 0, 0, 0, 0, 0, 0, 0, 0, 0, 0, 0, 0, 0, 2, 0, 0]
K29: snap_err 1.31e-46  exact_dev 3.1e-47  den 2
    [1, -4, 0, 3, 0, 0, 0, 0, 0, 0, 0, 0, 0, 0, 0, 0, 0, 0, 0, 0, 0, 0, 0, 0, 0, 0, 0, 0, 0, 0, 0, 0, 0, 0, 0, 0, 2, 0]
K30: snap_err 0.0  exact_dev 4.24e-76  den 1
    [0, 8, 0, -9, 0, 0, 0, 0, 0, 0, 0, 0, 0, 0, 0, 0, 0, 0, 0, 0, 0, 0, 0, 0, 0, 0, 0, 0, 0, 0, 0, 0, 0, 0, 0, 0, 0, 1]
