# 21 pool members, 120 cosets with nonzero constants
# rank 7, kernel dim 14
K0: snap_err 1.75e-46  exact_dev 5.46e-77  den 4
    [4, 5, -9, 1, -5, 0, 4, 0, 0, 0, 0, 0, 0, 0, 0, 0, 0, 0, 0, 0, 0]
K1: snap_err 8.76e-47  exact_dev 3.28e-47  den 12
    [-8, -5, 9, -1, 5, 0, 0, 12, 0, 0, 0, 0, 0, 0, 0, 0, 0, 0, 0, 0, 0]
K2: snap_err 1.75e-46  exact_dev 3.87e-48  den 36
    [-8, -5, 9, -1, 29, -24, 0, 0, 36, 0, 0, 0, 0, 0, 0, 0, 0, 0, 0, 0, 0]
K3: snap_err 0.0  exact_dev 0.0  den 1
    [0, 0, 0, 0, 0, 0, 0, 0, 0, 1, 0, 0, 0, 0, 0, 0, 0, 0, 0, 0, 0]
K4: snap_err 0.0  exact_dev 0.0  den 1
    [0, 0, 0, 0, 0, 0, 0, 0, 0, 0, 0, 1, 0, 0, 0, 0, 0, 0, 0, 0, 0]
K5: snap_err 4.38e-47  exact_dev 2.19e-47  den 12
    [4, -5, -3, -1, 5, 0, 0, 0, 0, 0, 0, 0, 12, 0, 0, 0, 0, 0, 0, 0, 0]
K6: snap_err 1.4e-45  exact_dev 2.19e-46  den 2
    [0, -1, 3, -5, 1, 2, 0, 0, 0, 0, -12, 0, 0, 2, 0, 0, 0, 0, 0, 0, 0]
K7: snap_err 3.5e-46  exact_dev 3.87e-48  den 1
    [0, 1, 0, -1, 1, 0, 0, 0, 0, 0, 0, 0, 0, 0, 1, 0, 0, 0, 0, 0, 0]
K8: snap_err 7.01e-46  exact_dev 4.2e-77  den 1
    [-2, 5, 0, 1, -5, 0, 0, 0, 0, 0, 0, 0, 0, 0, 0, 1, 0, 0, 0, 0, 0]
K9: snap_err 1.4e-45  exact_dev 2.19e-46  den 9
    [4, -2, 9, -22, -10, 12, 0, 0, 0, 0, -72, 0, 0, 0, 0, 0, 9, 0, 0, 0, 0]
K10: snap_err 7.01e-46  exact_dev 8.76e-47  den 3
    [4, 10, -9, 2, -10, 0, 0, 0, 0, 0, 0, 0, 0, 0, 0, 0, 0, 3, 0, 0, 0]
K11: snap_err 3.5e-46  exact_dev 3.28e-47  den 12
    [-8, -5, 9, -1, 29, -6, 0, 0, 0, 0, -12, 0, 0, 0, 0, 0, 0, 0, 12, 0, 0]
K12: snap_err 1.4e-45  exact_dev 1.36e-77  den 1
    [0, 5, 0, -1, -15, 0, 0, 0, 0, 0, 0, 0, 0, 0, 0, 0, 0, 0, 0, 1, 0]
K13: snap_err 0.0  exact_dev 1.57e-76  den 1
    [8, 0, -9, 0, 0, 0, 0, 0, 0, 0, 0, 0, 0, 0, 0, 0, 0, 0, 0, 0, 1]
