(1) Is  p*diag(1,u)  -- km0coset2.m's "p inert" -- actually anisotropic?

   p   u   -u   -u square?   anisotropic?   #nonzero isotropic cosets
    3   2    1    True        False            4   (2(p-1) = 4)
    5   2    3   False         True            0   (2(p-1) = 8)
    7   3    4    True        False           12   (2(p-1) = 12)
   11   2    9    True        False           20   (2(p-1) = 20)
   13   2   11   False         True            0   (2(p-1) = 24)

    => anisotropic only for p = 1 mod 4; the p = 3 mod 4 cases are
       hyperbolic planes mislabelled, which explains the 2(p-1) count there.

   the genuinely anisotropic plane  p(x^2 - u y^2):
    3  nonzero isotropic cosets: 0
    5  nonzero isotropic cosets: 0
    7  nonzero isotropic cosets: 0
   11  nonzero isotropic cosets: 0
   13  nonzero isotropic cosets: 0

(2) m=0 density, ANISOTROPIC  Q = p(x^2 - u y^2), mu = 0
  p=3:  alpha_k = 3, 1, 3, 1, 3, 1   (bounded, period 2)
  p=5:  alpha_k = 5, 1, 5, 1   (bounded, period 2)
  p=7:  alpha_k = 7, 1, 7, 1   (bounded, period 2)

    m=0 density, HYPERBOLIC  Q = p*x*y, mu = 0
  p=3:  alpha_k = 3, 5, 7, 9, 11   ((p-1)k + 1, linear growth)
  p=5:  alpha_k = 5, 9, 13, 17   ((p-1)k + 1, linear growth)

    => the anisotropic density is bounded below by 1 and cannot vanish.
       So no place vanishes at m=0 for a nonzero isotropic mu, and the
       m=0 coefficient there is a VALUE, not an s-derivative -- MODULO
       the normalising constant, which is KRY part (i) at m=0 and is open.
