AVAIL = [ -2, -1, 52, 53, 54, 55, 56, 57, 58, 59, 60, 61, 62, 63, 64, 65, 66 ]
USEDKEYS -2,-1,
BASE 210 1  M = 420  ds = [ 1, 2, 3, 4, 5, 6, 7, 10, 12, 14, 15, 20, 21, 28, 30,35, 42, 60, 70, 84, 105, 140, 210, 420 ]
#monomials = 208
MONO 1 [ -4, 8, 2, -3, 3, -3, 1, -3, 2, 0, -1, 1, 0, -1, -1, -1, -3, 4, -3, 6, 0, 9, 12, -24 ]
MONO 2 [ -4, 8, 2, -3, 3, -2, 1, -3, 0, 0, -1, 1, 0, -1, 0, -1, -2, 2, -1, 4, 0,5, 7, -14 ]
MONO 3 [ -4, 9, 0, -3, 2, 0, 0, -2, 1, 0, 0, 0, 0, -1, -2, 3, -3, 4, -6, 6, -1, 9, 13, -24 ]
MONO 4 [ -4, 9, 0, -3, 2, 1, 0, -2, -1, 0, 0, 0, 0, -1, -1, 3, -2, 2, -4, 4, -1,5, 8, -14 ]
MONO 5 [ -4, 9, 1, -2, 2, -3, 1, -3, 2, -2, -2, 0, -1, 0, 2, 0, 0, 3, -2, 4, 1, 8, 10, -23 ]
MONO 6 [ -4, 9, 1, -2, 2, -2, 1, -3, 0, -2, -2, 0, -1, 0, 3, 0, 1, 1, 0, 2, 1, 4, 5, -13 ]
MONO 7 [ -3, 7, 1, -1, 1, -3, -1, -1, 2, 3, 0, 0, 0, -2, -2, 0, -3, 4, -5, 5, 0,9, 15, -25 ]
MONO 8 [ -3, 7, 1, -1, 1, -2, -1, -1, 0, 3, 0, 0, 0, -2, -1, 0, -2, 2, -3, 3, 0,5, 10, -15 ]
MONO 9 [ -2, 3, 3, -1, 2, -3, 1, -1, 2, 0, -1, 0, -2, -1, 0, -1, 2, 3, -4, 3, 2,9, 10, -23 ]
MONO 10 [ -2, 3, 3, -1, 2, -2, 1, -1, 0, 0, -1, 0, -2, -1, 1, -1, 3, 1, -2, 1, 2, 5, 5, -13 ]
MONO 11 [ -2, 4, 1, -1, -1, -2, 1, 3, 2, -1, 2, -2, -2, 0, -4, -1, 2, 5, -3, 3, 2, 8, 10, -23 ]
MONO 12 [ -2, 4, 1, -1, -1, -1, 1, 3, 0, -1, 2, -2, -2, 0, -3, -1, 3, 3, -1, 1, 2, 4, 5, -13 ]
MONO 13 [ -2, 4, 1, -1, 0, -2, 1, 1, 2, -1, 0, -2, -2, 0, -3, 0, 2, 7, -4, 3, 0,9, 12, -24 ]
MONO 14 [ -2, 4, 1, -1, 0, -2, 2, 0, 2, -2, -1, 0, -1, 1, 1, 1, -1, 3, -4, 4, 0,8, 11, -23 ]
MONO 15 [ -2, 4, 1, -1, 0, -1, 1, 1, 0, -1, 0, -2, -2, 0, -2, 0, 3, 5, -2, 1, 0,5, 7, -14 ]
MONO 16 [ -2, 4, 1, -1, 0, -1, 2, 0, 0, -2, -1, 0, -1, 1, 2, 1, 0, 1, -2, 2, 0, 4, 6, -13 ]
MONO 17 [ -2, 4, 1, -1, 1, -3, -1, 0, 3, 2, -1, -1, 1, -1, 0, 1, -2, 4, -6, 4, -2, 9, 16, -25 ]
MONO 18 [ -2, 4, 1, -1, 1, -2, -1, 0, 1, 2, -1, -1, 1, -1, 1, 1, -1, 2, -4, 2, -2, 5, 11, -15 ]
MONO 19 [ -2, 4, 1, -1, 1, -2, 0, -2, 2, 1, -2, 0, 0, -1, 4, -1, -2, 2, -2, 5, 1, 8, 10, -23 ]
MONO 20 [ -2, 4, 1, -1, 1, -2, 0, -1, 2, 1, 0, 1, 0, -1, -2, 0, -2, 4, -5, 5, 0,10, 12, -24 ]
MONO 21 [ -2, 4, 1, -1, 1, -1, 0, -2, 0, 1, -2, 0, 0, -1, 5, -1, -1, 0, 0, 3, 1,4, 5, -13 ]
MONO 22 [ -2, 4, 1, -1, 1, -1, 0, -1, 0, 1, 0, 1, 0, -1, -1, 0, -1, 2, -3, 3, 0,6, 7, -14 ]
MONO 23 [ -1, 0, 0, 3, 0, 0, 1, 2, 0, 1, 0, -2, 0, -2, -3, 0, -3, 6, -4, 6, 0, 9, 12, -24 ]
MONO 24 [ -1, 0, 0, 3, 0, 1, 1, 2, -2, 1, 0, -2, 0, -2, -2, 0, -2, 4, -2, 4, 0, 5, 7, -14 ]
MONO 25 [ -1, 0, 1, 1, 2, 0, 0, -1, 1, 1, 0, 0, -1, -1, -2, -1, 0, 4, -3, 4, 2, 8, 10, -23 ]
MONO 26 [ -1, 0, 1, 1, 2, 0, 1, 0, 1, 0, -1, -1, -1, -1, -2, 0, -1, 5, -5, 5, -1, 9, 15, -25 ]
MONO 27 [ -1, 0, 1, 1, 2, 1, 0, -1, -1, 1, 0, 0, -1, -1, -1, -1, 1, 2, -1, 2, 2,4, 5, -13 ]
MONO 28 [ -1, 0, 1, 1, 2, 1, 1, 0, -1, 0, -1, -1, -1, -1, -1, 0, 0, 3, -3, 3, -1, 5, 10, -15 ]
MONO 29 [ -1, 1, 2, 0, -1, -2, 0, 2, 2, 0, 0, 0, 1, 0, -1, 1, -3, 3, -6, 5, -2, 9, 16, -25 ]
MONO 30 [ -1, 1, 2, 0, -1, -2, 2, 4, 2, -1, 0, -1, -1, 0, -3, -1, -2, 4, -3, 5, 0, 8, 13, -24 ]
MONO 31 [ -1, 1, 2, 0, -1, -1, -1, 3, 1, 3, 0, -2, 1, -2, -3, 0, -4, 6, -4, 6, 0, 9, 12, -24 ]
MONO 32 [ -1, 1, 2, 0, -1, -1, 0, 2, 0, 0, 0, 0, 1, 0, 0, 1, -2, 1, -4, 3, -2, 5, 11, -15 ]
MONO 33 [ -1, 1, 2, 0, -1, -1, 0, 2, 1, 1, 1, -1, 1, -1, -3, 1, -3, 5, -5, 5, -1, 9, 13, -24 ]
MONO 34 [ -1, 1, 2, 0, -1, -1, 2, 4, 0, -1, 0, -1, -1, 0, -2, -1, -1, 2, -1, 3, 0, 4, 8, -14 ]
MONO 35 [ -1, 1, 2, 0, -1, 0, -1, 3, -1, 3, 0, -2, 1, -2, -2, 0, -3, 4, -2, 4, 0, 5, 7, -14 ]
MONO 36 [ -1, 1, 2, 0, -1, 0, 0, 2, -1, 1, 1, -1, 1, -1, -2, 1, -2, 3, -3, 3, -1, 5, 8, -14 ]
MONO 37 [ -1, 1, 2, 0, 0, -2, -2, 0, 2, 6, 1, -1, 0, -3, -2, 0, -3, 5, -5, 5, 0,10, 12, -24 ]
MONO 38 [ -1, 1, 2, 0, 0, -2, -1, 0, 2, 5, -1, 0, 0, -3, 2, -1, -4, 2, -3, 6, 2,8, 10, -23 ]
MONO 39 [ -1, 1, 2, 0, 0, -2, -1, 1, 2, 4, 0, -1, 0, -3, -1, 0, -4, 4, -4, 7, 0,9, 12, -24 ]
MONO 40 [ -1, 1, 2, 0, 0, -2, 0, -1, 2, -1, -1, 2, 0, 0, 1, 0, 1, 2, -3, 3, 0, 8, 11, -23 ]
MONO 41 [ -1, 1, 2, 0, 0, -2, 0, -1, 2, 0, -1, 2, 0, -1, 1, 0, -1, 2, -5, 5, 0, 10, 12, -24 ]
MONO 42 [ -1, 1, 2, 0, 0, -2, 0, 0, 2, 1, 0, 1, 0, -1, -2, 1, -1, 4, -6, 4, -2, 9, 16, -25 ]
MONO 43 [ -1, 1, 2, 0, 0, -2, 0, 0, 2, 2, 1, 0, 0, -2, -1, 1, -3, 3, -5, 6, -1, 9, 13, -24 ]
MONO 44 [ -1, 1, 2, 0, 0, -1, -2, 0, 0, 6, 1, -1, 0, -3, -1, 0, -2, 3, -3, 3, 0,6, 7, -14 ]
MONO 45 [ -1, 1, 2, 0, 0, -1, -1, 0, 0, 5, -1, 0, 0, -3, 3, -1, -3, 0, -1, 4, 2,4, 5, -13 ]
MONO 46 [ -1, 1, 2, 0, 0, -1, -1, 1, 0, 4, 0, -1, 0, -3, 0, 0, -3, 2, -2, 5, 0, 5, 7, -14 ]
MONO 47 [ -1, 1, 2, 0, 0, -1, 0, -1, 0, -1, -1, 2, 0, 0, 2, 0, 2, 0, -1, 1, 0, 4, 6, -13 ]
MONO 48 [ -1, 1, 2, 0, 0, -1, 0, -1, 0, 0, -1, 2, 0, -1, 2, 0, 0, 0, -3, 3, 0, 6, 7, -14 ]
MONO 49 [ -1, 1, 2, 0, 0, -1, 0, 0, 0, 1, 0, 1, 0, -1, -1, 1, 0, 2, -4, 2, -2, 5, 11, -15 ]
MONO 50 [ -1, 1, 2, 0, 0, -1, 0, 0, 0, 2, 1, 0, 0, -2, 0, 1, -2, 1, -3, 4, -1, 5, 8, -14 ]
MONO 51 [ -1, 2, 1, -1, 0, -2, -2, 1, 3, 5, -2, -1, 1, -2, 2, 1, -4, 3, -6, 5, 0, 9, 13, -24 ]
MONO 52 [ -1, 2, 1, -1, 0, -2, -1, -1, 3, 2, -1, 2, 2, -2, 1, 0, -4, 2, -5, 6, 0, 10, 12, -24 ]
MONO 53 [ -1, 2, 1, -1, 0, -2, -1, -1, 3, 3, -1, 2, 2, -2, 1, 0, -4, 2, -5, 5, 0, 9, 13, -24 ]
MONO 54 [ -1, 2, 1, -1, 0, -2, 0, 0, 3, 0, -1, 0, -1, 0, 2, 0, 1, 2, -3, 3, 0, 8, 11, -23 ]
MONO 55 [ -1, 2, 1, -1, 0, -2, 0, 2, 3, 0, 1, -1, 1, 0, -3, 0, -2, 4, -5, 4, 0, 9, 13, -24 ]
MONO 56 [ -1, 2, 1, -1, 0, -2, 1, 1, 2, -2, 0, -1, -1, 2, -2, 1, 0, 4, -6, 4, -1, 11, 14, -25 ]
MONO 57 [ -1, 2, 1, -1, 0, -1, -2, 1, 1, 5, -2, -1, 1, -2, 3, 1, -3, 1, -4, 3, 0, 5, 8, -14 ]
MONO 58 [ -1, 2, 1, -1, 0, -1, -1, -1, 1, 2, -1, 2, 2, -2, 2, 0, -3, 0, -3, 4, 0, 6, 7, -14 ]
MONO 59 [ -1, 2, 1, -1, 0, -1, -1, -1, 1, 3, -1, 2, 2, -2, 2, 0, -3, 0, -3, 3, 0, 5, 8, -14 ]
MONO 60 [ -1, 2, 1, -1, 0, -1, 0, 0, 1, 0, -1, 0, -1, 0, 3, 0, 2, 0, -1, 1, 0, 4, 6, -13 ]
MONO 61 [ -1, 2, 1, -1, 0, -1, 0, 2, 1, 0, 1, -1, 1, 0, -2, 0, -1, 2, -3, 2, 0, 5, 8, -14 ]
MONO 62 [ -1, 2, 1, -1, 0, -1, 1, 1, 0, -2, 0, -1, -1, 2, -1, 1, 1, 2, -4, 2, -1, 7, 9, -15 ]
MONO 63 [ -1, 2, 1, -1, 1, -3, -1, -1, 4, 3, -1, 0, 0, -2, -1, -1, -3, 5, -2, 6,0, 8, 12, -24 ]
MONO 64 [ -1, 2, 1, -1, 1, -2, -1, -1, 2, 3, -1, 0, 0, -2, 0, -1, -2, 3, 0, 4, 0, 4, 7, -14 ]
MONO 65 [ -1, 2, 1, -1, 1, -2, -1, -1, 3, 2, -2, 1, 1, -1, 2, -1, -3, 2, -3, 5, 2, 8, 10, -23 ]
MONO 66 [ -1, 2, 1, -1, 1, -1, -1, -1, 1, 2, -2, 1, 1, -1, 3, -1, -2, 0, -1, 3, 2, 4, 5, -13 ]
MONO 67 [ -1, 2, 2, -1, 0, -2, 0, -1, 2, -1, -1, 2, 0, 0, 0, 0, 0, 3, -2, 4, 0, 7, 11, -23 ]
MONO 68 [ -1, 2, 2, -1, 0, -1, 0, -1, 0, -1, -1, 2, 0, 0, 1, 0, 1, 1, 0, 2, 0, 3, 6, -13 ]
MONO 69 [ -1, 3, 1, -1, 2, -2, -1, -2, 2, 3, -1, 1, 0, -2, 0, 0, -1, 3, -3, 4, 0, 8, 11, -23 ]
MONO 70 [ -1, 3, 1, -1, 2, -1, -1, -2, 0, 3, -1, 1, 0, -2, 1, 0, 0, 1, -1, 2, 0,4, 6, -13 ]
MONO 71 [ -1, 3, 1, -1, 3, -2, 1, -1, 2, -1, -1, -1, 0, 1, -2, -1, -2, 5, -3, 4,0, 8, 13, -24 ]
MONO 72 [ -1, 3, 1, -1, 3, -1, 1, -1, 0, -1, -1, -1, 0, 1, -1, -1, -1, 3, -1, 2,0, 4, 8, -14 ]
MONO 73 [ -1, 3, 2, -1, 0, -3, 1, 0, 3, 0, 0, 0, -1, -1, -2, -1, -2, 4, -3, 5, 2, 8, 12, -24 ]
MONO 74 [ -1, 3, 2, -1, 0, -2, 1, 0, 1, 0, 0, 0, -1, -1, -1, -1, -1, 2, -1, 3, 2, 4, 7, -14 ]
MONO 75 [ -1, 3, 2, 0, 0, -2, 0, 0, 1, 0, 0, -1, 0, -1, -3, 1, -2, 6, -6, 5, -2,10, 17, -26 ]
MONO 76 [ -1, 3, 2, 0, 0, -1, 0, 0, -1, 0, 0, -1, 0, -1, -2, 1, -1, 4, -4, 3, -2, 6, 12, -16 ]
MONO 77 [ 0, -1, -2, 2, 0, 4, 0, 0, -1, 2, 1, -1, 1, -2, -2, 0, -3, 5, -5, 5, 0,10, 12, -24 ]
MONO 78 [ 0, -1, -2, 2, 0, 4, 2, 1, -1, -1, 2, -2, -1, -1, -5, -1, 0, 7, -3, 4, 0, 9, 12, -24 ]
MONO 79 [ 0, -1, -2, 2, 0, 5, 0, 0, -3, 2, 1, -1, 1, -2, -1, 0, -2, 3, -3, 3, 0,6, 7, -14 ]
MONO 80 [ 0, -1, -2, 2, 0, 5, 2, 1, -3, -1, 2, -2, -1, -1, -4, -1, 1, 5, -1, 2, 0, 5, 7, -14 ]
MONO 81 [ 0, -1, -2, 2, 2, 4, 0, 0, -1, 0, 0, -2, 1, -1, -4, -1, -1, 7, -3, 4, 0, 9, 12, -24 ]
MONO 82 [ 0, -1, -2, 2, 2, 5, 0, 0, -3, 0, 0, -2, 1, -1, -3, -1, 0, 5, -1, 2, 0,5, 7, -14 ]
MONO 83 [ 0, -1, -1, 1, -1, 1, 0, 5, 1, 3, 2, -3, 0, -3, -4, 0, -4, 5, -5, 8, 0,9, 12, -24 ]
MONO 84 [ 0, -1, -1, 1, -1, 2, -1, 5, 1, 2, 1, -3, 1, -1, -5, 1, -2, 6, -6, 4, -2, 9, 16, -25 ]
MONO 85 [ 0, -1, -1, 1, -1, 2, 0, 5, -1, 3, 2, -3, 0, -3, -3, 0, -3, 3, -3, 6, 0, 5, 7, -14 ]
MONO 86 [ 0, -1, -1, 1, -1, 3, -1, 5, -1, 2, 1, -3, 1, -1, -4, 1, -1, 4, -4, 2, -2, 5, 11, -15 ]
MONO 87 [ 0, -1, -1, 1, -1, 3, 0, 3, 0, 1, 2, -2, 0, -2, -4, 0, -4, 5, -5, 8, 0,9, 14, -25 ]
MONO 88 [ 0, -1, -1, 1, -1, 3, 1, 3, 0, 1, 2, -2, 0, -1, -4, 1, -3, 5, -6, 5, -2, 9, 16, -25 ]
MONO 89 [ 0, -1, -1, 1, -1, 4, 0, 3, -2, 1, 2, -2, 0, -2, -3, 0, -3, 3, -3, 6, 0, 5, 9, -15 ]
MONO 90 [ 0, -1, -1, 1, -1, 4, 1, 3, -2, 1, 2, -2, 0, -1, -3, 1, -2, 3, -4, 3, -2, 5, 11, -15 ]
MONO 91 [ 0, -1, -1, 1, 0, 1, 0, 3, 2, 0, 1, -2, 0, -1, -3, 1, -1, 4, -5, 5, -1,9, 13, -24 ]
MONO 92 [ 0, -1, -1, 1, 0, 2, 0, 3, 0, 0, 1, -2, 0, -1, -2, 1, 0, 2, -3, 3, -1, 5, 8, -14 ]
MONO 93 [ 0, -1, -1, 2, 0, 2, -3, 0, 0, 8, -1, 0, 1, -4, 0, 0, -5, 4, -5, 6, 0, 10, 12, -24 ]
MONO 94 [ 0, -1, -1, 2, 0, 2, 0, 0, 0, 1, -1, 0, 1, -2, 0, 1, -4, 4, -5, 7, 0, 9, 12, -24 ]
MONO 95 [ 0, -1, -1, 2, 0, 3, -3, 0, -2, 8, -1, 0, 1, -4, 1, 0, -4, 2, -3, 4, 0,6, 7, -14 ]
MONO 96 [ 0, -1, -1, 2, 0, 3, 0, 0, -2, 1, -1, 0, 1, -2, 1, 1, -3, 2, -3, 5, 0, 5, 7, -14 ]
MONO 97 [ 0, -1, 0, 2, -1, -1, 0, 2, 2, 0, 0, 0, -1, 0, -2, 0, 0, 4, -5, 4, 0, 10, 12, -24 ]
MONO 98 [ 0, -1, 0, 2, -1, -1, 1, 2, 2, 0, 1, -1, -2, -1, -1, -1, 1, 3, -3, 4, 2, 8, 10, -23 ]
MONO 99 [ 0, -1, 0, 2, -1, 0, -2, 1, 1, 5, 1, -1, 1, -3, 0, 2, -5, 3, -6, 7, -1,9, 13, -24 ]
MONO 100 [ 0, -1, 0, 2, -1, 0, 0, 2, 0, 0, 0, 0, -1, 0, -1, 0, 1, 2, -3, 2, 0, 6, 7, -14 ]
MONO 101 [ 0, -1, 0, 2, -1, 0, 1, 2, 0, 0, 1, -1, -2, -1, 0, -1, 2, 1, -1, 2, 2,4, 5, -13 ]
MONO 102 [ 0, -1, 0, 2, -1, 1, -2, 1, -1, 5, 1, -1, 1, -3, 1, 2, -4, 1, -4, 5, -1, 5, 8, -14 ]
MONO 103 [ 0, -1, 0, 2, 0, -2, 0, 1, 4, 0, 0, -2, 0, 0, -3, 0, -2, 6, -5, 4, -2,10, 17, -26 ]
MONO 104 [ 0, -1, 0, 2, 0, -1, 0, 1, 2, 0, 0, -2, 0, 0, -2, 0, -1, 4, -3, 2, -2,6, 12, -16 ]
MONO 105 [ 0, -1, 0, 2, 0, -1, 1, 0, 3, 0, 0, -1, 0, -1, -1, 0, -3, 4, -4, 5, -1, 9, 15, -25 ]
MONO 106 [ 0, -1, 0, 2, 0, 0, 1, 0, 1, 0, 0, -1, 0, -1, 0, 0, -2, 2, -2, 3, -1, 5, 10, -15 ]
MONO 107 [ 0, -1, 0, 2, 0, 0, 1, 1, 1, 0, 1, -2, -1, -1, -4, -1, -1, 7, -2, 5, 0, 8, 12, -24 ]
MONO 108 [ 0, -1, 0, 2, 0, 1, 1, 1, -1, 0, 1, -2, -1, -1, -3, -1, 0, 5, 0, 3, 0,4, 7, -14 ]
MONO 109 [ 0, 0, -1, 1, 0, 1, -1, 2, 1, 3, 1, -2, 2, -2, -4, 0, -5, 6, -5, 6, -1, 9, 15, -25 ]
MONO 110 [ 0, 0, -1, 1, 0, 2, -1, 2, -1, 3, 1, -2, 2, -2, -3, 0, -4, 4, -3, 4, -1, 5, 10, -15 ]
MONO 111 [ 0, 0, 0, 0, 0, -1, -2, 0, 2, 6, 0, 0, 1, -3, -2, 3, -3, 4, -8, 5, -2,11, 15, -25 ]
MONO 112 [ 0, 0, 0, 0, 0, -1, -2, 0, 2, 7, 0, 0, -1, -4, -2, 0, -2, 4, -5, 6, 1,9, 14, -25 ]
MONO 113 [ 0, 0, 0, 0, 0, -1, -2, 0, 2, 7, 0, 0, 0, -3, -2, 1, -4, 4, -5, 6, 1, 9, 12, -24 ]
MONO 114 [ 0, 0, 0, 0, 0, -1, -2, 0, 2, 7, 0, 0, 1, -4, -2, 0, -5, 4, -1, 7, -1,7, 13, -24 ]
MONO 115 [ 0, 0, 0, 0, 0, -1, -1, 0, 2, -1, 0, 0, 1, 3, -2, 3, -2, 4, -6, 4, -1,9, 13, -24 ]
MONO 116 [ 0, 0, 0, 0, 0, -1, -1, 0, 2, -1, 0, 0, 2, 1, -2, 1, 0, 4, -2, 3, 0, 7, 11, -23 ]
MONO 117 [ 0, 0, 0, 0, 0, -1, -1, 0, 2, 0, 0, 0, 2, 0, -2, 1, -2, 4, -4, 5, 0, 9, 12, -24 ]
MONO 118 [ 0, 0, 0, 0, 0, -1, -1, 0, 2, 1, 0, 0, 0, 0, -2, -1, 1, 4, -1, 3, 0, 7, 13, -24 ]
MONO 119 [ 0, 0, 0, 0, 0, -1, -1, 0, 2, 1, 0, 0, 1, 0, -2, 1, -3, 4, -4, 6, -3, 8, 18, -26 ]
MONO 120 [ 0, 0, 0, 0, 0, -1, 0, 0, 2, 0, 0, 0, 1, -1, -2, 2, -1, 4, -8, 5, -5, 10, 23, -28 ]
MONO 121 [ 0, 0, 0, 0, 0, 0, -2, 0, 0, 6, 0, 0, 1, -3, -1, 3, -2, 2, -6, 3, -2, 7, 10, -15 ]
MONO 122 [ 0, 0, 0, 0, 0, 0, -2, 0, 0, 7, 0, 0, -1, -4, -1, 0, -1, 2, -3, 4, 1, 5, 9, -15 ]
MONO 123 [ 0, 0, 0, 0, 0, 0, -2, 0, 0, 7, 0, 0, 0, -3, -1, 1, -3, 2, -3, 4, 1, 5, 7, -14 ]
MONO 124 [ 0, 0, 0, 0, 0, 0, -2, 0, 0, 7, 0, 0, 1, -4, -1, 0, -4, 2, 1, 5, -1, 3, 8, -14 ]
MONO 125 [ 0, 0, 0, 0, 0, 0, -1, 0, 0, -1, 0, 0, 1, 3, -1, 3, -1, 2, -4, 2, -1, 5, 8, -14 ]
MONO 126 [ 0, 0, 0, 0, 0, 0, -1, 0, 0, -1, 0, 0, 2, 1, -1, 1, 1, 2, 0, 1, 0, 3, 6, -13 ]
MONO 127 [ 0, 0, 0, 0, 0, 0, -1, 0, 0, 0, 0, 0, 2, 0, -1, 1, -1, 2, -2, 3, 0, 5,7, -14 ]
MONO 128 [ 0, 0, 0, 0, 0, 0, -1, 0, 0, 1, 0, 0, 0, 0, -1, -1, 2, 2, 1, 1, 0, 3, 8, -14 ]
MONO 129 [ 0, 0, 0, 0, 0, 0, -1, 0, 0, 1, 0, 0, 1, 0, -1, 1, -2, 2, -2, 4, -3, 4, 13, -16 ]
MONO 130 [ 0, 0, 0, 0, 0, 0, 0, 0, 0, 0, 0, 0, 1, -1, -1, 2, 0, 2, -6, 3, -5, 6,18, -18 ]
MONO 131 [ 0, 0, 1, 1, 0, -2, 1, 0, 2, 0, -1, -1, 0, -1, 1, -2, -2, 4, 0, 5, 1, 7, 10, -23 ]
MONO 132 [ 0, 0, 1, 1, 0, -1, 1, 0, 0, 0, -1, -1, 0, -1, 2, -2, -1, 2, 2, 3, 1, 3, 5, -13 ]
MONO 133 [ 0, 0, 1, 1, 1, -1, 0, 0, 2, 0, -1, -1, 0, 0, -1, -1, -3, 4, -3, 5, 0,8, 15, -25 ]
MONO 134 [ 0, 0, 1, 1, 1, 0, 0, 0, 0, 0, -1, -1, 0, 0, 0, -1, -2, 2, -1, 3, 0, 4, 10, -15 ]
MONO 135 [ 0, 1, 0, 1, 0, -1, 0, 0, 1, -1, 1, -1, 0, 0, -2, 0, 0, 5, -3, 4, -1, 8, 13, -24 ]
MONO 136 [ 0, 1, 0, 1, 0, -1, 2, 3, 1, -1, 0, -3, -1, -1, -4, -1, 0, 7, -3, 4, 0, 9, 12, -24 ]
MONO 137 [ 0, 1, 0, 1, 0, 0, 0, 0, -1, -1, 1, -1, 0, 0, -1, 0, 1, 3, -1, 2, -1, 4, 8, -14 ]
MONO 138 [ 0, 1, 0, 1, 0, 0, 2, 3, -1, -1, 0, -3, -1, -1, -3, -1, 1, 5, -1, 2, 0, 5, 7, -14 ]
MONO 139 [ 0, 1, 0, 1, 1, -1, 0, -1, 2, 1, -1, 0, 0, -1, 0, 0, -3, 3, -6, 5, 0, 11, 14, -25 ]
MONO 140 [ 0, 1, 0, 1, 1, 0, 0, -1, 0, 1, -1, 0, 0, -1, 1, 0, -2, 1, -4, 3, 0, 7, 9, -15 ]
MONO 141 [ 0, 1, 0, 1, 2, -1, 0, -1, 1, 2, -1, -1, -1, -2, -1, 0, 0, 5, -5, 4, 0, 10, 12, -24 ]
MONO 142 [ 0, 1, 0, 1, 2, 0, 0, -1, -1, 2, -1, -1, -1, -2, 0, 0, 1, 3, -3, 2, 0,6, 7, -14 ]
MONO 143 [ 0, 1, 0, 2, 0, -1, 0, 0, 1, 0, 1, -1, 0, -1, -2, 0, -2, 4, -5, 5, -1,11, 14, -25 ]
MONO 144 [ 0, 1, 0, 2, 0, -1, 0, 1, 1, 0, 0, -2, 0, -1, -2, -1, -2, 5, -3, 5, 1,10, 11, -24 ]
MONO 145 [ 0, 1, 0, 2, 0, 0, 0, 0, -1, 0, 1, -1, 0, -1, -1, 0, -1, 2, -3, 3, -1,7, 9, -15 ]
MONO 146 [ 0, 1, 0, 2, 0, 0, 0, 1, -1, 0, 0, -2, 0, -1, -1, -1, -1, 3, -1, 3, 1,6, 6, -14 ]
MONO 147 [ 0, 1, 1, -1, -1, -2, 0, 3, 3, 2, 0, -1, 0, -1, -3, 0, -3, 5, -5, 5, 0, 10, 12, -24 ]
MONO 148 [ 0, 1, 1, -1, -1, -1, -1, 1, 2, 3, 0, 2, 1, -1, -2, 1, -4, 3, -5, 5, -1, 8, 14, -24 ]
MONO 149 [ 0, 1, 1, -1, -1, -1, 0, 3, 1, 2, 0, -1, 0, -1, -2, 0, -2, 3, -3, 3, 0, 6, 7, -14 ]
MONO 150 [ 0, 1, 1, -1, -1, 0, -1, 1, 0, 3, 0, 2, 1, -1, -1, 1, -3, 1, -3, 3, -1, 4, 9, -14 ]
MONO 151 [ 0, 1, 1, -1, 0, -3, 0, -1, 4, 0, 0, 1, -1, 0, 1, 0, 1, 2, -3, 3, 0, 8, 11, -23 ]
MONO 152 [ 0, 1, 1, -1, 0, -3, 0, 0, 4, 2, -1, 0, -1, -1, 1, -1, -1, 3, -3, 4, 2, 8, 10, -23 ]
MONO 153 [ 0, 1, 1, -1, 0, -2, 0, -1, 2, 0, 0, 1, -1, 0, 2, 0, 2, 0, -1, 1, 0, 4, 6, -13 ]
MONO 154 [ 0, 1, 1, -1, 0, -2, 0, 0, 2, 2, -1, 0, -1, -1, 2, -1, 0, 1, -1, 2, 2,4, 5, -13 ]
MONO 155 [ 0, 2, -1, -1, 2, 0, -2, -2, 2, 5, 0, 0, 1, -2, 0, 0, -4, 3, -3, 5, 0,8, 11, -23 ]
MONO 156 [ 0, 2, -1, -1, 2, 1, -2, -2, 0, 5, 0, 0, 1, -2, 1, 0, -3, 1, -1, 3, 0,4, 6, -13 ]
MONO 157 [ 1, -4, -3, 4, 0, 7, -1, 0, -2, 2, 0, 0, 2, -2, -2, 2, -5, 4, -7, 6, -3, 10, 18, -26 ]
MONO 158 [ 1, -4, -3, 4, 0, 8, -1, 0, -4, 2, 0, 0, 2, -2, -1, 2, -4, 2, -5, 4, -3, 6, 13, -16 ]
MONO 159 [ 1, -4, -2, 4, -2, 4, -1, 5, -1, 4, 2, -3, 1, -3, -4, 0, -5, 5, -5, 7,1, 9, 12, -24 ]
MONO 160 [ 1, -4, -2, 4, -2, 5, -1, 5, -3, 4, 2, -3, 1, -3, -3, 0, -4, 3, -3, 5,1, 5, 7, -14 ]
MONO 161 [ 1, -4, -1, 4, -2, 2, -3, 5, 0, 7, 0, -2, 2, -4, -2, 2, -5, 4, -7, 6, -1, 10, 13, -24 ]
MONO 162 [ 1, -4, -1, 4, -2, 2, -1, 5, 0, 6, 0, -2, 0, -4, -2, 0, -4, 4, -6, 6, 1, 10, 12, -24 ]
MONO 163 [ 1, -4, -1, 4, -2, 3, -3, 5, -2, 7, 0, -2, 2, -4, -1, 2, -4, 2, -5, 4,-1, 6, 8, -14 ]
MONO 164 [ 1, -4, -1, 4, -2, 3, -1, 5, -2, 6, 0, -2, 0, -4, -1, 0, -3, 2, -4, 4,1, 6, 7, -14 ]
MONO 165 [ 1, -3, -4, 1, 1, 9, -1, -1, -2, 4, 0, 1, 2, -2, -2, 1, -6, 4, -6, 6, -2, 9, 16, -25 ]
MONO 166 [ 1, -3, -4, 1, 1, 9, 1, -1, -2, 0, 0, 1, 0, -1, -2, -1, -3, 4, -3, 6, 0, 9, 12, -24 ]
MONO 167 [ 1, -3, -4, 1, 1, 10, -1, -1, -4, 4, 0, 1, 2, -2, -1, 1, -5, 2, -4, 4,-2, 5, 11, -15 ]
MONO 168 [ 1, -3, -4, 1, 1, 10, 1, -1, -4, 0, 0, 1, 0, -1, -1, -1, -2, 2, -1, 4,0, 5, 7, -14 ]
MONO 169 [ 1, -2, -1, 2, -1, 1, -1, 1, 1, 3, 2, 0, 1, -2, -3, 1, -3, 4, -6, 5, -2, 9, 16, -25 ]
MONO 170 [ 1, -2, -1, 2, -1, 2, -1, 1, -1, 3, 2, 0, 1, -2, -2, 1, -2, 2, -4, 3, -2, 5, 11, -15 ]
MONO 171 [ 1, -1, -1, 1, 0, 2, 0, -1, 0, 2, 0, 0, 0, -2, 1, 0, -4, 3, -4, 7, 0, 9, 12, -24 ]
MONO 172 [ 1, -1, -1, 1, 0, 2, 0, 0, 0, 1, 0, 1, 0, -2, -2, 0, -4, 4, -5, 8, 0, 9, 14, -25 ]
MONO 173 [ 1, -1, -1, 1, 0, 3, 0, -1, -2, 2, 0, 0, 0, -2, 2, 0, -3, 1, -2, 5, 0,5, 7, -14 ]
MONO 174 [ 1, -1, -1, 1, 0, 3, 0, 0, -2, 1, 0, 1, 0, -2, -1, 0, -3, 2, -3, 6, 0,5, 9, -15 ]
MONO 175 [ 1, -1, -1, 1, 2, 2, 0, -1, 0, 0, -1, -1, 0, -1, -1, -1, -2, 5, -2, 6,0, 8, 12, -24 ]
MONO 176 [ 1, -1, -1, 1, 2, 3, 0, -1, -2, 0, -1, -1, 0, -1, 0, -1, -1, 3, 0, 4, 0, 4, 7, -14 ]
MONO 177 [ 1, -1, -1, 2, -1, 0, 1, 0, 1, 2, 2, 0, 0, -2, -1, 0, -3, 3, -3, 5, 0,8, 11, -23 ]
MONO 178 [ 1, -1, -1, 2, -1, 1, 1, 0, -1, 2, 2, 0, 0, -2, 0, 0, -2, 1, -1, 3, 0,4, 6, -13 ]
MONO 179 [ 1, -1, -1, 2, 0, 1, -1, 1, 0, 1, 0, -2, 3, -1, -3, 0, -4, 7, -4, 5, 0, 9, 12, -24 ]
MONO 180 [ 1, -1, -1, 2, 0, 1, 0, -1, 0, 1, 0, 0, -1, -2, 0, -1, -1, 4, -2, 6, 0, 8, 12, -24 ]
MONO 181 [ 1, -1, -1, 2, 0, 2, -1, 1, -2, 1, 0, -2, 3, -1, -2, 0, -3, 5, -2, 3, 0, 5, 7, -14 ]
MONO 182 [ 1, -1, -1, 2, 0, 2, 0, -1, -2, 1, 0, 0, -1, -2, 1, -1, 0, 2, 0, 4, 0,4, 7, -14 ]
MONO 183 [ 1, -1, -1, 2, 1, 2, 0, -1, 0, 0, 0, 0, 0, -1, -2, -2, -2, 4, 1, 5, 1,7, 10, -23 ]
MONO 184 [ 1, -1, -1, 2, 1, 3, 0, -1, -2, 0, 0, 0, 0, -1, -1, -2, -1, 2, 3, 3, 1, 3, 5, -13 ]
MONO 185 [ 1, -1, 0, 0, -3, 0, 0, 7, 2, 1, 2, -3, 1, -1, -5, 1, -3, 5, -6, 5, -2, 9, 16, -25 ]
MONO 186 [ 1, -1, 0, 0, -3, 1, 0, 7, 0, 1, 2, -3, 1, -1, -4, 1, -2, 3, -4, 3, -2, 5, 11, -15 ]
MONO 187 [ 1, -1, 0, 0, -2, -2, 0, 6, 4, 0, 0, -3, 0, 0, -2, -1, -1, 4, -3, 4, 2, 8, 10, -23 ]
MONO 188 [ 1, -1, 0, 0, -2, -2, 1, 6, 4, 0, 0, -3, 0, 0, -2, 0, -2, 4, -6, 4, 0,11, 12, -24 ]
MONO 189 [ 1, -1, 0, 0, -2, -1, 0, 4, 3, 1, 3, -2, 0, -1, -4, 1, -1, 4, -6, 4, -1, 10, 13, -24 ]
MONO 190 [ 1, -1, 0, 0, -2, -1, 0, 6, 2, 0, 0, -3, 0, 0, -1, -1, 0, 2, -1, 2, 2,4, 5, -13 ]
MONO 191 [ 1, -1, 0, 0, -2, -1, 1, 6, 2, 0, 0, -3, 0, 0, -1, 0, -1, 2, -4, 2, 0,7, 7, -14 ]
MONO 192 [ 1, -1, 0, 0, -2, 0, 0, 4, 1, 1, 3, -2, 0, -1, -3, 1, 0, 2, -4, 2, -1,6, 8, -14 ]
MONO 193 [ 1, 0, 0, 0, 2, 0, 0, 0, 1, 0, -1, -1, -1, -1, -1, 0, 0, 4, -5, 5, -1,9, 15, -25 ]
MONO 194 [ 1, 0, 0, 0, 2, 1, 0, 0, -1, 0, -1, -1, -1, -1, 0, 0, 1, 2, -3, 3, -1,5, 10, -15 ]
MONO 195 [ 2, -2, -1, 1, 1, 1, 0, 0, 1, 1, -2, -1, 0, -2, 2, 0, -4, 3, -3, 8, 0,8, 12, -24 ]
MONO 196 [ 2, -2, -1, 1, 1, 2, 0, 0, -1, 1, -2, -1, 0, -2, 3, 0, -3, 1, -1, 6, 0, 4, 7, -14 ]
MONO 197 [ 3, -2, 0, 1, 0, -1, -1, -1, 2, 1, -2, 0, 2, -1, 3, 0, -4, 2, -3, 5, -2, 8, 16, -25 ]
MONO 198 [ 3, -2, 0, 1, 0, 0, -1, -1, 0, 1, -2, 0, 2, -1, 4, 0, -3, 0, -1, 3, -2, 4, 11, -15 ]
MONO 199 [ 3, -1, -1, 0, -2, -1, -1, 4, 2, 1, 1, -1, 0, -1, -3, 0, 1, 4, -3, 3, 0, 8, 11, -23 ]
MONO 200 [ 3, -1, -1, 0, -2, 0, -1, 4, 0, 1, 1, -1, 0, -1, -2, 0, 2, 2, -1, 1, 0, 4, 6, -13 ]
MONO 201 [ 3, -1, -1, 0, -1, -1, -1, 2, 2, 2, 0, -1, 1, -1, 0, -1, -3, 3, -1, 5,0, 7, 11, -23 ]
MONO 202 [ 3, -1, -1, 0, -1, 0, -1, 2, 0, 2, 0, -1, 1, -1, 1, -1, -2, 1, 1, 3, 0, 3, 6, -13 ]
MONO 203 [ 3, -1, -1, 0, -1, 1, 1, 2, 1, 0, 0, -1, 0, -1, -2, -1, -3, 4, -3, 5, -1, 9, 15, -25 ]
MONO 204 [ 3, -1, -1, 0, -1, 2, 1, 2, -1, 0, 0, -1, 0, -1, -1, -1, -2, 2, -1, 3,-1, 5, 10, -15 ]
MONO 205 [ 3, -1, -1, 0, 0, -1, -3, -1, 2, 6, -1, 1, 2, -3, 2, 0, -4, 2, -3, 5, 0, 8, 11, -23 ]
MONO 206 [ 3, -1, -1, 0, 0, 0, -3, -1, 0, 6, -1, 1, 2, -3, 3, 0, -3, 0, -1, 3, 0, 4, 6, -13 ]
MONO 207 [ 4, -3, -2, 1, -2, 1, -1, 3, 2, 1, 1, -1, 0, -1, -3, 4, -1, 4, -7, 4, -2, 9, 14, -24 ]
MONO 208 [ 4, -3, -2, 1, -2, 2, -1, 3, 0, 1, 1, -1, 0, -1, -2, 4, 0, 2, -5, 2, -2, 5, 9, -14 ]
