AVAIL = [ -2, -1, 9, 10, 11, 12, 13, 14, 15 ]
USEDKEYS -2,-1,9,10,11,12,13,14,15,
BASE 33 2  M = 132  ds = [ 1, 2, 3, 4, 6, 11, 12, 22, 33, 44, 66, 132 ]
#monomials = 174
MONO 1 [ -10, 3, 3, 2, 2, 6, -1, -3, -3, 1, 5, -4 ]
MONO 2 [ -10, 4, 1, 2, 4, 8, -2, -5, -3, 2, 4, -4 ]
MONO 3 [ -10, 5, 3, 0, -2, 5, 1, -4, 0, 3, 6, -6 ]
MONO 4 [ -10, 5, 3, 0, -1, 6, 0, 0, -3, 0, 3, -2 ]
MONO 5 [ -10, 5, 4, 0, -2, 8, 0, -4, -4, 0, 6, -2 ]
MONO 6 [ -10, 5, 4, 2, -1, 8, -1, -5, -4, 1, 6, -4 ]
MONO 7 [ -9, 2, 0, 2, 7, 5, -3, -1, 0, 0, 1, -3 ]
MONO 8 [ -9, 2, 2, 4, 1, 6, -1, -2, -1, 0, 2, -3 ]
MONO 9 [ -8, 2, 0, 1, 7, 5, -3, -1, -1, 0, 1, -2 ]
MONO 10 [ -8, 3, 2, 1, 0, 6, 1, -3, -2, 2, 3, -4 ]
MONO 11 [ -8, 4, 2, 0, -1, 6, 2, -2, -2, 1, 2, -3 ]
MONO 12 [ -8, 4, 2, 2, 0, 6, -1, -4, -2, 1, 5, -4 ]
MONO 13 [ -8, 8, 2, -2, -1, 6, 0, -3, -2, 0, 1, 0 ]
MONO 14 [ -7, 1, -1, 1, 8, 6, -3, -2, -2, 0, 2, -2 ]
MONO 15 [ -7, 1, 0, 2, 5, 5, -2, 1, -2, -1, 2, -3 ]
MONO 16 [ -7, 3, 2, 1, 0, 5, 0, -1, 0, 0, 1, -3 ]
MONO 17 [ -6, 2, 2, 1, 1, 5, -1, -2, -1, 1, 2, -3 ]
MONO 18 [ -6, 3, 2, 0, 0, 5, 0, -1, -1, 0, 1, -2 ]
MONO 19 [ -5, 2, 1, 0, 1, 6, 0, -2, -2, 0, 2, -2 ]
MONO 20 [ -4, 0, 0, 1, 3, -5, -1, 14, 1, -5, -2, -1 ]
MONO 21 [ -4, 0, 1, 2, 3, 0, -1, 0, -1, 1, 4, -4 ]
MONO 22 [ -4, 1, -1, 2, 5, 2, -2, -2, -1, 2, 3, -4 ]
MONO 23 [ -4, 1, 0, 1, 2, -1, -1, 1, 5, 1, -1, -3 ]
MONO 24 [ -4, 2, 1, 0, -1, -1, 1, -1, 2, 3, 5, -6 ]
MONO 25 [ -4, 2, 1, 0, 0, 0, 0, 3, -1, 0, 2, -2 ]
MONO 26 [ -4, 2, 2, 0, -1, 2, 0, -1, -2, 0, 5, -2 ]
MONO 27 [ -4, 2, 2, 2, 0, 2, -1, -2, -2, 1, 5, -4 ]
MONO 28 [ -3, -3, -5, 2, 16, 0, -6, 1, 0, 0, 1, -2 ]
MONO 29 [ -3, -3, -4, 3, 13, -1, -5, 4, 0, -1, 1, -3 ]
MONO 30 [ -3, -1, -2, 2, 8, -1, -3, 2, 2, 0, 0, -3 ]
MONO 31 [ -3, -1, 0, 4, 2, 0, -1, 1, 1, 0, 1, -3 ]
MONO 32 [ -2, -1, -2, 1, 8, -1, -3, 2, 1, 0, 0, -2 ]
MONO 33 [ -2, 0, 0, 1, 1, 0, 1, 0, 0, 2, 2, -4 ]
MONO 34 [ -2, 1, 0, 0, 0, 0, 2, 1, 0, 1, 1, -3 ]
MONO 35 [ -2, 1, 0, 2, 1, 0, -1, -1, 0, 1, 4, -4 ]
MONO 36 [ -2, 5, 0, -2, 0, 0, 0, 0, 0, 0, 0, 0 ]
MONO 37 [ -1, -2, -3, 1, 9, 0, -3, 1, 0, 0, 1, -2 ]
MONO 38 [ -1, -2, -2, 2, 6, -1, -2, 4, 0, -1, 1, -3 ]
MONO 39 [ -1, 0, 0, 1, 1, -1, 0, 2, 2, 0, 0, -3 ]
MONO 40 [ 0, -1, 0, 1, 2, -1, -1, 1, 1, 1, 1, -3 ]
MONO 41 [ 0, 0, 0, 0, 1, -1, 0, 2, 1, 0, 0, -2 ]
MONO 42 [ 1, -1, -1, 0, 2, 0, 0, 1, 0, 0, 1, -2 ]
MONO 43 [ 3, -8, -9, 5, 23, -1, -9, 1, 1, 3, 5, -13 ]
MONO 44 [ 3, -7, -9, 2, 22, -1, -6, 0, 1, 4, 6, -14 ]
MONO 45 [ 3, -5, -5, 1, 10, -5, -1, 12, 1, -1, 4, -13 ]
MONO 46 [ 3, -5, -4, 2, 8, -7, -1, 14, 4, -2, 0, -11 ]
MONO 47 [ 3, -4, -5, 1, 10, -2, -2, 2, 0, 3, 9, -14 ]
MONO 48 [ 3, -4, -4, 2, 7, -1, -1, -2, 2, 5, 10, -16 ]
MONO 49 [ 4, -10, -12, 4, 29, -1, -10, 0, 1, 4, 4, -12 ]
MONO 50 [ 4, -8, -10, 2, 23, 0, -6, -1, 0, 4, 7, -14 ]
MONO 51 [ 4, -6, -6, 2, 13, -1, -4, 4, -1, 2, 8, -14 ]
MONO 52 [ 4, -5, -5, 1, 10, -3, -2, 5, 2, 3, 5, -14 ]
MONO 53 [ 4, -4, -4, 0, 6, -4, 1, 9, 2, 0, 4, -13 ]
MONO 54 [ 5, -7, -7, 4, 16, -1, -6, 1, 1, 3, 5, -13 ]
MONO 55 [ 5, -6, -7, 1, 15, -1, -3, 0, 1, 4, 6, -14 ]
MONO 56 [ 5, -4, -3, 0, 3, -5, 2, 12, 1, -1, 4, -13 ]
MONO 57 [ 5, -4, -3, 1, 4, -2, 0, 1, 0, 4, 10, -15 ]
MONO 58 [ 5, -3, -3, 0, 3, -2, 1, 2, 0, 3, 9, -14 ]
MONO 59 [ 5, -3, -2, 1, 0, -1, 2, -2, 2, 5, 10, -16 ]
MONO 60 [ 6, -9, -10, 3, 22, -1, -7, 0, 1, 4, 4, -12 ]
MONO 61 [ 6, -7, -8, 1, 16, 0, -3, -1, 0, 4, 7, -14 ]
MONO 62 [ 6, -5, -4, 1, 6, -1, -1, 4, -1, 2, 8, -14 ]
MONO 63 [ 6, -4, -3, 1, 2, -4, 1, 3, 5, 3, 6, -15 ]
MONO 64 [ 6, -3, -3, -1, 2, 0, 2, -3, 1, 8, 7, -15 ]
MONO 65 [ 6, -3, -2, 0, 0, 1, 2, -5, -5, 6, 19, -18 ]
MONO 66 [ 7, -6, -5, 3, 9, -1, -3, 1, 1, 3, 5, -13 ]
MONO 67 [ 7, -5, -5, 0, 8, -1, 0, 0, 1, 4, 6, -14 ]
MONO 68 [ 7, -4, -3, 0, 3, 1, 0, -3, -3, 4, 13, -14 ]
MONO 69 [ 7, -4, -3, 0, 3, 3, 0, -2, -1, 3, 6, -11 ]
MONO 70 [ 7, -3, -3, -1, 2, 0, 1, -3, 0, 9, 7, -15 ]
MONO 71 [ 7, -3, -3, 0, 5, 0, -1, -2, 0, 5, 7, -14 ]
MONO 72 [ 7, -2, -2, 0, 0, -1, 2, -2, 0, 5, 9, -15 ]
MONO 73 [ 7, -1, -2, -1, -1, -1, 3, -1, 0, 4, 8, -14 ]
MONO 74 [ 7, 1, -3, -3, 0, 0, 3, -2, 0, 4, 6, -12 ]
MONO 75 [ 8, -6, -6, 0, 9, 0, 0, -1, 0, 4, 7, -14 ]
MONO 76 [ 8, -5, -3, 1, 4, 0, 0, -1, -1, 4, 9, -15 ]
MONO 77 [ 8, -5, -2, 0, 4, -1, 0, -1, -1, 4, 9, -14 ]
MONO 78 [ 8, -4, -2, -1, 1, -2, 3, 0, 2, 4, 6, -14 ]
MONO 79 [ 8, -3, -3, 0, 1, 0, 2, -3, -1, 5, 10, -15 ]
MONO 80 [ 9, -5, -2, 1, 2, -2, 0, 1, 1, 3, 5, -12 ]
MONO 81 [ 9, -4, -3, -1, 1, -1, 3, 0, 1, 4, 6, -14 ]
MONO 82 [ 9, -4, -2, -1, 1, -2, 2, 0, 1, 5, 6, -14 ]
MONO 83 [ 9, -3, -5, -1, 5, -2, 0, 0, 2, 4, 5, -13 ]
MONO 84 [ 10, -6, -5, 1, 5, -2, 0, 0, 1, 4, 8, -15 ]
MONO 85 [ 10, -5, -4, -1, 2, 0, 3, -1, 0, 4, 7, -14 ]
MONO 86 [ 10, -3, -4, -1, 2, -3, 1, 3, 1, 3, 5, -13 ]
MONO 87 [ 3, -7, -9, 3, 20, -1, -3, 0, 1, 5, 8, -19 ]
MONO 88 [ 3, -6, -9, 0, 19, -1, 0, -1, 1, 6, 9, -20 ]
MONO 89 [ 3, -6, -9, 1, 17, -1, 3, -1, 1, 7, 11, -25 ]
MONO 90 [ 3, -5, -9, -2, 16, -1, 6, -2, 1, 8, 12, -26 ]
MONO 91 [ 3, -4, -5, -1, 7, -5, 5, 11, 1, 1, 7, -19 ]
MONO 92 [ 3, -4, -4, 0, 5, -7, 5, 13, 4, 0, 3, -17 ]
MONO 93 [ 3, -3, -5, -3, 4, -5, 11, 10, 1, 3, 10, -25 ]
MONO 94 [ 3, -3, -5, -1, 7, -2, 4, 1, 0, 5, 12, -20 ]
MONO 95 [ 3, -3, -4, -2, 2, -7, 11, 12, 4, 2, 6, -23 ]
MONO 96 [ 3, -3, -4, 0, 4, -1, 5, -3, 2, 7, 13, -22 ]
MONO 97 [ 3, -2, -5, -3, 4, -2, 10, 0, 0, 7, 15, -26 ]
MONO 98 [ 3, -2, -4, -2, 1, -1, 11, -4, 2, 9, 16, -28 ]
MONO 99 [ 4, -9, -12, 2, 26, -1, -4, -1, 1, 6, 7, -18 ]
MONO 100 [ 4, -8, -12, 0, 23, -1, 2, -2, 1, 8, 10, -24 ]
MONO 101 [ 4, -7, -10, 0, 20, 0, 0, -2, 0, 6, 10, -20 ]
MONO 102 [ 4, -6, -10, -2, 17, 0, 6, -3, 0, 8, 13, -26 ]
MONO 103 [ 4, -5, -6, 0, 10, -1, 2, 3, -1, 4, 11, -20 ]
MONO 104 [ 4, -4, -6, -2, 7, -1, 8, 2, -1, 6, 14, -26 ]
MONO 105 [ 4, -4, -5, -1, 7, -3, 4, 4, 2, 5, 8, -20 ]
MONO 106 [ 4, -3, -5, -3, 4, -3, 10, 3, 2, 7, 11, -26 ]
MONO 107 [ 4, -3, -4, -2, 3, -4, 7, 8, 2, 2, 7, -19 ]
MONO 108 [ 4, -2, -4, -4, 0, -4, 13, 7, 2, 4, 10, -25 ]
MONO 109 [ 5, -6, -7, 2, 13, -1, 0, 0, 1, 5, 8, -19 ]
MONO 110 [ 5, -5, -7, -1, 12, -1, 3, -1, 1, 6, 9, -20 ]
MONO 111 [ 5, -5, -7, 0, 10, -1, 6, -1, 1, 7, 11, -25 ]
MONO 112 [ 5, -4, -7, -3, 9, -1, 9, -2, 1, 8, 12, -26 ]
MONO 113 [ 5, -3, -3, -2, 0, -5, 8, 11, 1, 1, 7, -19 ]
MONO 114 [ 5, -3, -3, -1, 1, -2, 6, 0, 0, 6, 13, -21 ]
MONO 115 [ 5, -2, -3, -4, -3, -5, 14, 10, 1, 3, 10, -25 ]
MONO 116 [ 5, -2, -3, -3, -2, -2, 12, -1, 0, 8, 16, -27 ]
MONO 117 [ 5, -2, -3, -2, 0, -2, 7, 1, 0, 5, 12, -20 ]
MONO 118 [ 5, -2, -2, -1, -3, -1, 8, -3, 2, 7, 13, -22 ]
MONO 119 [ 5, -1, -3, -4, -3, -2, 13, 0, 0, 7, 15, -26 ]
MONO 120 [ 5, -1, -2, -3, -6, -1, 14, -4, 2, 9, 16, -28 ]
MONO 121 [ 6, -8, -10, 1, 19, -1, -1, -1, 1, 6, 7, -18 ]
MONO 122 [ 6, -7, -10, -1, 16, -1, 5, -2, 1, 8, 10, -24 ]
MONO 123 [ 6, -6, -8, -1, 13, 0, 3, -2, 0, 6, 10, -20 ]
MONO 124 [ 6, -5, -8, -3, 10, 0, 9, -3, 0, 8, 13, -26 ]
MONO 125 [ 6, -4, -4, -1, 3, -1, 5, 3, -1, 4, 11, -20 ]
MONO 126 [ 6, -3, -4, -3, 0, -1, 11, 2, -1, 6, 14, -26 ]
MONO 127 [ 6, -3, -3, -1, -1, -4, 7, 2, 5, 5, 9, -21 ]
MONO 128 [ 6, -2, -3, -3, -4, -4, 13, 1, 5, 7, 12, -27 ]
MONO 129 [ 6, -2, -3, -3, -1, 0, 8, -4, 1, 10, 10, -21 ]
MONO 130 [ 6, -2, -2, -2, -3, 1, 8, -6, -5, 8, 22, -24 ]
MONO 131 [ 6, -1, -3, -5, -4, 0, 14, -5, 1, 12, 13, -27 ]
MONO 132 [ 6, -1, -2, -4, -6, 1, 14, -7, -5, 10, 25, -30 ]
MONO 133 [ 7, -5, -5, 1, 6, -1, 3, 0, 1, 5, 8, -19 ]
MONO 134 [ 7, -4, -5, -2, 5, -1, 6, -1, 1, 6, 9, -20 ]
MONO 135 [ 7, -4, -5, -1, 3, -1, 9, -1, 1, 7, 11, -25 ]
MONO 136 [ 7, -3, -5, -4, 2, -1, 12, -2, 1, 8, 12, -26 ]
MONO 137 [ 7, -3, -3, -2, 0, 1, 6, -4, -3, 6, 16, -20 ]
MONO 138 [ 7, -3, -3, -2, 0, 3, 6, -3, -1, 5, 9, -17 ]
MONO 139 [ 7, -2, -3, -4, -3, 1, 12, -5, -3, 8, 19, -26 ]
MONO 140 [ 7, -2, -3, -4, -3, 3, 12, -4, -1, 7, 12, -23 ]
MONO 141 [ 7, -2, -3, -3, -1, 0, 7, -4, 0, 11, 10, -21 ]
MONO 142 [ 7, -2, -3, -2, 2, 0, 5, -3, 0, 7, 10, -20 ]
MONO 143 [ 7, -1, -3, -5, -4, 0, 13, -5, 0, 13, 13, -27 ]
MONO 144 [ 7, -1, -3, -4, -1, 0, 11, -4, 0, 9, 13, -26 ]
MONO 145 [ 7, -1, -2, -2, -3, -1, 8, -3, 0, 7, 12, -21 ]
MONO 146 [ 7, 0, -2, -4, -6, -1, 14, -4, 0, 9, 15, -27 ]
MONO 147 [ 7, 0, -2, -3, -4, -1, 9, -2, 0, 6, 11, -20 ]
MONO 148 [ 7, 1, -2, -5, -7, -1, 15, -3, 0, 8, 14, -26 ]
MONO 149 [ 7, 2, -3, -5, -3, 0, 9, -3, 0, 6, 9, -18 ]
MONO 150 [ 7, 3, -3, -7, -6, 0, 15, -4, 0, 8, 12, -24 ]
MONO 151 [ 8, -5, -6, -2, 6, 0, 6, -2, 0, 6, 10, -20 ]
MONO 152 [ 8, -4, -6, -4, 3, 0, 12, -3, 0, 8, 13, -26 ]
MONO 153 [ 8, -4, -3, -1, 1, 0, 6, -2, -1, 6, 12, -21 ]
MONO 154 [ 8, -4, -2, -2, 1, -1, 6, -2, -1, 6, 12, -20 ]
MONO 155 [ 8, -3, -3, -3, -2, 0, 12, -3, -1, 8, 15, -27 ]
MONO 156 [ 8, -3, -2, -4, -2, -1, 12, -3, -1, 8, 15, -26 ]
MONO 157 [ 8, -3, -2, -3, -2, -2, 9, -1, 2, 6, 9, -20 ]
MONO 158 [ 8, -2, -3, -2, -2, 0, 8, -4, -1, 7, 13, -21 ]
MONO 159 [ 8, -2, -2, -5, -5, -2, 15, -2, 2, 8, 12, -26 ]
MONO 160 [ 8, -1, -3, -4, -5, 0, 14, -5, -1, 9, 16, -27 ]
MONO 161 [ 9, -4, -2, -1, -1, -2, 6, 0, 1, 5, 8, -18 ]
MONO 162 [ 9, -3, -3, -3, -2, -1, 9, -1, 1, 6, 9, -20 ]
MONO 163 [ 9, -3, -2, -3, -4, -2, 12, -1, 1, 7, 11, -24 ]
MONO 164 [ 9, -3, -2, -3, -2, -2, 8, -1, 1, 7, 9, -20 ]
MONO 165 [ 9, -2, -5, -3, 2, -2, 6, -1, 2, 6, 8, -19 ]
MONO 166 [ 9, -2, -3, -5, -5, -1, 15, -2, 1, 8, 12, -26 ]
MONO 167 [ 9, -2, -2, -5, -5, -2, 14, -2, 1, 9, 12, -26 ]
MONO 168 [ 9, -1, -5, -5, -1, -2, 12, -2, 2, 8, 11, -25 ]
MONO 169 [ 10, -5, -5, -1, 2, -2, 6, -1, 1, 6, 11, -21 ]
MONO 170 [ 10, -4, -5, -3, -1, -2, 12, -2, 1, 8, 14, -27 ]
MONO 171 [ 10, -4, -4, -3, -1, 0, 9, -2, 0, 6, 10, -20 ]
MONO 172 [ 10, -3, -4, -5, -4, 0, 15, -3, 0, 8, 13, -26 ]
MONO 173 [ 10, -2, -4, -3, -1, -3, 7, 2, 1, 5, 8, -19 ]
MONO 174 [ 10, -1, -4, -5, -4, -3, 13, 1, 1, 7, 11, -25 ]
