AVAIL = [ -2, -1, 9, 10, 11, 12, 13, 14, 15 ]
USED KEYS = [ -2, -1, 9, 10, 11, 12, 13, 14, 15 ]
BASE 34 3  M = 204  ds = [ 1, 2, 3, 4, 6, 12, 17, 34, 51, 68, 102, 204 ]
#monomials = 210
MONO 1 [ 2, -5, -6, 2, 16, -6, 0, -1, 2, 5, 5, -13 ]
MONO 2 [ 3, -8, -10, 4, 24, -8, -2, 2, 1, 4, 5, -14 ]
MONO 3 [ 3, -7, -11, 2, 26, -8, -1, 0, -1, 4, 10, -16 ]
MONO 4 [ 3, -6, -7, 2, 17, -6, 0, 1, 0, 3, 9, -15 ]
MONO 5 [ 3, -6, -6, 3, 14, -5, -3, 7, 0, 1, 6, -13 ]
MONO 6 [ 3, -5, -5, 2, 11, -3, -4, 8, 2, 1, 3, -12 ]
MONO 7 [ 3, -5, -5, 2, 12, -4, -1, 2, 1, 4, 4, -12 ]
MONO 8 [ 3, -4, -5, 1, 11, -3, 0, -4, -2, 7, 16, -19 ]
MONO 9 [ 3, -4, -5, 1, 12, -4, 0, -1, -2, 4, 14, -17 ]
MONO 10 [ 3, -2, -4, -2, 4, 6, 2, -4, -1, 6, 9, -16 ]
MONO 11 [ 4, -10, -11, 5, 28, -11, 0, -3, 1, 7, 6, -15 ]
MONO 12 [ 4, -9, -11, 3, 27, -9, 0, -2, 1, 5, 5, -13 ]
MONO 13 [ 4, -8, -10, 3, 23, -7, 0, -1, 0, 5, 7, -15 ]
MONO 14 [ 4, -7, -8, 3, 21, -8, -1, -1, 1, 5, 6, -14 ]
MONO 15 [ 4, -5, -6, 1, 12, -3, -3, 4, 5, 2, 2, -12 ]
MONO 16 [ 4, -5, -5, 2, 11, -4, 1, -3, 0, 4, 8, -12 ]
MONO 17 [ 4, -4, -4, 1, 9, -3, 0, -1, 2, 5, 5, -13 ]
MONO 18 [ 4, -3, -2, 0, 2, 2, -6, 13, 2, -1, 3, -13 ]
MONO 19 [ 5, -9, -8, 5, 20, -8, -2, 3, 1, 3, 5, -14 ]
MONO 20 [ 5, -7, -8, 3, 17, -5, -2, 2, 1, 4, 5, -14 ]
MONO 21 [ 5, -6, -9, 1, 19, -5, -1, 0, -1, 4, 10, -16 ]
MONO 22 [ 5, -6, -8, 2, 19, -7, 1, -3, 0, 6, 7, -15 ]
MONO 23 [ 5, -5, -5, 1, 10, -3, 0, 1, 0, 3, 9, -15 ]
MONO 24 [ 5, -4, -4, 1, 7, -2, 3, -4, -2, 6, 12, -17 ]
MONO 25 [ 5, -4, -3, 1, 4, 0, -4, 8, 2, 1, 3, -12 ]
MONO 26 [ 5, -3, -3, 0, 4, 0, 0, -4, -2, 7, 16, -19 ]
MONO 27 [ 5, -3, -3, 0, 5, -1, 0, -1, -2, 4, 14, -17 ]
MONO 28 [ 5, -2, -1, -1, 0, 2, 1, -5, 1, 9, 8, -16 ]
MONO 29 [ 5, -1, -2, -3, -3, 9, 2, -4, -1, 6, 9, -16 ]
MONO 30 [ 6, -7, -8, 2, 16, -4, 0, -1, 0, 5, 7, -15 ]
MONO 31 [ 6, -7, -7, 2, 15, -4, -1, -2, 2, 5, 7, -15 ]
MONO 32 [ 6, -6, -6, 2, 14, -5, -1, -1, 1, 5, 6, -14 ]
MONO 33 [ 6, -4, -3, 1, 4, -1, 1, -3, 0, 4, 8, -12 ]
MONO 34 [ 6, -3, -2, 0, 1, 1, 1, -5, -1, 6, 14, -17 ]
MONO 35 [ 7, -8, -6, 4, 13, -5, -2, 3, 1, 3, 5, -14 ]
MONO 36 [ 7, -6, -6, 3, 11, -4, -2, 1, 1, 4, 7, -15 ]
MONO 37 [ 7, -6, -5, 1, 12, -4, -2, 2, 0, 3, 7, -14 ]
MONO 38 [ 7, -5, -7, 0, 12, -2, -1, 0, -1, 4, 10, -16 ]
MONO 39 [ 7, -5, -6, 1, 12, -4, 1, -3, 0, 6, 7, -15 ]
MONO 40 [ 7, -4, -3, 0, 3, 0, 0, 1, 0, 3, 9, -15 ]
MONO 41 [ 7, -4, -3, 0, 6, -1, 0, -2, 0, 6, 7, -15 ]
MONO 42 [ 7, -4, -2, 0, 2, 2, 0, -3, -1, 5, 10, -15 ]
MONO 43 [ 7, -4, -1, 1, 1, 1, -1, 0, 1, 4, 6, -14 ]
MONO 44 [ 7, -3, -2, 0, 0, 1, 1, -5, -4, 7, 19, -20 ]
MONO 45 [ 7, -3, -2, 1, 2, 0, 0, -3, -1, 5, 11, -16 ]
MONO 46 [ 7, -2, -3, -1, 5, -1, 0, -1, 0, 4, 7, -14 ]
MONO 47 [ 7, -2, -2, 1, 1, 0, 0, -2, -1, 5, 10, -16 ]
MONO 48 [ 7, -2, -1, 0, -1, 2, -1, -2, 1, 5, 8, -15 ]
MONO 49 [ 7, -1, -1, -2, -1, 3, -1, 0, 1, 4, 7, -15 ]
MONO 50 [ 7, 0, -3, -1, 1, 1, 0, -3, 0, 6, 7, -14 ]
MONO 51 [ 7, 0, -1, -2, 0, 1, 0, -3, -2, 5, 12, -16 ]
MONO 52 [ 7, 1, -3, -3, 0, 3, 1, -5, -3, 6, 15, -18 ]
MONO 53 [ 7, 1, -3, -3, 0, 3, 3, -4, -1, 5, 8, -15 ]
MONO 54 [ 8, -6, -6, 1, 9, -1, 0, -1, 0, 5, 7, -15 ]
MONO 55 [ 8, -6, -5, 1, 8, -1, -1, -2, 2, 5, 7, -15 ]
MONO 56 [ 8, -5, -4, 1, 7, -2, -1, -1, 1, 5, 6, -14 ]
MONO 57 [ 8, -4, -3, 1, 2, 1, -1, -1, 0, 4, 8, -14 ]
MONO 58 [ 8, -4, -2, 0, 1, 2, -2, 0, 2, 5, 6, -15 ]
MONO 59 [ 8, -4, -1, 0, 0, 2, 1, -3, 0, 5, 8, -15 ]
MONO 60 [ 8, -3, -3, 1, 1, 1, -1, 0, 0, 4, 7, -14 ]
MONO 61 [ 8, -1, -4, -2, 3, 1, -1, -1, 1, 4, 6, -13 ]
MONO 62 [ 9, -6, -6, 1, 10, -3, -1, -2, 0, 6, 9, -16 ]
MONO 63 [ 9, -5, -4, 2, 4, -1, -2, 1, 1, 4, 7, -15 ]
MONO 64 [ 9, -5, -3, 0, 5, -1, -2, 2, 0, 3, 7, -14 ]
MONO 65 [ 9, -4, -5, -1, 5, 1, -1, 0, -1, 4, 10, -16 ]
MONO 66 [ 9, -3, -3, 0, 0, 2, 1, -3, -1, 5, 9, -15 ]
MONO 67 [ 10, -5, -4, 0, 2, 2, 0, -1, 0, 5, 7, -15 ]
MONO 68 [ 10, -5, -3, 0, 1, 2, -1, -2, 2, 5, 7, -15 ]
MONO 69 [ 10, -5, -2, 0, 1, 1, -1, -2, 1, 5, 7, -14 ]
MONO 70 [ 11, -5, -4, 0, 3, 0, -1, -2, 0, 6, 9, -16 ]
MONO 71 [ 2, -4, -6, 0, 13, 0, 0, -2, 2, 7, 8, -19 ]
MONO 72 [ 2, -3, -6, -2, 10, 6, 0, -3, 2, 9, 11, -25 ]
MONO 73 [ 3, -7, -10, 2, 21, -2, -2, 1, 1, 6, 8, -20 ]
MONO 74 [ 3, -6, -11, 0, 23, -2, -1, -1, -1, 6, 13, -22 ]
MONO 75 [ 3, -6, -10, 0, 18, 4, -2, 0, 1, 8, 11, -26 ]
MONO 76 [ 3, -5, -11, -2, 20, 4, -1, -2, -1, 8, 16, -28 ]
MONO 77 [ 3, -5, -7, 0, 14, 0, 0, 0, 0, 5, 12, -21 ]
MONO 78 [ 3, -5, -6, 1, 11, 1, -3, 6, 0, 3, 9, -19 ]
MONO 79 [ 3, -4, -7, -2, 11, 6, 0, -1, 0, 7, 15, -27 ]
MONO 80 [ 3, -4, -6, -1, 8, 7, -3, 5, 0, 5, 12, -25 ]
MONO 81 [ 3, -4, -5, 0, 8, 3, -4, 7, 2, 3, 6, -18 ]
MONO 82 [ 3, -4, -5, 0, 9, 2, -1, 1, 1, 6, 7, -18 ]
MONO 83 [ 3, -3, -5, -2, 5, 9, -4, 6, 2, 5, 9, -24 ]
MONO 84 [ 3, -3, -5, -2, 6, 8, -1, 0, 1, 8, 10, -24 ]
MONO 85 [ 3, -3, -5, -1, 8, 3, 0, -5, -2, 9, 19, -25 ]
MONO 86 [ 3, -3, -5, -1, 9, 2, 0, -2, -2, 6, 17, -23 ]
MONO 87 [ 3, -2, -5, -3, 5, 9, 0, -6, -2, 11, 22, -31 ]
MONO 88 [ 3, -2, -5, -3, 6, 8, 0, -3, -2, 8, 20, -29 ]
MONO 89 [ 3, -1, -4, -4, 1, 12, 2, -5, -1, 8, 12, -22 ]
MONO 90 [ 3, 0, -4, -6, -2, 18, 2, -6, -1, 10, 15, -28 ]
MONO 91 [ 4, -9, -11, 3, 25, -5, 0, -4, 1, 9, 9, -21 ]
MONO 92 [ 4, -8, -11, 1, 22, 1, 0, -5, 1, 11, 12, -27 ]
MONO 93 [ 4, -8, -11, 1, 24, -3, 0, -3, 1, 7, 8, -19 ]
MONO 94 [ 4, -7, -11, -1, 21, 3, 0, -4, 1, 9, 11, -25 ]
MONO 95 [ 4, -7, -10, 1, 20, -1, 0, -2, 0, 7, 10, -21 ]
MONO 96 [ 4, -6, -10, -1, 17, 5, 0, -3, 0, 9, 13, -27 ]
MONO 97 [ 4, -6, -8, 1, 18, -2, -1, -2, 1, 7, 9, -20 ]
MONO 98 [ 4, -5, -8, -1, 15, 4, -1, -3, 1, 9, 12, -26 ]
MONO 99 [ 4, -4, -6, -1, 9, 3, -3, 3, 5, 4, 5, -18 ]
MONO 100 [ 4, -4, -5, 0, 8, 2, 1, -4, 0, 6, 11, -18 ]
MONO 101 [ 4, -3, -6, -3, 6, 9, -3, 2, 5, 6, 8, -24 ]
MONO 102 [ 4, -3, -5, -2, 5, 8, 1, -5, 0, 8, 14, -24 ]
MONO 103 [ 4, -3, -4, -1, 6, 3, 0, -2, 2, 7, 8, -19 ]
MONO 104 [ 4, -2, -4, -3, 3, 9, 0, -3, 2, 9, 11, -25 ]
MONO 105 [ 4, -2, -2, -2, -1, 8, -6, 12, 2, 1, 6, -19 ]
MONO 106 [ 4, -1, -2, -4, -4, 14, -6, 11, 2, 3, 9, -25 ]
MONO 107 [ 5, -8, -8, 3, 17, -2, -2, 2, 1, 5, 8, -20 ]
MONO 108 [ 5, -7, -8, 1, 14, 4, -2, 1, 1, 7, 11, -26 ]
MONO 109 [ 5, -6, -8, 1, 14, 1, -2, 1, 1, 6, 8, -20 ]
MONO 110 [ 5, -5, -9, -1, 16, 1, -1, -1, -1, 6, 13, -22 ]
MONO 111 [ 5, -5, -8, -1, 11, 7, -2, 0, 1, 8, 11, -26 ]
MONO 112 [ 5, -5, -8, 0, 16, -1, 1, -4, 0, 8, 10, -21 ]
MONO 113 [ 5, -4, -9, -3, 13, 7, -1, -2, -1, 8, 16, -28 ]
MONO 114 [ 5, -4, -8, -2, 13, 5, 1, -5, 0, 10, 13, -27 ]
MONO 115 [ 5, -4, -5, -1, 7, 3, 0, 0, 0, 5, 12, -21 ]
MONO 116 [ 5, -3, -5, -3, 4, 9, 0, -1, 0, 7, 15, -27 ]
MONO 117 [ 5, -3, -4, -1, 4, 4, 3, -5, -2, 8, 15, -23 ]
MONO 118 [ 5, -3, -3, -1, 1, 6, -4, 7, 2, 3, 6, -18 ]
MONO 119 [ 5, -2, -4, -3, 1, 10, 3, -6, -2, 10, 18, -29 ]
MONO 120 [ 5, -2, -3, -3, -2, 12, -4, 6, 2, 5, 9, -24 ]
MONO 121 [ 5, -2, -3, -2, 1, 6, 0, -5, -2, 9, 19, -25 ]
MONO 122 [ 5, -2, -3, -2, 2, 5, 0, -2, -2, 6, 17, -23 ]
MONO 123 [ 5, -1, -3, -4, -2, 12, 0, -6, -2, 11, 22, -31 ]
MONO 124 [ 5, -1, -3, -4, -1, 11, 0, -3, -2, 8, 20, -29 ]
MONO 125 [ 5, -1, -1, -3, -3, 8, 1, -6, 1, 11, 11, -22 ]
MONO 126 [ 5, 0, -2, -5, -6, 15, 2, -5, -1, 8, 12, -22 ]
MONO 127 [ 5, 0, -1, -5, -6, 14, 1, -7, 1, 13, 14, -28 ]
MONO 128 [ 5, 1, -2, -7, -9, 21, 2, -6, -1, 10, 15, -28 ]
MONO 129 [ 6, -6, -8, 0, 13, 2, 0, -2, 0, 7, 10, -21 ]
MONO 130 [ 6, -6, -7, 0, 12, 2, -1, -3, 2, 7, 10, -21 ]
MONO 131 [ 6, -5, -8, -2, 10, 8, 0, -3, 0, 9, 13, -27 ]
MONO 132 [ 6, -5, -7, -2, 9, 8, -1, -4, 2, 9, 13, -27 ]
MONO 133 [ 6, -5, -6, 0, 11, 1, -1, -2, 1, 7, 9, -20 ]
MONO 134 [ 6, -4, -6, -2, 8, 7, -1, -3, 1, 9, 12, -26 ]
MONO 135 [ 6, -3, -3, -1, 1, 5, 1, -4, 0, 6, 11, -18 ]
MONO 136 [ 6, -2, -3, -3, -2, 11, 1, -5, 0, 8, 14, -24 ]
MONO 137 [ 6, -2, -2, -2, -2, 7, 1, -6, -1, 8, 17, -23 ]
MONO 138 [ 6, -1, -2, -4, -5, 13, 1, -7, -1, 10, 20, -29 ]
MONO 139 [ 7, -7, -6, 2, 10, 1, -2, 2, 1, 5, 8, -20 ]
MONO 140 [ 7, -6, -6, 0, 7, 7, -2, 1, 1, 7, 11, -26 ]
MONO 141 [ 7, -5, -6, 1, 8, 2, -2, 0, 1, 6, 10, -21 ]
MONO 142 [ 7, -5, -5, -1, 9, 2, -2, 1, 0, 5, 10, -20 ]
MONO 143 [ 7, -4, -7, -2, 9, 4, -1, -1, -1, 6, 13, -22 ]
MONO 144 [ 7, -4, -6, -1, 5, 8, -2, -1, 1, 8, 13, -27 ]
MONO 145 [ 7, -4, -6, -1, 9, 2, 1, -4, 0, 8, 10, -21 ]
MONO 146 [ 7, -4, -5, -3, 6, 8, -2, 0, 0, 7, 13, -26 ]
MONO 147 [ 7, -3, -7, -4, 6, 10, -1, -2, -1, 8, 16, -28 ]
MONO 148 [ 7, -3, -6, -3, 6, 8, 1, -5, 0, 10, 13, -27 ]
MONO 149 [ 7, -3, -3, -2, 0, 6, 0, 0, 0, 5, 12, -21 ]
MONO 150 [ 7, -3, -3, -2, 3, 5, 0, -3, 0, 8, 10, -21 ]
MONO 151 [ 7, -3, -2, -2, -1, 8, 0, -4, -1, 7, 13, -21 ]
MONO 152 [ 7, -3, -1, -1, -2, 7, -1, -1, 1, 6, 9, -20 ]
MONO 153 [ 7, -2, -3, -4, -3, 12, 0, -1, 0, 7, 15, -27 ]
MONO 154 [ 7, -2, -3, -4, 0, 11, 0, -4, 0, 10, 13, -27 ]
MONO 155 [ 7, -2, -2, -4, -4, 14, 0, -5, -1, 9, 16, -27 ]
MONO 156 [ 7, -2, -2, -2, -3, 7, 1, -6, -4, 9, 22, -26 ]
MONO 157 [ 7, -2, -2, -1, -1, 6, 0, -4, -1, 7, 14, -22 ]
MONO 158 [ 7, -2, -1, -3, -5, 13, -1, -2, 1, 8, 12, -26 ]
MONO 159 [ 7, -1, -3, -3, 2, 5, 0, -2, 0, 6, 10, -20 ]
MONO 160 [ 7, -1, -2, -4, -6, 13, 1, -7, -4, 11, 25, -32 ]
MONO 161 [ 7, -1, -2, -3, -4, 12, 0, -5, -1, 9, 17, -28 ]
MONO 162 [ 7, -1, -2, -1, -2, 6, 0, -3, -1, 7, 13, -22 ]
MONO 163 [ 7, -1, -1, -2, -4, 8, -1, -3, 1, 7, 11, -21 ]
MONO 164 [ 7, 0, -3, -5, -1, 11, 0, -3, 0, 8, 13, -26 ]
MONO 165 [ 7, 0, -2, -3, -5, 12, 0, -4, -1, 9, 16, -28 ]
MONO 166 [ 7, 0, -1, -4, -7, 14, -1, -4, 1, 9, 14, -27 ]
MONO 167 [ 7, 0, -1, -4, -4, 9, -1, -1, 1, 6, 10, -21 ]
MONO 168 [ 7, 1, -3, -3, -2, 7, 0, -4, 0, 8, 10, -20 ]
MONO 169 [ 7, 1, -1, -6, -7, 15, -1, -2, 1, 8, 13, -27 ]
MONO 170 [ 7, 1, -1, -4, -3, 7, 0, -4, -2, 7, 15, -22 ]
MONO 171 [ 7, 2, -3, -5, -5, 13, 0, -5, 0, 10, 13, -26 ]
MONO 172 [ 7, 2, -3, -5, -3, 9, 1, -6, -3, 8, 18, -24 ]
MONO 173 [ 7, 2, -3, -5, -3, 9, 3, -5, -1, 7, 11, -21 ]
MONO 174 [ 7, 2, -1, -6, -6, 13, 0, -5, -2, 9, 18, -28 ]
MONO 175 [ 7, 3, -3, -7, -6, 15, 1, -7, -3, 10, 21, -30 ]
MONO 176 [ 7, 3, -3, -7, -6, 15, 3, -6, -1, 9, 14, -27 ]
MONO 177 [ 8, -5, -6, -1, 6, 5, 0, -2, 0, 7, 10, -21 ]
MONO 178 [ 8, -5, -5, -1, 5, 5, -1, -3, 2, 7, 10, -21 ]
MONO 179 [ 8, -4, -6, -3, 3, 11, 0, -3, 0, 9, 13, -27 ]
MONO 180 [ 8, -4, -5, -3, 2, 11, -1, -4, 2, 9, 13, -27 ]
MONO 181 [ 8, -4, -4, -1, 4, 4, -1, -2, 1, 7, 9, -20 ]
MONO 182 [ 8, -3, -4, -3, 1, 10, -1, -3, 1, 9, 12, -26 ]
MONO 183 [ 8, -3, -3, -1, -1, 7, -1, -2, 0, 6, 11, -20 ]
MONO 184 [ 8, -3, -2, -2, -2, 8, -2, -1, 2, 7, 9, -21 ]
MONO 185 [ 8, -3, -1, -2, -3, 8, 1, -4, 0, 7, 11, -21 ]
MONO 186 [ 8, -2, -3, -3, -4, 13, -1, -3, 0, 8, 14, -26 ]
MONO 187 [ 8, -2, -3, -1, -2, 7, -1, -1, 0, 6, 10, -20 ]
MONO 188 [ 8, -2, -2, -4, -5, 14, -2, -2, 2, 9, 12, -27 ]
MONO 189 [ 8, -2, -1, -4, -6, 14, 1, -5, 0, 9, 14, -27 ]
MONO 190 [ 8, -1, -3, -3, -5, 13, -1, -2, 0, 8, 13, -26 ]
MONO 191 [ 8, 0, -4, -4, 0, 7, -1, -2, 1, 6, 9, -19 ]
MONO 192 [ 8, 1, -4, -6, -3, 13, -1, -3, 1, 8, 12, -25 ]
MONO 193 [ 9, -5, -6, -1, 7, 3, -1, -3, 0, 8, 12, -22 ]
MONO 194 [ 9, -4, -6, -3, 4, 9, -1, -4, 0, 10, 15, -28 ]
MONO 195 [ 9, -4, -4, 0, 1, 5, -2, 0, 1, 6, 10, -21 ]
MONO 196 [ 9, -4, -3, -2, 2, 5, -2, 1, 0, 5, 10, -20 ]
MONO 197 [ 9, -3, -5, -3, 2, 7, -1, -1, -1, 6, 13, -22 ]
MONO 198 [ 9, -3, -4, -2, -2, 11, -2, -1, 1, 8, 13, -27 ]
MONO 199 [ 9, -3, -3, -4, -1, 11, -2, 0, 0, 7, 13, -26 ]
MONO 200 [ 9, -2, -5, -5, -1, 13, -1, -2, -1, 8, 16, -28 ]
MONO 201 [ 9, -2, -3, -2, -3, 8, 1, -4, -1, 7, 12, -21 ]
MONO 202 [ 9, -1, -3, -4, -6, 14, 1, -5, -1, 9, 15, -27 ]
MONO 203 [ 10, -4, -4, -2, -1, 8, 0, -2, 0, 7, 10, -21 ]
MONO 204 [ 10, -4, -3, -2, -2, 8, -1, -3, 2, 7, 10, -21 ]
MONO 205 [ 10, -4, -2, -2, -2, 7, -1, -3, 1, 7, 10, -20 ]
MONO 206 [ 10, -3, -4, -4, -4, 14, 0, -3, 0, 9, 13, -27 ]
MONO 207 [ 10, -3, -3, -4, -5, 14, -1, -4, 2, 9, 13, -27 ]
MONO 208 [ 10, -3, -2, -4, -5, 13, -1, -4, 1, 9, 13, -26 ]
MONO 209 [ 11, -4, -4, -2, 0, 6, -1, -3, 0, 8, 12, -22 ]
MONO 210 [ 11, -3, -4, -4, -3, 12, -1, -4, 0, 10, 15, -28 ]
