AVAIL = [ -2, -1, 9, 10, 11, 12, 13, 14, 15 ]
USED KEYS = [ -2, -1, 9, 10, 11, 12, 13, 14, 15 ]
BASE 35 2  M = 140  ds = [ 1, 2, 4, 5, 7, 10, 14, 20, 28, 35, 70, 140 ]
#monomials = 187
MONO 1 [ 1, -2, 1, -4, -2, 7, 1, 0, 4, 5, 3, -13 ]
MONO 2 [ 2, -4, 1, -8, -1, 19, 2, -5, 1, 1, 4, -11 ]
MONO 3 [ 2, -4, 1, -8, -1, 20, 0, -6, 3, 1, 7, -14 ]
MONO 4 [ 2, -3, 1, -1, -8, 1, 17, 1, -4, 3, 4, -12 ]
MONO 5 [ 2, -2, 0, -5, -1, 9, -1, -1, 3, 4, 7, -14 ]
MONO 6 [ 3, -5, 2, -5, -6, 11, 15, -3, -4, 2, 2, -11 ]
MONO 7 [ 3, -4, 1, -1, -10, 1, 23, 1, -6, 2, 1, -10 ]
MONO 8 [ 3, -4, 2, -5, -3, 9, 5, 0, 0, 3, 3, -12 ]
MONO 9 [ 3, -3, 0, -3, -4, 5, 9, 1, 0, 2, 4, -13 ]
MONO 10 [ 3, -1, -1, -1, -2, -2, 1, 5, 3, 2, 7, -13 ]
MONO 11 [ 4, -5, 1, -8, -2, 19, 2, -6, 3, 0, 7, -14 ]
MONO 12 [ 4, -5, 2, -7, -2, 15, 3, -4, 1, 1, 6, -13 ]
MONO 13 [ 4, -4, 1, -2, -6, 4, 13, 0, -3, 2, 2, -10 ]
MONO 14 [ 4, -3, 0, -1, -5, -1, 11, 4, -2, -2, 12, -16 ]
MONO 15 [ 4, -3, 1, -1, -4, -1, 7, 3, 0, 1, 8, -14 ]
MONO 16 [ 5, -5, 1, -7, -1, 16, 2, -5, 1, 1, 4, -11 ]
MONO 17 [ 5, -5, 2, -5, -2, 11, 2, -3, 3, 0, 7, -14 ]
MONO 18 [ 5, -4, 1, -2, -5, 2, 9, 1, 1, 2, 4, -13 ]
MONO 19 [ 5, -3, 0, -3, -2, 4, 2, 0, 1, 2, 6, -11 ]
MONO 20 [ 5, -3, 0, 0, -4, -1, 7, 2, 0, -1, 8, -12 ]
MONO 21 [ 6, -5, 1, -2, -7, 2, 16, 1, -4, 1, 4, -12 ]
MONO 22 [ 6, -4, 0, -5, -1, 9, -1, -1, 3, 0, 9, -14 ]
MONO 23 [ 6, -4, 0, -2, -4, 2, 9, 1, 0, 2, 4, -13 ]
MONO 24 [ 6, -3, -1, -2, -2, 1, 2, 4, 3, 0, 7, -14 ]
MONO 25 [ 6, -3, 0, -2, -2, 1, 2, 3, 2, 0, 7, -13 ]
MONO 26 [ 7, -5, 1, -5, 0, 9, 0, -2, 2, 0, 7, -13 ]
MONO 27 [ 7, -5, 1, -4, -3, 6, 4, 0, 1, 0, 8, -14 ]
MONO 28 [ 7, -4, 0, -2, -3, 2, 3, 2, 2, 2, 6, -14 ]
MONO 29 [ 7, -4, 1, -2, -1, 1, -1, 2, 3, 0, 9, -14 ]
MONO 30 [ 7, -3, 0, -2, -1, 2, -1, 1, 5, 0, 7, -14 ]
MONO 31 [ 7, -3, 0, -1, -1, 0, -1, 2, 3, 1, 5, -11 ]
MONO 32 [ 7, -2, -1, -2, -1, 2, -2, 1, 4, 0, 9, -14 ]
MONO 33 [ 7, -2, -1, -1, -1, 1, 0, 1, 2, 1, 6, -12 ]
MONO 34 [ 8, -5, 0, -4, -4, 5, 6, 1, 0, 2, 5, -13 ]
MONO 35 [ 8, -4, 0, -4, -1, 5, -1, 0, 3, 3, 5, -13 ]
MONO 36 [ 8, -4, 0, -3, -2, 3, 5, 1, 0, 1, 5, -13 ]
MONO 37 [ 8, -4, 0, -2, -2, 0, 1, 3, 2, 2, 6, -13 ]
MONO 38 [ 8, -4, 0, -1, -1, 0, 0, 2, 2, -2, 11, -14 ]
MONO 39 [ 8, -4, 0, -1, 2, 0, -1, 2, 2, -1, 8, -14 ]
MONO 40 [ 8, -3, -1, -2, -2, -1, 0, 4, 3, 2, 7, -14 ]
MONO 41 [ 8, -3, -1, -2, 0, 0, -1, 3, 2, 0, 5, -10 ]
MONO 42 [ 8, -3, -1, -2, 0, 0, 2, 3, 1, 0, 6, -13 ]
MONO 43 [ 8, -3, -1, -2, 0, 2, -1, 1, 4, 0, 7, -14 ]
MONO 44 [ 8, -3, -1, -1, -1, -1, -1, 3, 3, -2, 12, -15 ]
MONO 45 [ 8, -3, -1, 1, -1, -2, -1, 4, 3, 0, 7, -14 ]
MONO 46 [ 8, -1, -2, -2, 0, 0, -3, 2, 5, 0, 9, -15 ]
MONO 47 [ 10, -5, 0, -2, -1, 0, 1, 2, 2, -1, 9, -14 ]
MONO 48 [ -10, 5, 0, 1, 3, 2, -2, 1, 1, 2, 0, -2 ]
MONO 49 [ -10, 5, 0, 2, 3, 0, -2, 0, 1, 3, 2, -3 ]
MONO 50 [ -10, 5, 0, 3, 2, -2, 1, 1, -1, 1, 1, 0 ]
MONO 51 [ -10, 5, 0, 3, 2, -2, 4, 1, -2, 1, 2, -3 ]
MONO 52 [ -10, 5, 0, 3, 2, -1, -1, 0, 1, 1, 4, -3 ]
MONO 53 [ -10, 5, 0, 3, 5, -1, -2, 0, 1, 2, 1, -3 ]
MONO 54 [ -10, 5, 0, 4, 2, -2, 1, 0, -1, 2, 1, -1 ]
MONO 55 [ -10, 9, -2, 1, 3, 2, -3, -1, 2, 2, 1, -3 ]
MONO 56 [ -9, 3, 1, -1, 2, 7, 0, -2, 0, 2, 1, -3 ]
MONO 57 [ -9, 4, 0, 2, 1, 0, 4, 0, -1, 2, -1, -1 ]
MONO 58 [ -9, 4, 2, 3, 3, -2, -1, 1, 0, 1, 2, -3 ]
MONO 59 [ -9, 6, 0, 3, 3, -1, -2, 0, 1, 1, 2, -3 ]
MONO 60 [ -8, 3, 2, 2, 2, -1, 0, 1, 0, 2, 1, -3 ]
MONO 61 [ -8, 4, 1, 2, 2, 1, 0, -1, 0, 2, 0, -2 ]
MONO 62 [ -8, 5, 0, 2, 2, 0, -1, 0, 1, 2, 1, -3 ]
MONO 63 [ -8, 8, -2, 2, 2, -1, -1, 0, 0, 2, -1, 0 ]
MONO 64 [ -7, 3, 1, 1, 1, 2, 1, -1, 0, 3, -1, -2 ]
MONO 65 [ -7, 4, 0, 2, 3, -1, -2, 1, 1, 2, 0, -2 ]
MONO 66 [ -5, 1, 1, -1, -2, 5, 6, -2, -2, 2, -1, -1 ]
MONO 67 [ -5, 2, 0, 0, -1, 1, 3, 1, 0, -2, 7, -5 ]
MONO 68 [ -5, 2, 1, -1, -1, 3, 2, -1, 0, 5, -2, -2 ]
MONO 69 [ -4, 0, 1, -1, -4, 4, 13, -1, -5, 1, -2, -1 ]
MONO 70 [ -4, 0, 2, 0, -4, 2, 11, -1, -4, 2, -2, -1 ]
MONO 71 [ -4, 1, 1, -1, 1, 4, 0, 0, 0, 0, 0, -1 ]
MONO 72 [ -4, 1, 1, 0, -4, 1, 10, 0, -3, 2, -1, -2 ]
MONO 73 [ -4, 2, 0, -1, 1, 3, -1, 1, 1, 0, 1, -2 ]
MONO 74 [ -4, 2, 0, 0, 1, 1, -1, 0, 1, 1, 3, -3 ]
MONO 75 [ -4, 2, 0, 1, 0, -1, 2, 1, -1, -1, 2, 0 ]
MONO 76 [ -4, 2, 0, 1, 0, -1, 5, 1, -2, -1, 3, -3 ]
MONO 77 [ -4, 2, 0, 1, 0, 0, 0, 0, 1, -1, 5, -3 ]
MONO 78 [ -4, 2, 0, 1, 3, 0, -1, 0, 1, 0, 2, -3 ]
MONO 79 [ -4, 2, 0, 2, 0, -1, 2, 0, -1, 0, 2, -1 ]
MONO 80 [ -4, 6, -2, -1, 1, 3, -2, -1, 2, 0, 2, -3 ]
MONO 81 [ -3, 0, 1, -3, 0, 8, 1, -2, 0, 0, 2, -3 ]
MONO 82 [ -3, 1, 0, 0, -1, 1, 5, 0, -1, 0, 0, -1 ]
MONO 83 [ -3, 1, 2, 1, 1, -1, 0, 1, 0, -1, 3, -3 ]
MONO 84 [ -3, 3, 0, 1, 1, 0, -1, 0, 1, -1, 3, -3 ]
MONO 85 [ -2, 0, 2, 0, 0, 0, 1, 1, 0, 0, 2, -3 ]
MONO 86 [ -2, 1, 1, 0, 0, 2, 1, -1, 0, 0, 1, -2 ]
MONO 87 [ -2, 2, 0, 0, 0, 1, 0, 0, 1, 0, 2, -3 ]
MONO 88 [ -2, 5, -2, 0, 0, 0, 0, 0, 0, 0, 0, 0 ]
MONO 89 [ -1, 0, 1, -1, -1, 3, 2, -1, 0, 1, 0, -2 ]
MONO 90 [ -1, 1, 0, 0, 1, 0, -1, 1, 1, 0, 1, -2 ]
MONO 91 [ 1, -4, 5, -4, -2, 5, -1, 4, 8, 5, 9, -25 ]
MONO 92 [ 1, -3, 3, -4, -2, 6, 0, 2, 6, 5, 6, -19 ]
MONO 93 [ 2, -7, 6, -10, -1, 22, -1, -4, 6, -1, 15, -26 ]
MONO 94 [ 2, -6, 4, -10, -1, 23, 0, -6, 4, -1, 12, -20 ]
MONO 95 [ 2, -6, 5, -8, -1, 17, 0, -1, 5, 1, 10, -23 ]
MONO 96 [ 2, -6, 5, -8, -1, 18, -2, -2, 7, 1, 13, -26 ]
MONO 97 [ 2, -5, 2, -10, -1, 24, 1, -8, 2, -1, 9, -14 ]
MONO 98 [ 2, -5, 3, -8, -1, 18, 1, -3, 3, 1, 7, -17 ]
MONO 99 [ 2, -5, 3, -8, -1, 19, -1, -4, 5, 1, 10, -20 ]
MONO 100 [ 2, -5, 5, -1, -8, -1, 15, 5, 0, 3, 10, -24 ]
MONO 101 [ 2, -4, 3, -1, -8, 0, 16, 3, -2, 3, 7, -18 ]
MONO 102 [ 2, -4, 4, -5, -1, 7, -3, 3, 7, 4, 13, -26 ]
MONO 103 [ 2, -3, 2, -5, -1, 8, -2, 1, 5, 4, 10, -20 ]
MONO 104 [ 3, -7, 6, -5, -6, 9, 13, 1, 0, 2, 8, -23 ]
MONO 105 [ 3, -6, 4, -5, -6, 10, 14, -1, -2, 2, 5, -17 ]
MONO 106 [ 3, -6, 5, -1, -10, -1, 21, 5, -2, 2, 7, -22 ]
MONO 107 [ 3, -6, 6, -5, -3, 7, 3, 4, 4, 3, 9, -24 ]
MONO 108 [ 3, -5, 3, -1, -10, 0, 22, 3, -4, 2, 4, -16 ]
MONO 109 [ 3, -5, 4, -5, -3, 8, 4, 2, 2, 3, 6, -18 ]
MONO 110 [ 3, -5, 4, -3, -4, 3, 7, 5, 4, 2, 10, -25 ]
MONO 111 [ 3, -4, 2, -3, -4, 4, 8, 3, 2, 2, 7, -19 ]
MONO 112 [ 3, -3, 3, -1, -2, -4, -1, 9, 7, 2, 13, -25 ]
MONO 113 [ 3, -2, 1, -1, -2, -3, 0, 7, 5, 2, 10, -19 ]
MONO 114 [ 4, -7, 5, -8, -2, 17, 0, -2, 7, 0, 13, -26 ]
MONO 115 [ 4, -7, 6, -7, -2, 13, 1, 0, 5, 1, 12, -25 ]
MONO 116 [ 4, -6, 3, -8, -2, 18, 1, -4, 5, 0, 10, -20 ]
MONO 117 [ 4, -6, 4, -7, -2, 14, 2, -2, 3, 1, 9, -19 ]
MONO 118 [ 4, -6, 5, -2, -6, 2, 11, 4, 1, 2, 8, -22 ]
MONO 119 [ 4, -5, 3, -2, -6, 3, 12, 2, -1, 2, 5, -16 ]
MONO 120 [ 4, -5, 4, -1, -5, -3, 9, 8, 2, -2, 18, -28 ]
MONO 121 [ 4, -5, 5, -1, -4, -3, 5, 7, 4, 1, 14, -26 ]
MONO 122 [ 4, -4, 2, -1, -5, -2, 10, 6, 0, -2, 15, -22 ]
MONO 123 [ 4, -4, 3, -1, -4, -2, 6, 5, 2, 1, 11, -20 ]
MONO 124 [ 5, -7, 5, -7, -1, 14, 0, -1, 5, 1, 10, -23 ]
MONO 125 [ 5, -7, 6, -5, -2, 9, 0, 1, 7, 0, 13, -26 ]
MONO 126 [ 5, -6, 3, -7, -1, 15, 1, -3, 3, 1, 7, -17 ]
MONO 127 [ 5, -6, 4, -5, -2, 10, 1, -1, 5, 0, 10, -20 ]
MONO 128 [ 5, -6, 5, -2, -5, 0, 7, 5, 5, 2, 10, -25 ]
MONO 129 [ 5, -5, 3, -2, -5, 1, 8, 3, 3, 2, 7, -19 ]
MONO 130 [ 5, -5, 4, -3, -2, 2, 0, 4, 5, 2, 12, -23 ]
MONO 131 [ 5, -5, 4, 0, -4, -3, 5, 6, 4, -1, 14, -24 ]
MONO 132 [ 5, -4, 2, -3, -2, 3, 1, 2, 3, 2, 9, -17 ]
MONO 133 [ 5, -4, 2, 0, -4, -2, 6, 4, 2, -1, 11, -18 ]
MONO 134 [ 6, -7, 5, -2, -7, 0, 14, 5, 0, 1, 10, -24 ]
MONO 135 [ 6, -6, 3, -2, -7, 1, 15, 3, -2, 1, 7, -18 ]
MONO 136 [ 6, -6, 4, -5, -1, 7, -3, 3, 7, 0, 15, -26 ]
MONO 137 [ 6, -6, 4, -2, -4, 0, 7, 5, 4, 2, 10, -25 ]
MONO 138 [ 6, -5, 2, -5, -1, 8, -2, 1, 5, 0, 12, -20 ]
MONO 139 [ 6, -5, 2, -2, -4, 1, 8, 3, 2, 2, 7, -19 ]
MONO 140 [ 6, -5, 3, -2, -2, -1, 0, 8, 7, 0, 13, -26 ]
MONO 141 [ 6, -5, 4, -2, -2, -1, 0, 7, 6, 0, 13, -25 ]
MONO 142 [ 6, -4, 1, -2, -2, 0, 1, 6, 5, 0, 10, -20 ]
MONO 143 [ 6, -4, 2, -2, -2, 0, 1, 5, 4, 0, 10, -19 ]
MONO 144 [ 7, -7, 5, -5, 0, 7, -2, 2, 6, 0, 13, -25 ]
MONO 145 [ 7, -7, 5, -4, -3, 4, 2, 4, 5, 0, 14, -26 ]
MONO 146 [ 7, -6, 3, -5, 0, 8, -1, 0, 4, 0, 10, -19 ]
MONO 147 [ 7, -6, 3, -4, -3, 5, 3, 2, 3, 0, 11, -20 ]
MONO 148 [ 7, -6, 4, -2, -3, 0, 1, 6, 6, 2, 12, -26 ]
MONO 149 [ 7, -6, 5, -2, -1, -1, -3, 6, 7, 0, 15, -26 ]
MONO 150 [ 7, -5, 2, -2, -3, 1, 2, 4, 4, 2, 9, -20 ]
MONO 151 [ 7, -5, 3, -2, -1, 0, -2, 4, 5, 0, 12, -20 ]
MONO 152 [ 7, -5, 4, -2, -1, 0, -3, 5, 9, 0, 13, -26 ]
MONO 153 [ 7, -5, 4, -1, -1, -2, -3, 6, 7, 1, 11, -23 ]
MONO 154 [ 7, -4, 2, -2, -1, 1, -2, 3, 7, 0, 10, -20 ]
MONO 155 [ 7, -4, 2, -1, -1, -1, -2, 4, 5, 1, 8, -17 ]
MONO 156 [ 7, -4, 3, -2, -1, 0, -4, 5, 8, 0, 15, -26 ]
MONO 157 [ 7, -4, 3, -1, -1, -1, -2, 5, 6, 1, 12, -24 ]
MONO 158 [ 7, -3, 1, -2, -1, 1, -3, 3, 6, 0, 12, -20 ]
MONO 159 [ 7, -3, 1, -1, -1, 0, -1, 3, 4, 1, 9, -18 ]
MONO 160 [ 8, -7, 4, -4, -4, 3, 4, 5, 4, 2, 11, -25 ]
MONO 161 [ 8, -6, 2, -4, -4, 4, 5, 3, 2, 2, 8, -19 ]
MONO 162 [ 8, -6, 4, -4, -1, 3, -3, 4, 7, 3, 11, -25 ]
MONO 163 [ 8, -6, 4, -3, -2, 1, 3, 5, 4, 1, 11, -25 ]
MONO 164 [ 8, -6, 4, -2, -2, -2, -1, 7, 6, 2, 12, -25 ]
MONO 165 [ 8, -6, 4, -1, -1, -2, -2, 6, 6, -2, 17, -26 ]
MONO 166 [ 8, -6, 4, -1, 2, -2, -3, 6, 6, -1, 14, -26 ]
MONO 167 [ 8, -5, 2, -4, -1, 4, -2, 2, 5, 3, 8, -19 ]
MONO 168 [ 8, -5, 2, -3, -2, 2, 4, 3, 2, 1, 8, -19 ]
MONO 169 [ 8, -5, 2, -2, -2, -1, 0, 5, 4, 2, 9, -19 ]
MONO 170 [ 8, -5, 2, -1, -1, -1, -1, 4, 4, -2, 14, -20 ]
MONO 171 [ 8, -5, 2, -1, 2, -1, -2, 4, 4, -1, 11, -20 ]
MONO 172 [ 8, -5, 3, -2, -2, -3, -2, 8, 7, 2, 13, -26 ]
MONO 173 [ 8, -5, 3, -2, 0, -2, -3, 7, 6, 0, 11, -22 ]
MONO 174 [ 8, -5, 3, -2, 0, -2, 0, 7, 5, 0, 12, -25 ]
MONO 175 [ 8, -5, 3, -2, 0, 0, -3, 5, 8, 0, 13, -26 ]
MONO 176 [ 8, -5, 3, -1, -1, -3, -3, 7, 7, -2, 18, -27 ]
MONO 177 [ 8, -5, 3, 1, -1, -4, -3, 8, 7, 0, 13, -26 ]
MONO 178 [ 8, -4, 1, -2, -2, -2, -1, 6, 5, 2, 10, -20 ]
MONO 179 [ 8, -4, 1, -2, 0, -1, -2, 5, 4, 0, 8, -16 ]
MONO 180 [ 8, -4, 1, -2, 0, -1, 1, 5, 3, 0, 9, -19 ]
MONO 181 [ 8, -4, 1, -2, 0, 1, -2, 3, 6, 0, 10, -20 ]
MONO 182 [ 8, -4, 1, -1, -1, -2, -2, 5, 5, -2, 15, -21 ]
MONO 183 [ 8, -4, 1, 1, -1, -3, -2, 6, 5, 0, 10, -20 ]
MONO 184 [ 8, -3, 2, -2, 0, -2, -5, 6, 9, 0, 15, -27 ]
MONO 185 [ 8, -2, 0, -2, 0, -1, -4, 4, 7, 0, 12, -21 ]
MONO 186 [ 10, -7, 4, -2, -1, -2, -1, 6, 6, -1, 15, -26 ]
MONO 187 [ 10, -6, 2, -2, -1, -1, 0, 4, 4, -1, 12, -20 ]
