AVAIL = [ -2, -1, 9, 10, 11, 12, 13, 14, 15 ]
USEDKEYS -2,-1,9,10,11,12,13,14,15,
BASE 55 2  M = 220  ds = [ 1, 2, 4, 5, 10, 11, 20, 22, 44, 55, 110, 220 ]
#monomials = 533
MONO 1 [ -47, 23, 1, 16, -8, 14, 0, -2, -2, 13, -4, -3 ]
MONO 2 [ -47, 24, 0, 11, 2, 15, -3, -8, 1, 15, -7, -2 ]
MONO 3 [ -47, 24, 0, 13, -3, 14, 0, -7, 1, 14, -5, -3 ]
MONO 4 [ -47, 24, 0, 14, -5, 15, -1, -8, 1, 14, -6, 0 ]
MONO 5 [ -47, 24, 0, 15, -8, 15, 1, -8, 1, 11, 3, -6 ]
MONO 6 [ -47, 24, 0, 15, -8, 16, 1, -8, 2, 14, -5, -3 ]
MONO 7 [ -47, 24, 0, 15, -7, 15, 0, -10, 3, 11, 2, -5 ]
MONO 8 [ -47, 24, 0, 15, -7, 16, 0, -8, 0, 14, -8, 2 ]
MONO 9 [ -47, 24, 0, 15, -7, 16, 0, -5, -1, 14, -7, -1 ]
MONO 10 [ -47, 24, 0, 16, -8, 14, 0, -7, 1, 13, -2, -3 ]
MONO 11 [ -47, 24, 0, 17, -7, 15, 0, -8, 1, 13, -4, -3 ]
MONO 12 [ -47, 25, -1, 13, -4, 14, 1, -6, 0, 14, -6, -2 ]
MONO 13 [ -47, 25, -1, 15, -8, 15, 1, -9, 2, 11, 1, -4 ]
MONO 14 [ -47, 25, -1, 15, -8, 18, 1, -10, 2, 12, -2, -4 ]
MONO 15 [ -47, 25, 1, 14, -5, 15, -1, -7, 0, 14, -6, -2 ]
MONO 16 [ -46, 21, 2, 12, 1, 15, -3, -7, 0, 13, -4, -3 ]
MONO 17 [ -46, 22, 1, 13, -2, 14, -1, -6, 0, 15, -7, -2 ]
MONO 18 [ -46, 22, 1, 14, -5, 12, -1, -2, 0, 14, -6, -2 ]
MONO 19 [ -46, 23, 0, 13, 0, 14, -3, -7, 1, 15, -7, -2 ]
MONO 20 [ -46, 23, 0, 14, -6, 13, 0, -4, -1, 17, -8, -1 ]
MONO 21 [ -46, 23, 0, 15, -8, 13, 3, -4, -1, 14, -6, -2 ]
MONO 22 [ -46, 23, 0, 15, -7, 15, 0, -8, 1, 12, -1, -3 ]
MONO 23 [ -46, 23, 0, 15, -7, 18, 0, -9, 1, 13, -4, -3 ]
MONO 24 [ -46, 23, 0, 16, -8, 14, 0, -5, -1, 14, -5, -1 ]
MONO 25 [ -46, 23, 0, 19, -9, 14, 0, -7, 1, 13, -4, -3 ]
MONO 26 [ -46, 24, -1, 16, -10, 14, 4, -6, 0, 14, -5, -3 ]
MONO 27 [ -46, 26, -1, 15, -7, 13, 0, -4, -1, 14, -6, -2 ]
MONO 28 [ -45, 21, 3, 15, -7, 15, 0, -7, 0, 13, -4, -3 ]
MONO 29 [ -44, 22, 1, 15, -7, 15, 0, -8, 1, 14, -6, -2 ]
MONO 30 [ -44, 23, 0, 14, -6, 14, 0, -7, 1, 14, -5, -3 ]
MONO 31 [ -44, 24, -1, 14, -7, 14, 1, -6, 0, 14, -6, -2 ]
MONO 32 [ -44, 26, -2, 14, -7, 14, 0, -7, 0, 14, -7, 0 ]
MONO 33 [ -42, 22, -1, 13, -8, 12, 3, -6, 2, 13, -5, -2 ]
MONO 34 [ -42, 22, -1, 13, -7, 14, 2, -9, 3, 11, -1, -4 ]
MONO 35 [ -41, 20, 0, 12, -5, 10, 1, -1, -1, 11, -1, -4 ]
MONO 36 [ -41, 20, 0, 12, -4, 11, 0, -2, -1, 14, -7, -1 ]
MONO 37 [ -41, 20, 0, 13, -6, 9, 1, 2, -3, 13, -5, -2 ]
MONO 38 [ -41, 20, 1, 13, -6, 12, 0, -6, 1, 14, -5, -2 ]
MONO 39 [ -41, 20, 1, 14, -7, 12, 0, -4, -1, 11, -4, 0 ]
MONO 40 [ -41, 20, 1, 14, -7, 12, 0, -1, -2, 11, -3, -3 ]
MONO 41 [ -41, 21, 0, 9, 3, 13, -3, -7, 1, 13, -6, -2 ]
MONO 42 [ -41, 21, 0, 11, -2, 12, 0, -6, 1, 12, -4, -3 ]
MONO 43 [ -41, 21, 0, 12, -4, 13, -1, -7, 1, 12, -5, 0 ]
MONO 44 [ -41, 21, 0, 13, -7, 13, 1, -7, 1, 9, 4, -6 ]
MONO 45 [ -41, 21, 0, 13, -7, 14, 1, -7, 2, 12, -4, -3 ]
MONO 46 [ -41, 21, 0, 13, -6, 13, 0, -9, 3, 9, 3, -5 ]
MONO 47 [ -41, 21, 0, 13, -6, 14, 0, -7, 0, 12, -7, 2 ]
MONO 48 [ -41, 21, 0, 13, -6, 14, 0, -4, -1, 12, -6, -1 ]
MONO 49 [ -41, 21, 0, 14, -7, 12, 0, -6, 1, 11, -1, -3 ]
MONO 50 [ -41, 21, 0, 15, -6, 13, 0, -7, 1, 11, -3, -3 ]
MONO 51 [ -41, 22, -1, 11, -3, 12, 1, -5, 0, 12, -5, -2 ]
MONO 52 [ -41, 22, -1, 13, -7, 13, 1, -8, 2, 9, 2, -4 ]
MONO 53 [ -41, 22, -1, 13, -7, 16, 1, -9, 2, 10, -1, -4 ]
MONO 54 [ -41, 22, 1, 12, -4, 13, -1, -6, 0, 12, -5, -2 ]
MONO 55 [ -40, 18, 2, 10, 2, 13, -3, -6, 0, 11, -3, -3 ]
MONO 56 [ -40, 19, 1, 11, -1, 12, -1, -5, 0, 13, -6, -2 ]
MONO 57 [ -40, 19, 1, 12, -4, 10, -1, -1, 0, 12, -5, -2 ]
MONO 58 [ -40, 20, 0, 11, 1, 12, -3, -6, 1, 13, -6, -2 ]
MONO 59 [ -40, 20, 0, 12, -5, 11, 0, -3, -1, 15, -7, -1 ]
MONO 60 [ -40, 20, 0, 13, -7, 11, 3, -3, -1, 12, -5, -2 ]
MONO 61 [ -40, 20, 0, 13, -6, 13, 0, -7, 1, 10, 0, -3 ]
MONO 62 [ -40, 20, 0, 13, -6, 16, 0, -8, 1, 11, -3, -3 ]
MONO 63 [ -40, 20, 0, 14, -7, 12, 0, -4, -1, 12, -4, -1 ]
MONO 64 [ -40, 20, 0, 17, -8, 12, 0, -6, 1, 11, -3, -3 ]
MONO 65 [ -40, 21, -1, 14, -9, 12, 4, -5, 0, 12, -4, -3 ]
MONO 66 [ -40, 23, -1, 13, -6, 11, 0, -3, -1, 12, -5, -2 ]
MONO 67 [ -39, 18, 3, 13, -6, 13, 0, -6, 0, 11, -3, -3 ]
MONO 68 [ -38, 19, 1, 13, -6, 13, 0, -7, 1, 12, -5, -2 ]
MONO 69 [ -38, 20, 0, 12, -5, 12, 0, -6, 1, 12, -4, -3 ]
MONO 70 [ -38, 21, -1, 12, -6, 12, 1, -5, 0, 12, -5, -2 ]
MONO 71 [ -38, 23, -2, 12, -6, 12, 0, -6, 0, 12, -6, 0 ]
MONO 72 [ -36, 19, -1, 11, -7, 10, 3, -5, 2, 11, -4, -2 ]
MONO 73 [ -36, 19, -1, 11, -6, 12, 2, -8, 3, 9, 0, -4 ]
MONO 74 [ -35, 17, 0, 10, -4, 8, 1, 0, -1, 9, 0, -4 ]
MONO 75 [ -35, 17, 0, 10, -3, 9, 0, -1, -1, 12, -6, -1 ]
MONO 76 [ -35, 17, 0, 11, -5, 7, 1, 3, -3, 11, -4, -2 ]
MONO 77 [ -35, 17, 1, 11, -5, 10, 0, -5, 1, 12, -4, -2 ]
MONO 78 [ -35, 17, 1, 12, -6, 10, 0, -3, -1, 9, -3, 0 ]
MONO 79 [ -35, 17, 1, 12, -6, 10, 0, 0, -2, 9, -2, -3 ]
MONO 80 [ -35, 18, 0, 7, 4, 11, -3, -6, 1, 11, -5, -2 ]
MONO 81 [ -35, 18, 0, 9, -1, 10, 0, -5, 1, 10, -3, -3 ]
MONO 82 [ -35, 18, 0, 10, -3, 11, -1, -6, 1, 10, -4, 0 ]
MONO 83 [ -35, 18, 0, 11, -6, 11, 1, -6, 1, 7, 5, -6 ]
MONO 84 [ -35, 18, 0, 11, -6, 12, 1, -6, 2, 10, -3, -3 ]
MONO 85 [ -35, 18, 0, 11, -5, 11, 0, -8, 3, 7, 4, -5 ]
MONO 86 [ -35, 18, 0, 11, -5, 12, 0, -6, 0, 10, -6, 2 ]
MONO 87 [ -35, 18, 0, 11, -5, 12, 0, -3, -1, 10, -5, -1 ]
MONO 88 [ -35, 18, 0, 12, -6, 10, 0, -5, 1, 9, 0, -3 ]
MONO 89 [ -35, 18, 0, 13, -5, 11, 0, -6, 1, 9, -2, -3 ]
MONO 90 [ -35, 19, -1, 9, -2, 10, 1, -4, 0, 10, -4, -2 ]
MONO 91 [ -35, 19, -1, 11, -6, 11, 1, -7, 2, 7, 3, -4 ]
MONO 92 [ -35, 19, -1, 11, -6, 14, 1, -8, 2, 8, 0, -4 ]
MONO 93 [ -35, 19, 1, 10, -3, 11, -1, -5, 0, 10, -4, -2 ]
MONO 94 [ -34, 15, 2, 8, 3, 11, -3, -5, 0, 9, -2, -3 ]
MONO 95 [ -34, 16, 1, 9, 0, 10, -1, -4, 0, 11, -5, -2 ]
MONO 96 [ -34, 16, 1, 10, -3, 8, -1, 0, 0, 10, -4, -2 ]
MONO 97 [ -34, 17, 0, 9, 2, 10, -3, -5, 1, 11, -5, -2 ]
MONO 98 [ -34, 17, 0, 10, -4, 9, 0, -2, -1, 13, -6, -1 ]
MONO 99 [ -34, 17, 0, 11, -6, 9, 3, -2, -1, 10, -4, -2 ]
MONO 100 [ -34, 17, 0, 11, -5, 11, 0, -6, 1, 8, 1, -3 ]
MONO 101 [ -34, 17, 0, 11, -5, 14, 0, -7, 1, 9, -2, -3 ]
MONO 102 [ -34, 17, 0, 12, -6, 10, 0, -3, -1, 10, -3, -1 ]
MONO 103 [ -34, 17, 0, 15, -7, 10, 0, -5, 1, 9, -2, -3 ]
MONO 104 [ -34, 18, -1, 12, -8, 10, 4, -4, 0, 10, -3, -3 ]
MONO 105 [ -34, 20, -1, 11, -5, 9, 0, -2, -1, 10, -4, -2 ]
MONO 106 [ -33, 15, 3, 11, -5, 11, 0, -5, 0, 9, -2, -3 ]
MONO 107 [ -32, 16, 1, 11, -5, 11, 0, -6, 1, 10, -4, -2 ]
MONO 108 [ -32, 17, 0, 10, -4, 10, 0, -5, 1, 10, -3, -3 ]
MONO 109 [ -32, 18, -1, 10, -5, 10, 1, -4, 0, 10, -4, -2 ]
MONO 110 [ -32, 20, -2, 10, -5, 10, 0, -5, 0, 10, -5, 0 ]
MONO 111 [ -30, 16, -1, 9, -6, 8, 3, -4, 2, 9, -3, -2 ]
MONO 112 [ -30, 16, -1, 9, -5, 10, 2, -7, 3, 7, 1, -4 ]
MONO 113 [ -29, 14, 0, 8, -3, 6, 1, 1, -1, 7, 1, -4 ]
MONO 114 [ -29, 14, 0, 8, -2, 7, 0, 0, -1, 10, -5, -1 ]
MONO 115 [ -29, 14, 0, 9, -4, 5, 1, 4, -3, 9, -3, -2 ]
MONO 116 [ -29, 14, 1, 9, -4, 8, 0, -4, 1, 10, -3, -2 ]
MONO 117 [ -29, 14, 1, 10, -5, 8, 0, -2, -1, 7, -2, 0 ]
MONO 118 [ -29, 14, 1, 10, -5, 8, 0, 1, -2, 7, -1, -3 ]
MONO 119 [ -29, 15, 0, 5, 5, 9, -3, -5, 1, 9, -4, -2 ]
MONO 120 [ -29, 15, 0, 7, 0, 8, 0, -4, 1, 8, -2, -3 ]
MONO 121 [ -29, 15, 0, 8, -2, 9, -1, -5, 1, 8, -3, 0 ]
MONO 122 [ -29, 15, 0, 9, -5, 9, 1, -5, 1, 5, 6, -6 ]
MONO 123 [ -29, 15, 0, 9, -5, 10, 1, -5, 2, 8, -2, -3 ]
MONO 124 [ -29, 15, 0, 9, -4, 9, 0, -7, 3, 5, 5, -5 ]
MONO 125 [ -29, 15, 0, 9, -4, 10, 0, -5, 0, 8, -5, 2 ]
MONO 126 [ -29, 15, 0, 9, -4, 10, 0, -2, -1, 8, -4, -1 ]
MONO 127 [ -29, 15, 0, 10, -5, 8, 0, -4, 1, 7, 1, -3 ]
MONO 128 [ -29, 15, 0, 11, -4, 9, 0, -5, 1, 7, -1, -3 ]
MONO 129 [ -29, 16, -1, 7, -1, 8, 1, -3, 0, 8, -3, -2 ]
MONO 130 [ -29, 16, -1, 9, -5, 9, 1, -6, 2, 5, 4, -4 ]
MONO 131 [ -29, 16, -1, 9, -5, 12, 1, -7, 2, 6, 1, -4 ]
MONO 132 [ -29, 16, 1, 8, -2, 9, -1, -4, 0, 8, -3, -2 ]
MONO 133 [ -28, 12, 2, 6, 4, 9, -3, -4, 0, 7, -1, -3 ]
MONO 134 [ -28, 13, 1, 7, 1, 8, -1, -3, 0, 9, -4, -2 ]
MONO 135 [ -28, 13, 1, 8, -2, 6, -1, 1, 0, 8, -3, -2 ]
MONO 136 [ -28, 14, 0, 7, 3, 8, -3, -4, 1, 9, -4, -2 ]
MONO 137 [ -28, 14, 0, 8, -3, 7, 0, -1, -1, 11, -5, -1 ]
MONO 138 [ -28, 14, 0, 9, -5, 7, 3, -1, -1, 8, -3, -2 ]
MONO 139 [ -28, 14, 0, 9, -4, 9, 0, -5, 1, 6, 2, -3 ]
MONO 140 [ -28, 14, 0, 9, -4, 12, 0, -6, 1, 7, -1, -3 ]
MONO 141 [ -28, 14, 0, 10, -5, 8, 0, -2, -1, 8, -2, -1 ]
MONO 142 [ -28, 14, 0, 13, -6, 8, 0, -4, 1, 7, -1, -3 ]
MONO 143 [ -28, 15, -1, 10, -7, 8, 4, -3, 0, 8, -2, -3 ]
MONO 144 [ -28, 17, -1, 9, -4, 7, 0, -1, -1, 8, -3, -2 ]
MONO 145 [ -27, 12, 3, 9, -4, 9, 0, -4, 0, 7, -1, -3 ]
MONO 146 [ -26, 13, 1, 9, -4, 9, 0, -5, 1, 8, -3, -2 ]
MONO 147 [ -26, 14, 0, 8, -3, 8, 0, -4, 1, 8, -2, -3 ]
MONO 148 [ -26, 15, -1, 8, -4, 8, 1, -3, 0, 8, -3, -2 ]
MONO 149 [ -26, 17, -2, 8, -4, 8, 0, -4, 0, 8, -4, 0 ]
MONO 150 [ -24, 13, -1, 7, -5, 6, 3, -3, 2, 7, -2, -2 ]
MONO 151 [ -24, 13, -1, 7, -4, 8, 2, -6, 3, 5, 2, -4 ]
MONO 152 [ -23, 11, 0, 6, -2, 4, 1, 2, -1, 5, 2, -4 ]
MONO 153 [ -23, 11, 0, 6, -1, 5, 0, 1, -1, 8, -4, -1 ]
MONO 154 [ -23, 11, 0, 7, -3, 3, 1, 5, -3, 7, -2, -2 ]
MONO 155 [ -23, 11, 1, 7, -3, 6, 0, -3, 1, 8, -2, -2 ]
MONO 156 [ -23, 11, 1, 8, -4, 6, 0, -1, -1, 5, -1, 0 ]
MONO 157 [ -23, 11, 1, 8, -4, 6, 0, 2, -2, 5, 0, -3 ]
MONO 158 [ -23, 12, 0, 3, 6, 7, -3, -4, 1, 7, -3, -2 ]
MONO 159 [ -23, 12, 0, 5, 1, 6, 0, -3, 1, 6, -1, -3 ]
MONO 160 [ -23, 12, 0, 6, -1, 7, -1, -4, 1, 6, -2, 0 ]
MONO 161 [ -23, 12, 0, 7, -4, 7, 1, -4, 1, 3, 7, -6 ]
MONO 162 [ -23, 12, 0, 7, -4, 8, 1, -4, 2, 6, -1, -3 ]
MONO 163 [ -23, 12, 0, 7, -3, 7, 0, -6, 3, 3, 6, -5 ]
MONO 164 [ -23, 12, 0, 7, -3, 8, 0, -4, 0, 6, -4, 2 ]
MONO 165 [ -23, 12, 0, 7, -3, 8, 0, -1, -1, 6, -3, -1 ]
MONO 166 [ -23, 12, 0, 8, -4, 6, 0, -3, 1, 5, 2, -3 ]
MONO 167 [ -23, 12, 0, 9, -3, 7, 0, -4, 1, 5, 0, -3 ]
MONO 168 [ -23, 13, -1, 5, 0, 6, 1, -2, 0, 6, -2, -2 ]
MONO 169 [ -23, 13, -1, 7, -4, 7, 1, -5, 2, 3, 5, -4 ]
MONO 170 [ -23, 13, -1, 7, -4, 10, 1, -6, 2, 4, 2, -4 ]
MONO 171 [ -23, 13, 1, 6, -1, 7, -1, -3, 0, 6, -2, -2 ]
MONO 172 [ -22, 9, 2, 4, 5, 7, -3, -3, 0, 5, 0, -3 ]
MONO 173 [ -22, 10, 1, 5, 2, 6, -1, -2, 0, 7, -3, -2 ]
MONO 174 [ -22, 10, 1, 6, -1, 4, -1, 2, 0, 6, -2, -2 ]
MONO 175 [ -22, 11, 0, 5, 4, 6, -3, -3, 1, 7, -3, -2 ]
MONO 176 [ -22, 11, 0, 6, -2, 5, 0, 0, -1, 9, -4, -1 ]
MONO 177 [ -22, 11, 0, 7, -4, 5, 3, 0, -1, 6, -2, -2 ]
MONO 178 [ -22, 11, 0, 7, -3, 7, 0, -4, 1, 4, 3, -3 ]
MONO 179 [ -22, 11, 0, 7, -3, 10, 0, -5, 1, 5, 0, -3 ]
MONO 180 [ -22, 11, 0, 8, -4, 6, 0, -1, -1, 6, -1, -1 ]
MONO 181 [ -22, 11, 0, 11, -5, 6, 0, -3, 1, 5, 0, -3 ]
MONO 182 [ -22, 12, -1, 8, -6, 6, 4, -2, 0, 6, -1, -3 ]
MONO 183 [ -22, 14, -1, 7, -3, 5, 0, 0, -1, 6, -2, -2 ]
MONO 184 [ -21, 9, 3, 7, -3, 7, 0, -3, 0, 5, 0, -3 ]
MONO 185 [ -20, 10, 1, 7, -3, 7, 0, -4, 1, 6, -2, -2 ]
MONO 186 [ -20, 11, 0, 6, -2, 6, 0, -3, 1, 6, -1, -3 ]
MONO 187 [ -20, 12, -1, 6, -3, 6, 1, -2, 0, 6, -2, -2 ]
MONO 188 [ -20, 14, -2, 6, -3, 6, 0, -3, 0, 6, -3, 0 ]
MONO 189 [ -18, 10, -1, 5, -4, 4, 3, -2, 2, 5, -1, -2 ]
MONO 190 [ -18, 10, -1, 5, -3, 6, 2, -5, 3, 3, 3, -4 ]
MONO 191 [ -17, 8, 0, 4, -1, 2, 1, 3, -1, 3, 3, -4 ]
MONO 192 [ -17, 8, 0, 4, 0, 3, 0, 2, -1, 6, -3, -1 ]
MONO 193 [ -17, 8, 0, 5, -2, 1, 1, 6, -3, 5, -1, -2 ]
MONO 194 [ -17, 8, 1, 5, -2, 4, 0, -2, 1, 6, -1, -2 ]
MONO 195 [ -17, 8, 1, 6, -3, 4, 0, 0, -1, 3, 0, 0 ]
MONO 196 [ -17, 8, 1, 6, -3, 4, 0, 3, -2, 3, 1, -3 ]
MONO 197 [ -17, 9, 0, 1, 7, 5, -3, -3, 1, 5, -2, -2 ]
MONO 198 [ -17, 9, 0, 3, 2, 4, 0, -2, 1, 4, 0, -3 ]
MONO 199 [ -17, 9, 0, 4, 0, 5, -1, -3, 1, 4, -1, 0 ]
MONO 200 [ -17, 9, 0, 5, -3, 5, 1, -3, 1, 1, 8, -6 ]
MONO 201 [ -17, 9, 0, 5, -3, 6, 1, -3, 2, 4, 0, -3 ]
MONO 202 [ -17, 9, 0, 5, -2, 5, 0, -5, 3, 1, 7, -5 ]
MONO 203 [ -17, 9, 0, 5, -2, 6, 0, -3, 0, 4, -3, 2 ]
MONO 204 [ -17, 9, 0, 5, -2, 6, 0, 0, -1, 4, -2, -1 ]
MONO 205 [ -17, 9, 0, 6, -3, 4, 0, -2, 1, 3, 3, -3 ]
MONO 206 [ -17, 9, 0, 7, -2, 5, 0, -3, 1, 3, 1, -3 ]
MONO 207 [ -17, 10, -1, 3, 1, 4, 1, -1, 0, 4, -1, -2 ]
MONO 208 [ -17, 10, -1, 5, -3, 5, 1, -4, 2, 1, 6, -4 ]
MONO 209 [ -17, 10, -1, 5, -3, 8, 1, -5, 2, 2, 3, -4 ]
MONO 210 [ -17, 10, 1, 4, 0, 5, -1, -2, 0, 4, -1, -2 ]
MONO 211 [ -16, 6, 2, 2, 6, 5, -3, -2, 0, 3, 1, -3 ]
MONO 212 [ -16, 7, 1, 3, 3, 4, -1, -1, 0, 5, -2, -2 ]
MONO 213 [ -16, 7, 1, 4, 0, 2, -1, 3, 0, 4, -1, -2 ]
MONO 214 [ -16, 8, 0, 3, 5, 4, -3, -2, 1, 5, -2, -2 ]
MONO 215 [ -16, 8, 0, 4, -1, 3, 0, 1, -1, 7, -3, -1 ]
MONO 216 [ -16, 8, 0, 5, -3, 3, 3, 1, -1, 4, -1, -2 ]
MONO 217 [ -16, 8, 0, 5, -2, 5, 0, -3, 1, 2, 4, -3 ]
MONO 218 [ -16, 8, 0, 5, -2, 8, 0, -4, 1, 3, 1, -3 ]
MONO 219 [ -16, 8, 0, 6, -3, 4, 0, 0, -1, 4, 0, -1 ]
MONO 220 [ -16, 8, 0, 9, -4, 4, 0, -2, 1, 3, 1, -3 ]
MONO 221 [ -16, 9, -1, 6, -5, 4, 4, -1, 0, 4, 0, -3 ]
MONO 222 [ -16, 11, -1, 5, -2, 3, 0, 1, -1, 4, -1, -2 ]
MONO 223 [ -15, 6, 3, 5, -2, 5, 0, -2, 0, 3, 1, -3 ]
MONO 224 [ -14, 7, 1, 5, -2, 5, 0, -3, 1, 4, -1, -2 ]
MONO 225 [ -14, 8, 0, 4, -1, 4, 0, -2, 1, 4, 0, -3 ]
MONO 226 [ -14, 9, -1, 4, -2, 4, 1, -1, 0, 4, -1, -2 ]
MONO 227 [ -14, 11, -2, 4, -2, 4, 0, -2, 0, 4, -2, 0 ]
MONO 228 [ -12, 7, -1, 3, -3, 2, 3, -1, 2, 3, 0, -2 ]
MONO 229 [ -12, 7, -1, 3, -2, 4, 2, -4, 3, 1, 4, -4 ]
MONO 230 [ -11, 5, 0, 2, 0, 0, 1, 4, -1, 1, 4, -4 ]
MONO 231 [ -11, 5, 0, 2, 1, 1, 0, 3, -1, 4, -2, -1 ]
MONO 232 [ -11, 5, 0, 3, -1, -1, 1, 7, -3, 3, 0, -2 ]
MONO 233 [ -11, 5, 1, 3, -1, 2, 0, -1, 1, 4, 0, -2 ]
MONO 234 [ -11, 5, 1, 4, -2, 2, 0, 1, -1, 1, 1, 0 ]
MONO 235 [ -11, 5, 1, 4, -2, 2, 0, 4, -2, 1, 2, -3 ]
MONO 236 [ -11, 6, 0, -1, 8, 3, -3, -2, 1, 3, -1, -2 ]
MONO 237 [ -11, 6, 0, 1, 3, 2, 0, -1, 1, 2, 1, -3 ]
MONO 238 [ -11, 6, 0, 2, 1, 3, -1, -2, 1, 2, 0, 0 ]
MONO 239 [ -11, 6, 0, 3, -2, 3, 1, -2, 1, -1, 9, -6 ]
MONO 240 [ -11, 6, 0, 3, -2, 4, 1, -2, 2, 2, 1, -3 ]
MONO 241 [ -11, 6, 0, 3, -1, 3, 0, -4, 3, -1, 8, -5 ]
MONO 242 [ -11, 6, 0, 3, -1, 4, 0, -2, 0, 2, -2, 2 ]
MONO 243 [ -11, 6, 0, 3, -1, 4, 0, 1, -1, 2, -1, -1 ]
MONO 244 [ -11, 6, 0, 4, -2, 2, 0, -1, 1, 1, 4, -3 ]
MONO 245 [ -11, 6, 0, 5, -1, 3, 0, -2, 1, 1, 2, -3 ]
MONO 246 [ -11, 7, -1, 1, 2, 2, 1, 0, 0, 2, 0, -2 ]
MONO 247 [ -11, 7, -1, 3, -2, 3, 1, -3, 2, -1, 7, -4 ]
MONO 248 [ -11, 7, -1, 3, -2, 6, 1, -4, 2, 0, 4, -4 ]
MONO 249 [ -11, 7, 1, 2, 1, 3, -1, -1, 0, 2, 0, -2 ]
MONO 250 [ -10, 3, 2, 0, 7, 3, -3, -1, 0, 1, 2, -3 ]
MONO 251 [ -10, 4, 1, 1, 4, 2, -1, 0, 0, 3, -1, -2 ]
MONO 252 [ -10, 4, 1, 2, 1, 0, -1, 4, 0, 2, 0, -2 ]
MONO 253 [ -10, 5, 0, 1, 6, 2, -3, -1, 1, 3, -1, -2 ]
MONO 254 [ -10, 5, 0, 2, 0, 1, 0, 2, -1, 5, -2, -1 ]
MONO 255 [ -10, 5, 0, 3, -2, 1, 3, 2, -1, 2, 0, -2 ]
MONO 256 [ -10, 5, 0, 3, -1, 3, 0, -2, 1, 0, 5, -3 ]
MONO 257 [ -10, 5, 0, 3, -1, 6, 0, -3, 1, 1, 2, -3 ]
MONO 258 [ -10, 5, 0, 4, -2, 2, 0, 1, -1, 2, 1, -1 ]
MONO 259 [ -10, 5, 0, 7, -3, 2, 0, -1, 1, 1, 2, -3 ]
MONO 260 [ -10, 6, -1, 4, -4, 2, 4, 0, 0, 2, 1, -3 ]
MONO 261 [ -10, 8, -1, 3, -1, 1, 0, 2, -1, 2, 0, -2 ]
MONO 262 [ -9, 3, 3, 3, -1, 3, 0, -1, 0, 1, 2, -3 ]
MONO 263 [ -8, 4, 1, 3, -1, 3, 0, -2, 1, 2, 0, -2 ]
MONO 264 [ -8, 5, 0, 2, 0, 2, 0, -1, 1, 2, 1, -3 ]
MONO 265 [ -8, 6, -1, 2, -1, 2, 1, 0, 0, 2, 0, -2 ]
MONO 266 [ -8, 8, -2, 2, -1, 2, 0, -1, 0, 2, -1, 0 ]
MONO 267 [ -6, 4, -1, 1, -2, 0, 3, 0, 2, 1, 1, -2 ]
MONO 268 [ -6, 4, -1, 1, -1, 2, 2, -3, 3, -1, 5, -4 ]
MONO 269 [ -5, 2, 0, 0, 1, -2, 1, 5, -1, -1, 5, -4 ]
MONO 270 [ -5, 2, 0, 0, 2, -1, 0, 4, -1, 2, -1, -1 ]
MONO 271 [ -5, 2, 0, 1, 0, -3, 1, 8, -3, 1, 1, -2 ]
MONO 272 [ -5, 2, 1, 1, 0, 0, 0, 0, 1, 2, 1, -2 ]
MONO 273 [ -5, 2, 1, 2, -1, 0, 0, 2, -1, -1, 2, 0 ]
MONO 274 [ -5, 2, 1, 2, -1, 0, 0, 5, -2, -1, 3, -3 ]
MONO 275 [ -5, 3, 0, -3, 9, 1, -3, -1, 1, 1, 0, -2 ]
MONO 276 [ -5, 3, 0, -1, 4, 0, 0, 0, 1, 0, 2, -3 ]
MONO 277 [ -5, 3, 0, 0, 2, 1, -1, -1, 1, 0, 1, 0 ]
MONO 278 [ -5, 3, 0, 1, -1, 1, 1, -1, 1, -3, 10, -6 ]
MONO 279 [ -5, 3, 0, 1, -1, 2, 1, -1, 2, 0, 2, -3 ]
MONO 280 [ -5, 3, 0, 1, 0, 1, 0, -3, 3, -3, 9, -5 ]
MONO 281 [ -5, 3, 0, 1, 0, 2, 0, -1, 0, 0, -1, 2 ]
MONO 282 [ -5, 3, 0, 1, 0, 2, 0, 2, -1, 0, 0, -1 ]
MONO 283 [ -5, 3, 0, 2, -1, 0, 0, 0, 1, -1, 5, -3 ]
MONO 284 [ -5, 3, 0, 3, 0, 1, 0, -1, 1, -1, 3, -3 ]
MONO 285 [ -5, 4, -1, -1, 3, 0, 1, 1, 0, 0, 1, -2 ]
MONO 286 [ -5, 4, -1, 1, -1, 1, 1, -2, 2, -3, 8, -4 ]
MONO 287 [ -5, 4, -1, 1, -1, 4, 1, -3, 2, -2, 5, -4 ]
MONO 288 [ -5, 4, 1, 0, 2, 1, -1, 0, 0, 0, 1, -2 ]
MONO 289 [ -4, 0, 2, -2, 8, 1, -3, 0, 0, -1, 3, -3 ]
MONO 290 [ -4, 1, 1, -1, 5, 0, -1, 1, 0, 1, 0, -2 ]
MONO 291 [ -4, 1, 1, 0, 2, -2, -1, 5, 0, 0, 1, -2 ]
MONO 292 [ -4, 2, 0, -1, 7, 0, -3, 0, 1, 1, 0, -2 ]
MONO 293 [ -4, 2, 0, 0, 1, -1, 0, 3, -1, 3, -1, -1 ]
MONO 294 [ -4, 2, 0, 1, -1, -1, 3, 3, -1, 0, 1, -2 ]
MONO 295 [ -4, 2, 0, 1, 0, 1, 0, -1, 1, -2, 6, -3 ]
MONO 296 [ -4, 2, 0, 1, 0, 4, 0, -2, 1, -1, 3, -3 ]
MONO 297 [ -4, 2, 0, 2, -1, 0, 0, 2, -1, 0, 2, -1 ]
MONO 298 [ -4, 2, 0, 5, -2, 0, 0, 0, 1, -1, 3, -3 ]
MONO 299 [ -4, 3, -1, 2, -3, 0, 4, 1, 0, 0, 2, -3 ]
MONO 300 [ -4, 5, -1, 1, 0, -1, 0, 3, -1, 0, 1, -2 ]
MONO 301 [ -3, 0, 3, 1, 0, 1, 0, 0, 0, -1, 3, -3 ]
MONO 302 [ -2, 1, 1, 1, 0, 1, 0, -1, 1, 0, 1, -2 ]
MONO 303 [ -2, 2, 0, 0, 1, 0, 0, 0, 1, 0, 2, -3 ]
MONO 304 [ -2, 3, -1, 0, 0, 0, 1, 1, 0, 0, 1, -2 ]
MONO 305 [ -2, 5, -2, 0, 0, 0, 0, 0, 0, 0, 0, 0 ]
MONO 306 [ 1, -2, 1, -1, 1, -8, 1, 17, -4, 6, 1, -12 ]
MONO 307 [ 2, -5, 2, -10, 24, -1, -8, 1, 2, -1, 9, -14 ]
MONO 308 [ 2, -5, 2, -10, 25, 0, -9, 0, 2, 2, 3, -11 ]
MONO 309 [ 2, -5, 3, -8, 20, -1, -7, 1, 3, 1, 5, -13 ]
MONO 310 [ 2, -4, 1, -8, 19, -1, -5, 2, 1, 1, 4, -11 ]
MONO 311 [ 2, -4, 2, -4, 10, -7, -3, 15, -3, 3, 2, -12 ]
MONO 312 [ 2, -3, 1, -6, 13, -1, -4, -1, 3, 3, 10, -16 ]
MONO 313 [ 2, -3, 1, -4, 9, -3, -2, 6, 0, -1, 11, -15 ]
MONO 314 [ 2, -3, 1, -2, 5, -6, 0, 14, -3, 0, 7, -14 ]
MONO 315 [ 2, -2, 0, -1, 1, -7, 1, 15, -1, 2, 3, -12 ]
MONO 316 [ 2, -2, 0, -1, 2, -7, 2, 15, -3, 2, 4, -13 ]
MONO 317 [ 3, -5, 3, -7, 16, -1, -5, 1, 2, -1, 9, -14 ]
MONO 318 [ 3, -4, 1, -7, 15, -3, -3, 6, 0, 1, 4, -12 ]
MONO 319 [ 3, -4, 1, -5, 11, -4, -3, 12, -3, 0, 6, -13 ]
MONO 320 [ 3, -3, 0, -5, 10, -1, 0, 1, 3, 1, 5, -13 ]
MONO 321 [ 3, -3, 1, -4, 8, -2, -2, 1, 3, 3, 7, -14 ]
MONO 322 [ 3, -3, 1, -2, 4, -5, 0, 9, 0, 4, 3, -13 ]
MONO 323 [ 3, -2, 0, -3, 4, -3, 1, 4, 1, 5, 5, -14 ]
MONO 324 [ 3, -2, 0, -1, 0, -5, 3, 11, -2, 1, 6, -13 ]
MONO 325 [ 3, -2, 0, -1, 2, -1, 1, 2, 1, -3, 13, -14 ]
MONO 326 [ 4, -4, 1, -5, 10, -2, -1, 3, 1, -1, 10, -15 ]
MONO 327 [ 4, -4, 1, -4, 8, -5, -2, 11, -2, 3, 4, -13 ]
MONO 328 [ 4, -3, 0, -3, 5, -3, 0, 5, 2, -2, 12, -16 ]
MONO 329 [ 4, -3, 0, -2, 2, -6, 2, 13, -3, 2, 5, -13 ]
MONO 330 [ 4, -3, 1, -2, 2, -3, 1, 5, 1, 3, 5, -13 ]
MONO 331 [ 4, -2, 0, -2, 2, -1, 1, 0, 2, 1, 7, -11 ]
MONO 332 [ 4, -2, 0, -1, 1, -2, 1, 1, 4, 3, 5, -13 ]
MONO 333 [ 4, -2, 0, 0, 0, 1, 1, -4, 4, -7, 25, -21 ]
MONO 334 [ 4, -1, -1, -1, 0, 0, 2, -3, 6, 1, 5, -11 ]
MONO 335 [ 5, -5, 1, -7, 16, -1, -5, 2, 1, 1, 4, -11 ]
MONO 336 [ 5, -3, 0, -3, 4, -2, 0, 1, 2, 2, 11, -16 ]
MONO 337 [ 5, -3, 0, -1, 0, -4, 2, 8, -1, -2, 12, -15 ]
MONO 338 [ 5, -3, 0, -1, 2, -3, 0, 5, 1, 1, 5, -11 ]
MONO 339 [ 5, -2, -1, -1, -1, -1, 3, -2, 8, -1, 10, -16 ]
MONO 340 [ 5, -1, -1, -1, -1, -1, 2, -1, 4, -1, 14, -17 ]
MONO 341 [ 6, -5, 1, -6, 12, -3, -3, 6, 0, 1, 4, -12 ]
MONO 342 [ 6, -5, 2, -5, 10, -2, -3, 2, 2, 1, 6, -13 ]
MONO 343 [ 6, -4, 0, -3, 5, -3, 1, 5, 1, 0, 7, -14 ]
MONO 344 [ 6, -4, 1, -1, 0, -4, 1, 10, -2, -1, 9, -14 ]
MONO 345 [ 6, -3, 0, -2, 1, -3, 1, 4, 1, 5, 5, -14 ]
MONO 346 [ 6, -3, 0, -1, 0, -1, 1, 1, 2, 0, 7, -11 ]
MONO 347 [ 6, -3, 0, -1, 0, -1, 3, 2, 1, 0, 6, -12 ]
MONO 348 [ 7, -5, 1, -5, 9, 0, -2, -1, 3, 0, 8, -14 ]
MONO 349 [ 7, -5, 1, -4, 7, -2, -1, 3, 1, -1, 10, -15 ]
MONO 350 [ 7, -4, 0, -3, 3, -1, 2, 1, 2, -1, 9, -14 ]
MONO 351 [ 7, -4, 0, -3, 6, -1, -1, -1, 4, -1, 10, -15 ]
MONO 352 [ 7, -3, -1, -2, 0, -2, 4, 2, 2, 1, 6, -13 ]
MONO 353 [ 7, -3, -1, -1, -1, -1, 4, -1, 4, 1, 8, -15 ]
MONO 354 [ 7, -3, 0, -2, 0, -1, 3, -1, 3, 4, 5, -14 ]
MONO 355 [ 7, -3, 0, -2, 2, 0, 1, -2, 3, -1, 12, -16 ]
MONO 356 [ 7, -3, 0, -1, 2, -1, 0, -1, 3, 1, 7, -13 ]
MONO 357 [ 7, -3, 0, 0, -1, -1, 2, 0, 2, -2, 11, -14 ]
MONO 358 [ 7, -3, 0, 0, -1, 2, 2, -1, 2, -1, 8, -14 ]
MONO 359 [ 7, -3, 1, -1, 0, 1, 1, -2, 3, -1, 10, -15 ]
MONO 360 [ 7, -2, -1, -2, 2, -2, 1, 1, 4, 1, 6, -14 ]
MONO 361 [ 7, -2, -1, -1, -1, -1, 3, -1, 3, 1, 9, -15 ]
MONO 362 [ 7, -2, -1, -1, 1, -1, 1, 0, 2, 1, 6, -12 ]
MONO 363 [ 7, 0, -2, -2, 1, -2, 1, 2, 2, 1, 6, -13 ]
MONO 364 [ 8, -5, 1, -3, 5, -1, -1, 0, 2, 0, 7, -12 ]
MONO 365 [ 8, -5, 2, -2, 1, 0, 1, -1, 3, 0, 8, -14 ]
MONO 366 [ 8, -4, 0, -2, 1, 0, 2, 1, 2, 0, 7, -14 ]
MONO 367 [ 8, -4, 0, 0, 0, -1, 1, -1, 3, -1, 12, -16 ]
MONO 368 [ 8, -4, 1, -2, 1, 0, 1, -2, 4, 0, 6, -12 ]
MONO 369 [ 8, -4, 1, -2, 1, 2, 1, -3, 3, -2, 11, -15 ]
MONO 370 [ 8, -3, -1, -3, 3, -1, 1, 0, 4, 0, 7, -14 ]
MONO 371 [ 8, -3, -1, -2, 0, 0, 3, -1, 2, 0, 5, -10 ]
MONO 372 [ 8, -3, -1, -2, 0, 0, 3, 2, 1, 0, 6, -13 ]
MONO 373 [ 8, -3, -1, -1, 0, 1, 2, -3, 5, 0, 7, -14 ]
MONO 374 [ 8, -3, 0, -1, 0, -2, 1, 3, 1, -1, 9, -14 ]
MONO 375 [ 8, -2, -1, -2, 1, 0, 1, 0, 2, 0, 6, -12 ]
MONO 376 [ 9, -5, 0, -2, 2, -3, 1, 5, 1, 0, 7, -14 ]
MONO 377 [ 9, -5, 1, -1, 0, -2, 1, 1, 3, 0, 9, -15 ]
MONO 378 [ 9, -4, 0, -2, 0, 0, 2, 0, 2, 1, 7, -14 ]
MONO 379 [ 9, -4, 0, -2, 1, 0, 1, -2, 4, 1, 6, -13 ]
MONO 380 [ 10, -5, 0, -2, 0, -1, 2, 1, 2, -1, 9, -14 ]
MONO 381 [ 10, -5, 0, -2, 1, -3, 1, 4, 1, 1, 7, -14 ]
MONO 382 [ 1, -4, 5, -1, -1, -8, 5, 15, 0, 6, 7, -24 ]
MONO 383 [ 1, -3, 3, -1, 0, -8, 3, 16, -2, 6, 4, -18 ]
MONO 384 [ 2, -7, 6, -10, 22, -1, -4, -1, 6, -1, 15, -26 ]
MONO 385 [ 2, -7, 6, -10, 23, 0, -5, -2, 6, 2, 9, -23 ]
MONO 386 [ 2, -7, 7, -8, 18, -1, -3, -1, 7, 1, 11, -25 ]
MONO 387 [ 2, -6, 4, -10, 23, -1, -6, 0, 4, -1, 12, -20 ]
MONO 388 [ 2, -6, 4, -10, 24, 0, -7, -1, 4, 2, 6, -17 ]
MONO 389 [ 2, -6, 5, -8, 17, -1, -1, 0, 5, 1, 10, -23 ]
MONO 390 [ 2, -6, 5, -8, 19, -1, -5, 0, 5, 1, 8, -19 ]
MONO 391 [ 2, -6, 6, -4, 8, -7, 1, 13, 1, 3, 8, -24 ]
MONO 392 [ 2, -5, 3, -8, 18, -1, -3, 1, 3, 1, 7, -17 ]
MONO 393 [ 2, -5, 4, -4, 9, -7, -1, 14, -1, 3, 5, -18 ]
MONO 394 [ 2, -5, 5, -6, 11, -1, 0, -3, 7, 3, 16, -28 ]
MONO 395 [ 2, -5, 5, -4, 7, -3, 2, 4, 4, -1, 17, -27 ]
MONO 396 [ 2, -5, 5, -2, 3, -6, 4, 12, 1, 0, 13, -26 ]
MONO 397 [ 2, -4, 3, -6, 12, -1, -2, -2, 5, 3, 13, -22 ]
MONO 398 [ 2, -4, 3, -4, 8, -3, 0, 5, 2, -1, 14, -21 ]
MONO 399 [ 2, -4, 3, -2, 4, -6, 2, 13, -1, 0, 10, -20 ]
MONO 400 [ 2, -4, 4, -1, -1, -7, 5, 13, 3, 2, 9, -24 ]
MONO 401 [ 2, -4, 4, -1, 0, -7, 6, 13, 1, 2, 10, -25 ]
MONO 402 [ 2, -3, 2, -1, 0, -7, 3, 14, 1, 2, 6, -18 ]
MONO 403 [ 2, -3, 2, -1, 1, -7, 4, 14, -1, 2, 7, -19 ]
MONO 404 [ 3, -7, 7, -7, 14, -1, -1, -1, 6, -1, 15, -26 ]
MONO 405 [ 3, -6, 5, -7, 13, -3, 1, 4, 4, 1, 10, -24 ]
MONO 406 [ 3, -6, 5, -7, 15, -1, -3, 0, 4, -1, 12, -20 ]
MONO 407 [ 3, -6, 5, -5, 9, -4, 1, 10, 1, 0, 12, -25 ]
MONO 408 [ 3, -5, 3, -7, 14, -3, -1, 5, 2, 1, 7, -18 ]
MONO 409 [ 3, -5, 3, -5, 10, -4, -1, 11, -1, 0, 9, -19 ]
MONO 410 [ 3, -5, 4, -5, 8, -1, 4, -1, 7, 1, 11, -25 ]
MONO 411 [ 3, -5, 5, -4, 6, -2, 2, -1, 7, 3, 13, -26 ]
MONO 412 [ 3, -5, 5, -2, 2, -5, 4, 7, 4, 4, 9, -25 ]
MONO 413 [ 3, -4, 2, -5, 9, -1, 2, 0, 5, 1, 8, -19 ]
MONO 414 [ 3, -4, 3, -4, 7, -2, 0, 0, 5, 3, 10, -20 ]
MONO 415 [ 3, -4, 3, -2, 3, -5, 2, 8, 2, 4, 6, -19 ]
MONO 416 [ 3, -4, 4, -3, 2, -3, 5, 2, 5, 5, 11, -26 ]
MONO 417 [ 3, -4, 4, -1, -2, -5, 7, 9, 2, 1, 12, -25 ]
MONO 418 [ 3, -4, 4, -1, 0, -1, 5, 0, 5, -3, 19, -26 ]
MONO 419 [ 3, -3, 2, -3, 3, -3, 3, 3, 3, 5, 8, -20 ]
MONO 420 [ 3, -3, 2, -1, -1, -5, 5, 10, 0, 1, 9, -19 ]
MONO 421 [ 3, -3, 2, -1, 1, -1, 3, 1, 3, -3, 16, -20 ]
MONO 422 [ 4, -6, 5, -5, 8, -2, 3, 1, 5, -1, 16, -27 ]
MONO 423 [ 4, -6, 5, -4, 6, -5, 2, 9, 2, 3, 10, -25 ]
MONO 424 [ 4, -5, 3, -5, 9, -2, 1, 2, 3, -1, 13, -21 ]
MONO 425 [ 4, -5, 3, -4, 7, -5, 0, 10, 0, 3, 7, -19 ]
MONO 426 [ 4, -5, 4, -3, 3, -3, 4, 3, 6, -2, 18, -28 ]
MONO 427 [ 4, -5, 4, -2, 0, -6, 6, 11, 1, 2, 11, -25 ]
MONO 428 [ 4, -5, 5, -2, 0, -3, 5, 3, 5, 3, 11, -25 ]
MONO 429 [ 4, -4, 2, -3, 4, -3, 2, 4, 4, -2, 15, -22 ]
MONO 430 [ 4, -4, 2, -2, 1, -6, 4, 12, -1, 2, 8, -19 ]
MONO 431 [ 4, -4, 3, -2, 1, -3, 3, 4, 3, 3, 8, -19 ]
MONO 432 [ 4, -4, 4, -2, 0, -1, 5, -2, 6, 1, 13, -23 ]
MONO 433 [ 4, -4, 4, -1, -1, -2, 5, -1, 8, 3, 11, -25 ]
MONO 434 [ 4, -4, 4, 0, -2, 1, 5, -6, 8, -7, 31, -33 ]
MONO 435 [ 4, -3, 2, -2, 1, -1, 3, -1, 4, 1, 10, -17 ]
MONO 436 [ 4, -3, 2, -1, 0, -2, 3, 0, 6, 3, 8, -19 ]
MONO 437 [ 4, -3, 2, 0, -1, 1, 3, -5, 6, -7, 28, -27 ]
MONO 438 [ 4, -3, 3, -1, -2, 0, 6, -5, 10, 1, 11, -23 ]
MONO 439 [ 4, -2, 1, -1, -1, 0, 4, -4, 8, 1, 8, -17 ]
MONO 440 [ 5, -7, 5, -7, 14, -1, -1, 0, 5, 1, 10, -23 ]
MONO 441 [ 5, -6, 3, -7, 15, -1, -3, 1, 3, 1, 7, -17 ]
MONO 442 [ 5, -5, 4, -3, 2, -2, 4, -1, 6, 2, 17, -28 ]
MONO 443 [ 5, -5, 4, -1, -2, -4, 6, 6, 3, -2, 18, -27 ]
MONO 444 [ 5, -5, 4, -1, 0, -3, 4, 3, 5, 1, 11, -23 ]
MONO 445 [ 5, -4, 2, -3, 3, -2, 2, 0, 4, 2, 14, -22 ]
MONO 446 [ 5, -4, 2, -1, -1, -4, 4, 7, 1, -2, 15, -21 ]
MONO 447 [ 5, -4, 2, -1, 1, -3, 2, 4, 3, 1, 8, -17 ]
MONO 448 [ 5, -4, 3, -1, -3, -1, 7, -4, 12, -1, 16, -28 ]
MONO 449 [ 5, -3, 1, -1, -2, -1, 5, -3, 10, -1, 13, -22 ]
MONO 450 [ 5, -3, 3, -1, -3, -1, 6, -3, 8, -1, 20, -29 ]
MONO 451 [ 5, -2, 1, -1, -2, -1, 4, -2, 6, -1, 17, -23 ]
MONO 452 [ 6, -7, 5, -6, 10, -3, 1, 4, 4, 1, 10, -24 ]
MONO 453 [ 6, -7, 6, -5, 8, -2, 1, 0, 6, 1, 12, -25 ]
MONO 454 [ 6, -6, 3, -6, 11, -3, -1, 5, 2, 1, 7, -18 ]
MONO 455 [ 6, -6, 4, -5, 9, -2, -1, 1, 4, 1, 9, -19 ]
MONO 456 [ 6, -6, 4, -3, 3, -3, 5, 3, 5, 0, 13, -26 ]
MONO 457 [ 6, -6, 5, -1, -2, -4, 5, 8, 2, -1, 15, -26 ]
MONO 458 [ 6, -5, 2, -3, 4, -3, 3, 4, 3, 0, 10, -20 ]
MONO 459 [ 6, -5, 3, -1, -1, -4, 3, 9, 0, -1, 12, -20 ]
MONO 460 [ 6, -5, 4, -2, -1, -3, 5, 2, 5, 5, 11, -26 ]
MONO 461 [ 6, -5, 4, -1, -2, -1, 5, -1, 6, 0, 13, -23 ]
MONO 462 [ 6, -5, 4, -1, -2, -1, 7, 0, 5, 0, 12, -24 ]
MONO 463 [ 6, -4, 2, -2, 0, -3, 3, 3, 3, 5, 8, -20 ]
MONO 464 [ 6, -4, 2, -1, -1, -1, 3, 0, 4, 0, 10, -17 ]
MONO 465 [ 6, -4, 2, -1, -1, -1, 5, 1, 3, 0, 9, -18 ]
MONO 466 [ 7, -7, 5, -5, 7, 0, 2, -3, 7, 0, 14, -26 ]
MONO 467 [ 7, -7, 5, -4, 5, -2, 3, 1, 5, -1, 16, -27 ]
MONO 468 [ 7, -6, 3, -5, 8, 0, 0, -2, 5, 0, 11, -20 ]
MONO 469 [ 7, -6, 3, -4, 6, -2, 1, 2, 3, -1, 13, -21 ]
MONO 470 [ 7, -6, 4, -3, 1, -1, 6, -1, 6, -1, 15, -26 ]
MONO 471 [ 7, -6, 4, -3, 4, -1, 3, -3, 8, -1, 16, -27 ]
MONO 472 [ 7, -5, 2, -3, 2, -1, 4, 0, 4, -1, 12, -20 ]
MONO 473 [ 7, -5, 2, -3, 5, -1, 1, -2, 6, -1, 13, -21 ]
MONO 474 [ 7, -5, 3, -2, -2, -2, 8, 0, 6, 1, 12, -25 ]
MONO 475 [ 7, -5, 3, -1, -3, -1, 8, -3, 8, 1, 14, -27 ]
MONO 476 [ 7, -5, 4, -2, -2, -1, 7, -3, 7, 4, 11, -26 ]
MONO 477 [ 7, -5, 4, -2, 0, 0, 5, -4, 7, -1, 18, -28 ]
MONO 478 [ 7, -5, 4, -1, 0, -1, 4, -3, 7, 1, 13, -25 ]
MONO 479 [ 7, -5, 4, 0, -3, -1, 6, -2, 6, -2, 17, -26 ]
MONO 480 [ 7, -5, 4, 0, -3, 2, 6, -3, 6, -1, 14, -26 ]
MONO 481 [ 7, -5, 5, -1, -2, 1, 5, -4, 7, -1, 16, -27 ]
MONO 482 [ 7, -4, 1, -2, -1, -2, 6, 1, 4, 1, 9, -19 ]
MONO 483 [ 7, -4, 1, -1, -2, -1, 6, -2, 6, 1, 11, -21 ]
MONO 484 [ 7, -4, 2, -2, -1, -1, 5, -2, 5, 4, 8, -20 ]
MONO 485 [ 7, -4, 2, -2, 1, 0, 3, -3, 5, -1, 15, -22 ]
MONO 486 [ 7, -4, 2, -1, 1, -1, 2, -2, 5, 1, 10, -19 ]
MONO 487 [ 7, -4, 2, 0, -2, -1, 4, -1, 4, -2, 14, -20 ]
MONO 488 [ 7, -4, 2, 0, -2, 2, 4, -2, 4, -1, 11, -20 ]
MONO 489 [ 7, -4, 3, -2, 0, -2, 5, -1, 8, 1, 12, -26 ]
MONO 490 [ 7, -4, 3, -1, -3, -1, 7, -3, 7, 1, 15, -27 ]
MONO 491 [ 7, -4, 3, -1, -1, -1, 5, -2, 6, 1, 12, -24 ]
MONO 492 [ 7, -4, 3, -1, -1, 1, 3, -3, 5, -1, 13, -21 ]
MONO 493 [ 7, -3, 1, -2, 1, -2, 3, 0, 6, 1, 9, -20 ]
MONO 494 [ 7, -3, 1, -1, -2, -1, 5, -2, 5, 1, 12, -21 ]
MONO 495 [ 7, -3, 1, -1, 0, -1, 3, -1, 4, 1, 9, -18 ]
MONO 496 [ 7, -2, 2, -2, -1, -2, 5, 0, 6, 1, 12, -25 ]
MONO 497 [ 7, -1, 0, -2, 0, -2, 3, 1, 4, 1, 9, -19 ]
MONO 498 [ 8, -7, 5, -3, 3, -1, 3, -2, 6, 0, 13, -24 ]
MONO 499 [ 8, -7, 6, -2, -1, 0, 5, -3, 7, 0, 14, -26 ]
MONO 500 [ 8, -6, 3, -3, 4, -1, 1, -1, 4, 0, 10, -18 ]
MONO 501 [ 8, -6, 4, -2, -1, 0, 6, -1, 6, 0, 13, -26 ]
MONO 502 [ 8, -6, 4, -2, 0, 0, 3, -2, 5, 0, 11, -20 ]
MONO 503 [ 8, -6, 4, 0, -2, -1, 5, -3, 7, -1, 18, -28 ]
MONO 504 [ 8, -6, 5, -2, -1, 0, 5, -4, 8, 0, 12, -24 ]
MONO 505 [ 8, -6, 5, -2, -1, 2, 5, -5, 7, -2, 17, -27 ]
MONO 506 [ 8, -5, 2, -2, 0, 0, 4, 0, 4, 0, 10, -20 ]
MONO 507 [ 8, -5, 2, 0, -1, -1, 3, -2, 5, -1, 15, -22 ]
MONO 508 [ 8, -5, 3, -3, 1, -1, 5, -2, 8, 0, 13, -26 ]
MONO 509 [ 8, -5, 3, -2, -2, 0, 7, -3, 6, 0, 11, -22 ]
MONO 510 [ 8, -5, 3, -2, -2, 0, 7, 0, 5, 0, 12, -25 ]
MONO 511 [ 8, -5, 3, -2, 0, 0, 3, -3, 6, 0, 9, -18 ]
MONO 512 [ 8, -5, 3, -2, 0, 2, 3, -4, 5, -2, 14, -21 ]
MONO 513 [ 8, -5, 3, -1, -2, 1, 6, -5, 9, 0, 13, -26 ]
MONO 514 [ 8, -5, 4, -1, -2, -2, 5, 1, 5, -1, 15, -26 ]
MONO 515 [ 8, -4, 1, -3, 2, -1, 3, -1, 6, 0, 10, -20 ]
MONO 516 [ 8, -4, 1, -2, -1, 0, 5, -2, 4, 0, 8, -16 ]
MONO 517 [ 8, -4, 1, -2, -1, 0, 5, 1, 3, 0, 9, -19 ]
MONO 518 [ 8, -4, 1, -1, -1, 1, 4, -4, 7, 0, 10, -20 ]
MONO 519 [ 8, -4, 2, -1, -1, -2, 3, 2, 3, -1, 12, -20 ]
MONO 520 [ 8, -4, 3, -2, -1, 0, 5, -2, 6, 0, 12, -24 ]
MONO 521 [ 8, -3, 1, -2, 0, 0, 3, -1, 4, 0, 9, -18 ]
MONO 522 [ 9, -7, 4, -2, 0, -3, 5, 3, 5, 0, 13, -26 ]
MONO 523 [ 9, -7, 5, -1, -2, -2, 5, -1, 7, 0, 15, -27 ]
MONO 524 [ 9, -6, 2, -2, 1, -3, 3, 4, 3, 0, 10, -20 ]
MONO 525 [ 9, -6, 3, -1, -1, -2, 3, 0, 5, 0, 12, -21 ]
MONO 526 [ 9, -6, 4, -2, -2, 0, 6, -2, 6, 1, 13, -26 ]
MONO 527 [ 9, -6, 4, -2, -1, 0, 5, -4, 8, 1, 12, -25 ]
MONO 528 [ 9, -5, 2, -2, -1, 0, 4, -1, 4, 1, 10, -20 ]
MONO 529 [ 9, -5, 2, -2, 0, 0, 3, -3, 6, 1, 9, -19 ]
MONO 530 [ 10, -7, 4, -2, -2, -1, 6, -1, 6, -1, 15, -26 ]
MONO 531 [ 10, -7, 4, -2, -1, -3, 5, 2, 5, 1, 13, -26 ]
MONO 532 [ 10, -6, 2, -2, -1, -1, 4, 0, 4, -1, 12, -20 ]
MONO 533 [ 10, -6, 2, -2, 0, -3, 3, 3, 3, 1, 10, -20 ]
