=== X_0^15(2)  M=60 ===
  form  -2: c_eta(0)= +4.0000 (known 4)  inf-class=+0.0e+00  off-inf pole slots: 1  n=1/2:-1
  form  -1: c_eta(0)= +8.0000 (known 8)  inf-class=+0.0e+00  off-inf pole slots: 1  n=3/4:-1
  form   9: c_eta(0)= +0.0000 (known 0)  inf-class=+0.0e+00  off-inf pole slots: 1  n=1/2:-4
  form  10: c_eta(0)= -0.0000 (known 0)  inf-class=+0.0e+00  off-inf pole slots: 1  n=1/2:-4
  form  11: c_eta(0)= +8.0000 (known 8)  inf-class=+0.0e+00  off-inf pole slots: 1  n=1/2:-2
  form  12: c_eta(0)= +4.0000 (known 4)  inf-class=+0.0e+00  off-inf pole slots: 1  n=1/2:-5
  form  13: c_eta(0)= +8.0000 (known 8)  inf-class=+0.0e+00  off-inf pole slots: 1  n=3/4:-1
  form  14: c_eta(0)= -4.0000 (known -4)  inf-class=+0.0e+00  off-inf pole slots: 1  n=1/2:-3
  form  15: c_eta(0)= +4.0000 (known 4)  inf-class=+0.0e+00  off-inf pole slots: 1  n=1/2:-1

=== X_0^21(2)  M=84 ===
  form  -2: c_eta(0)= +4.0000  inf-class=+0.0e+00  off-inf pole slots: 1  n=1/4:-1
  form  -1: c_eta(0)= +4.0000  inf-class=+0.0e+00  off-inf pole slots: 1  n=1/4:-1
  form   9: c_eta(0)= +8.0000  inf-class=+0.0e+00  off-inf pole slots: 1  n=1/4:-2
  form  10: c_eta(0)= +4.0000  inf-class=+0.0e+00  off-inf pole slots: 1  n=1/4:-1
  form  11: c_eta(0)= +4.0000  inf-class=+0.0e+00  off-inf pole slots: 1  n=1/4:-1
  form  12: c_eta(0)= +4.0000  inf-class=+0.0e+00  off-inf pole slots: 1  n=1/4:-3
  form  13: c_eta(0)= -8.0000  inf-class=+0.0e+00  off-inf pole slots: 0
  form  14: c_eta(0)= -8.0000  inf-class=+0.0e+00  off-inf pole slots: 0
  form  15: c_eta(0)= +0.0000  inf-class=+0.0e+00  off-inf pole slots: 1  n=1/4:-2

=== X_0^22(3)  M=132 ===
  form  -2: c_eta(0)= +6.0000  inf-class=+0.0e+00  off-inf pole slots: 0
  form  -1: c_eta(0)= +6.0000  inf-class=+0.0e+00  off-inf pole slots: 0
  form   9: c_eta(0)=-12.0000  inf-class=+0.0e+00  off-inf pole slots: 0
  form  10: c_eta(0)= +6.0000  inf-class=+0.0e+00  off-inf pole slots: 0
  form  11: c_eta(0)= -6.0000  inf-class=+0.0e+00  off-inf pole slots: 0
  form  12: c_eta(0)=-18.0000  inf-class=+0.0e+00  off-inf pole slots: 0
  form  13: c_eta(0)= +6.0000  inf-class=+0.0e+00  off-inf pole slots: 0
  form  14: c_eta(0)=+12.0000  inf-class=+0.0e+00  off-inf pole slots: 0
  form  15: c_eta(0)=-12.0000  inf-class=+0.0e+00  off-inf pole slots: 0

