BASEINFO 22 5 220 24200
FORM 22 5 -2 ?
COEF 22 5 -2 oo 3 3 -3
COEF 22 5 -2 oo 6 6 3
COEF 22 5 -2 oo 10 10 1
COEF 22 5 -2 oo 11 11 2
COEF 22 5 -2 oo 15 15 1
COEF 22 5 -2 oo 22 22 -1
COEF 22 5 -2 oo 31 31 1
COEF 22 5 -2 oo 60 60 -2
COEF 22 5 -2 oo 115 115 -1
FORM 22 5 -1 ?
COEF 22 5 -1 oo 1 1 1
COEF 22 5 -1 oo 3 3 -9
COEF 22 5 -1 oo 4 4 1
COEF 22 5 -1 oo 5 5 -3
COEF 22 5 -1 oo 6 6 5
COEF 22 5 -1 oo 10 10 5
COEF 22 5 -1 oo 11 11 4
COEF 22 5 -1 oo 12 12 2
COEF 22 5 -1 oo 15 15 2
COEF 22 5 -1 oo 16 16 2
COEF 22 5 -1 oo 20 20 3
COEF 22 5 -1 oo 22 22 -5
COEF 22 5 -1 oo 31 31 6
COEF 22 5 -1 oo 44 44 -4
COEF 22 5 -1 oo 60 60 -6
COEF 22 5 -1 oo 115 115 -1
FORM 22 5 9 ?
COEF 22 5 9 oo 1 1 -3
COEF 22 5 9 oo 3 3 -18
COEF 22 5 9 oo 4 4 1
COEF 22 5 9 oo 5 5 -3
COEF 22 5 9 oo 6 6 8
COEF 22 5 9 oo 7 7 2
COEF 22 5 9 oo 8 8 2
COEF 22 5 9 oo 10 10 8
COEF 22 5 9 oo 11 11 6
COEF 22 5 9 oo 15 15 5
COEF 22 5 9 oo 16 16 2
COEF 22 5 9 oo 20 20 5
COEF 22 5 9 oo 22 22 -8
COEF 22 5 9 oo 31 31 9
COEF 22 5 9 oo 44 44 -6
COEF 22 5 9 oo 60 60 -10
COEF 22 5 9 oo 110 110 2
COEF 22 5 9 oo 115 115 -4
FORM 22 5 10 ?
COEF 22 5 10 oo 1 1 1
COEF 22 5 10 oo 3 3 -14
COEF 22 5 10 oo 4 4 1
COEF 22 5 10 oo 5 5 -3
COEF 22 5 10 oo 6 6 8
COEF 22 5 10 oo 10 10 8
COEF 22 5 10 oo 11 11 6
COEF 22 5 10 oo 12 12 4
COEF 22 5 10 oo 15 15 3
COEF 22 5 10 oo 16 16 2
COEF 22 5 10 oo 20 20 5
COEF 22 5 10 oo 22 22 -8
COEF 22 5 10 oo 31 31 9
COEF 22 5 10 oo 44 44 -6
COEF 22 5 10 oo 60 60 -10
COEF 22 5 10 oo 115 115 -2
FORM 22 5 11 ?
COEF 22 5 11 oo 1 1 -2
COEF 22 5 11 oo 3 3 -22
COEF 22 5 11 oo 4 4 2
COEF 22 5 11 oo 5 5 -6
COEF 22 5 11 oo 6 6 10
COEF 22 5 11 oo 7 7 2
COEF 22 5 11 oo 8 8 2
COEF 22 5 11 oo 10 10 10
COEF 22 5 11 oo 11 11 8
COEF 22 5 11 oo 15 15 6
COEF 22 5 11 oo 16 16 4
COEF 22 5 11 oo 20 20 6
COEF 22 5 11 oo 22 22 -10
COEF 22 5 11 oo 31 31 12
COEF 22 5 11 oo 44 44 -8
COEF 22 5 11 oo 60 60 -12
COEF 22 5 11 oo 110 110 2
COEF 22 5 11 oo 115 115 -4
FORM 22 5 12 ?
COEF 22 5 12 oo 1 1 -3
COEF 22 5 12 oo 3 3 -16
COEF 22 5 12 oo 4 4 1
COEF 22 5 12 oo 5 5 -3
COEF 22 5 12 oo 6 6 8
COEF 22 5 12 oo 7 7 2
COEF 22 5 12 oo 8 8 2
COEF 22 5 12 oo 10 10 6
COEF 22 5 12 oo 11 11 6
COEF 22 5 12 oo 12 12 -2
COEF 22 5 12 oo 15 15 5
COEF 22 5 12 oo 16 16 2
COEF 22 5 12 oo 20 20 3
COEF 22 5 12 oo 22 22 -6
COEF 22 5 12 oo 31 31 7
COEF 22 5 12 oo 44 44 -4
COEF 22 5 12 oo 60 60 -8
COEF 22 5 12 oo 110 110 2
COEF 22 5 12 oo 115 115 -4
FORM 22 5 13 ?
COEF 22 5 13 oo 3 3 -8
COEF 22 5 13 oo 6 6 6
COEF 22 5 13 oo 10 10 4
COEF 22 5 13 oo 11 11 4
COEF 22 5 13 oo 12 12 2
COEF 22 5 13 oo 15 15 2
COEF 22 5 13 oo 20 20 2
COEF 22 5 13 oo 22 22 -4
COEF 22 5 13 oo 31 31 4
COEF 22 5 13 oo 44 44 -2
COEF 22 5 13 oo 60 60 -6
COEF 22 5 13 oo 115 115 -2
FORM 22 5 14 ?
COEF 22 5 14 oo 1 1 1
COEF 22 5 14 oo 3 3 -12
COEF 22 5 14 oo 4 4 1
COEF 22 5 14 oo 5 5 -3
COEF 22 5 14 oo 6 6 8
COEF 22 5 14 oo 10 10 6
COEF 22 5 14 oo 11 11 6
COEF 22 5 14 oo 12 12 2
COEF 22 5 14 oo 15 15 3
COEF 22 5 14 oo 16 16 2
COEF 22 5 14 oo 20 20 3
COEF 22 5 14 oo 22 22 -6
COEF 22 5 14 oo 31 31 7
COEF 22 5 14 oo 44 44 -4
COEF 22 5 14 oo 60 60 -8
COEF 22 5 14 oo 115 115 -2
FORM 22 5 15 ?
COEF 22 5 15 oo 1 1 -2
COEF 22 5 15 oo 3 3 -30
COEF 22 5 15 oo 4 4 2
COEF 22 5 15 oo 5 5 -6
COEF 22 5 15 oo 6 6 16
COEF 22 5 15 oo 7 7 2
COEF 22 5 15 oo 8 8 2
COEF 22 5 15 oo 10 10 14
COEF 22 5 15 oo 11 11 12
COEF 22 5 15 oo 12 12 2
COEF 22 5 15 oo 15 15 8
COEF 22 5 15 oo 16 16 4
COEF 22 5 15 oo 20 20 8
COEF 22 5 15 oo 22 22 -14
COEF 22 5 15 oo 31 31 16
COEF 22 5 15 oo 44 44 -10
COEF 22 5 15 oo 60 60 -18
COEF 22 5 15 oo 110 110 2
COEF 22 5 15 oo 115 115 -6
PREF 22 5 oo 1 0 1 1/2 1 4 48/55 432/605
LOCW 22 5 oo 1 0 2 0 -5/2
LOCW 22 5 oo 1 0 5 2 1
LOCW 22 5 oo 1 0 11 0 -1
PREF 22 5 oo 3 0 3 1 1 6 108/55 384/605
LOCW 22 5 oo 3 0 2 3/2 1
LOCW 22 5 oo 3 0 3 8/9 -2/9
LOCW 22 5 oo 3 0 5 0 -1
LOCW 22 5 oo 3 0 11 0 -1
PREF 22 5 oo 4 0 4 1 1 4 48/55 432/605
LOCW 22 5 oo 4 0 2 0 -13/4
LOCW 22 5 oo 4 0 5 2 1
LOCW 22 5 oo 4 0 11 0 -1
PREF 22 5 oo 5 0 5 1/2 2 2 12/11 432/605
LOCW 22 5 oo 5 0 2 1 1/2
LOCW 22 5 oo 5 0 5 4/5 -2/5
LOCW 22 5 oo 5 0 11 0 -1
PREF 22 5 oo 6 0 6 1/2 2 2 8/11 384/605
LOCW 22 5 oo 6 0 2 3/2 1
LOCW 22 5 oo 6 0 3 8/9 -2/9
LOCW 22 5 oo 6 0 5 2 1
LOCW 22 5 oo 6 0 11 2 1
PREF 22 5 oo 7 0 7 1 1 2 6/11 20736/29645
LOCW 22 5 oo 7 0 2 3/2 1
LOCW 22 5 oo 7 0 5 0 -1
LOCW 22 5 oo 7 0 7 48/49 -2/49
LOCW 22 5 oo 7 0 11 2 1
PREF 22 5 oo 8 0 8 1 1 2 12/11 432/605
LOCW 22 5 oo 8 0 2 3/4 0
LOCW 22 5 oo 8 0 5 0 -1
LOCW 22 5 oo 8 0 11 2 1
PREF 22 5 oo 10 0 10 1/2 2 2 10/11 432/605
LOCW 22 5 oo 10 0 2 3/2 1
LOCW 22 5 oo 10 0 5 4/5 -2/5
LOCW 22 5 oo 10 0 11 2 1
PREF 22 5 oo 11 0 11 1 1 2 6/5 432/605
LOCW 22 5 oo 11 0 2 3/2 1
LOCW 22 5 oo 11 0 5 2 1
LOCW 22 5 oo 11 0 11 12/11 2/11
PREF 22 5 oo 12 0 12 2 1 6 108/55 384/605
LOCW 22 5 oo 12 0 2 3/4 0
LOCW 22 5 oo 12 0 3 8/9 -2/9
LOCW 22 5 oo 12 0 5 0 -1
LOCW 22 5 oo 12 0 11 0 -1
PREF 22 5 oo 15 0 15 1 2 2 6/11 384/605
LOCW 22 5 oo 15 0 2 3/2 1
LOCW 22 5 oo 15 0 3 8/9 -2/9
LOCW 22 5 oo 15 0 5 4/5 -2/5
LOCW 22 5 oo 15 0 11 0 -1
PREF 22 5 oo 16 0 16 2 1 4 48/55 432/605
LOCW 22 5 oo 16 0 2 0 -29/8
LOCW 22 5 oo 16 0 5 2 1
LOCW 22 5 oo 16 0 11 0 -1
PREF 22 5 oo 20 0 20 1 2 2 12/11 432/605
LOCW 22 5 oo 20 0 2 1/2 -3/4
LOCW 22 5 oo 20 0 5 4/5 -2/5
LOCW 22 5 oo 20 0 11 0 -1
PREF 22 5 oo 22 0 22 1/2 2 2 6/5 432/605
LOCW 22 5 oo 22 0 2 3/2 1
LOCW 22 5 oo 22 0 5 0 -1
LOCW 22 5 oo 22 0 11 12/11 2/11
PREF 22 5 oo 31 0 31 1 3 2 24/55 82944/116281
LOCW 22 5 oo 31 0 2 3/2 1
LOCW 22 5 oo 31 0 5 2 1
LOCW 22 5 oo 31 0 11 0 -1
LOCW 22 5 oo 31 0 31 960/961 -2/961
PREF 22 5 oo 44 0 44 2 1 2 6/5 432/605
LOCW 22 5 oo 44 0 2 3/4 0
LOCW 22 5 oo 44 0 5 2 1
LOCW 22 5 oo 44 0 11 12/11 2/11
PREF 22 5 oo 60 0 60 2 2 2 6/11 384/605
LOCW 22 5 oo 60 0 2 3/4 0
LOCW 22 5 oo 60 0 3 8/9 -2/9
LOCW 22 5 oo 60 0 5 4/5 -2/5
LOCW 22 5 oo 60 0 11 0 -1
PREF 22 5 oo 110 0 110 1/2 12 2 1 432/605
LOCW 22 5 oo 110 0 2 3/2 1
LOCW 22 5 oo 110 0 5 4/5 -2/5
LOCW 22 5 oo 110 0 11 12/11 2/11
PREF 22 5 oo 115 0 115 1 2 2 18/11 20736/29095
LOCW 22 5 oo 115 0 2 3/2 1
LOCW 22 5 oo 115 0 5 4/5 -2/5
LOCW 22 5 oo 115 0 11 0 -1
LOCW 22 5 oo 115 0 23 528/529 -2/529
DONE
