BASEINFO 46 3 276 38088
FORM 46 3 -2 ?
COEF 46 3 -2 oo 1 1 3/8
COEF 46 3 -2 oo 2 2 1/4
COEF 46 3 -2 oo 4 4 3/2
COEF 46 3 -2 oo 5 5 -1/2
COEF 46 3 -2 oo 6 6 -1/2
COEF 46 3 -2 oo 8 8 3/4
COEF 46 3 -2 oo 11 11 -1/2
COEF 46 3 -2 oo 13 13 1
COEF 46 3 -2 oo 16 16 -7/4
COEF 46 3 -2 oo 19 19 -3/8
COEF 46 3 -2 oo 23 23 1/2
COEF 46 3 -2 oo 24 24 1/2
COEF 46 3 -2 oo 25 25 1/2
COEF 46 3 -2 oo 32 32 1
COEF 46 3 -2 oo 95 95 1/2
COEF 46 3 -2 oo 115 115 -3/8
COEF 46 3 -2 oo 119 119 -1/4
COEF 46 3 -2 oo 121 121 1/8
COEF 46 3 -2 oo 123 123 -1
FORM 46 3 -1 ?
COEF 46 3 -1 oo 1 1 77/8
COEF 46 3 -1 oo 2 2 23/4
COEF 46 3 -1 oo 3 3 -2
COEF 46 3 -1 oo 4 4 33/2
COEF 46 3 -1 oo 5 5 5/2
COEF 46 3 -1 oo 6 6 9/2
COEF 46 3 -1 oo 8 8 -7/4
COEF 46 3 -1 oo 11 11 5/2
COEF 46 3 -1 oo 12 12 8
COEF 46 3 -1 oo 13 13 10
COEF 46 3 -1 oo 16 16 -5/4
COEF 46 3 -1 oo 19 19 -21/8
COEF 46 3 -1 oo 23 23 -5/2
COEF 46 3 -1 oo 24 24 -5/2
COEF 46 3 -1 oo 25 25 1/2
COEF 46 3 -1 oo 27 27 4
COEF 46 3 -1 oo 32 32 -4
COEF 46 3 -1 oo 95 95 -7/2
COEF 46 3 -1 oo 96 96 -2
COEF 46 3 -1 oo 108 108 -4
COEF 46 3 -1 oo 115 115 -21/8
COEF 46 3 -1 oo 119 119 -3/4
COEF 46 3 -1 oo 121 121 31/8
COEF 46 3 -1 oo 123 123 -1
FORM 46 3 9 ?
COEF 46 3 9 oo 2 2 -12
COEF 46 3 9 oo 3 3 -8
COEF 46 3 9 oo 4 4 14
COEF 46 3 9 oo 5 5 2
COEF 46 3 9 oo 6 6 2
COEF 46 3 9 oo 7 7 2
COEF 46 3 9 oo 8 8 10
COEF 46 3 9 oo 9 9 -2
COEF 46 3 9 oo 10 10 -2
COEF 46 3 9 oo 11 11 2
COEF 46 3 9 oo 12 12 10
COEF 46 3 9 oo 13 13 14
COEF 46 3 9 oo 16 16 -6
COEF 46 3 9 oo 19 19 2
COEF 46 3 9 oo 23 23 8
COEF 46 3 9 oo 25 25 -4
COEF 46 3 9 oo 32 32 2
COEF 46 3 9 oo 36 36 2
COEF 46 3 9 oo 39 39 14
COEF 46 3 9 oo 47 47 4
COEF 46 3 9 oo 48 48 4
COEF 46 3 9 oo 69 69 2
COEF 46 3 9 oo 92 92 8
COEF 46 3 9 oo 123 123 -6
COEF 46 3 9 oo 138 138 2
FORM 46 3 10 ?
COEF 46 3 10 oo 1 1 61/4
COEF 46 3 10 oo 2 2 7/2
COEF 46 3 10 oo 3 3 -8
COEF 46 3 10 oo 4 4 23
COEF 46 3 10 oo 5 5 5
COEF 46 3 10 oo 6 6 7
COEF 46 3 10 oo 8 8 -3/2
COEF 46 3 10 oo 10 10 -2
COEF 46 3 10 oo 11 11 7
COEF 46 3 10 oo 12 12 14
COEF 46 3 10 oo 13 13 14
COEF 46 3 10 oo 16 16 -17/2
COEF 46 3 10 oo 19 19 -13/4
COEF 46 3 10 oo 23 23 1
COEF 46 3 10 oo 24 24 -3
COEF 46 3 10 oo 25 25 1
COEF 46 3 10 oo 27 27 2
COEF 46 3 10 oo 69 69 2
COEF 46 3 10 oo 92 92 6
COEF 46 3 10 oo 95 95 -5
COEF 46 3 10 oo 96 96 -4
COEF 46 3 10 oo 108 108 -2
COEF 46 3 10 oo 115 115 -13/4
COEF 46 3 10 oo 119 119 -3/2
COEF 46 3 10 oo 121 121 23/4
COEF 46 3 10 oo 123 123 -4
FORM 46 3 11 ?
COEF 46 3 11 oo 2 2 -4
COEF 46 3 11 oo 3 3 -4
COEF 46 3 11 oo 4 4 8
COEF 46 3 11 oo 5 5 2
COEF 46 3 11 oo 7 7 2
COEF 46 3 11 oo 8 8 4
COEF 46 3 11 oo 9 9 -2
COEF 46 3 11 oo 12 12 4
COEF 46 3 11 oo 13 13 8
COEF 46 3 11 oo 16 16 -4
COEF 46 3 11 oo 19 19 2
COEF 46 3 11 oo 23 23 4
COEF 46 3 11 oo 24 24 2
COEF 46 3 11 oo 25 25 -2
COEF 46 3 11 oo 32 32 2
COEF 46 3 11 oo 36 36 2
COEF 46 3 11 oo 39 39 6
COEF 46 3 11 oo 92 92 4
COEF 46 3 11 oo 123 123 -4
COEF 46 3 11 oo 138 138 2
FORM 46 3 12 ?
COEF 46 3 12 oo 1 1 -2
COEF 46 3 12 oo 2 2 -6
COEF 46 3 12 oo 3 3 -6
COEF 46 3 12 oo 4 4 8
COEF 46 3 12 oo 5 5 4
COEF 46 3 12 oo 6 6 -2
COEF 46 3 12 oo 7 7 2
COEF 46 3 12 oo 8 8 4
COEF 46 3 12 oo 9 9 -2
COEF 46 3 12 oo 10 10 -2
COEF 46 3 12 oo 11 11 4
COEF 46 3 12 oo 12 12 4
COEF 46 3 12 oo 13 13 8
COEF 46 3 12 oo 16 16 -6
COEF 46 3 12 oo 19 19 2
COEF 46 3 12 oo 23 23 2
COEF 46 3 12 oo 24 24 2
COEF 46 3 12 oo 25 25 -2
COEF 46 3 12 oo 32 32 2
COEF 46 3 12 oo 36 36 2
COEF 46 3 12 oo 39 39 6
COEF 46 3 12 oo 48 48 2
COEF 46 3 12 oo 69 69 2
COEF 46 3 12 oo 92 92 4
COEF 46 3 12 oo 123 123 -4
COEF 46 3 12 oo 138 138 2
FORM 46 3 13 ?
COEF 46 3 13 oo 1 1 59/4
COEF 46 3 13 oo 2 2 17/2
COEF 46 3 13 oo 3 3 -4
COEF 46 3 13 oo 4 4 25
COEF 46 3 13 oo 5 5 5
COEF 46 3 13 oo 6 6 7
COEF 46 3 13 oo 8 8 -5/2
COEF 46 3 13 oo 11 11 5
COEF 46 3 13 oo 12 12 10
COEF 46 3 13 oo 13 13 14
COEF 46 3 13 oo 16 16 -7/2
COEF 46 3 13 oo 19 19 -19/4
COEF 46 3 13 oo 23 23 -5
COEF 46 3 13 oo 24 24 -3
COEF 46 3 13 oo 25 25 1
COEF 46 3 13 oo 27 27 6
COEF 46 3 13 oo 32 32 -6
COEF 46 3 13 oo 95 95 -5
COEF 46 3 13 oo 96 96 -2
COEF 46 3 13 oo 108 108 -6
COEF 46 3 13 oo 115 115 -19/4
COEF 46 3 13 oo 119 119 -1/2
COEF 46 3 13 oo 121 121 25/4
COEF 46 3 13 oo 123 123 -2
FORM 46 3 14 ?
COEF 46 3 14 oo 1 1 47/4
COEF 46 3 14 oo 2 2 5/2
COEF 46 3 14 oo 3 3 -8
COEF 46 3 14 oo 4 4 19
COEF 46 3 14 oo 5 5 5
COEF 46 3 14 oo 6 6 5
COEF 46 3 14 oo 8 8 -1/2
COEF 46 3 14 oo 10 10 -2
COEF 46 3 14 oo 11 11 7
COEF 46 3 14 oo 12 12 8
COEF 46 3 14 oo 13 13 10
COEF 46 3 14 oo 16 16 -19/2
COEF 46 3 14 oo 19 19 -15/4
COEF 46 3 14 oo 23 23 -1
COEF 46 3 14 oo 24 24 -1
COEF 46 3 14 oo 25 25 1
COEF 46 3 14 oo 27 27 2
COEF 46 3 14 oo 69 69 2
COEF 46 3 14 oo 92 92 4
COEF 46 3 14 oo 95 95 -3
COEF 46 3 14 oo 96 96 -2
COEF 46 3 14 oo 108 108 -2
COEF 46 3 14 oo 115 115 -15/4
COEF 46 3 14 oo 119 119 -1/2
COEF 46 3 14 oo 121 121 21/4
COEF 46 3 14 oo 123 123 -4
FORM 46 3 15 ?
COEF 46 3 15 oo 1 1 4
COEF 46 3 15 oo 2 2 -6
COEF 46 3 15 oo 3 3 -2
COEF 46 3 15 oo 4 4 8
COEF 46 3 15 oo 6 6 2
COEF 46 3 15 oo 7 7 2
COEF 46 3 15 oo 8 8 6
COEF 46 3 15 oo 11 11 -2
COEF 46 3 15 oo 12 12 6
COEF 46 3 15 oo 13 13 10
COEF 46 3 15 oo 16 16 -4
COEF 46 3 15 oo 19 19 2
COEF 46 3 15 oo 23 23 6
COEF 46 3 15 oo 24 24 -2
COEF 46 3 15 oo 32 32 2
COEF 46 3 15 oo 39 39 6
COEF 46 3 15 oo 47 47 4
COEF 46 3 15 oo 48 48 2
COEF 46 3 15 oo 92 92 4
COEF 46 3 15 oo 123 123 -4
COEF 46 3 15 oo 138 138 2
PREF 46 3 oo 1 0 1 1/2 1 4 32/23 352/529
LOCW 46 3 oo 1 0 2 0 -5/2
LOCW 46 3 oo 1 0 3 2 1
LOCW 46 3 oo 1 0 23 0 -1
PREF 46 3 oo 2 0 2 1/2 1 2 16/23 352/529
LOCW 46 3 oo 2 0 2 3/2 1
LOCW 46 3 oo 2 0 3 0 -1
LOCW 46 3 oo 2 0 23 0 -1
PREF 46 3 oo 3 0 3 1 1 6 36/23 352/529
LOCW 46 3 oo 3 0 2 3/2 1
LOCW 46 3 oo 3 0 3 2/3 -2/3
LOCW 46 3 oo 3 0 23 0 -1
PREF 46 3 oo 4 0 4 1 1 4 32/23 352/529
LOCW 46 3 oo 4 0 2 0 -13/4
LOCW 46 3 oo 4 0 3 2 1
LOCW 46 3 oo 4 0 23 0 -1
PREF 46 3 oo 5 0 5 1/2 2 2 44/69 8448/13225
LOCW 46 3 oo 5 0 2 1 1/2
LOCW 46 3 oo 5 0 3 0 -1
LOCW 46 3 oo 5 0 5 24/25 -2/25
LOCW 46 3 oo 5 0 23 2 1
PREF 46 3 oo 6 0 6 1/2 2 2 24/23 352/529
LOCW 46 3 oo 6 0 2 3/2 1
LOCW 46 3 oo 6 0 3 2/3 -2/3
LOCW 46 3 oo 6 0 23 0 -1
PREF 46 3 oo 7 0 7 1 1 2 44/69 16896/25921
LOCW 46 3 oo 7 0 2 3/2 1
LOCW 46 3 oo 7 0 3 2 1
LOCW 46 3 oo 7 0 7 48/49 -2/49
LOCW 46 3 oo 7 0 23 2 1
PREF 46 3 oo 8 0 8 1 1 2 16/23 352/529
LOCW 46 3 oo 8 0 2 3/4 0
LOCW 46 3 oo 8 0 3 0 -1
LOCW 46 3 oo 8 0 23 0 -1
PREF 46 3 oo 9 0 9 3/2 1 4 32/23 352/529
LOCW 46 3 oo 9 0 2 0 -5/2
LOCW 46 3 oo 9 0 3 2 7/3
LOCW 46 3 oo 9 0 23 0 -1
PREF 46 3 oo 10 0 10 1/2 2 2 88/69 8448/13225
LOCW 46 3 oo 10 0 2 3/2 1
LOCW 46 3 oo 10 0 3 2 1
LOCW 46 3 oo 10 0 5 24/25 -2/25
LOCW 46 3 oo 10 0 23 2 1
PREF 46 3 oo 11 0 11 1 1 2 22/23 3840/5819
LOCW 46 3 oo 11 0 2 3/2 1
LOCW 46 3 oo 11 0 3 0 -1
LOCW 46 3 oo 11 0 11 120/121 -2/121
LOCW 46 3 oo 11 0 23 2 1
PREF 46 3 oo 12 0 12 2 1 6 36/23 352/529
LOCW 46 3 oo 12 0 2 3/4 0
LOCW 46 3 oo 12 0 3 2/3 -2/3
LOCW 46 3 oo 12 0 23 0 -1
PREF 46 3 oo 13 0 13 1/2 2 2 32/23 59136/89401
LOCW 46 3 oo 13 0 2 1 1/2
LOCW 46 3 oo 13 0 3 2 1
LOCW 46 3 oo 13 0 13 168/169 -2/169
LOCW 46 3 oo 13 0 23 0 -1
PREF 46 3 oo 16 0 16 2 1 4 32/23 352/529
LOCW 46 3 oo 16 0 2 0 -29/8
LOCW 46 3 oo 16 0 3 2 1
LOCW 46 3 oo 16 0 23 0 -1
PREF 46 3 oo 19 0 19 1 1 2 44/23 126720/190969
LOCW 46 3 oo 19 0 2 3/2 1
LOCW 46 3 oo 19 0 3 2 1
LOCW 46 3 oo 19 0 19 360/361 -2/361
LOCW 46 3 oo 19 0 23 2 1
PREF 46 3 oo 23 0 23 1 3 2 1/3 352/529
LOCW 46 3 oo 23 0 2 3/2 1
LOCW 46 3 oo 23 0 3 0 -1
LOCW 46 3 oo 23 0 23 24/23 2/23
PREF 46 3 oo 24 0 24 1 2 2 24/23 352/529
LOCW 46 3 oo 24 0 2 3/4 0
LOCW 46 3 oo 24 0 3 2/3 -2/3
LOCW 46 3 oo 24 0 23 0 -1
PREF 46 3 oo 25 0 25 5/2 1 4 128/115 8448/13225
LOCW 46 3 oo 25 0 2 0 -5/2
LOCW 46 3 oo 25 0 3 2 1
LOCW 46 3 oo 25 0 5 6/5 11/25
LOCW 46 3 oo 25 0 23 0 -1
PREF 46 3 oo 27 0 27 3 1 6 36/23 352/529
LOCW 46 3 oo 27 0 2 3/2 1
LOCW 46 3 oo 27 0 3 14/9 8/9
LOCW 46 3 oo 27 0 23 0 -1
PREF 46 3 oo 32 0 32 2 1 2 16/23 352/529
LOCW 46 3 oo 32 0 2 3/8 -5/4
LOCW 46 3 oo 32 0 3 0 -1
LOCW 46 3 oo 32 0 23 0 -1
PREF 46 3 oo 36 0 36 3 1 4 32/23 352/529
LOCW 46 3 oo 36 0 2 0 -13/4
LOCW 46 3 oo 36 0 3 2 7/3
LOCW 46 3 oo 36 0 23 0 -1
PREF 46 3 oo 39 0 39 1 4 2 12/23 59136/89401
LOCW 46 3 oo 39 0 2 3/2 1
LOCW 46 3 oo 39 0 3 2/3 -2/3
LOCW 46 3 oo 39 0 13 168/169 -2/169
LOCW 46 3 oo 39 0 23 0 -1
PREF 46 3 oo 47 0 47 1 5 2 8/23 33792/50807
LOCW 46 3 oo 47 0 2 3/2 1
LOCW 46 3 oo 47 0 3 0 -1
LOCW 46 3 oo 47 0 23 0 -1
LOCW 46 3 oo 47 0 47 2208/2209 -2/2209
PREF 46 3 oo 48 0 48 4 1 6 36/23 352/529
LOCW 46 3 oo 48 0 2 3/8 -5/4
LOCW 46 3 oo 48 0 3 2/3 -2/3
LOCW 46 3 oo 48 0 23 0 -1
PREF 46 3 oo 69 0 69 1/2 8 2 1 352/529
LOCW 46 3 oo 69 0 2 1 1/2
LOCW 46 3 oo 69 0 3 2/3 -2/3
LOCW 46 3 oo 69 0 23 24/23 2/23
PREF 46 3 oo 92 0 92 2 3 2 1/3 352/529
LOCW 46 3 oo 92 0 2 3/4 0
LOCW 46 3 oo 92 0 3 0 -1
LOCW 46 3 oo 92 0 23 24/23 2/23
PREF 46 3 oo 95 0 95 1 8 2 8/23 608256/954845
LOCW 46 3 oo 95 0 2 3/2 1
LOCW 46 3 oo 95 0 3 0 -1
LOCW 46 3 oo 95 0 5 24/25 -2/25
LOCW 46 3 oo 95 0 19 360/361 -2/361
LOCW 46 3 oo 95 0 23 0 -1
PREF 46 3 oo 96 0 96 2 2 2 24/23 352/529
LOCW 46 3 oo 96 0 2 3/8 -5/4
LOCW 46 3 oo 96 0 3 2/3 -2/3
LOCW 46 3 oo 96 0 23 0 -1
PREF 46 3 oo 108 0 108 6 1 6 36/23 352/529
LOCW 46 3 oo 108 0 2 3/4 0
LOCW 46 3 oo 108 0 3 14/9 8/9
LOCW 46 3 oo 108 0 23 0 -1
PREF 46 3 oo 115 0 115 1 2 2 2 8448/13225
LOCW 46 3 oo 115 0 2 3/2 1
LOCW 46 3 oo 115 0 3 2 1
LOCW 46 3 oo 115 0 5 24/25 -2/25
LOCW 46 3 oo 115 0 23 24/23 2/23
PREF 46 3 oo 119 0 119 1 10 2 8/23 4866048/7491169
LOCW 46 3 oo 119 0 2 3/2 1
LOCW 46 3 oo 119 0 3 0 -1
LOCW 46 3 oo 119 0 7 48/49 -2/49
LOCW 46 3 oo 119 0 17 288/289 -2/289
LOCW 46 3 oo 119 0 23 0 -1
PREF 46 3 oo 121 0 121 11/2 1 4 384/253 3840/5819
LOCW 46 3 oo 121 0 2 0 -5/2
LOCW 46 3 oo 121 0 3 2 1
LOCW 46 3 oo 121 0 11 12/11 23/121
LOCW 46 3 oo 121 0 23 0 -1
PREF 46 3 oo 123 0 123 1 2 2 36/23 591360/889249
LOCW 46 3 oo 123 0 2 3/2 1
LOCW 46 3 oo 123 0 3 2/3 -2/3
LOCW 46 3 oo 123 0 23 0 -1
LOCW 46 3 oo 123 0 41 1680/1681 -2/1681
PREF 46 3 oo 138 0 138 1/2 8 2 1 352/529
LOCW 46 3 oo 138 0 2 3/2 1
LOCW 46 3 oo 138 0 3 2/3 -2/3
LOCW 46 3 oo 138 0 23 24/23 2/23
DONE
