BASEINFO 14 5 140 9800
FORM 14 5 -2 1
COEF 14 5 -2 oo 1 1 -1
COEF 14 5 -2 oo 2 2 2
COEF 14 5 -2 oo 4 4 -1
COEF 14 5 -2 oo 6 6 -1
COEF 14 5 -2 oo 15 15 -2
COEF 14 5 -2 oo 16 16 -2
COEF 14 5 -2 oo 91 91 1
FORM 14 5 -1 1
COEF 14 5 -1 oo 1 1 -1
COEF 14 5 -1 oo 2 2 2
COEF 14 5 -1 oo 4 4 -1
COEF 14 5 -1 oo 11 11 1
COEF 14 5 -1 oo 15 15 -2
COEF 14 5 -1 oo 16 16 -2
FORM 14 5 9 ?
COEF 14 5 9 oo 1 1 -6
COEF 14 5 9 oo 2 2 6
COEF 14 5 9 oo 3 3 2
COEF 14 5 9 oo 4 4 -2
COEF 14 5 9 oo 7 7 2
COEF 14 5 9 oo 35 35 2
COEF 14 5 9 oo 70 70 2
FORM 14 5 10 ?
COEF 14 5 10 oo 1 1 -4
COEF 14 5 10 oo 2 2 4
COEF 14 5 10 oo 3 3 2
COEF 14 5 10 oo 4 4 -4
COEF 14 5 10 oo 6 6 -2
COEF 14 5 10 oo 7 7 2
COEF 14 5 10 oo 10 10 2
COEF 14 5 10 oo 14 14 2
COEF 14 5 10 oo 15 15 -2
COEF 14 5 10 oo 16 16 -4
COEF 14 5 10 oo 35 35 2
FORM 14 5 11 ?
COEF 14 5 11 oo 1 1 -6
COEF 14 5 11 oo 2 2 6
COEF 14 5 11 oo 4 4 -2
COEF 14 5 11 oo 6 6 2
COEF 14 5 11 oo 10 10 -2
COEF 14 5 11 oo 14 14 2
COEF 14 5 11 oo 15 15 -2
COEF 14 5 11 oo 16 16 -4
COEF 14 5 11 oo 70 70 2
FORM 14 5 12 ?
COEF 14 5 12 oo 1 1 -8
COEF 14 5 12 oo 2 2 8
COEF 14 5 12 oo 3 3 2
COEF 14 5 12 oo 4 4 -4
COEF 14 5 12 oo 7 7 2
COEF 14 5 12 oo 14 14 2
COEF 14 5 12 oo 15 15 -2
COEF 14 5 12 oo 16 16 -4
COEF 14 5 12 oo 35 35 2
COEF 14 5 12 oo 70 70 2
FORM 14 5 13 ?
COEF 14 5 13 oo 1 1 -2
COEF 14 5 13 oo 2 2 2
COEF 14 5 13 oo 4 4 -2
COEF 14 5 13 oo 14 14 2
COEF 14 5 13 oo 15 15 -2
COEF 14 5 13 oo 16 16 -4
FORM 14 5 14 ?
COEF 14 5 14 oo 1 1 -2
COEF 14 5 14 oo 2 2 2
COEF 14 5 14 oo 3 3 2
COEF 14 5 14 oo 4 4 -2
COEF 14 5 14 oo 6 6 -2
COEF 14 5 14 oo 7 7 2
COEF 14 5 14 oo 10 10 2
COEF 14 5 14 oo 35 35 2
FORM 14 5 15 ?
COEF 14 5 15 oo 1 1 -4
COEF 14 5 15 oo 2 2 4
COEF 14 5 15 oo 6 6 2
COEF 14 5 15 oo 10 10 -2
COEF 14 5 15 oo 70 70 2
PREF 14 5 oo 1 0 1 1/2 1 4 32/35 864/1225
LOCW 14 5 oo 1 0 2 0 -5/2
LOCW 14 5 oo 1 0 5 2 1
LOCW 14 5 oo 1 0 7 0 -1
PREF 14 5 oo 2 0 2 1/2 1 2 48/35 864/1225
LOCW 14 5 oo 2 0 2 3/2 1
LOCW 14 5 oo 2 0 5 0 -1
LOCW 14 5 oo 2 0 7 0 -1
PREF 14 5 oo 3 0 3 1 1 6 54/35 768/1225
LOCW 14 5 oo 3 0 2 3/2 1
LOCW 14 5 oo 3 0 3 8/9 -2/9
LOCW 14 5 oo 3 0 5 0 -1
LOCW 14 5 oo 3 0 7 2 1
PREF 14 5 oo 4 0 4 1 1 4 32/35 864/1225
LOCW 14 5 oo 4 0 2 0 -13/4
LOCW 14 5 oo 4 0 5 2 1
LOCW 14 5 oo 4 0 7 0 -1
PREF 14 5 oo 6 0 6 1/2 2 2 24/35 768/1225
LOCW 14 5 oo 6 0 2 3/2 1
LOCW 14 5 oo 6 0 3 8/9 -2/9
LOCW 14 5 oo 6 0 5 2 1
LOCW 14 5 oo 6 0 7 2 1
PREF 14 5 oo 7 0 7 1 1 2 3/5 864/1225
LOCW 14 5 oo 7 0 2 3/2 1
LOCW 14 5 oo 7 0 5 0 -1
LOCW 14 5 oo 7 0 7 8/7 2/7
PREF 14 5 oo 10 0 10 1/2 2 2 6/7 864/1225
LOCW 14 5 oo 10 0 2 3/2 1
LOCW 14 5 oo 10 0 5 4/5 -2/5
LOCW 14 5 oo 10 0 7 2 1
PREF 14 5 oo 11 0 11 1 1 2 48/35 20736/29645
LOCW 14 5 oo 11 0 2 3/2 1
LOCW 14 5 oo 11 0 5 2 1
LOCW 14 5 oo 11 0 7 0 -1
LOCW 14 5 oo 11 0 11 120/121 -2/121
PREF 14 5 oo 14 0 14 1/2 4 2 4/5 864/1225
LOCW 14 5 oo 14 0 2 3/2 1
LOCW 14 5 oo 14 0 5 2 1
LOCW 14 5 oo 14 0 7 8/7 2/7
PREF 14 5 oo 15 0 15 1 2 2 4/7 768/1225
LOCW 14 5 oo 15 0 2 3/2 1
LOCW 14 5 oo 15 0 3 8/9 -2/9
LOCW 14 5 oo 15 0 5 4/5 -2/5
LOCW 14 5 oo 15 0 7 0 -1
PREF 14 5 oo 16 0 16 2 1 4 32/35 864/1225
LOCW 14 5 oo 16 0 2 0 -29/8
LOCW 14 5 oo 16 0 5 2 1
LOCW 14 5 oo 16 0 7 0 -1
PREF 14 5 oo 35 0 35 1 2 2 3/2 864/1225
LOCW 14 5 oo 35 0 2 3/2 1
LOCW 14 5 oo 35 0 5 4/5 -2/5
LOCW 14 5 oo 35 0 7 8/7 2/7
PREF 14 5 oo 70 0 70 1/2 4 2 1 864/1225
LOCW 14 5 oo 70 0 2 3/2 1
LOCW 14 5 oo 70 0 5 4/5 -2/5
LOCW 14 5 oo 70 0 7 8/7 2/7
PREF 14 5 oo 91 0 91 1 2 2 6/5 20736/29575
LOCW 14 5 oo 91 0 2 3/2 1
LOCW 14 5 oo 91 0 5 2 1
LOCW 14 5 oo 91 0 7 8/7 2/7
LOCW 14 5 oo 91 0 13 168/169 -2/169
DONE
