BASEINFO 6 13 156 12168
FORM 6 13 -2 ?
COEF 6 13 -2 oo 4 4 2
COEF 6 13 -2 oo 9 9 2
COEF 6 13 -2 oo 14 14 -1
COEF 6 13 -2 oo 43 43 -1
FORM 6 13 -1 ?
COEF 6 13 -1 oo 1 1 -2
COEF 6 13 -1 oo 3 3 2
COEF 6 13 -1 oo 4 4 4
COEF 6 13 -1 oo 6 6 6
COEF 6 13 -1 oo 7 7 6
COEF 6 13 -1 oo 8 8 -6
COEF 6 13 -1 oo 12 12 4
COEF 6 13 -1 oo 14 14 3
COEF 6 13 -1 oo 16 16 -2
COEF 6 13 -1 oo 39 39 6
COEF 6 13 -1 oo 43 43 -1
FORM 6 13 9 ?
COEF 6 13 9 oo 1 1 -4
COEF 6 13 9 oo 2 2 -2
COEF 6 13 9 oo 3 3 2
COEF 6 13 9 oo 4 4 6
COEF 6 13 9 oo 6 6 6
COEF 6 13 9 oo 7 7 4
COEF 6 13 9 oo 8 8 -6
COEF 6 13 9 oo 12 12 4
COEF 6 13 9 oo 14 14 6
COEF 6 13 9 oo 16 16 -2
COEF 6 13 9 oo 39 39 6
COEF 6 13 9 oo 43 43 -2
COEF 6 13 9 oo 78 78 2
FORM 6 13 10 ?
COEF 6 13 10 oo 1 1 -2
COEF 6 13 10 oo 3 3 2
COEF 6 13 10 oo 4 4 6
COEF 6 13 10 oo 6 6 6
COEF 6 13 10 oo 7 7 6
COEF 6 13 10 oo 8 8 -6
COEF 6 13 10 oo 9 9 2
COEF 6 13 10 oo 12 12 4
COEF 6 13 10 oo 14 14 2
COEF 6 13 10 oo 16 16 -2
COEF 6 13 10 oo 39 39 6
COEF 6 13 10 oo 43 43 -2
FORM 6 13 11 ?
COEF 6 13 11 oo 1 1 -2
COEF 6 13 11 oo 2 2 -2
COEF 6 13 11 oo 4 4 4
COEF 6 13 11 oo 7 7 -2
COEF 6 13 11 oo 9 9 2
COEF 6 13 11 oo 14 14 2
COEF 6 13 11 oo 43 43 -2
COEF 6 13 11 oo 78 78 2
FORM 6 13 12 ?
COEF 6 13 12 oo 1 1 -4
COEF 6 13 12 oo 2 2 -2
COEF 6 13 12 oo 3 3 -2
COEF 6 13 12 oo 4 4 4
COEF 6 13 12 oo 6 6 2
COEF 6 13 12 oo 7 7 -2
COEF 6 13 12 oo 8 8 -2
COEF 6 13 12 oo 9 9 2
COEF 6 13 12 oo 12 12 2
COEF 6 13 12 oo 13 13 2
COEF 6 13 12 oo 14 14 2
COEF 6 13 12 oo 16 16 -2
COEF 6 13 12 oo 39 39 2
COEF 6 13 12 oo 43 43 -2
COEF 6 13 12 oo 78 78 2
FORM 6 13 13 ?
COEF 6 13 13 oo 1 1 -4
COEF 6 13 13 oo 4 4 6
COEF 6 13 13 oo 6 6 8
COEF 6 13 13 oo 7 7 6
COEF 6 13 13 oo 8 8 -8
COEF 6 13 13 oo 9 9 2
COEF 6 13 13 oo 12 12 6
COEF 6 13 13 oo 13 13 2
COEF 6 13 13 oo 14 14 2
COEF 6 13 13 oo 16 16 -4
COEF 6 13 13 oo 39 39 8
COEF 6 13 13 oo 43 43 -2
FORM 6 13 14 ?
COEF 6 13 14 oo 1 1 -2
COEF 6 13 14 oo 3 3 -2
COEF 6 13 14 oo 4 4 4
COEF 6 13 14 oo 6 6 2
COEF 6 13 14 oo 8 8 -2
COEF 6 13 14 oo 9 9 4
COEF 6 13 14 oo 12 12 2
COEF 6 13 14 oo 13 13 2
COEF 6 13 14 oo 14 14 -2
COEF 6 13 14 oo 16 16 -2
COEF 6 13 14 oo 39 39 2
COEF 6 13 14 oo 43 43 -2
FORM 6 13 15 ?
COEF 6 13 15 oo 1 1 -6
COEF 6 13 15 oo 2 2 -2
COEF 6 13 15 oo 4 4 10
COEF 6 13 15 oo 6 6 8
COEF 6 13 15 oo 7 7 4
COEF 6 13 15 oo 8 8 -8
COEF 6 13 15 oo 9 9 4
COEF 6 13 15 oo 12 12 6
COEF 6 13 15 oo 13 13 2
COEF 6 13 15 oo 14 14 4
COEF 6 13 15 oo 16 16 -4
COEF 6 13 15 oo 39 39 8
COEF 6 13 15 oo 43 43 -4
COEF 6 13 15 oo 78 78 2
PREF 6 13 oo 1 0 1 1/2 1 4 16/13 112/169
LOCW 6 13 oo 1 0 2 0 -5/2
LOCW 6 13 oo 1 0 3 0 -1
LOCW 6 13 oo 1 0 13 2 1
PREF 6 13 oo 2 0 2 1/2 1 2 28/39 112/169
LOCW 6 13 oo 2 0 2 3/2 1
LOCW 6 13 oo 2 0 3 2 1
LOCW 6 13 oo 2 0 13 0 -1
PREF 6 13 oo 3 0 3 1 1 6 18/13 112/169
LOCW 6 13 oo 3 0 2 3/2 1
LOCW 6 13 oo 3 0 3 4/3 2/3
LOCW 6 13 oo 3 0 13 2 1
PREF 6 13 oo 4 0 4 1 1 4 16/13 112/169
LOCW 6 13 oo 4 0 2 0 -13/4
LOCW 6 13 oo 4 0 3 0 -1
LOCW 6 13 oo 4 0 13 2 1
PREF 6 13 oo 6 0 6 1/2 2 2 14/13 112/169
LOCW 6 13 oo 6 0 2 3/2 1
LOCW 6 13 oo 6 0 3 4/3 2/3
LOCW 6 13 oo 6 0 13 0 -1
PREF 6 13 oo 7 0 7 1 1 2 28/39 768/1183
LOCW 6 13 oo 7 0 2 3/2 1
LOCW 6 13 oo 7 0 3 0 -1
LOCW 6 13 oo 7 0 7 48/49 -2/49
LOCW 6 13 oo 7 0 13 0 -1
PREF 6 13 oo 8 0 8 1 1 2 28/39 112/169
LOCW 6 13 oo 8 0 2 3/4 0
LOCW 6 13 oo 8 0 3 2 1
LOCW 6 13 oo 8 0 13 0 -1
PREF 6 13 oo 9 0 9 3/2 1 4 16/13 112/169
LOCW 6 13 oo 9 0 2 0 -5/2
LOCW 6 13 oo 9 0 3 0 -7/3
LOCW 6 13 oo 9 0 13 2 1
PREF 6 13 oo 12 0 12 2 1 6 18/13 112/169
LOCW 6 13 oo 12 0 2 3/4 0
LOCW 6 13 oo 12 0 3 4/3 2/3
LOCW 6 13 oo 12 0 13 2 1
PREF 6 13 oo 13 0 13 1/2 2 2 4/3 112/169
LOCW 6 13 oo 13 0 2 1 1/2
LOCW 6 13 oo 13 0 3 0 -1
LOCW 6 13 oo 13 0 13 12/13 -2/13
PREF 6 13 oo 14 0 14 1/2 4 2 8/13 768/1183
LOCW 6 13 oo 14 0 2 3/2 1
LOCW 6 13 oo 14 0 3 2 1
LOCW 6 13 oo 14 0 7 48/49 -2/49
LOCW 6 13 oo 14 0 13 2 1
PREF 6 13 oo 16 0 16 2 1 4 16/13 112/169
LOCW 6 13 oo 16 0 2 0 -29/8
LOCW 6 13 oo 16 0 3 0 -1
LOCW 6 13 oo 16 0 13 2 1
PREF 6 13 oo 39 0 39 1 4 2 1/2 112/169
LOCW 6 13 oo 39 0 2 3/2 1
LOCW 6 13 oo 39 0 3 4/3 2/3
LOCW 6 13 oo 39 0 13 12/13 -2/13
PREF 6 13 oo 43 0 43 1 1 2 24/13 206976/312481
LOCW 6 13 oo 43 0 2 3/2 1
LOCW 6 13 oo 43 0 3 0 -1
LOCW 6 13 oo 43 0 13 2 1
LOCW 6 13 oo 43 0 43 1848/1849 -2/1849
PREF 6 13 oo 78 0 78 1/2 4 2 1 112/169
LOCW 6 13 oo 78 0 2 3/2 1
LOCW 6 13 oo 78 0 3 4/3 2/3
LOCW 6 13 oo 78 0 13 12/13 -2/13
DONE
