BASEINFO 21 2 84 3528
FORM 21 2 -2 ?
COEF 21 2 -2 oo 1 1 -2
COEF 21 2 -2 oo 5 5 4
COEF 21 2 -2 oo 6 6 -2
COEF 21 2 -2 oo 42 42 2
COEF 21 2 -2 0 21 1/4 -2
FORM 21 2 -1 ?
COEF 21 2 -1 oo 1 1 -2
COEF 21 2 -1 oo 5 5 -2
COEF 21 2 -1 oo 6 6 2
COEF 21 2 -1 oo 21 21 2
COEF 21 2 -1 0 21 1/4 -2
FORM 21 2 9 ?
COEF 21 2 9 oo 1 1 -4
COEF 21 2 9 oo 5 5 2
COEF 21 2 9 oo 21 21 2
COEF 21 2 9 oo 42 42 2
COEF 21 2 9 0 21 1/4 -4
FORM 21 2 10 ?
COEF 21 2 10 oo 1 1 -2
COEF 21 2 10 oo 5 5 -2
COEF 21 2 10 oo 6 6 2
COEF 21 2 10 oo 21 21 2
COEF 21 2 10 0 21 1/4 -2
FORM 21 2 11 ?
COEF 21 2 11 oo 1 1 -2
COEF 21 2 11 oo 5 5 4
COEF 21 2 11 oo 6 6 -2
COEF 21 2 11 oo 42 42 2
COEF 21 2 11 0 21 1/4 -2
FORM 21 2 12 ?
COEF 21 2 12 oo 1 1 -10
COEF 21 2 12 oo 2 2 2
COEF 21 2 12 oo 3 3 2
COEF 21 2 12 oo 5 5 2
COEF 21 2 12 oo 6 6 2
COEF 21 2 12 oo 7 7 2
COEF 21 2 12 oo 21 21 2
COEF 21 2 12 oo 42 42 2
COEF 21 2 12 0 21 1/4 -6
FORM 21 2 13 ?
COEF 21 2 13 oo 1 1 -6
COEF 21 2 13 oo 2 2 -2
COEF 21 2 13 oo 3 3 2
COEF 21 2 13 oo 6 6 2
COEF 21 2 13 oo 7 7 2
COEF 21 2 13 oo 9 9 -2
FORM 21 2 14 ?
COEF 21 2 14 oo 1 1 -12
COEF 21 2 14 oo 2 2 -2
COEF 21 2 14 oo 3 3 2
COEF 21 2 14 oo 5 5 -2
COEF 21 2 14 oo 6 6 4
COEF 21 2 14 oo 7 7 2
COEF 21 2 14 oo 18 18 4
COEF 21 2 14 oo 21 21 2
FORM 21 2 15 ?
COEF 21 2 15 oo 1 1 -8
COEF 21 2 15 oo 2 2 2
COEF 21 2 15 oo 3 3 2
COEF 21 2 15 oo 5 5 4
COEF 21 2 15 oo 7 7 2
COEF 21 2 15 oo 42 42 2
COEF 21 2 15 0 21 1/4 -4
PREF 21 2 oo 1 0 1 1/2 1 4 32/21 32/49
LOCW 21 2 oo 1 0 2 2 5/2
LOCW 21 2 oo 1 0 3 0 -1
LOCW 21 2 oo 1 0 7 0 -1
PREF 21 2 oo 2 0 2 1/2 1 2 16/21 32/49
LOCW 21 2 oo 2 0 2 1/2 -1
LOCW 21 2 oo 2 0 3 2 1
LOCW 21 2 oo 2 0 7 0 -1
PREF 21 2 oo 3 0 3 1 1 6 9/7 32/49
LOCW 21 2 oo 3 0 2 1/2 -1
LOCW 21 2 oo 3 0 3 4/3 2/3
LOCW 21 2 oo 3 0 7 2 1
PREF 21 2 oo 5 0 5 1/2 2 2 4/7 768/1225
LOCW 21 2 oo 5 0 2 1 -1/2
LOCW 21 2 oo 5 0 3 2 1
LOCW 21 2 oo 5 0 5 24/25 -2/25
LOCW 21 2 oo 5 0 7 2 1
PREF 21 2 oo 6 0 6 1/2 2 2 6/7 32/49
LOCW 21 2 oo 6 0 2 1/2 -1
LOCW 21 2 oo 6 0 3 4/3 2/3
LOCW 21 2 oo 6 0 7 2 1
PREF 21 2 oo 7 0 7 1 1 2 2/3 32/49
LOCW 21 2 oo 7 0 2 1/2 -1
LOCW 21 2 oo 7 0 3 0 -1
LOCW 21 2 oo 7 0 7 8/7 2/7
PREF 21 2 oo 9 0 9 3/2 1 4 32/21 32/49
LOCW 21 2 oo 9 0 2 2 5/2
LOCW 21 2 oo 9 0 3 0 -7/3
LOCW 21 2 oo 9 0 7 0 -1
PREF 21 2 oo 18 0 18 3/2 1 2 16/21 32/49
LOCW 21 2 oo 18 0 2 1/2 -1
LOCW 21 2 oo 18 0 3 2/3 -1/3
LOCW 21 2 oo 18 0 7 0 -1
PREF 21 2 oo 21 0 21 1/2 4 2 1 32/49
LOCW 21 2 oo 21 0 2 1 -1/2
LOCW 21 2 oo 21 0 3 4/3 2/3
LOCW 21 2 oo 21 0 7 8/7 2/7
PREF 21 2 oo 42 0 42 1/2 4 2 1 32/49
LOCW 21 2 oo 42 0 2 1/2 -1
LOCW 21 2 oo 42 0 3 4/3 2/3
LOCW 21 2 oo 42 0 7 8/7 2/7
PREF 21 2 0 21 1 1/4 1/4 1 4 32/21 32/49
LOCW 21 2 0 21 1 2 0 0
LOCW 21 2 0 21 1 3 0 0
LOCW 21 2 0 21 1 7 0 0
DONE
