BASEINFO 22 7 308 47432
FORM 22 7 -2 0
COEF 22 7 -2 oo 3 3 -1
COEF 22 7 -2 oo 5 5 -1
COEF 22 7 -2 oo 6 6 1
COEF 22 7 -2 oo 10 10 -1
COEF 22 7 -2 oo 12 12 -2
COEF 22 7 -2 oo 13 13 1
COEF 22 7 -2 oo 19 19 2
COEF 22 7 -2 oo 20 20 1
COEF 22 7 -2 oo 26 26 -1
COEF 22 7 -2 oo 31 31 -2
COEF 22 7 -2 oo 104 104 1
COEF 22 7 -2 oo 187 187 1
FORM 22 7 -1 0
COEF 22 7 -1 oo 3 3 -1
COEF 22 7 -1 oo 5 5 1
COEF 22 7 -1 oo 12 12 -1
COEF 22 7 -1 oo 47 47 -1
COEF 22 7 -1 oo 48 48 -1
FORM 22 7 9 ?
COEF 22 7 9 oo 1 1 2
COEF 22 7 9 oo 2 2 -3
COEF 22 7 9 oo 3 3 -8
COEF 22 7 9 oo 4 4 -4
COEF 22 7 9 oo 5 5 6
COEF 22 7 9 oo 6 6 1
COEF 22 7 9 oo 9 9 1
COEF 22 7 9 oo 10 10 2
COEF 22 7 9 oo 12 12 -6
COEF 22 7 9 oo 13 13 1
COEF 22 7 9 oo 14 14 2
COEF 22 7 9 oo 15 15 2
COEF 22 7 9 oo 16 16 -3
COEF 22 7 9 oo 18 18 -1
COEF 22 7 9 oo 20 20 -6
COEF 22 7 9 oo 22 22 -2
COEF 22 7 9 oo 31 31 2
COEF 22 7 9 oo 34 34 -5
COEF 22 7 9 oo 48 48 -4
COEF 22 7 9 oo 77 77 2
COEF 22 7 9 oo 136 136 5
COEF 22 7 9 oo 154 154 2
FORM 22 7 10 ?
COEF 22 7 10 oo 1 1 -1
COEF 22 7 10 oo 2 2 -1
COEF 22 7 10 oo 3 3 -4
COEF 22 7 10 oo 4 4 -1
COEF 22 7 10 oo 6 6 1
COEF 22 7 10 oo 9 9 -1
COEF 22 7 10 oo 10 10 2
COEF 22 7 10 oo 12 12 -2
COEF 22 7 10 oo 13 13 -1
COEF 22 7 10 oo 15 15 1
COEF 22 7 10 oo 16 16 -1
COEF 22 7 10 oo 18 18 -1
COEF 22 7 10 oo 31 31 -2
COEF 22 7 10 oo 47 47 -2
COEF 22 7 10 oo 77 77 2
FORM 22 7 11 ?
COEF 22 7 11 oo 1 1 3
COEF 22 7 11 oo 2 2 -2
COEF 22 7 11 oo 3 3 -4
COEF 22 7 11 oo 4 4 -3
COEF 22 7 11 oo 5 5 4
COEF 22 7 11 oo 9 9 2
COEF 22 7 11 oo 12 12 -4
COEF 22 7 11 oo 13 13 2
COEF 22 7 11 oo 14 14 2
COEF 22 7 11 oo 15 15 1
COEF 22 7 11 oo 16 16 -2
COEF 22 7 11 oo 20 20 -4
COEF 22 7 11 oo 22 22 -2
COEF 22 7 11 oo 31 31 2
COEF 22 7 11 oo 34 34 -3
COEF 22 7 11 oo 48 48 -4
COEF 22 7 11 oo 136 136 3
COEF 22 7 11 oo 154 154 2
FORM 22 7 12 ?
COEF 22 7 12 oo 1 1 1
COEF 22 7 12 oo 2 2 -3
COEF 22 7 12 oo 3 3 -6
COEF 22 7 12 oo 4 4 -5
COEF 22 7 12 oo 5 5 4
COEF 22 7 12 oo 6 6 1
COEF 22 7 12 oo 9 9 1
COEF 22 7 12 oo 10 10 2
COEF 22 7 12 oo 12 12 -4
COEF 22 7 12 oo 13 13 1
COEF 22 7 12 oo 15 15 1
COEF 22 7 12 oo 16 16 -3
COEF 22 7 12 oo 18 18 -1
COEF 22 7 12 oo 20 20 -4
COEF 22 7 12 oo 22 22 -2
COEF 22 7 12 oo 31 31 2
COEF 22 7 12 oo 34 34 -4
COEF 22 7 12 oo 48 48 -2
COEF 22 7 12 oo 77 77 2
COEF 22 7 12 oo 136 136 4
COEF 22 7 12 oo 154 154 2
FORM 22 7 13 ?
COEF 22 7 13 oo 1 1 1
COEF 22 7 13 oo 3 3 -2
COEF 22 7 13 oo 4 4 1
COEF 22 7 13 oo 5 5 1
COEF 22 7 13 oo 12 12 -2
COEF 22 7 13 oo 14 14 2
COEF 22 7 13 oo 15 15 1
COEF 22 7 13 oo 20 20 -1
COEF 22 7 13 oo 31 31 -1
COEF 22 7 13 oo 47 47 -1
COEF 22 7 13 oo 48 48 -2
FORM 22 7 14 ?
COEF 22 7 14 oo 2 2 -1
COEF 22 7 14 oo 3 3 -6
COEF 22 7 14 oo 5 5 1
COEF 22 7 14 oo 6 6 1
COEF 22 7 14 oo 9 9 -1
COEF 22 7 14 oo 10 10 2
COEF 22 7 14 oo 12 12 -4
COEF 22 7 14 oo 13 13 -1
COEF 22 7 14 oo 14 14 2
COEF 22 7 14 oo 15 15 2
COEF 22 7 14 oo 16 16 -1
COEF 22 7 14 oo 18 18 -1
COEF 22 7 14 oo 20 20 -1
COEF 22 7 14 oo 31 31 -3
COEF 22 7 14 oo 47 47 -3
COEF 22 7 14 oo 48 48 -2
COEF 22 7 14 oo 77 77 2
FORM 22 7 15 ?
COEF 22 7 15 oo 1 1 2
COEF 22 7 15 oo 2 2 -2
COEF 22 7 15 oo 3 3 -2
COEF 22 7 15 oo 4 4 -4
COEF 22 7 15 oo 5 5 2
COEF 22 7 15 oo 9 9 2
COEF 22 7 15 oo 12 12 -2
COEF 22 7 15 oo 13 13 2
COEF 22 7 15 oo 16 16 -2
COEF 22 7 15 oo 20 20 -2
COEF 22 7 15 oo 22 22 -2
COEF 22 7 15 oo 31 31 2
COEF 22 7 15 oo 34 34 -2
COEF 22 7 15 oo 48 48 -2
COEF 22 7 15 oo 136 136 2
COEF 22 7 15 oo 154 154 2
PREF 22 7 oo 1 0 1 1/2 1 4 96/77 4320/5929
LOCW 22 7 oo 1 0 2 0 -5/2
LOCW 22 7 oo 1 0 7 2 1
LOCW 22 7 oo 1 0 11 0 -1
PREF 22 7 oo 2 0 2 1/2 1 2 80/77 4320/5929
LOCW 22 7 oo 2 0 2 3/2 1
LOCW 22 7 oo 2 0 7 2 1
LOCW 22 7 oo 2 0 11 2 1
PREF 22 7 oo 3 0 3 1 1 6 108/77 3840/5929
LOCW 22 7 oo 3 0 2 3/2 1
LOCW 22 7 oo 3 0 3 8/9 -2/9
LOCW 22 7 oo 3 0 7 0 -1
LOCW 22 7 oo 3 0 11 0 -1
PREF 22 7 oo 4 0 4 1 1 4 96/77 4320/5929
LOCW 22 7 oo 4 0 2 0 -13/4
LOCW 22 7 oo 4 0 7 2 1
LOCW 22 7 oo 4 0 11 0 -1
PREF 22 7 oo 5 0 5 1/2 2 2 72/77 20736/29645
LOCW 22 7 oo 5 0 2 1 1/2
LOCW 22 7 oo 5 0 5 24/25 -2/25
LOCW 22 7 oo 5 0 7 0 -1
LOCW 22 7 oo 5 0 11 0 -1
PREF 22 7 oo 6 0 6 1/2 2 2 60/77 3840/5929
LOCW 22 7 oo 6 0 2 3/2 1
LOCW 22 7 oo 6 0 3 8/9 -2/9
LOCW 22 7 oo 6 0 7 0 -1
LOCW 22 7 oo 6 0 11 2 1
PREF 22 7 oo 9 0 9 3/2 1 4 128/77 3840/5929
LOCW 22 7 oo 9 0 2 0 -5/2
LOCW 22 7 oo 9 0 3 4/3 7/9
LOCW 22 7 oo 9 0 7 2 1
LOCW 22 7 oo 9 0 11 0 -1
PREF 22 7 oo 10 0 10 1/2 2 2 60/77 20736/29645
LOCW 22 7 oo 10 0 2 3/2 1
LOCW 22 7 oo 10 0 5 24/25 -2/25
LOCW 22 7 oo 10 0 7 0 -1
LOCW 22 7 oo 10 0 11 2 1
PREF 22 7 oo 12 0 12 2 1 6 108/77 3840/5929
LOCW 22 7 oo 12 0 2 3/4 0
LOCW 22 7 oo 12 0 3 8/9 -2/9
LOCW 22 7 oo 12 0 7 0 -1
LOCW 22 7 oo 12 0 11 0 -1
PREF 22 7 oo 13 0 13 1/2 2 2 60/77 103680/143143
LOCW 22 7 oo 13 0 2 1 1/2
LOCW 22 7 oo 13 0 7 0 -1
LOCW 22 7 oo 13 0 11 2 1
LOCW 22 7 oo 13 0 13 168/169 -2/169
PREF 22 7 oo 14 0 14 1/2 4 2 12/11 4320/5929
LOCW 22 7 oo 14 0 2 3/2 1
LOCW 22 7 oo 14 0 7 6/7 -2/7
LOCW 22 7 oo 14 0 11 0 -1
PREF 22 7 oo 15 0 15 1 2 2 48/77 18432/29645
LOCW 22 7 oo 15 0 2 3/2 1
LOCW 22 7 oo 15 0 3 8/9 -2/9
LOCW 22 7 oo 15 0 5 24/25 -2/25
LOCW 22 7 oo 15 0 7 2 1
LOCW 22 7 oo 15 0 11 0 -1
PREF 22 7 oo 16 0 16 2 1 4 96/77 4320/5929
LOCW 22 7 oo 16 0 2 0 -29/8
LOCW 22 7 oo 16 0 7 2 1
LOCW 22 7 oo 16 0 11 0 -1
PREF 22 7 oo 18 0 18 3/2 1 2 160/231 3840/5929
LOCW 22 7 oo 18 0 2 3/2 1
LOCW 22 7 oo 18 0 3 10/9 1/9
LOCW 22 7 oo 18 0 7 2 1
LOCW 22 7 oo 18 0 11 2 1
PREF 22 7 oo 19 0 19 1 1 2 90/77 1555200/2140369
LOCW 22 7 oo 19 0 2 3/2 1
LOCW 22 7 oo 19 0 7 0 -1
LOCW 22 7 oo 19 0 11 2 1
LOCW 22 7 oo 19 0 19 360/361 -2/361
PREF 22 7 oo 20 0 20 1 2 2 72/77 20736/29645
LOCW 22 7 oo 20 0 2 1/2 -3/4
LOCW 22 7 oo 20 0 5 24/25 -2/25
LOCW 22 7 oo 20 0 7 0 -1
LOCW 22 7 oo 20 0 11 0 -1
PREF 22 7 oo 22 0 22 1/2 2 2 8/7 4320/5929
LOCW 22 7 oo 22 0 2 3/2 1
LOCW 22 7 oo 22 0 7 2 1
LOCW 22 7 oo 22 0 11 12/11 2/11
PREF 22 7 oo 26 0 26 1/2 6 2 72/77 103680/143143
LOCW 22 7 oo 26 0 2 3/2 1
LOCW 22 7 oo 26 0 7 0 -1
LOCW 22 7 oo 26 0 11 0 -1
LOCW 22 7 oo 26 0 13 168/169 -2/169
PREF 22 7 oo 31 0 31 1 3 2 36/77 4147200/5697769
LOCW 22 7 oo 31 0 2 3/2 1
LOCW 22 7 oo 31 0 7 0 -1
LOCW 22 7 oo 31 0 11 0 -1
LOCW 22 7 oo 31 0 31 960/961 -2/961
PREF 22 7 oo 34 0 34 1/2 4 2 72/77 1244160/1713481
LOCW 22 7 oo 34 0 2 3/2 1
LOCW 22 7 oo 34 0 7 0 -1
LOCW 22 7 oo 34 0 11 0 -1
LOCW 22 7 oo 34 0 17 288/289 -2/289
PREF 22 7 oo 47 0 47 1 5 2 36/77 9538560/13097161
LOCW 22 7 oo 47 0 2 3/2 1
LOCW 22 7 oo 47 0 7 0 -1
LOCW 22 7 oo 47 0 11 0 -1
LOCW 22 7 oo 47 0 47 2208/2209 -2/2209
PREF 22 7 oo 48 0 48 4 1 6 108/77 3840/5929
LOCW 22 7 oo 48 0 2 3/8 -5/4
LOCW 22 7 oo 48 0 3 8/9 -2/9
LOCW 22 7 oo 48 0 7 0 -1
LOCW 22 7 oo 48 0 11 0 -1
PREF 22 7 oo 77 0 77 1/2 8 2 1 4320/5929
LOCW 22 7 oo 77 0 2 1 1/2
LOCW 22 7 oo 77 0 7 6/7 -2/7
LOCW 22 7 oo 77 0 11 12/11 2/11
PREF 22 7 oo 104 0 104 1 6 2 72/77 103680/143143
LOCW 22 7 oo 104 0 2 3/4 0
LOCW 22 7 oo 104 0 7 0 -1
LOCW 22 7 oo 104 0 11 0 -1
LOCW 22 7 oo 104 0 13 168/169 -2/169
PREF 22 7 oo 136 0 136 1 4 2 72/77 1244160/1713481
LOCW 22 7 oo 136 0 2 3/4 0
LOCW 22 7 oo 136 0 7 0 -1
LOCW 22 7 oo 136 0 11 0 -1
LOCW 22 7 oo 136 0 17 288/289 -2/289
PREF 22 7 oo 154 0 154 1/2 8 2 1 4320/5929
LOCW 22 7 oo 154 0 2 3/2 1
LOCW 22 7 oo 154 0 7 6/7 -2/7
LOCW 22 7 oo 154 0 11 12/11 2/11
PREF 22 7 oo 187 0 187 1 2 2 9/7 1244160/1713481
LOCW 22 7 oo 187 0 2 3/2 1
LOCW 22 7 oo 187 0 7 0 -1
LOCW 22 7 oo 187 0 11 12/11 2/11
LOCW 22 7 oo 187 0 17 288/289 -2/289
DONE
