BASEINFO 10 11 220 24200
FORM 10 11 -2 0
COEF 10 11 -2 oo 2 2 -2
COEF 10 11 -2 oo 6 6 -1
COEF 10 11 -2 oo 10 10 -1
COEF 10 11 -2 oo 28 28 2
COEF 10 11 -2 oo 35 35 1
COEF 10 11 -2 oo 40 40 1
FORM 10 11 -1 0
COEF 10 11 -1 oo 2 2 -1
COEF 10 11 -1 oo 6 6 2
COEF 10 11 -1 oo 8 8 -1
COEF 10 11 -1 oo 10 10 1
COEF 10 11 -1 oo 40 40 1
FORM 10 11 9 ?
COEF 10 11 9 oo 1 1 -2
COEF 10 11 9 oo 2 2 -7
COEF 10 11 9 oo 3 3 -2
COEF 10 11 9 oo 6 6 2
COEF 10 11 9 oo 7 7 2
COEF 10 11 9 oo 8 8 -1
COEF 10 11 9 oo 9 9 -2
COEF 10 11 9 oo 10 10 -1
COEF 10 11 9 oo 12 12 -2
COEF 10 11 9 oo 28 28 4
COEF 10 11 9 oo 40 40 3
COEF 10 11 9 oo 110 110 2
FORM 10 11 10 ?
COEF 10 11 10 oo 1 1 -2
COEF 10 11 10 oo 2 2 -1
COEF 10 11 10 oo 3 3 2
COEF 10 11 10 oo 4 4 -2
COEF 10 11 10 oo 6 6 -4
COEF 10 11 10 oo 8 8 -1
COEF 10 11 10 oo 9 9 -2
COEF 10 11 10 oo 10 10 -1
COEF 10 11 10 oo 11 11 -4
COEF 10 11 10 oo 14 14 -2
COEF 10 11 10 oo 15 15 -4
COEF 10 11 10 oo 16 16 -2
COEF 10 11 10 oo 22 22 2
COEF 10 11 10 oo 40 40 1
FORM 10 11 11 ?
COEF 10 11 11 oo 1 1 -4
COEF 10 11 11 oo 2 2 -4
COEF 10 11 11 oo 4 4 -2
COEF 10 11 11 oo 6 6 -2
COEF 10 11 11 oo 7 7 2
COEF 10 11 11 oo 8 8 -6
COEF 10 11 11 oo 9 9 -4
COEF 10 11 11 oo 10 10 2
COEF 10 11 11 oo 11 11 -4
COEF 10 11 11 oo 12 12 -2
COEF 10 11 11 oo 14 14 -2
COEF 10 11 11 oo 15 15 -4
COEF 10 11 11 oo 16 16 -2
COEF 10 11 11 oo 17 17 4
COEF 10 11 11 oo 22 22 2
COEF 10 11 11 oo 28 28 4
COEF 10 11 11 oo 68 68 -4
COEF 10 11 11 oo 110 110 2
FORM 10 11 12 ?
COEF 10 11 12 oo 1 1 -4
COEF 10 11 12 oo 2 2 -4
COEF 10 11 12 oo 4 4 -2
COEF 10 11 12 oo 6 6 -4
COEF 10 11 12 oo 7 7 2
COEF 10 11 12 oo 8 8 -4
COEF 10 11 12 oo 9 9 -4
COEF 10 11 12 oo 11 11 -4
COEF 10 11 12 oo 12 12 -2
COEF 10 11 12 oo 14 14 -2
COEF 10 11 12 oo 15 15 -4
COEF 10 11 12 oo 16 16 -2
COEF 10 11 12 oo 17 17 3
COEF 10 11 12 oo 22 22 2
COEF 10 11 12 oo 28 28 4
COEF 10 11 12 oo 68 68 -3
COEF 10 11 12 oo 110 110 2
FORM 10 11 13 ?
COEF 10 11 13 oo 1 1 -2
COEF 10 11 13 oo 2 2 -2
COEF 10 11 13 oo 3 3 2
COEF 10 11 13 oo 4 4 -2
COEF 10 11 13 oo 6 6 -2
COEF 10 11 13 oo 8 8 -2
COEF 10 11 13 oo 9 9 -2
COEF 10 11 13 oo 11 11 -4
COEF 10 11 13 oo 14 14 -2
COEF 10 11 13 oo 15 15 -4
COEF 10 11 13 oo 16 16 -2
COEF 10 11 13 oo 22 22 2
COEF 10 11 13 oo 40 40 2
FORM 10 11 14 ?
COEF 10 11 14 oo 2 2 -1
COEF 10 11 14 oo 6 6 2
COEF 10 11 14 oo 8 8 -1
COEF 10 11 14 oo 10 10 1
COEF 10 11 14 oo 40 40 1
FORM 10 11 15 ?
COEF 10 11 15 oo 1 1 -2
COEF 10 11 15 oo 2 2 -6
COEF 10 11 15 oo 3 3 -2
COEF 10 11 15 oo 7 7 2
COEF 10 11 15 oo 9 9 -2
COEF 10 11 15 oo 10 10 -2
COEF 10 11 15 oo 12 12 -2
COEF 10 11 15 oo 28 28 4
COEF 10 11 15 oo 40 40 2
COEF 10 11 15 oo 110 110 2
PREF 10 11 oo 1 0 1 1/2 1 4 48/55 432/605
LOCW 10 11 oo 1 0 2 0 -5/2
LOCW 10 11 oo 1 0 5 0 -1
LOCW 10 11 oo 1 0 11 2 1
PREF 10 11 oo 2 0 2 1/2 1 2 12/11 432/605
LOCW 10 11 oo 2 0 2 3/2 1
LOCW 10 11 oo 2 0 5 2 1
LOCW 10 11 oo 2 0 11 0 -1
PREF 10 11 oo 3 0 3 1 1 6 108/55 384/605
LOCW 10 11 oo 3 0 2 3/2 1
LOCW 10 11 oo 3 0 3 8/9 -2/9
LOCW 10 11 oo 3 0 5 2 1
LOCW 10 11 oo 3 0 11 2 1
PREF 10 11 oo 4 0 4 1 1 4 48/55 432/605
LOCW 10 11 oo 4 0 2 0 -13/4
LOCW 10 11 oo 4 0 5 0 -1
LOCW 10 11 oo 4 0 11 2 1
PREF 10 11 oo 6 0 6 1/2 2 2 8/11 384/605
LOCW 10 11 oo 6 0 2 3/2 1
LOCW 10 11 oo 6 0 3 8/9 -2/9
LOCW 10 11 oo 6 0 5 0 -1
LOCW 10 11 oo 6 0 11 0 -1
PREF 10 11 oo 7 0 7 1 1 2 6/11 20736/29645
LOCW 10 11 oo 7 0 2 3/2 1
LOCW 10 11 oo 7 0 5 2 1
LOCW 10 11 oo 7 0 7 48/49 -2/49
LOCW 10 11 oo 7 0 11 0 -1
PREF 10 11 oo 8 0 8 1 1 2 12/11 432/605
LOCW 10 11 oo 8 0 2 3/4 0
LOCW 10 11 oo 8 0 5 2 1
LOCW 10 11 oo 8 0 11 0 -1
PREF 10 11 oo 9 0 9 3/2 1 4 64/55 384/605
LOCW 10 11 oo 9 0 2 0 -5/2
LOCW 10 11 oo 9 0 3 4/3 7/9
LOCW 10 11 oo 9 0 5 0 -1
LOCW 10 11 oo 9 0 11 2 1
PREF 10 11 oo 10 0 10 1/2 2 2 10/11 432/605
LOCW 10 11 oo 10 0 2 3/2 1
LOCW 10 11 oo 10 0 5 6/5 2/5
LOCW 10 11 oo 10 0 11 0 -1
PREF 10 11 oo 11 0 11 1 1 2 6/5 432/605
LOCW 10 11 oo 11 0 2 3/2 1
LOCW 10 11 oo 11 0 5 0 -1
LOCW 10 11 oo 11 0 11 10/11 -2/11
PREF 10 11 oo 12 0 12 2 1 6 108/55 384/605
LOCW 10 11 oo 12 0 2 3/4 0
LOCW 10 11 oo 12 0 3 8/9 -2/9
LOCW 10 11 oo 12 0 5 2 1
LOCW 10 11 oo 12 0 11 2 1
PREF 10 11 oo 14 0 14 1/2 4 2 48/55 20736/29645
LOCW 10 11 oo 14 0 2 3/2 1
LOCW 10 11 oo 14 0 5 0 -1
LOCW 10 11 oo 14 0 7 48/49 -2/49
LOCW 10 11 oo 14 0 11 2 1
PREF 10 11 oo 15 0 15 1 2 2 6/11 384/605
LOCW 10 11 oo 15 0 2 3/2 1
LOCW 10 11 oo 15 0 3 8/9 -2/9
LOCW 10 11 oo 15 0 5 6/5 2/5
LOCW 10 11 oo 15 0 11 2 1
PREF 10 11 oo 16 0 16 2 1 4 48/55 432/605
LOCW 10 11 oo 16 0 2 0 -29/8
LOCW 10 11 oo 16 0 5 0 -1
LOCW 10 11 oo 16 0 11 2 1
PREF 10 11 oo 17 0 17 1/2 4 2 12/11 124416/174845
LOCW 10 11 oo 17 0 2 0 -5/2
LOCW 10 11 oo 17 0 5 2 1
LOCW 10 11 oo 17 0 11 0 -1
LOCW 10 11 oo 17 0 17 288/289 -2/289
PREF 10 11 oo 22 0 22 1/2 2 2 6/5 432/605
LOCW 10 11 oo 22 0 2 3/2 1
LOCW 10 11 oo 22 0 5 2 1
LOCW 10 11 oo 22 0 11 10/11 -2/11
PREF 10 11 oo 28 0 28 2 1 2 6/11 20736/29645
LOCW 10 11 oo 28 0 2 3/4 0
LOCW 10 11 oo 28 0 5 2 1
LOCW 10 11 oo 28 0 7 48/49 -2/49
LOCW 10 11 oo 28 0 11 0 -1
PREF 10 11 oo 35 0 35 1 2 2 15/11 20736/29645
LOCW 10 11 oo 35 0 2 3/2 1
LOCW 10 11 oo 35 0 5 6/5 2/5
LOCW 10 11 oo 35 0 7 48/49 -2/49
LOCW 10 11 oo 35 0 11 0 -1
PREF 10 11 oo 40 0 40 1 2 2 10/11 432/605
LOCW 10 11 oo 40 0 2 3/4 0
LOCW 10 11 oo 40 0 5 6/5 2/5
LOCW 10 11 oo 40 0 11 0 -1
PREF 10 11 oo 68 0 68 1 4 2 12/11 124416/174845
LOCW 10 11 oo 68 0 2 0 -13/4
LOCW 10 11 oo 68 0 5 2 1
LOCW 10 11 oo 68 0 11 0 -1
LOCW 10 11 oo 68 0 17 288/289 -2/289
PREF 10 11 oo 110 0 110 1/2 12 2 1 432/605
LOCW 10 11 oo 110 0 2 3/2 1
LOCW 10 11 oo 110 0 5 6/5 2/5
LOCW 10 11 oo 110 0 11 10/11 -2/11
DONE
