BASEINFO 39 2 156 12168
FORM 39 2 -2 ?
COEF 39 2 -2 oo 1 1 5241430478785720235151540284532191436262054581415/32768
COEF 39 2 -2 oo 2 2 8927967484682725495183740059243764757141166954191/65536
COEF 39 2 -2 oo 4 4 -5241430478785720235151540284532191436262054646951/32768
COEF 39 2 -2 oo 6 6 -2
COEF 39 2 -2 oo 8 8 8927967484682725495183740059243764757141166954191/65536
COEF 39 2 -2 oo 9 9 -5241430478785720235151540284532191436262054712487/32768
COEF 39 2 -2 oo 10 10 5241430478785720235151540284532191436262054646951/32768
COEF 39 2 -2 oo 11 11 8927967484682725495183740059243764757141166954191/65536
COEF 39 2 -2 oo 12 12 -5241430478785720235151540284532191436262054646951/32768
COEF 39 2 -2 oo 14 14 4
COEF 39 2 -2 oo 78 78 2
COEF 39 2 -2 0 195 5/4 -2
FORM 39 2 -1 ?
COEF 39 2 -1 oo 1 1 30
COEF 39 2 -1 oo 2 2 20
COEF 39 2 -1 oo 4 4 -28
COEF 39 2 -1 oo 6 6 -2
COEF 39 2 -1 oo 8 8 22
COEF 39 2 -1 oo 9 9 -28
COEF 39 2 -1 oo 10 10 30
COEF 39 2 -1 oo 11 11 20
COEF 39 2 -1 oo 12 12 -28
COEF 39 2 -1 oo 13 13 2
COEF 39 2 -1 oo 18 18 2
COEF 39 2 -1 oo 32 32 -2
FORM 39 2 9 ?
COEF 39 2 9 oo 1 1 15724291436357160705454620924672925131126164240885/16384
COEF 39 2 9 oo 2 2 26783902454048176485551220298798976711185794752621/32768
COEF 39 2 9 oo 3 3 2
COEF 39 2 9 oo 4 4 -15724291436357160705454620924672925131126164240885/16384
COEF 39 2 9 oo 5 5 4
COEF 39 2 9 oo 6 6 -10
COEF 39 2 9 oo 8 8 26783902454048176485551220298798976711185794621549/32768
COEF 39 2 9 oo 9 9 -15724291436357160705454620924672925131126164306421/16384
COEF 39 2 9 oo 10 10 15724291436357160705454620924672925131126164273653/16384
COEF 39 2 9 oo 11 11 26783902454048176485551220298798976711185794556013/32768
COEF 39 2 9 oo 12 12 -15724291436357160705454620924672925131126164240885/16384
COEF 39 2 9 oo 14 14 6
COEF 39 2 9 oo 39 39 2
COEF 39 2 9 oo 78 78 2
COEF 39 2 9 0 78 1/2 -8
COEF 39 2 9 0 195 5/4 -12
FORM 39 2 10 ?
COEF 39 2 10 oo 1 1 26207152393928601175757701564813658825990273900355/32768
COEF 39 2 10 oo 2 2 44639837423413627475918700538354188665230422551051/65536
COEF 39 2 10 oo 3 3 2
COEF 39 2 10 oo 4 4 -26207152393928601175757701564813658825990273834819/32768
COEF 39 2 10 oo 5 5 4
COEF 39 2 10 oo 6 6 -8
COEF 39 2 10 oo 8 8 44639837423413627475918700538354188665230422288907/65536
COEF 39 2 10 oo 9 9 -26207152393928601175757701564813658825990273900355/32768
COEF 39 2 10 oo 10 10 26207152393928601175757701564813658825990273900355/32768
COEF 39 2 10 oo 11 11 44639837423413627475918700538354188665230422157835/65536
COEF 39 2 10 oo 12 12 -26207152393928601175757701564813658825990273834819/32768
COEF 39 2 10 oo 14 14 2
COEF 39 2 10 oo 39 39 2
COEF 39 2 10 0 78 1/2 -8
COEF 39 2 10 0 195 5/4 -10
FORM 39 2 11 ?
COEF 39 2 11 oo 1 1 5241430478785720235151540284532191436262054581415/32768
COEF 39 2 11 oo 2 2 8927967484682725495183740059243764757141166954191/65536
COEF 39 2 11 oo 4 4 -5241430478785720235151540284532191436262054646951/32768
COEF 39 2 11 oo 6 6 -2
COEF 39 2 11 oo 8 8 8927967484682725495183740059243764757141166954191/65536
COEF 39 2 11 oo 9 9 -5241430478785720235151540284532191436262054712487/32768
COEF 39 2 11 oo 10 10 5241430478785720235151540284532191436262054646951/32768
COEF 39 2 11 oo 11 11 8927967484682725495183740059243764757141166954191/65536
COEF 39 2 11 oo 12 12 -5241430478785720235151540284532191436262054646951/32768
COEF 39 2 11 oo 14 14 4
COEF 39 2 11 oo 78 78 2
COEF 39 2 11 0 195 5/4 -2
FORM 39 2 12 ?
COEF 39 2 12 oo 1 1 36690013351500041646060782133878041698514384111761/32768
COEF 39 2 12 oo 2 2 62495772392779078466286180656841718179512757901225/65536
COEF 39 2 12 oo 3 3 2
COEF 39 2 12 oo 4 4 -36690013351500041646060782133878041698514384046225/32768
COEF 39 2 12 oo 5 5 4
COEF 39 2 12 oo 6 6 -12
COEF 39 2 12 oo 8 8 62495772392779078466286180656841718179512757508009/65536
COEF 39 2 12 oo 9 9 -36690013351500041646060782133878041698514384177297/32768
COEF 39 2 12 oo 10 10 36690013351500041646060782133878041698514384177297/32768
COEF 39 2 12 oo 11 11 62495772392779078466286180656841718179512757376937/65536
COEF 39 2 12 oo 12 12 -36690013351500041646060782133878041698514384046225/32768
COEF 39 2 12 oo 13 13 2
COEF 39 2 12 oo 14 14 6
COEF 39 2 12 oo 39 39 2
COEF 39 2 12 oo 78 78 2
COEF 39 2 12 0 78 1/2 -8
COEF 39 2 12 0 195 5/4 -14
FORM 39 2 13 ?
COEF 39 2 13 oo 1 1 30
COEF 39 2 13 oo 2 2 20
COEF 39 2 13 oo 4 4 -28
COEF 39 2 13 oo 6 6 -2
COEF 39 2 13 oo 8 8 22
COEF 39 2 13 oo 9 9 -28
COEF 39 2 13 oo 10 10 30
COEF 39 2 13 oo 11 11 20
COEF 39 2 13 oo 12 12 -28
COEF 39 2 13 oo 13 13 2
COEF 39 2 13 oo 18 18 2
COEF 39 2 13 oo 32 32 -2
FORM 39 2 14 ?
COEF 39 2 14 oo 1 1 15724291436357160705454620924672925131126164765173/16384
COEF 39 2 14 oo 2 2 26783902454048176485551220298798976711185795473517/32768
COEF 39 2 14 oo 3 3 2
COEF 39 2 14 oo 4 4 -15724291436357160705454620924672925131126164699637/16384
COEF 39 2 14 oo 5 5 4
COEF 39 2 14 oo 6 6 -10
COEF 39 2 14 oo 8 8 26783902454048176485551220298798976711185795276909/32768
COEF 39 2 14 oo 9 9 -15724291436357160705454620924672925131126164732405/16384
COEF 39 2 14 oo 10 10 15724291436357160705454620924672925131126164765173/16384
COEF 39 2 14 oo 11 11 26783902454048176485551220298798976711185795211373/32768
COEF 39 2 14 oo 12 12 -15724291436357160705454620924672925131126164699637/16384
COEF 39 2 14 oo 13 13 2
COEF 39 2 14 oo 14 14 2
COEF 39 2 14 oo 39 39 2
COEF 39 2 14 0 78 1/2 -8
COEF 39 2 14 0 195 5/4 -12
FORM 39 2 15 ?
COEF 39 2 15 oo 1 1 5241430478785720235151540284532191436262055105703/16384
COEF 39 2 15 oo 2 2 8927967484682725495183740059243764757141167675087/32768
COEF 39 2 15 oo 4 4 -5241430478785720235151540284532191436262055105703/16384
COEF 39 2 15 oo 6 6 -4
COEF 39 2 15 oo 8 8 8927967484682725495183740059243764757141167609551/32768
COEF 39 2 15 oo 9 9 -5241430478785720235151540284532191436262055138471/16384
COEF 39 2 15 oo 10 10 5241430478785720235151540284532191436262055138471/16384
COEF 39 2 15 oo 11 11 8927967484682725495183740059243764757141167609551/32768
COEF 39 2 15 oo 12 12 -5241430478785720235151540284532191436262055105703/16384
COEF 39 2 15 oo 13 13 2
COEF 39 2 15 oo 14 14 4
COEF 39 2 15 oo 78 78 2
COEF 39 2 15 0 195 5/4 -4
PREF 39 2 oo 1 0 1 1/2 1 4 16/13 112/169
LOCW 39 2 oo 1 0 2 2 5/2
LOCW 39 2 oo 1 0 3 0 -1
LOCW 39 2 oo 1 0 13 0 -1
PREF 39 2 oo 2 0 2 1/2 1 2 28/39 112/169
LOCW 39 2 oo 2 0 2 1/2 -1
LOCW 39 2 oo 2 0 3 2 1
LOCW 39 2 oo 2 0 13 2 1
PREF 39 2 oo 3 0 3 1 1 6 18/13 112/169
LOCW 39 2 oo 3 0 2 1/2 -1
LOCW 39 2 oo 3 0 3 4/3 2/3
LOCW 39 2 oo 3 0 13 0 -1
PREF 39 2 oo 4 0 4 1 1 4 16/13 112/169
LOCW 39 2 oo 4 0 2 2 13/4
LOCW 39 2 oo 4 0 3 0 -1
LOCW 39 2 oo 4 0 13 0 -1
PREF 39 2 oo 5 0 5 1/2 2 2 28/39 2688/4225
LOCW 39 2 oo 5 0 2 1 -1/2
LOCW 39 2 oo 5 0 3 2 1
LOCW 39 2 oo 5 0 5 24/25 -2/25
LOCW 39 2 oo 5 0 13 2 1
PREF 39 2 oo 6 0 6 1/2 2 2 14/13 112/169
LOCW 39 2 oo 6 0 2 1/2 -1
LOCW 39 2 oo 6 0 3 4/3 2/3
LOCW 39 2 oo 6 0 13 2 1
PREF 39 2 oo 8 0 8 1 1 2 28/39 112/169
LOCW 39 2 oo 8 0 2 5/4 0
LOCW 39 2 oo 8 0 3 2 1
LOCW 39 2 oo 8 0 13 2 1
PREF 39 2 oo 9 0 9 3/2 1 4 16/13 112/169
LOCW 39 2 oo 9 0 2 2 5/2
LOCW 39 2 oo 9 0 3 0 -7/3
LOCW 39 2 oo 9 0 13 0 -1
PREF 39 2 oo 10 0 10 1/2 2 2 16/13 2688/4225
LOCW 39 2 oo 10 0 2 1/2 -1
LOCW 39 2 oo 10 0 3 0 -1
LOCW 39 2 oo 10 0 5 24/25 -2/25
LOCW 39 2 oo 10 0 13 0 -1
PREF 39 2 oo 11 0 11 1 1 2 14/13 13440/20449
LOCW 39 2 oo 11 0 2 1/2 -1
LOCW 39 2 oo 11 0 3 2 1
LOCW 39 2 oo 11 0 11 120/121 -2/121
LOCW 39 2 oo 11 0 13 2 1
PREF 39 2 oo 12 0 12 2 1 6 18/13 112/169
LOCW 39 2 oo 12 0 2 5/4 0
LOCW 39 2 oo 12 0 3 4/3 2/3
LOCW 39 2 oo 12 0 13 0 -1
PREF 39 2 oo 13 0 13 1/2 2 2 4/3 112/169
LOCW 39 2 oo 13 0 2 1 -1/2
LOCW 39 2 oo 13 0 3 0 -1
LOCW 39 2 oo 13 0 13 14/13 2/13
PREF 39 2 oo 14 0 14 1/2 4 2 8/13 768/1183
LOCW 39 2 oo 14 0 2 1/2 -1
LOCW 39 2 oo 14 0 3 2 1
LOCW 39 2 oo 14 0 7 48/49 -2/49
LOCW 39 2 oo 14 0 13 0 -1
PREF 39 2 oo 18 0 18 3/2 1 2 28/39 112/169
LOCW 39 2 oo 18 0 2 1/2 -1
LOCW 39 2 oo 18 0 3 2/3 -1/3
LOCW 39 2 oo 18 0 13 2 1
PREF 39 2 oo 32 0 32 2 1 2 28/39 112/169
LOCW 39 2 oo 32 0 2 13/8 5/4
LOCW 39 2 oo 32 0 3 2 1
LOCW 39 2 oo 32 0 13 2 1
PREF 39 2 oo 39 0 39 1 4 2 1/2 112/169
LOCW 39 2 oo 39 0 2 1/2 -1
LOCW 39 2 oo 39 0 3 4/3 2/3
LOCW 39 2 oo 39 0 13 14/13 2/13
PREF 39 2 oo 78 0 78 1/2 4 2 1 112/169
LOCW 39 2 oo 78 0 2 1/2 -1
LOCW 39 2 oo 78 0 3 4/3 2/3
LOCW 39 2 oo 78 0 13 14/13 2/13
PREF 39 2 0 78 1 1/2 1/4 1 2 28/39 112/169
LOCW 39 2 0 78 1 2 1 0
LOCW 39 2 0 78 1 3 2 1
LOCW 39 2 0 78 1 13 2 1
PREF 39 2 0 195 1 5/4 1/4 2 2 28/39 2688/4225
LOCW 39 2 0 195 1 2 0 0
LOCW 39 2 0 195 1 3 0 0
LOCW 39 2 0 195 1 5 0 0
LOCW 39 2 0 195 1 13 0 0
DONE
