BASEINFO 34 5 340 57800
FORM 34 5 -2 0
COEF 34 5 -2 oo 3 3 -1
COEF 34 5 -2 oo 5 5 -2
COEF 34 5 -2 oo 6 6 -1
COEF 34 5 -2 oo 9 9 -1
COEF 34 5 -2 oo 12 12 1
COEF 34 5 -2 oo 16 16 1
COEF 34 5 -2 oo 20 20 1
COEF 34 5 -2 oo 23 23 1
COEF 34 5 -2 oo 24 24 1
COEF 34 5 -2 oo 31 31 -1
COEF 34 5 -2 oo 39 39 -3
COEF 34 5 -2 oo 44 44 -1
COEF 34 5 -2 oo 51 51 1
COEF 34 5 -2 oo 80 80 1
FORM 34 5 -1 0
COEF 34 5 -1 oo 5 5 -1
COEF 34 5 -1 oo 20 20 1
COEF 34 5 -1 oo 23 23 1
COEF 34 5 -1 oo 24 24 1
COEF 34 5 -1 oo 31 31 -1
COEF 34 5 -1 oo 39 39 -2
COEF 34 5 -1 oo 44 44 -1
FORM 34 5 9 ?
COEF 34 5 9 oo 2 2 -2
COEF 34 5 9 oo 3 3 -2
COEF 34 5 9 oo 4 4 -2
COEF 34 5 9 oo 5 5 -8
COEF 34 5 9 oo 6 6 -6
COEF 34 5 9 oo 10 10 2
COEF 34 5 9 oo 11 11 -2
COEF 34 5 9 oo 16 16 -2
COEF 34 5 9 oo 18 18 -2
COEF 34 5 9 oo 19 19 2
COEF 34 5 9 oo 20 20 8
COEF 34 5 9 oo 21 21 2
COEF 34 5 9 oo 23 23 8
COEF 34 5 9 oo 24 24 6
COEF 34 5 9 oo 31 31 -8
COEF 34 5 9 oo 39 39 -14
COEF 34 5 9 oo 44 44 -4
COEF 34 5 9 oo 80 80 2
COEF 34 5 9 oo 85 85 2
COEF 34 5 9 oo 170 170 2
FORM 34 5 10 ?
COEF 34 5 10 oo 1 1 -1
COEF 34 5 10 oo 2 2 -1
COEF 34 5 10 oo 4 4 -1
COEF 34 5 10 oo 5 5 -6
COEF 34 5 10 oo 6 6 -4
COEF 34 5 10 oo 7 7 2
COEF 34 5 10 oo 9 9 1
COEF 34 5 10 oo 11 11 -2
COEF 34 5 10 oo 13 13 1
COEF 34 5 10 oo 16 16 -1
COEF 34 5 10 oo 18 18 -1
COEF 34 5 10 oo 19 19 1
COEF 34 5 10 oo 20 20 6
COEF 34 5 10 oo 22 22 -2
COEF 34 5 10 oo 23 23 6
COEF 34 5 10 oo 24 24 4
COEF 34 5 10 oo 31 31 -6
COEF 34 5 10 oo 34 34 2
COEF 34 5 10 oo 39 39 -10
COEF 34 5 10 oo 44 44 -2
COEF 34 5 10 oo 80 80 2
COEF 34 5 10 oo 85 85 2
FORM 34 5 11 ?
COEF 34 5 11 oo 1 1 1
COEF 34 5 11 oo 2 2 -1
COEF 34 5 11 oo 3 3 -4
COEF 34 5 11 oo 4 4 -1
COEF 34 5 11 oo 5 5 -10
COEF 34 5 11 oo 6 6 -6
COEF 34 5 11 oo 7 7 -2
COEF 34 5 11 oo 9 9 3
COEF 34 5 11 oo 10 10 2
COEF 34 5 11 oo 11 11 -2
COEF 34 5 11 oo 12 12 2
COEF 34 5 11 oo 13 13 -1
COEF 34 5 11 oo 16 16 -1
COEF 34 5 11 oo 18 18 -1
COEF 34 5 11 oo 19 19 1
COEF 34 5 11 oo 20 20 8
COEF 34 5 11 oo 21 21 2
COEF 34 5 11 oo 22 22 2
COEF 34 5 11 oo 23 23 8
COEF 34 5 11 oo 24 24 6
COEF 34 5 11 oo 31 31 -8
COEF 34 5 11 oo 34 34 2
COEF 34 5 11 oo 39 39 -14
COEF 34 5 11 oo 44 44 -4
COEF 34 5 11 oo 80 80 2
COEF 34 5 11 oo 170 170 2
FORM 34 5 12 ?
COEF 34 5 12 oo 2 2 -2
COEF 34 5 12 oo 3 3 -4
COEF 34 5 12 oo 4 4 -2
COEF 34 5 12 oo 5 5 -10
COEF 34 5 12 oo 6 6 -6
COEF 34 5 12 oo 9 9 2
COEF 34 5 12 oo 11 11 -2
COEF 34 5 12 oo 16 16 -2
COEF 34 5 12 oo 18 18 -2
COEF 34 5 12 oo 19 19 2
COEF 34 5 12 oo 20 20 8
COEF 34 5 12 oo 21 21 2
COEF 34 5 12 oo 23 23 10
COEF 34 5 12 oo 24 24 6
COEF 34 5 12 oo 31 31 -8
COEF 34 5 12 oo 34 34 2
COEF 34 5 12 oo 39 39 -14
COEF 34 5 12 oo 44 44 -4
COEF 34 5 12 oo 80 80 2
COEF 34 5 12 oo 85 85 2
COEF 34 5 12 oo 170 170 2
FORM 34 5 13 ?
COEF 34 5 13 oo 5 5 -6
COEF 34 5 13 oo 6 6 -4
COEF 34 5 13 oo 9 9 2
COEF 34 5 13 oo 10 10 2
COEF 34 5 13 oo 11 11 -2
COEF 34 5 13 oo 12 12 2
COEF 34 5 13 oo 20 20 6
COEF 34 5 13 oo 23 23 4
COEF 34 5 13 oo 24 24 4
COEF 34 5 13 oo 31 31 -6
COEF 34 5 13 oo 34 34 2
COEF 34 5 13 oo 39 39 -10
COEF 34 5 13 oo 44 44 -2
COEF 34 5 13 oo 80 80 2
FORM 34 5 14 ?
COEF 34 5 14 oo 1 1 -1
COEF 34 5 14 oo 2 2 -1
COEF 34 5 14 oo 3 3 2
COEF 34 5 14 oo 4 4 -1
COEF 34 5 14 oo 5 5 -2
COEF 34 5 14 oo 6 6 -2
COEF 34 5 14 oo 7 7 2
COEF 34 5 14 oo 9 9 -1
COEF 34 5 14 oo 10 10 2
COEF 34 5 14 oo 11 11 -2
COEF 34 5 14 oo 13 13 1
COEF 34 5 14 oo 16 16 -1
COEF 34 5 14 oo 18 18 -1
COEF 34 5 14 oo 19 19 1
COEF 34 5 14 oo 20 20 2
COEF 34 5 14 oo 23 23 2
COEF 34 5 14 oo 24 24 2
COEF 34 5 14 oo 31 31 -4
COEF 34 5 14 oo 39 39 -4
COEF 34 5 14 oo 85 85 2
FORM 34 5 15 ?
COEF 34 5 15 oo 1 1 1
COEF 34 5 15 oo 2 2 -1
COEF 34 5 15 oo 3 3 -4
COEF 34 5 15 oo 4 4 -1
COEF 34 5 15 oo 5 5 -6
COEF 34 5 15 oo 6 6 -4
COEF 34 5 15 oo 7 7 -2
COEF 34 5 15 oo 9 9 1
COEF 34 5 15 oo 13 13 -1
COEF 34 5 15 oo 16 16 -1
COEF 34 5 15 oo 18 18 -1
COEF 34 5 15 oo 19 19 1
COEF 34 5 15 oo 20 20 6
COEF 34 5 15 oo 21 21 2
COEF 34 5 15 oo 23 23 6
COEF 34 5 15 oo 24 24 4
COEF 34 5 15 oo 31 31 -4
COEF 34 5 15 oo 39 39 -10
COEF 34 5 15 oo 44 44 -4
COEF 34 5 15 oo 80 80 2
COEF 34 5 15 oo 170 170 2
PREF 34 5 oo 1 0 1 1/2 1 4 64/85 5184/7225
LOCW 34 5 oo 1 0 2 0 -5/2
LOCW 34 5 oo 1 0 5 2 1
LOCW 34 5 oo 1 0 17 0 -1
PREF 34 5 oo 2 0 2 1/2 1 2 96/85 5184/7225
LOCW 34 5 oo 2 0 2 3/2 1
LOCW 34 5 oo 2 0 5 0 -1
LOCW 34 5 oo 2 0 17 0 -1
PREF 34 5 oo 3 0 3 1 1 6 162/85 4608/7225
LOCW 34 5 oo 3 0 2 3/2 1
LOCW 34 5 oo 3 0 3 8/9 -2/9
LOCW 34 5 oo 3 0 5 0 -1
LOCW 34 5 oo 3 0 17 2 1
PREF 34 5 oo 4 0 4 1 1 4 64/85 5184/7225
LOCW 34 5 oo 4 0 2 0 -13/4
LOCW 34 5 oo 4 0 5 2 1
LOCW 34 5 oo 4 0 17 0 -1
PREF 34 5 oo 5 0 5 1/2 2 2 18/17 5184/7225
LOCW 34 5 oo 5 0 2 1 1/2
LOCW 34 5 oo 5 0 5 4/5 -2/5
LOCW 34 5 oo 5 0 17 2 1
PREF 34 5 oo 6 0 6 1/2 2 2 72/85 4608/7225
LOCW 34 5 oo 6 0 2 3/2 1
LOCW 34 5 oo 6 0 3 8/9 -2/9
LOCW 34 5 oo 6 0 5 2 1
LOCW 34 5 oo 6 0 17 2 1
PREF 34 5 oo 7 0 7 1 1 2 54/85 248832/354025
LOCW 34 5 oo 7 0 2 3/2 1
LOCW 34 5 oo 7 0 5 0 -1
LOCW 34 5 oo 7 0 7 48/49 -2/49
LOCW 34 5 oo 7 0 17 2 1
PREF 34 5 oo 9 0 9 3/2 1 4 256/255 4608/7225
LOCW 34 5 oo 9 0 2 0 -5/2
LOCW 34 5 oo 9 0 3 4/3 7/9
LOCW 34 5 oo 9 0 5 2 1
LOCW 34 5 oo 9 0 17 0 -1
PREF 34 5 oo 10 0 10 1/2 2 2 18/17 5184/7225
LOCW 34 5 oo 10 0 2 3/2 1
LOCW 34 5 oo 10 0 5 4/5 -2/5
LOCW 34 5 oo 10 0 17 2 1
PREF 34 5 oo 11 0 11 1 1 2 108/85 124416/174845
LOCW 34 5 oo 11 0 2 3/2 1
LOCW 34 5 oo 11 0 5 2 1
LOCW 34 5 oo 11 0 11 120/121 -2/121
LOCW 34 5 oo 11 0 17 2 1
PREF 34 5 oo 12 0 12 2 1 6 162/85 4608/7225
LOCW 34 5 oo 12 0 2 3/4 0
LOCW 34 5 oo 12 0 3 8/9 -2/9
LOCW 34 5 oo 12 0 5 0 -1
LOCW 34 5 oo 12 0 17 2 1
PREF 34 5 oo 13 0 13 1/2 2 2 96/85 870912/1221025
LOCW 34 5 oo 13 0 2 1 1/2
LOCW 34 5 oo 13 0 5 0 -1
LOCW 34 5 oo 13 0 13 168/169 -2/169
LOCW 34 5 oo 13 0 17 0 -1
PREF 34 5 oo 16 0 16 2 1 4 64/85 5184/7225
LOCW 34 5 oo 16 0 2 0 -29/8
LOCW 34 5 oo 16 0 5 2 1
LOCW 34 5 oo 16 0 17 0 -1
PREF 34 5 oo 18 0 18 3/2 1 2 64/85 4608/7225
LOCW 34 5 oo 18 0 2 3/2 1
LOCW 34 5 oo 18 0 3 10/9 1/9
LOCW 34 5 oo 18 0 5 0 -1
LOCW 34 5 oo 18 0 17 0 -1
PREF 34 5 oo 19 0 19 1 1 2 96/85 373248/521645
LOCW 34 5 oo 19 0 2 3/2 1
LOCW 34 5 oo 19 0 5 2 1
LOCW 34 5 oo 19 0 17 0 -1
LOCW 34 5 oo 19 0 19 360/361 -2/361
PREF 34 5 oo 20 0 20 1 2 2 18/17 5184/7225
LOCW 34 5 oo 20 0 2 1/2 -3/4
LOCW 34 5 oo 20 0 5 4/5 -2/5
LOCW 34 5 oo 20 0 17 2 1
PREF 34 5 oo 21 0 21 1/2 4 2 64/85 221184/354025
LOCW 34 5 oo 21 0 2 1 1/2
LOCW 34 5 oo 21 0 3 8/9 -2/9
LOCW 34 5 oo 21 0 5 2 1
LOCW 34 5 oo 21 0 7 48/49 -2/49
LOCW 34 5 oo 21 0 17 0 -1
PREF 34 5 oo 22 0 22 1/2 2 2 108/85 124416/174845
LOCW 34 5 oo 22 0 2 3/2 1
LOCW 34 5 oo 22 0 5 0 -1
LOCW 34 5 oo 22 0 11 120/121 -2/121
LOCW 34 5 oo 22 0 17 2 1
PREF 34 5 oo 23 0 23 1 3 2 54/85 2737152/3822025
LOCW 34 5 oo 23 0 2 3/2 1
LOCW 34 5 oo 23 0 5 0 -1
LOCW 34 5 oo 23 0 17 2 1
LOCW 34 5 oo 23 0 23 528/529 -2/529
PREF 34 5 oo 24 0 24 1 2 2 72/85 4608/7225
LOCW 34 5 oo 24 0 2 3/4 0
LOCW 34 5 oo 24 0 3 8/9 -2/9
LOCW 34 5 oo 24 0 5 2 1
LOCW 34 5 oo 24 0 17 2 1
PREF 34 5 oo 31 0 31 1 3 2 36/85 995328/1388645
LOCW 34 5 oo 31 0 2 3/2 1
LOCW 34 5 oo 31 0 5 2 1
LOCW 34 5 oo 31 0 17 2 1
LOCW 34 5 oo 31 0 31 960/961 -2/961
PREF 34 5 oo 34 0 34 1/2 4 2 4/5 5184/7225
LOCW 34 5 oo 34 0 2 3/2 1
LOCW 34 5 oo 34 0 5 2 1
LOCW 34 5 oo 34 0 17 18/17 2/17
PREF 34 5 oo 39 0 39 1 4 2 36/85 774144/1221025
LOCW 34 5 oo 39 0 2 3/2 1
LOCW 34 5 oo 39 0 3 8/9 -2/9
LOCW 34 5 oo 39 0 5 2 1
LOCW 34 5 oo 39 0 13 168/169 -2/169
LOCW 34 5 oo 39 0 17 2 1
PREF 34 5 oo 44 0 44 2 1 2 108/85 124416/174845
LOCW 34 5 oo 44 0 2 3/4 0
LOCW 34 5 oo 44 0 5 2 1
LOCW 34 5 oo 44 0 11 120/121 -2/121
LOCW 34 5 oo 44 0 17 2 1
PREF 34 5 oo 51 0 51 1 2 2 6/5 4608/7225
LOCW 34 5 oo 51 0 2 3/2 1
LOCW 34 5 oo 51 0 3 8/9 -2/9
LOCW 34 5 oo 51 0 5 2 1
LOCW 34 5 oo 51 0 17 18/17 2/17
PREF 34 5 oo 80 0 80 2 2 2 18/17 5184/7225
LOCW 34 5 oo 80 0 2 1/4 -15/8
LOCW 34 5 oo 80 0 5 4/5 -2/5
LOCW 34 5 oo 80 0 17 2 1
PREF 34 5 oo 85 0 85 1/2 4 2 1 5184/7225
LOCW 34 5 oo 85 0 2 1 1/2
LOCW 34 5 oo 85 0 5 4/5 -2/5
LOCW 34 5 oo 85 0 17 18/17 2/17
PREF 34 5 oo 170 0 170 1/2 12 2 1 5184/7225
LOCW 34 5 oo 170 0 2 3/2 1
LOCW 34 5 oo 170 0 5 4/5 -2/5
LOCW 34 5 oo 170 0 17 18/17 2/17
DONE
