BASEINFO 33 2 132 8712
FORM 33 2 -2 ?
COEF 33 2 -2 oo 1 1 -5/2
COEF 33 2 -2 oo 2 2 -1067397/2
COEF 33 2 -2 oo 3 3 3/2
COEF 33 2 -2 oo 5 5 3
COEF 33 2 -2 oo 6 6 -6882979/2
COEF 33 2 -2 oo 7 7 3917335
COEF 33 2 -2 oo 8 8 -2907795
COEF 33 2 -2 oo 9 9 7/2
COEF 33 2 -2 oo 10 10 951695/2
COEF 33 2 -2 oo 11 11 -4
COEF 33 2 -2 oo 22 22 2
COEF 33 2 -2 oo 23 23 -1/2
COEF 33 2 -2 oo 26 26 -7/2
COEF 33 2 -2 oo 27 27 -3/2
COEF 33 2 -2 0 33 1/4 -5
FORM 33 2 -1 ?
COEF 33 2 -1 oo 1 1 -3/2
COEF 33 2 -1 oo 2 2 -640435/2
COEF 33 2 -1 oo 3 3 5/2
COEF 33 2 -1 oo 5 5 1
COEF 33 2 -1 oo 6 6 -4129785/2
COEF 33 2 -1 oo 7 7 2350401
COEF 33 2 -1 oo 8 8 -1744677
COEF 33 2 -1 oo 9 9 1/2
COEF 33 2 -1 oo 10 10 571017/2
COEF 33 2 -1 oo 11 11 -2
COEF 33 2 -1 oo 23 23 1/2
COEF 33 2 -1 oo 26 26 -1/2
COEF 33 2 -1 oo 27 27 -1/2
COEF 33 2 -1 0 33 1/4 -3
FORM 33 2 9 ?
COEF 33 2 9 oo 1 1 -6
COEF 33 2 9 oo 2 2 -853916
COEF 33 2 9 oo 3 3 4
COEF 33 2 9 oo 6 6 -5506380
COEF 33 2 9 oo 7 7 6267736
COEF 33 2 9 oo 8 8 -4652472
COEF 33 2 9 oo 9 9 -2
COEF 33 2 9 oo 10 10 761356
COEF 33 2 9 oo 11 11 -6
COEF 33 2 9 oo 27 27 -2
COEF 33 2 9 oo 33 33 2
COEF 33 2 9 oo 66 66 2
COEF 33 2 9 0 33 1/4 -8
FORM 33 2 10 ?
COEF 33 2 10 oo 1 1 -6
COEF 33 2 10 oo 2 2 -853920
COEF 33 2 10 oo 3 3 4
COEF 33 2 10 oo 5 5 4
COEF 33 2 10 oo 6 6 -5506384
COEF 33 2 10 oo 7 7 6267736
COEF 33 2 10 oo 8 8 -4652472
COEF 33 2 10 oo 9 9 2
COEF 33 2 10 oo 10 10 761356
COEF 33 2 10 oo 11 11 -6
COEF 33 2 10 oo 22 22 2
COEF 33 2 10 oo 26 26 -2
COEF 33 2 10 oo 27 27 -2
COEF 33 2 10 oo 33 33 2
COEF 33 2 10 0 33 1/4 -8
FORM 33 2 11 ?
COEF 33 2 11 oo 1 1 -5
COEF 33 2 11 oo 2 2 -1067395
COEF 33 2 11 oo 3 3 3
COEF 33 2 11 oo 5 5 1
COEF 33 2 11 oo 6 6 -6882975
COEF 33 2 11 oo 7 7 7834670
COEF 33 2 11 oo 8 8 -5815590
COEF 33 2 11 oo 9 9 3
COEF 33 2 11 oo 10 10 951695
COEF 33 2 11 oo 11 11 -10
COEF 33 2 11 oo 14 14 4
COEF 33 2 11 oo 20 20 -1
COEF 33 2 11 oo 22 22 2
COEF 33 2 11 oo 27 27 -3
COEF 33 2 11 oo 66 66 2
COEF 33 2 11 0 33 1/4 -10
FORM 33 2 12 ?
COEF 33 2 12 oo 1 1 -7
COEF 33 2 12 oo 2 2 -1067399
COEF 33 2 12 oo 3 3 3
COEF 33 2 12 oo 5 5 1
COEF 33 2 12 oo 6 6 -6882977
COEF 33 2 12 oo 7 7 7834670
COEF 33 2 12 oo 8 8 -5815590
COEF 33 2 12 oo 9 9 1
COEF 33 2 12 oo 10 10 951695
COEF 33 2 12 oo 11 11 -10
COEF 33 2 12 oo 14 14 2
COEF 33 2 12 oo 20 20 -1
COEF 33 2 12 oo 22 22 2
COEF 33 2 12 oo 27 27 -3
COEF 33 2 12 oo 33 33 2
COEF 33 2 12 oo 66 66 2
COEF 33 2 12 0 33 1/4 -10
FORM 33 2 13 ?
COEF 33 2 13 oo 1 1 -4
COEF 33 2 13 oo 2 2 -853916
COEF 33 2 13 oo 3 3 4
COEF 33 2 13 oo 5 5 4
COEF 33 2 13 oo 6 6 -5506382
COEF 33 2 13 oo 7 7 6267736
COEF 33 2 13 oo 8 8 -4652472
COEF 33 2 13 oo 9 9 4
COEF 33 2 13 oo 10 10 761356
COEF 33 2 13 oo 11 11 -6
COEF 33 2 13 oo 22 22 2
COEF 33 2 13 oo 26 26 -4
COEF 33 2 13 oo 27 27 -2
COEF 33 2 13 0 33 1/4 -8
FORM 33 2 14 ?
COEF 33 2 14 oo 1 1 -2
COEF 33 2 14 oo 2 2 -4
COEF 33 2 14 oo 6 6 -2
COEF 33 2 14 oo 9 9 -2
COEF 33 2 14 oo 14 14 -2
COEF 33 2 14 oo 33 33 2
FORM 33 2 15 ?
COEF 33 2 15 oo 1 1 -4
COEF 33 2 15 oo 2 2 -853912
COEF 33 2 15 oo 3 3 4
COEF 33 2 15 oo 6 6 -5506378
COEF 33 2 15 oo 7 7 6267736
COEF 33 2 15 oo 8 8 -4652472
COEF 33 2 15 oo 10 10 761356
COEF 33 2 15 oo 11 11 -6
COEF 33 2 15 oo 14 14 2
COEF 33 2 15 oo 27 27 -2
COEF 33 2 15 oo 66 66 2
COEF 33 2 15 0 33 1/4 -8
PREF 33 2 oo 1 0 1 1/2 1 4 16/11 80/121
LOCW 33 2 oo 1 0 2 2 5/2
LOCW 33 2 oo 1 0 3 0 -1
LOCW 33 2 oo 1 0 11 0 -1
PREF 33 2 oo 2 0 2 1/2 1 2 20/33 80/121
LOCW 33 2 oo 2 0 2 1/2 -1
LOCW 33 2 oo 2 0 3 2 1
LOCW 33 2 oo 2 0 11 2 1
PREF 33 2 oo 3 0 3 1 1 6 18/11 80/121
LOCW 33 2 oo 3 0 2 1/2 -1
LOCW 33 2 oo 3 0 3 4/3 2/3
LOCW 33 2 oo 3 0 11 0 -1
PREF 33 2 oo 5 0 5 1/2 2 2 8/11 384/605
LOCW 33 2 oo 5 0 2 1 -1/2
LOCW 33 2 oo 5 0 3 2 1
LOCW 33 2 oo 5 0 5 24/25 -2/25
LOCW 33 2 oo 5 0 11 0 -1
PREF 33 2 oo 6 0 6 1/2 2 2 10/11 80/121
LOCW 33 2 oo 6 0 2 1/2 -1
LOCW 33 2 oo 6 0 3 4/3 2/3
LOCW 33 2 oo 6 0 11 2 1
PREF 33 2 oo 7 0 7 1 1 2 20/33 3840/5929
LOCW 33 2 oo 7 0 2 1/2 -1
LOCW 33 2 oo 7 0 3 0 -1
LOCW 33 2 oo 7 0 7 48/49 -2/49
LOCW 33 2 oo 7 0 11 2 1
PREF 33 2 oo 8 0 8 1 1 2 20/33 80/121
LOCW 33 2 oo 8 0 2 5/4 0
LOCW 33 2 oo 8 0 3 2 1
LOCW 33 2 oo 8 0 11 2 1
PREF 33 2 oo 9 0 9 3/2 1 4 16/11 80/121
LOCW 33 2 oo 9 0 2 2 5/2
LOCW 33 2 oo 9 0 3 0 -7/3
LOCW 33 2 oo 9 0 11 0 -1
PREF 33 2 oo 10 0 10 1/2 2 2 40/33 384/605
LOCW 33 2 oo 10 0 2 1/2 -1
LOCW 33 2 oo 10 0 3 0 -1
LOCW 33 2 oo 10 0 5 24/25 -2/25
LOCW 33 2 oo 10 0 11 2 1
PREF 33 2 oo 11 0 11 1 1 2 1 80/121
LOCW 33 2 oo 11 0 2 1/2 -1
LOCW 33 2 oo 11 0 3 2 1
LOCW 33 2 oo 11 0 11 12/11 2/11
PREF 33 2 oo 14 0 14 1/2 4 2 8/11 3840/5929
LOCW 33 2 oo 14 0 2 1/2 -1
LOCW 33 2 oo 14 0 3 2 1
LOCW 33 2 oo 14 0 7 48/49 -2/49
LOCW 33 2 oo 14 0 11 0 -1
PREF 33 2 oo 20 0 20 1 2 2 8/11 384/605
LOCW 33 2 oo 20 0 2 3/2 3/4
LOCW 33 2 oo 20 0 3 2 1
LOCW 33 2 oo 20 0 5 24/25 -2/25
LOCW 33 2 oo 20 0 11 0 -1
PREF 33 2 oo 22 0 22 1/2 2 2 4/3 80/121
LOCW 33 2 oo 22 0 2 1/2 -1
LOCW 33 2 oo 22 0 3 0 -1
LOCW 33 2 oo 22 0 11 12/11 2/11
PREF 33 2 oo 23 0 23 1 3 2 4/11 3840/5819
LOCW 33 2 oo 23 0 2 1/2 -1
LOCW 33 2 oo 23 0 3 2 1
LOCW 33 2 oo 23 0 11 0 -1
LOCW 33 2 oo 23 0 23 528/529 -2/529
PREF 33 2 oo 26 0 26 1/2 6 2 8/11 13440/20449
LOCW 33 2 oo 26 0 2 1/2 -1
LOCW 33 2 oo 26 0 3 2 1
LOCW 33 2 oo 26 0 11 0 -1
LOCW 33 2 oo 26 0 13 168/169 -2/169
PREF 33 2 oo 27 0 27 3 1 6 18/11 80/121
LOCW 33 2 oo 27 0 2 1/2 -1
LOCW 33 2 oo 27 0 3 4/9 -8/9
LOCW 33 2 oo 27 0 11 0 -1
PREF 33 2 oo 33 0 33 1/2 4 2 1 80/121
LOCW 33 2 oo 33 0 2 2 5/2
LOCW 33 2 oo 33 0 3 4/3 2/3
LOCW 33 2 oo 33 0 11 12/11 2/11
PREF 33 2 oo 66 0 66 1/2 8 2 1 80/121
LOCW 33 2 oo 66 0 2 1/2 -1
LOCW 33 2 oo 66 0 3 4/3 2/3
LOCW 33 2 oo 66 0 11 12/11 2/11
PREF 33 2 0 33 1 1/4 1/4 1 4 16/11 80/121
LOCW 33 2 0 33 1 2 0 0
LOCW 33 2 0 33 1 3 0 0
LOCW 33 2 0 33 1 11 0 0
DONE
