BASEINFO 10 7 140 9800
FORM 10 7 -2 ?
COEF 10 7 -2 oo 2 2 -8
COEF 10 7 -2 oo 3 3 -1
COEF 10 7 -2 oo 5 5 3
COEF 10 7 -2 oo 6 6 -1
COEF 10 7 -2 oo 7 7 -4
COEF 10 7 -2 oo 10 10 2
COEF 10 7 -2 oo 12 12 -2
COEF 10 7 -2 oo 20 20 -3
COEF 10 7 -2 oo 28 28 4
FORM 10 7 -1 ?
COEF 10 7 -1 oo 2 2 -6
COEF 10 7 -1 oo 3 3 -1
COEF 10 7 -1 oo 5 5 3
COEF 10 7 -1 oo 6 6 1
COEF 10 7 -1 oo 7 7 -4
COEF 10 7 -1 oo 12 12 -2
COEF 10 7 -1 oo 20 20 -1
COEF 10 7 -1 oo 28 28 2
FORM 10 7 9 ?
COEF 10 7 9 oo 1 1 -6
COEF 10 7 9 oo 2 2 -20
COEF 10 7 9 oo 3 3 -4
COEF 10 7 9 oo 4 4 -2
COEF 10 7 9 oo 5 5 10
COEF 10 7 9 oo 7 7 -14
COEF 10 7 9 oo 10 10 2
COEF 10 7 9 oo 12 12 -8
COEF 10 7 9 oo 20 20 -8
COEF 10 7 9 oo 28 28 10
COEF 10 7 9 oo 35 35 2
COEF 10 7 9 oo 70 70 2
FORM 10 7 10 ?
COEF 10 7 10 oo 1 1 -2
COEF 10 7 10 oo 2 2 -8
COEF 10 7 10 oo 3 3 -2
COEF 10 7 10 oo 4 4 -2
COEF 10 7 10 oo 5 5 4
COEF 10 7 10 oo 7 7 -6
COEF 10 7 10 oo 12 12 -4
COEF 10 7 10 oo 20 20 -2
COEF 10 7 10 oo 28 28 2
COEF 10 7 10 oo 35 35 2
FORM 10 7 11 ?
COEF 10 7 11 oo 1 1 -4
COEF 10 7 11 oo 2 2 -12
COEF 10 7 11 oo 3 3 -2
COEF 10 7 11 oo 5 5 6
COEF 10 7 11 oo 7 7 -8
COEF 10 7 11 oo 10 10 2
COEF 10 7 11 oo 12 12 -4
COEF 10 7 11 oo 20 20 -6
COEF 10 7 11 oo 28 28 8
COEF 10 7 11 oo 70 70 2
FORM 10 7 12 ?
COEF 10 7 12 oo 1 1 -6
COEF 10 7 12 oo 2 2 -6
COEF 10 7 12 oo 3 3 -2
COEF 10 7 12 oo 4 4 -2
COEF 10 7 12 oo 5 5 4
COEF 10 7 12 oo 7 7 -6
COEF 10 7 12 oo 12 12 -4
COEF 10 7 12 oo 20 20 -4
COEF 10 7 12 oo 28 28 4
COEF 10 7 12 oo 35 35 2
COEF 10 7 12 oo 70 70 2
FORM 10 7 13 ?
COEF 10 7 13 oo 2 2 -14
COEF 10 7 13 oo 3 3 -2
COEF 10 7 13 oo 5 5 6
COEF 10 7 13 oo 7 7 -8
COEF 10 7 13 oo 10 10 2
COEF 10 7 13 oo 12 12 -4
COEF 10 7 13 oo 20 20 -4
COEF 10 7 13 oo 28 28 6
FORM 10 7 14 ?
COEF 10 7 14 oo 1 1 -2
COEF 10 7 14 oo 2 2 -10
COEF 10 7 14 oo 3 3 -2
COEF 10 7 14 oo 4 4 -2
COEF 10 7 14 oo 5 5 4
COEF 10 7 14 oo 6 6 -2
COEF 10 7 14 oo 7 7 -6
COEF 10 7 14 oo 10 10 2
COEF 10 7 14 oo 12 12 -4
COEF 10 7 14 oo 20 20 -4
COEF 10 7 14 oo 28 28 4
COEF 10 7 14 oo 35 35 2
FORM 10 7 15 ?
COEF 10 7 15 oo 1 1 -4
COEF 10 7 15 oo 2 2 -10
COEF 10 7 15 oo 3 3 -2
COEF 10 7 15 oo 5 5 6
COEF 10 7 15 oo 6 6 2
COEF 10 7 15 oo 7 7 -8
COEF 10 7 15 oo 12 12 -4
COEF 10 7 15 oo 20 20 -4
COEF 10 7 15 oo 28 28 6
COEF 10 7 15 oo 70 70 2
PREF 10 7 oo 1 0 1 1/2 1 4 32/35 864/1225
LOCW 10 7 oo 1 0 2 0 -5/2
LOCW 10 7 oo 1 0 5 0 -1
LOCW 10 7 oo 1 0 7 2 1
PREF 10 7 oo 2 0 2 1/2 1 2 48/35 864/1225
LOCW 10 7 oo 2 0 2 3/2 1
LOCW 10 7 oo 2 0 5 2 1
LOCW 10 7 oo 2 0 7 2 1
PREF 10 7 oo 3 0 3 1 1 6 54/35 768/1225
LOCW 10 7 oo 3 0 2 3/2 1
LOCW 10 7 oo 3 0 3 8/9 -2/9
LOCW 10 7 oo 3 0 5 2 1
LOCW 10 7 oo 3 0 7 0 -1
PREF 10 7 oo 4 0 4 1 1 4 32/35 864/1225
LOCW 10 7 oo 4 0 2 0 -13/4
LOCW 10 7 oo 4 0 5 0 -1
LOCW 10 7 oo 4 0 7 2 1
PREF 10 7 oo 5 0 5 1/2 2 2 6/7 864/1225
LOCW 10 7 oo 5 0 2 1 1/2
LOCW 10 7 oo 5 0 5 6/5 2/5
LOCW 10 7 oo 5 0 7 0 -1
PREF 10 7 oo 6 0 6 1/2 2 2 24/35 768/1225
LOCW 10 7 oo 6 0 2 3/2 1
LOCW 10 7 oo 6 0 3 8/9 -2/9
LOCW 10 7 oo 6 0 5 0 -1
LOCW 10 7 oo 6 0 7 0 -1
PREF 10 7 oo 7 0 7 1 1 2 3/5 864/1225
LOCW 10 7 oo 7 0 2 3/2 1
LOCW 10 7 oo 7 0 5 2 1
LOCW 10 7 oo 7 0 7 6/7 -2/7
PREF 10 7 oo 10 0 10 1/2 2 2 6/7 864/1225
LOCW 10 7 oo 10 0 2 3/2 1
LOCW 10 7 oo 10 0 5 6/5 2/5
LOCW 10 7 oo 10 0 7 0 -1
PREF 10 7 oo 12 0 12 2 1 6 54/35 768/1225
LOCW 10 7 oo 12 0 2 3/4 0
LOCW 10 7 oo 12 0 3 8/9 -2/9
LOCW 10 7 oo 12 0 5 2 1
LOCW 10 7 oo 12 0 7 0 -1
PREF 10 7 oo 20 0 20 1 2 2 6/7 864/1225
LOCW 10 7 oo 20 0 2 1/2 -3/4
LOCW 10 7 oo 20 0 5 6/5 2/5
LOCW 10 7 oo 20 0 7 0 -1
PREF 10 7 oo 28 0 28 2 1 2 3/5 864/1225
LOCW 10 7 oo 28 0 2 3/4 0
LOCW 10 7 oo 28 0 5 2 1
LOCW 10 7 oo 28 0 7 6/7 -2/7
PREF 10 7 oo 35 0 35 1 2 2 3/2 864/1225
LOCW 10 7 oo 35 0 2 3/2 1
LOCW 10 7 oo 35 0 5 6/5 2/5
LOCW 10 7 oo 35 0 7 6/7 -2/7
PREF 10 7 oo 70 0 70 1/2 4 2 1 864/1225
LOCW 10 7 oo 70 0 2 3/2 1
LOCW 10 7 oo 70 0 5 6/5 2/5
LOCW 10 7 oo 70 0 7 6/7 -2/7
DONE
