BASEINFO 35 2 140 9800
FORM 35 2 -2 ?
COEF 35 2 -2 oo 2 2 -2
COEF 35 2 -2 oo 22 22 1
FORM 35 2 -1 ?
COEF 35 2 -1 oo 1 1 -2
COEF 35 2 -1 oo 2 2 -2
COEF 35 2 -1 oo 4 4 -1
COEF 35 2 -1 oo 6 6 2
COEF 35 2 -1 oo 9 9 -1
COEF 35 2 -1 oo 10 10 -2
COEF 35 2 -1 oo 70 70 2
COEF 35 2 -1 0 35 1/4 2
FORM 35 2 9 ?
COEF 35 2 9 oo 1 1 -2
COEF 35 2 9 oo 2 2 -8
COEF 35 2 9 oo 3 3 1
COEF 35 2 9 oo 4 4 -4
COEF 35 2 9 oo 5 5 1
COEF 35 2 9 oo 6 6 1
COEF 35 2 9 oo 9 9 -2
COEF 35 2 9 oo 10 10 -1
COEF 35 2 9 oo 12 12 -1
COEF 35 2 9 oo 35 35 2
COEF 35 2 9 oo 70 70 2
COEF 35 2 9 0 35 1/4 4
FORM 35 2 10 ?
COEF 35 2 10 oo 2 2 -6
COEF 35 2 10 oo 3 3 1
COEF 35 2 10 oo 4 4 -3
COEF 35 2 10 oo 5 5 1
COEF 35 2 10 oo 6 6 -1
COEF 35 2 10 oo 9 9 -1
COEF 35 2 10 oo 10 10 1
COEF 35 2 10 oo 12 12 -1
COEF 35 2 10 oo 35 35 2
COEF 35 2 10 0 35 1/4 2
FORM 35 2 11 ?
COEF 35 2 11 oo 1 1 -2
COEF 35 2 11 oo 2 2 -2
COEF 35 2 11 oo 4 4 -1
COEF 35 2 11 oo 6 6 2
COEF 35 2 11 oo 9 9 -1
COEF 35 2 11 oo 10 10 -2
COEF 35 2 11 oo 70 70 2
COEF 35 2 11 0 35 1/4 2
FORM 35 2 12 ?
COEF 35 2 12 oo 2 2 -12
COEF 35 2 12 oo 3 3 2
COEF 35 2 12 oo 4 4 -5
COEF 35 2 12 oo 7 7 2
COEF 35 2 12 oo 9 9 -3
COEF 35 2 12 oo 35 35 2
COEF 35 2 12 oo 70 70 2
COEF 35 2 12 0 35 1/4 6
FORM 35 2 13 ?
COEF 35 2 13 oo 1 1 2
COEF 35 2 13 oo 2 2 -4
COEF 35 2 13 oo 3 3 1
COEF 35 2 13 oo 4 4 -1
COEF 35 2 13 oo 5 5 -1
COEF 35 2 13 oo 6 6 -1
COEF 35 2 13 oo 7 7 2
COEF 35 2 13 oo 9 9 -1
COEF 35 2 13 oo 10 10 1
COEF 35 2 13 oo 12 12 1
COEF 35 2 13 0 35 1/4 2
FORM 35 2 14 ?
COEF 35 2 14 oo 1 1 2
COEF 35 2 14 oo 2 2 -10
COEF 35 2 14 oo 3 3 2
COEF 35 2 14 oo 4 4 -4
COEF 35 2 14 oo 6 6 -2
COEF 35 2 14 oo 7 7 2
COEF 35 2 14 oo 9 9 -2
COEF 35 2 14 oo 10 10 2
COEF 35 2 14 oo 35 35 2
COEF 35 2 14 0 35 1/4 4
FORM 35 2 15 ?
COEF 35 2 15 oo 2 2 -6
COEF 35 2 15 oo 3 3 1
COEF 35 2 15 oo 4 4 -2
COEF 35 2 15 oo 5 5 -1
COEF 35 2 15 oo 6 6 1
COEF 35 2 15 oo 7 7 2
COEF 35 2 15 oo 9 9 -2
COEF 35 2 15 oo 10 10 -1
COEF 35 2 15 oo 12 12 1
COEF 35 2 15 oo 70 70 2
COEF 35 2 15 0 35 1/4 4
PREF 35 2 oo 1 0 1 1/2 1 4 32/35 864/1225
LOCW 35 2 oo 1 0 2 2 5/2
LOCW 35 2 oo 1 0 5 0 -1
LOCW 35 2 oo 1 0 7 0 -1
PREF 35 2 oo 2 0 2 1/2 1 2 48/35 864/1225
LOCW 35 2 oo 2 0 2 1/2 -1
LOCW 35 2 oo 2 0 5 2 1
LOCW 35 2 oo 2 0 7 0 -1
PREF 35 2 oo 3 0 3 1 1 6 54/35 768/1225
LOCW 35 2 oo 3 0 2 1/2 -1
LOCW 35 2 oo 3 0 3 8/9 -2/9
LOCW 35 2 oo 3 0 5 2 1
LOCW 35 2 oo 3 0 7 2 1
PREF 35 2 oo 4 0 4 1 1 4 32/35 864/1225
LOCW 35 2 oo 4 0 2 2 13/4
LOCW 35 2 oo 4 0 5 0 -1
LOCW 35 2 oo 4 0 7 0 -1
PREF 35 2 oo 5 0 5 1/2 2 2 6/7 864/1225
LOCW 35 2 oo 5 0 2 1 -1/2
LOCW 35 2 oo 5 0 5 6/5 2/5
LOCW 35 2 oo 5 0 7 2 1
PREF 35 2 oo 6 0 6 1/2 2 2 24/35 768/1225
LOCW 35 2 oo 6 0 2 1/2 -1
LOCW 35 2 oo 6 0 3 8/9 -2/9
LOCW 35 2 oo 6 0 5 0 -1
LOCW 35 2 oo 6 0 7 2 1
PREF 35 2 oo 7 0 7 1 1 2 3/5 864/1225
LOCW 35 2 oo 7 0 2 1/2 -1
LOCW 35 2 oo 7 0 5 2 1
LOCW 35 2 oo 7 0 7 8/7 2/7
PREF 35 2 oo 9 0 9 3/2 1 4 128/105 768/1225
LOCW 35 2 oo 9 0 2 2 5/2
LOCW 35 2 oo 9 0 3 4/3 7/9
LOCW 35 2 oo 9 0 5 0 -1
LOCW 35 2 oo 9 0 7 0 -1
PREF 35 2 oo 10 0 10 1/2 2 2 6/7 864/1225
LOCW 35 2 oo 10 0 2 1/2 -1
LOCW 35 2 oo 10 0 5 6/5 2/5
LOCW 35 2 oo 10 0 7 2 1
PREF 35 2 oo 12 0 12 2 1 6 54/35 768/1225
LOCW 35 2 oo 12 0 2 5/4 0
LOCW 35 2 oo 12 0 3 8/9 -2/9
LOCW 35 2 oo 12 0 5 2 1
LOCW 35 2 oo 12 0 7 2 1
PREF 35 2 oo 22 0 22 1/2 2 2 48/35 20736/29645
LOCW 35 2 oo 22 0 2 1/2 -1
LOCW 35 2 oo 22 0 5 2 1
LOCW 35 2 oo 22 0 7 0 -1
LOCW 35 2 oo 22 0 11 120/121 -2/121
PREF 35 2 oo 35 0 35 1 2 2 3/2 864/1225
LOCW 35 2 oo 35 0 2 1/2 -1
LOCW 35 2 oo 35 0 5 6/5 2/5
LOCW 35 2 oo 35 0 7 8/7 2/7
PREF 35 2 oo 70 0 70 1/2 4 2 1 864/1225
LOCW 35 2 oo 70 0 2 1/2 -1
LOCW 35 2 oo 70 0 5 6/5 2/5
LOCW 35 2 oo 70 0 7 8/7 2/7
PREF 35 2 0 35 1 1/4 1/4 1 4 32/35 864/1225
LOCW 35 2 0 35 1 2 0 0
LOCW 35 2 0 35 1 5 0 0
LOCW 35 2 0 35 1 7 0 0
DONE
