BASEINFO 14 3 84 3528
FORM 14 3 -2 ?
COEF 14 3 -2 oo 1 1 2
COEF 14 3 -2 oo 2 2 -2
COEF 14 3 -2 oo 5 5 -1
COEF 14 3 -2 oo 15 15 2
COEF 14 3 -2 oo 35 35 1
FORM 14 3 -1 ?
COEF 14 3 -1 oo 1 1 2
COEF 14 3 -1 oo 2 2 -2
COEF 14 3 -1 oo 11 11 1
COEF 14 3 -1 oo 15 15 2
FORM 14 3 9 ?
COEF 14 3 9 oo 1 1 4
COEF 14 3 9 oo 2 2 -4
COEF 14 3 9 oo 5 5 2
COEF 14 3 9 oo 21 21 2
COEF 14 3 9 oo 42 42 2
FORM 14 3 10 ?
COEF 14 3 10 oo 1 1 8
COEF 14 3 10 oo 2 2 -6
COEF 14 3 10 oo 6 6 2
COEF 14 3 10 oo 14 14 2
COEF 14 3 10 oo 15 15 6
COEF 14 3 10 oo 21 21 2
FORM 14 3 11 ?
COEF 14 3 11 oo 1 1 8
COEF 14 3 11 oo 2 2 -6
COEF 14 3 11 oo 5 5 6
COEF 14 3 11 oo 6 6 -2
COEF 14 3 11 oo 14 14 2
COEF 14 3 11 oo 15 15 6
COEF 14 3 11 oo 42 42 2
FORM 14 3 12 ?
COEF 14 3 12 oo 1 1 10
COEF 14 3 12 oo 2 2 -8
COEF 14 3 12 oo 5 5 4
COEF 14 3 12 oo 14 14 2
COEF 14 3 12 oo 15 15 6
COEF 14 3 12 oo 21 21 2
COEF 14 3 12 oo 42 42 2
FORM 14 3 13 ?
COEF 14 3 13 oo 1 1 6
COEF 14 3 13 oo 2 2 -4
COEF 14 3 13 oo 5 5 2
COEF 14 3 13 oo 14 14 2
COEF 14 3 13 oo 15 15 6
FORM 14 3 14 ?
COEF 14 3 14 oo 1 1 2
COEF 14 3 14 oo 2 2 -2
COEF 14 3 14 oo 5 5 -2
COEF 14 3 14 oo 6 6 2
COEF 14 3 14 oo 21 21 2
FORM 14 3 15 ?
COEF 14 3 15 oo 1 1 2
COEF 14 3 15 oo 2 2 -2
COEF 14 3 15 oo 5 5 4
COEF 14 3 15 oo 6 6 -2
COEF 14 3 15 oo 42 42 2
PREF 14 3 oo 1 0 1 1/2 1 4 32/21 32/49
LOCW 14 3 oo 1 0 2 0 -5/2
LOCW 14 3 oo 1 0 3 2 1
LOCW 14 3 oo 1 0 7 0 -1
PREF 14 3 oo 2 0 2 1/2 1 2 16/21 32/49
LOCW 14 3 oo 2 0 2 3/2 1
LOCW 14 3 oo 2 0 3 0 -1
LOCW 14 3 oo 2 0 7 0 -1
PREF 14 3 oo 5 0 5 1/2 2 2 4/7 768/1225
LOCW 14 3 oo 5 0 2 1 1/2
LOCW 14 3 oo 5 0 3 0 -1
LOCW 14 3 oo 5 0 5 24/25 -2/25
LOCW 14 3 oo 5 0 7 2 1
PREF 14 3 oo 6 0 6 1/2 2 2 6/7 32/49
LOCW 14 3 oo 6 0 2 3/2 1
LOCW 14 3 oo 6 0 3 2/3 -2/3
LOCW 14 3 oo 6 0 7 2 1
PREF 14 3 oo 11 0 11 1 1 2 8/7 3840/5929
LOCW 14 3 oo 11 0 2 3/2 1
LOCW 14 3 oo 11 0 3 0 -1
LOCW 14 3 oo 11 0 7 0 -1
LOCW 14 3 oo 11 0 11 120/121 -2/121
PREF 14 3 oo 14 0 14 1/2 4 2 2/3 32/49
LOCW 14 3 oo 14 0 2 3/2 1
LOCW 14 3 oo 14 0 3 0 -1
LOCW 14 3 oo 14 0 7 8/7 2/7
PREF 14 3 oo 15 0 15 1 2 2 4/7 768/1225
LOCW 14 3 oo 15 0 2 3/2 1
LOCW 14 3 oo 15 0 3 2/3 -2/3
LOCW 14 3 oo 15 0 5 24/25 -2/25
LOCW 14 3 oo 15 0 7 0 -1
PREF 14 3 oo 21 0 21 1/2 4 2 1 32/49
LOCW 14 3 oo 21 0 2 1 1/2
LOCW 14 3 oo 21 0 3 2/3 -2/3
LOCW 14 3 oo 21 0 7 8/7 2/7
PREF 14 3 oo 35 0 35 1 2 2 1 768/1225
LOCW 14 3 oo 35 0 2 3/2 1
LOCW 14 3 oo 35 0 3 0 -1
LOCW 14 3 oo 35 0 5 24/25 -2/25
LOCW 14 3 oo 35 0 7 8/7 2/7
PREF 14 3 oo 42 0 42 1/2 4 2 1 32/49
LOCW 14 3 oo 42 0 2 3/2 1
LOCW 14 3 oo 42 0 3 2/3 -2/3
LOCW 14 3 oo 42 0 7 8/7 2/7
DONE
