BASEINFO 22 3 132 8712
FORM 22 3 -2 ?
COEF 22 3 -2 oo 1 1 2
COEF 22 3 -2 oo 2 2 -4
COEF 22 3 -2 oo 3 3 -4
COEF 22 3 -2 oo 4 4 -2
COEF 22 3 -2 oo 6 6 -2
COEF 22 3 -2 oo 12 12 -2
COEF 22 3 -2 oo 15 15 -2
COEF 22 3 -2 oo 23 23 -2
COEF 22 3 -2 oo 25 25 2
COEF 22 3 -2 oo 33 33 2
FORM 22 3 -1 ?
COEF 22 3 -1 oo 1 1 4
COEF 22 3 -1 oo 2 2 2
COEF 22 3 -1 oo 3 3 -2
COEF 22 3 -1 oo 11 11 2
COEF 22 3 -1 oo 12 12 -4
COEF 22 3 -1 oo 15 15 -2
COEF 22 3 -1 oo 23 23 -2
COEF 22 3 -1 oo 25 25 2
FORM 22 3 9 ?
COEF 22 3 9 oo 1 1 4
COEF 22 3 9 oo 2 2 -2
COEF 22 3 9 oo 3 3 -4
COEF 22 3 9 oo 4 4 -16
COEF 22 3 9 oo 11 11 4
COEF 22 3 9 oo 12 12 -14
COEF 22 3 9 oo 15 15 -10
COEF 22 3 9 oo 16 16 -8
COEF 22 3 9 oo 23 23 -8
COEF 22 3 9 oo 33 33 2
COEF 22 3 9 oo 44 44 -4
COEF 22 3 9 oo 66 66 2
FORM 22 3 10 ?
COEF 22 3 10 oo 1 1 2
COEF 22 3 10 oo 2 2 -4
COEF 22 3 10 oo 3 3 -4
COEF 22 3 10 oo 4 4 -2
COEF 22 3 10 oo 6 6 -2
COEF 22 3 10 oo 12 12 -2
COEF 22 3 10 oo 15 15 -2
COEF 22 3 10 oo 23 23 -2
COEF 22 3 10 oo 25 25 2
COEF 22 3 10 oo 33 33 2
FORM 22 3 11 ?
COEF 22 3 11 oo 1 1 6
COEF 22 3 11 oo 2 2 2
COEF 22 3 11 oo 4 4 -10
COEF 22 3 11 oo 6 6 2
COEF 22 3 11 oo 11 11 4
COEF 22 3 11 oo 12 12 -12
COEF 22 3 11 oo 15 15 -8
COEF 22 3 11 oo 16 16 -6
COEF 22 3 11 oo 23 23 -6
COEF 22 3 11 oo 44 44 -4
COEF 22 3 11 oo 66 66 2
FORM 22 3 12 ?
COEF 22 3 12 oo 1 1 4
COEF 22 3 12 oo 3 3 -6
COEF 22 3 12 oo 4 4 -20
COEF 22 3 12 oo 11 11 6
COEF 22 3 12 oo 12 12 -18
COEF 22 3 12 oo 15 15 -12
COEF 22 3 12 oo 16 16 -10
COEF 22 3 12 oo 23 23 -10
COEF 22 3 12 oo 33 33 2
COEF 22 3 12 oo 44 44 -4
COEF 22 3 12 oo 66 66 2
FORM 22 3 13 ?
COEF 22 3 13 oo 1 1 4
COEF 22 3 13 oo 2 2 2
COEF 22 3 13 oo 3 3 -2
COEF 22 3 13 oo 11 11 2
COEF 22 3 13 oo 12 12 -4
COEF 22 3 13 oo 15 15 -2
COEF 22 3 13 oo 23 23 -2
COEF 22 3 13 oo 25 25 2
FORM 22 3 14 ?
COEF 22 3 14 oo 1 1 6
COEF 22 3 14 oo 2 2 -2
COEF 22 3 14 oo 3 3 -6
COEF 22 3 14 oo 4 4 -2
COEF 22 3 14 oo 6 6 -2
COEF 22 3 14 oo 11 11 2
COEF 22 3 14 oo 12 12 -6
COEF 22 3 14 oo 15 15 -4
COEF 22 3 14 oo 23 23 -4
COEF 22 3 14 oo 25 25 4
COEF 22 3 14 oo 33 33 2
FORM 22 3 15 ?
COEF 22 3 15 oo 1 1 6
COEF 22 3 15 oo 2 2 4
COEF 22 3 15 oo 3 3 -2
COEF 22 3 15 oo 4 4 -14
COEF 22 3 15 oo 6 6 2
COEF 22 3 15 oo 11 11 6
COEF 22 3 15 oo 12 12 -16
COEF 22 3 15 oo 15 15 -10
COEF 22 3 15 oo 16 16 -8
COEF 22 3 15 oo 23 23 -8
COEF 22 3 15 oo 44 44 -4
COEF 22 3 15 oo 66 66 2
PREF 22 3 oo 1 0 1 1/2 1 4 16/11 80/121
LOCW 22 3 oo 1 0 2 0 -5/2
LOCW 22 3 oo 1 0 3 2 1
LOCW 22 3 oo 1 0 11 0 -1
PREF 22 3 oo 2 0 2 1/2 1 2 20/33 80/121
LOCW 22 3 oo 2 0 2 3/2 1
LOCW 22 3 oo 2 0 3 0 -1
LOCW 22 3 oo 2 0 11 2 1
PREF 22 3 oo 3 0 3 1 1 6 18/11 80/121
LOCW 22 3 oo 3 0 2 3/2 1
LOCW 22 3 oo 3 0 3 2/3 -2/3
LOCW 22 3 oo 3 0 11 0 -1
PREF 22 3 oo 4 0 4 1 1 4 16/11 80/121
LOCW 22 3 oo 4 0 2 0 -13/4
LOCW 22 3 oo 4 0 3 2 1
LOCW 22 3 oo 4 0 11 0 -1
PREF 22 3 oo 6 0 6 1/2 2 2 10/11 80/121
LOCW 22 3 oo 6 0 2 3/2 1
LOCW 22 3 oo 6 0 3 2/3 -2/3
LOCW 22 3 oo 6 0 11 2 1
PREF 22 3 oo 11 0 11 1 1 2 1 80/121
LOCW 22 3 oo 11 0 2 3/2 1
LOCW 22 3 oo 11 0 3 0 -1
LOCW 22 3 oo 11 0 11 12/11 2/11
PREF 22 3 oo 12 0 12 2 1 6 18/11 80/121
LOCW 22 3 oo 12 0 2 3/4 0
LOCW 22 3 oo 12 0 3 2/3 -2/3
LOCW 22 3 oo 12 0 11 0 -1
PREF 22 3 oo 15 0 15 1 2 2 6/11 384/605
LOCW 22 3 oo 15 0 2 3/2 1
LOCW 22 3 oo 15 0 3 2/3 -2/3
LOCW 22 3 oo 15 0 5 24/25 -2/25
LOCW 22 3 oo 15 0 11 0 -1
PREF 22 3 oo 16 0 16 2 1 4 16/11 80/121
LOCW 22 3 oo 16 0 2 0 -29/8
LOCW 22 3 oo 16 0 3 2 1
LOCW 22 3 oo 16 0 11 0 -1
PREF 22 3 oo 23 0 23 1 3 2 4/11 3840/5819
LOCW 22 3 oo 23 0 2 3/2 1
LOCW 22 3 oo 23 0 3 0 -1
LOCW 22 3 oo 23 0 11 0 -1
LOCW 22 3 oo 23 0 23 528/529 -2/529
PREF 22 3 oo 25 0 25 5/2 1 4 64/55 384/605
LOCW 22 3 oo 25 0 2 0 -5/2
LOCW 22 3 oo 25 0 3 2 1
LOCW 22 3 oo 25 0 5 6/5 11/25
LOCW 22 3 oo 25 0 11 0 -1
PREF 22 3 oo 33 0 33 1/2 4 2 1 80/121
LOCW 22 3 oo 33 0 2 0 -5/2
LOCW 22 3 oo 33 0 3 2/3 -2/3
LOCW 22 3 oo 33 0 11 12/11 2/11
PREF 22 3 oo 44 0 44 2 1 2 1 80/121
LOCW 22 3 oo 44 0 2 3/4 0
LOCW 22 3 oo 44 0 3 0 -1
LOCW 22 3 oo 44 0 11 12/11 2/11
PREF 22 3 oo 66 0 66 1/2 8 2 1 80/121
LOCW 22 3 oo 66 0 2 3/2 1
LOCW 22 3 oo 66 0 3 2/3 -2/3
LOCW 22 3 oo 66 0 11 12/11 2/11
DONE
