BASEINFO 6 19 228 25992
FORM 6 19 -2 0
COEF 6 19 -2 oo 8 8 -5
COEF 6 19 -2 oo 12 12 -2
COEF 6 19 -2 oo 14 14 -2
COEF 6 19 -2 oo 15 15 -3
COEF 6 19 -2 oo 18 18 -1
COEF 6 19 -2 oo 27 27 -2
COEF 6 19 -2 oo 31 31 -1
COEF 6 19 -2 oo 48 48 -2
COEF 6 19 -2 oo 51 51 1
FORM 6 19 -1 0
COEF 6 19 -1 oo 2 2 -1
COEF 6 19 -1 oo 3 3 1
COEF 6 19 -1 oo 8 8 -4
COEF 6 19 -1 oo 10 10 1
COEF 6 19 -1 oo 12 12 -2
COEF 6 19 -1 oo 14 14 -1
COEF 6 19 -1 oo 15 15 -2
COEF 6 19 -1 oo 18 18 -1
COEF 6 19 -1 oo 27 27 -3
COEF 6 19 -1 oo 31 31 -1
COEF 6 19 -1 oo 48 48 -2
FORM 6 19 9 ?
COEF 6 19 9 oo 1 1 -2
COEF 6 19 9 oo 2 2 -2
COEF 6 19 9 oo 4 4 -4
COEF 6 19 9 oo 5 5 -2
COEF 6 19 9 oo 6 6 -2
COEF 6 19 9 oo 7 7 -4
COEF 6 19 9 oo 8 8 -10
COEF 6 19 9 oo 12 12 -6
COEF 6 19 9 oo 15 15 -6
COEF 6 19 9 oo 16 16 -2
COEF 6 19 9 oo 18 18 -4
COEF 6 19 9 oo 27 27 -8
COEF 6 19 9 oo 31 31 -4
COEF 6 19 9 oo 48 48 -4
COEF 6 19 9 oo 57 57 2
COEF 6 19 9 oo 114 114 2
FORM 6 19 10 ?
COEF 6 19 10 oo 1 1 -2
COEF 6 19 10 oo 2 2 -2
COEF 6 19 10 oo 4 4 -2
COEF 6 19 10 oo 6 6 -2
COEF 6 19 10 oo 7 7 -2
COEF 6 19 10 oo 8 8 -4
COEF 6 19 10 oo 12 12 -2
COEF 6 19 10 oo 15 15 -2
COEF 6 19 10 oo 16 16 -2
COEF 6 19 10 oo 18 18 -2
COEF 6 19 10 oo 27 27 -4
COEF 6 19 10 oo 31 31 -2
COEF 6 19 10 oo 57 57 2
FORM 6 19 11 ?
COEF 6 19 11 oo 4 4 -2
COEF 6 19 11 oo 5 5 -2
COEF 6 19 11 oo 7 7 -2
COEF 6 19 11 oo 8 8 -6
COEF 6 19 11 oo 12 12 -4
COEF 6 19 11 oo 15 15 -4
COEF 6 19 11 oo 18 18 -2
COEF 6 19 11 oo 27 27 -4
COEF 6 19 11 oo 31 31 -2
COEF 6 19 11 oo 48 48 -4
COEF 6 19 11 oo 114 114 2
FORM 6 19 12 ?
COEF 6 19 12 oo 1 1 -2
COEF 6 19 12 oo 2 2 -7
COEF 6 19 12 oo 4 4 -4
COEF 6 19 12 oo 5 5 -2
COEF 6 19 12 oo 6 6 -2
COEF 6 19 12 oo 7 7 -2
COEF 6 19 12 oo 8 8 -11
COEF 6 19 12 oo 12 12 -10
COEF 6 19 12 oo 14 14 -2
COEF 6 19 12 oo 15 15 -2
COEF 6 19 12 oo 18 18 -4
COEF 6 19 12 oo 19 19 2
COEF 6 19 12 oo 22 22 -3
COEF 6 19 12 oo 27 27 -10
COEF 6 19 12 oo 48 48 -4
COEF 6 19 12 oo 57 57 2
COEF 6 19 12 oo 88 88 3
COEF 6 19 12 oo 114 114 2
FORM 6 19 13 ?
COEF 6 19 13 oo 2 2 -2
COEF 6 19 13 oo 7 7 2
COEF 6 19 13 oo 8 8 -4
COEF 6 19 13 oo 12 12 -4
COEF 6 19 13 oo 14 14 -2
COEF 6 19 13 oo 15 15 -2
COEF 6 19 13 oo 16 16 2
COEF 6 19 13 oo 19 19 2
COEF 6 19 13 oo 27 27 -2
COEF 6 19 13 oo 31 31 -2
FORM 6 19 14 ?
COEF 6 19 14 oo 1 1 -2
COEF 6 19 14 oo 2 2 -4
COEF 6 19 14 oo 4 4 -2
COEF 6 19 14 oo 6 6 -2
COEF 6 19 14 oo 8 8 -8
COEF 6 19 14 oo 12 12 -6
COEF 6 19 14 oo 14 14 -2
COEF 6 19 14 oo 15 15 -4
COEF 6 19 14 oo 18 18 -2
COEF 6 19 14 oo 19 19 2
COEF 6 19 14 oo 27 27 -6
COEF 6 19 14 oo 31 31 -4
COEF 6 19 14 oo 57 57 2
FORM 6 19 15 ?
COEF 6 19 15 oo 2 2 -2
COEF 6 19 15 oo 4 4 -2
COEF 6 19 15 oo 5 5 -2
COEF 6 19 15 oo 8 8 -10
COEF 6 19 15 oo 12 12 -8
COEF 6 19 15 oo 14 14 -2
COEF 6 19 15 oo 15 15 -6
COEF 6 19 15 oo 16 16 2
COEF 6 19 15 oo 18 18 -2
COEF 6 19 15 oo 19 19 2
COEF 6 19 15 oo 27 27 -6
COEF 6 19 15 oo 31 31 -4
COEF 6 19 15 oo 48 48 -4
COEF 6 19 15 oo 114 114 2
PREF 6 19 oo 1 0 1 1/2 1 4 80/57 240/361
LOCW 6 19 oo 1 0 2 0 -5/2
LOCW 6 19 oo 1 0 3 0 -1
LOCW 6 19 oo 1 0 19 2 1
PREF 6 19 oo 2 0 2 1/2 1 2 12/19 240/361
LOCW 6 19 oo 2 0 2 3/2 1
LOCW 6 19 oo 2 0 3 2 1
LOCW 6 19 oo 2 0 19 0 -1
PREF 6 19 oo 3 0 3 1 1 6 27/19 240/361
LOCW 6 19 oo 3 0 2 3/2 1
LOCW 6 19 oo 3 0 3 4/3 2/3
LOCW 6 19 oo 3 0 19 0 -1
PREF 6 19 oo 4 0 4 1 1 4 80/57 240/361
LOCW 6 19 oo 4 0 2 0 -13/4
LOCW 6 19 oo 4 0 3 0 -1
LOCW 6 19 oo 4 0 19 2 1
PREF 6 19 oo 5 0 5 1/2 2 2 40/57 1152/1805
LOCW 6 19 oo 5 0 2 1 1/2
LOCW 6 19 oo 5 0 3 2 1
LOCW 6 19 oo 5 0 5 24/25 -2/25
LOCW 6 19 oo 5 0 19 2 1
PREF 6 19 oo 6 0 6 1/2 2 2 20/19 240/361
LOCW 6 19 oo 6 0 2 3/2 1
LOCW 6 19 oo 6 0 3 4/3 2/3
LOCW 6 19 oo 6 0 19 2 1
PREF 6 19 oo 7 0 7 1 1 2 40/57 11520/17689
LOCW 6 19 oo 7 0 2 3/2 1
LOCW 6 19 oo 7 0 3 0 -1
LOCW 6 19 oo 7 0 7 48/49 -2/49
LOCW 6 19 oo 7 0 19 2 1
PREF 6 19 oo 8 0 8 1 1 2 12/19 240/361
LOCW 6 19 oo 8 0 2 3/4 0
LOCW 6 19 oo 8 0 3 2 1
LOCW 6 19 oo 8 0 19 0 -1
PREF 6 19 oo 10 0 10 1/2 2 2 24/19 1152/1805
LOCW 6 19 oo 10 0 2 3/2 1
LOCW 6 19 oo 10 0 3 0 -1
LOCW 6 19 oo 10 0 5 24/25 -2/25
LOCW 6 19 oo 10 0 19 0 -1
PREF 6 19 oo 12 0 12 2 1 6 27/19 240/361
LOCW 6 19 oo 12 0 2 3/4 0
LOCW 6 19 oo 12 0 3 4/3 2/3
LOCW 6 19 oo 12 0 19 0 -1
PREF 6 19 oo 14 0 14 1/2 4 2 12/19 11520/17689
LOCW 6 19 oo 14 0 2 3/2 1
LOCW 6 19 oo 14 0 3 2 1
LOCW 6 19 oo 14 0 7 48/49 -2/49
LOCW 6 19 oo 14 0 19 0 -1
PREF 6 19 oo 15 0 15 1 2 2 9/19 1152/1805
LOCW 6 19 oo 15 0 2 3/2 1
LOCW 6 19 oo 15 0 3 4/3 2/3
LOCW 6 19 oo 15 0 5 24/25 -2/25
LOCW 6 19 oo 15 0 19 0 -1
PREF 6 19 oo 16 0 16 2 1 4 80/57 240/361
LOCW 6 19 oo 16 0 2 0 -29/8
LOCW 6 19 oo 16 0 3 0 -1
LOCW 6 19 oo 16 0 19 2 1
PREF 6 19 oo 18 0 18 3/2 1 2 12/19 240/361
LOCW 6 19 oo 18 0 2 3/2 1
LOCW 6 19 oo 18 0 3 2/3 -1/3
LOCW 6 19 oo 18 0 19 0 -1
PREF 6 19 oo 19 0 19 1 1 2 2 240/361
LOCW 6 19 oo 19 0 2 3/2 1
LOCW 6 19 oo 19 0 3 0 -1
LOCW 6 19 oo 19 0 19 18/19 -2/19
PREF 6 19 oo 22 0 22 1/2 2 2 24/19 28800/43681
LOCW 6 19 oo 22 0 2 3/2 1
LOCW 6 19 oo 22 0 3 0 -1
LOCW 6 19 oo 22 0 11 120/121 -2/121
LOCW 6 19 oo 22 0 19 0 -1
PREF 6 19 oo 27 0 27 3 1 6 27/19 240/361
LOCW 6 19 oo 27 0 2 3/2 1
LOCW 6 19 oo 27 0 3 4/9 -8/9
LOCW 6 19 oo 27 0 19 0 -1
PREF 6 19 oo 31 0 31 1 3 2 12/19 230400/346921
LOCW 6 19 oo 31 0 2 3/2 1
LOCW 6 19 oo 31 0 3 0 -1
LOCW 6 19 oo 31 0 19 0 -1
LOCW 6 19 oo 31 0 31 960/961 -2/961
PREF 6 19 oo 48 0 48 4 1 6 27/19 240/361
LOCW 6 19 oo 48 0 2 3/8 -5/4
LOCW 6 19 oo 48 0 3 4/3 2/3
LOCW 6 19 oo 48 0 19 0 -1
PREF 6 19 oo 51 0 51 1 2 2 27/19 69120/104329
LOCW 6 19 oo 51 0 2 3/2 1
LOCW 6 19 oo 51 0 3 4/3 2/3
LOCW 6 19 oo 51 0 17 288/289 -2/289
LOCW 6 19 oo 51 0 19 0 -1
PREF 6 19 oo 57 0 57 1/2 4 2 1 240/361
LOCW 6 19 oo 57 0 2 0 -5/2
LOCW 6 19 oo 57 0 3 4/3 2/3
LOCW 6 19 oo 57 0 19 18/19 -2/19
PREF 6 19 oo 88 0 88 1 2 2 24/19 28800/43681
LOCW 6 19 oo 88 0 2 3/4 0
LOCW 6 19 oo 88 0 3 0 -1
LOCW 6 19 oo 88 0 11 120/121 -2/121
LOCW 6 19 oo 88 0 19 0 -1
PREF 6 19 oo 114 0 114 1/2 8 2 1 240/361
LOCW 6 19 oo 114 0 2 3/2 1
LOCW 6 19 oo 114 0 3 4/3 2/3
LOCW 6 19 oo 114 0 19 18/19 -2/19
DONE
