BASEINFO 26 3 156 12168
FORM 26 3 -2 ?
COEF 26 3 -2 oo 5 5 1
COEF 26 3 -2 oo 7 7 -1
COEF 26 3 -2 oo 8 8 -1
COEF 26 3 -2 oo 15 15 -2
COEF 26 3 -2 oo 32 32 -1
FORM 26 3 -1 ?
COEF 26 3 -1 oo 2 2 -1
COEF 26 3 -1 oo 5 5 -1
COEF 26 3 -1 oo 6 6 -2
COEF 26 3 -1 oo 7 7 -2
COEF 26 3 -1 oo 8 8 1
COEF 26 3 -1 oo 11 11 1
COEF 26 3 -1 oo 20 20 1
COEF 26 3 -1 oo 24 24 2
COEF 26 3 -1 oo 32 32 -2
FORM 26 3 9 ?
COEF 26 3 9 oo 1 1 -2
COEF 26 3 9 oo 2 2 -2
COEF 26 3 9 oo 5 5 1
COEF 26 3 9 oo 6 6 2
COEF 26 3 9 oo 7 7 -2
COEF 26 3 9 oo 8 8 -2
COEF 26 3 9 oo 9 9 -2
COEF 26 3 9 oo 14 14 4
COEF 26 3 9 oo 15 15 -2
COEF 26 3 9 oo 20 20 -1
COEF 26 3 9 oo 78 78 2
FORM 26 3 10 ?
COEF 26 3 10 oo 2 2 -1
COEF 26 3 10 oo 6 6 -3
COEF 26 3 10 oo 7 7 -4
COEF 26 3 10 oo 8 8 -1
COEF 26 3 10 oo 14 14 2
COEF 26 3 10 oo 15 15 -2
COEF 26 3 10 oo 24 24 3
COEF 26 3 10 oo 26 26 2
COEF 26 3 10 oo 32 32 -4
FORM 26 3 11 ?
COEF 26 3 11 oo 1 1 -2
COEF 26 3 11 oo 5 5 4
COEF 26 3 11 oo 6 6 2
COEF 26 3 11 oo 7 7 -6
COEF 26 3 11 oo 8 8 -6
COEF 26 3 11 oo 9 9 -2
COEF 26 3 11 oo 14 14 6
COEF 26 3 11 oo 15 15 -10
COEF 26 3 11 oo 20 20 -4
COEF 26 3 11 oo 26 26 2
COEF 26 3 11 oo 32 32 -4
COEF 26 3 11 oo 78 78 2
FORM 26 3 12 ?
COEF 26 3 12 oo 1 1 -2
COEF 26 3 12 oo 5 5 3
COEF 26 3 12 oo 7 7 -6
COEF 26 3 12 oo 8 8 -4
COEF 26 3 12 oo 9 9 -2
COEF 26 3 12 oo 14 14 6
COEF 26 3 12 oo 15 15 -8
COEF 26 3 12 oo 20 20 -3
COEF 26 3 12 oo 26 26 2
COEF 26 3 12 oo 32 32 -4
COEF 26 3 12 oo 78 78 2
FORM 26 3 13 ?
COEF 26 3 13 oo 2 2 -2
COEF 26 3 13 oo 6 6 -2
COEF 26 3 13 oo 7 7 -4
COEF 26 3 13 oo 8 8 -2
COEF 26 3 13 oo 14 14 2
COEF 26 3 13 oo 15 15 -2
COEF 26 3 13 oo 24 24 4
COEF 26 3 13 oo 26 26 2
COEF 26 3 13 oo 32 32 -4
FORM 26 3 14 ?
COEF 26 3 14 oo 5 5 1
COEF 26 3 14 oo 6 6 2
COEF 26 3 14 oo 8 8 -2
COEF 26 3 14 oo 15 15 -2
COEF 26 3 14 oo 20 20 -1
FORM 26 3 15 ?
COEF 26 3 15 oo 1 1 -2
COEF 26 3 15 oo 2 2 -2
COEF 26 3 15 oo 7 7 -2
COEF 26 3 15 oo 9 9 -2
COEF 26 3 15 oo 14 14 4
COEF 26 3 15 oo 78 78 2
PREF 26 3 oo 1 0 1 1/2 1 4 16/13 112/169
LOCW 26 3 oo 1 0 2 0 -5/2
LOCW 26 3 oo 1 0 3 2 1
LOCW 26 3 oo 1 0 13 0 -1
PREF 26 3 oo 2 0 2 1/2 1 2 28/39 112/169
LOCW 26 3 oo 2 0 2 3/2 1
LOCW 26 3 oo 2 0 3 0 -1
LOCW 26 3 oo 2 0 13 2 1
PREF 26 3 oo 5 0 5 1/2 2 2 28/39 2688/4225
LOCW 26 3 oo 5 0 2 1 1/2
LOCW 26 3 oo 5 0 3 0 -1
LOCW 26 3 oo 5 0 5 24/25 -2/25
LOCW 26 3 oo 5 0 13 2 1
PREF 26 3 oo 6 0 6 1/2 2 2 14/13 112/169
LOCW 26 3 oo 6 0 2 3/2 1
LOCW 26 3 oo 6 0 3 2/3 -2/3
LOCW 26 3 oo 6 0 13 2 1
PREF 26 3 oo 7 0 7 1 1 2 28/39 768/1183
LOCW 26 3 oo 7 0 2 3/2 1
LOCW 26 3 oo 7 0 3 2 1
LOCW 26 3 oo 7 0 7 48/49 -2/49
LOCW 26 3 oo 7 0 13 2 1
PREF 26 3 oo 8 0 8 1 1 2 28/39 112/169
LOCW 26 3 oo 8 0 2 3/4 0
LOCW 26 3 oo 8 0 3 0 -1
LOCW 26 3 oo 8 0 13 2 1
PREF 26 3 oo 9 0 9 3/2 1 4 16/13 112/169
LOCW 26 3 oo 9 0 2 0 -5/2
LOCW 26 3 oo 9 0 3 2 7/3
LOCW 26 3 oo 9 0 13 0 -1
PREF 26 3 oo 11 0 11 1 1 2 14/13 13440/20449
LOCW 26 3 oo 11 0 2 3/2 1
LOCW 26 3 oo 11 0 3 0 -1
LOCW 26 3 oo 11 0 11 120/121 -2/121
LOCW 26 3 oo 11 0 13 2 1
PREF 26 3 oo 14 0 14 1/2 4 2 8/13 768/1183
LOCW 26 3 oo 14 0 2 3/2 1
LOCW 26 3 oo 14 0 3 0 -1
LOCW 26 3 oo 14 0 7 48/49 -2/49
LOCW 26 3 oo 14 0 13 0 -1
PREF 26 3 oo 15 0 15 1 2 2 7/13 2688/4225
LOCW 26 3 oo 15 0 2 3/2 1
LOCW 26 3 oo 15 0 3 2/3 -2/3
LOCW 26 3 oo 15 0 5 24/25 -2/25
LOCW 26 3 oo 15 0 13 2 1
PREF 26 3 oo 20 0 20 1 2 2 28/39 2688/4225
LOCW 26 3 oo 20 0 2 1/2 -3/4
LOCW 26 3 oo 20 0 3 0 -1
LOCW 26 3 oo 20 0 5 24/25 -2/25
LOCW 26 3 oo 20 0 13 2 1
PREF 26 3 oo 24 0 24 1 2 2 14/13 112/169
LOCW 26 3 oo 24 0 2 3/4 0
LOCW 26 3 oo 24 0 3 2/3 -2/3
LOCW 26 3 oo 24 0 13 2 1
PREF 26 3 oo 26 0 26 1/2 6 2 2/3 112/169
LOCW 26 3 oo 26 0 2 3/2 1
LOCW 26 3 oo 26 0 3 0 -1
LOCW 26 3 oo 26 0 13 14/13 2/13
PREF 26 3 oo 32 0 32 2 1 2 28/39 112/169
LOCW 26 3 oo 32 0 2 3/8 -5/4
LOCW 26 3 oo 32 0 3 0 -1
LOCW 26 3 oo 32 0 13 2 1
PREF 26 3 oo 78 0 78 1/2 4 2 1 112/169
LOCW 26 3 oo 78 0 2 3/2 1
LOCW 26 3 oo 78 0 3 2/3 -2/3
LOCW 26 3 oo 78 0 13 14/13 2/13
DONE
