BASEINFO 38 3 228 25992
FORM 38 3 -2 ?
COEF 38 3 -2 oo 1 1 -1
COEF 38 3 -2 oo 4 4 -1
COEF 38 3 -2 oo 6 6 -1
COEF 38 3 -2 oo 11 11 1
COEF 38 3 -2 oo 24 24 -1
FORM 38 3 -1 ?
COEF 38 3 -1 oo 1 1 -2
COEF 38 3 -1 oo 4 4 -2
COEF 38 3 -1 oo 6 6 -2
COEF 38 3 -1 oo 7 7 -2
COEF 38 3 -1 oo 8 8 2
COEF 38 3 -1 oo 12 12 2
COEF 38 3 -1 oo 13 13 2
COEF 38 3 -1 oo 14 14 2
COEF 38 3 -1 oo 15 15 2
COEF 38 3 -1 oo 16 16 -2
COEF 38 3 -1 oo 18 18 -2
COEF 38 3 -1 oo 57 57 2
FORM 38 3 9 ?
COEF 38 3 9 oo 1 1 -4
COEF 38 3 9 oo 2 2 2
COEF 38 3 9 oo 4 4 -6
COEF 38 3 9 oo 6 6 -6
COEF 38 3 9 oo 7 7 -6
COEF 38 3 9 oo 8 8 2
COEF 38 3 9 oo 11 11 2
COEF 38 3 9 oo 12 12 2
COEF 38 3 9 oo 14 14 4
COEF 38 3 9 oo 15 15 2
COEF 38 3 9 oo 16 16 -2
COEF 38 3 9 oo 23 23 2
COEF 38 3 9 oo 44 44 -2
COEF 38 3 9 oo 57 57 2
COEF 38 3 9 oo 114 114 2
FORM 38 3 10 ?
COEF 38 3 10 oo 1 1 -5
COEF 38 3 10 oo 2 2 2
COEF 38 3 10 oo 4 4 -5
COEF 38 3 10 oo 5 5 1
COEF 38 3 10 oo 6 6 -7
COEF 38 3 10 oo 7 7 -4
COEF 38 3 10 oo 8 8 2
COEF 38 3 10 oo 10 10 2
COEF 38 3 10 oo 11 11 2
COEF 38 3 10 oo 12 12 2
COEF 38 3 10 oo 14 14 2
COEF 38 3 10 oo 15 15 2
COEF 38 3 10 oo 16 16 -2
COEF 38 3 10 oo 18 18 2
COEF 38 3 10 oo 20 20 -1
COEF 38 3 10 oo 24 24 -1
COEF 38 3 10 oo 38 38 2
COEF 38 3 10 oo 44 44 -2
COEF 38 3 10 oo 57 57 2
FORM 38 3 11 ?
COEF 38 3 11 oo 1 1 -5
COEF 38 3 11 oo 2 2 4
COEF 38 3 11 oo 4 4 -7
COEF 38 3 11 oo 5 5 1
COEF 38 3 11 oo 6 6 -9
COEF 38 3 11 oo 7 7 -6
COEF 38 3 11 oo 10 10 2
COEF 38 3 11 oo 11 11 4
COEF 38 3 11 oo 13 13 -4
COEF 38 3 11 oo 14 14 2
COEF 38 3 11 oo 18 18 6
COEF 38 3 11 oo 20 20 -1
COEF 38 3 11 oo 23 23 2
COEF 38 3 11 oo 24 24 -1
COEF 38 3 11 oo 38 38 2
COEF 38 3 11 oo 44 44 -4
COEF 38 3 11 oo 114 114 2
FORM 38 3 12 ?
COEF 38 3 12 oo 1 1 -7
COEF 38 3 12 oo 2 2 4
COEF 38 3 12 oo 4 4 -9
COEF 38 3 12 oo 5 5 1
COEF 38 3 12 oo 6 6 -11
COEF 38 3 12 oo 7 7 -8
COEF 38 3 12 oo 8 8 2
COEF 38 3 12 oo 10 10 2
COEF 38 3 12 oo 11 11 4
COEF 38 3 12 oo 12 12 2
COEF 38 3 12 oo 13 13 -2
COEF 38 3 12 oo 14 14 4
COEF 38 3 12 oo 15 15 2
COEF 38 3 12 oo 16 16 -2
COEF 38 3 12 oo 18 18 4
COEF 38 3 12 oo 20 20 -1
COEF 38 3 12 oo 23 23 2
COEF 38 3 12 oo 24 24 -1
COEF 38 3 12 oo 38 38 2
COEF 38 3 12 oo 44 44 -4
COEF 38 3 12 oo 57 57 2
COEF 38 3 12 oo 114 114 2
FORM 38 3 13 ?
COEF 38 3 13 oo 1 1 -3
COEF 38 3 13 oo 2 2 2
COEF 38 3 13 oo 4 4 -3
COEF 38 3 13 oo 5 5 1
COEF 38 3 13 oo 6 6 -5
COEF 38 3 13 oo 7 7 -2
COEF 38 3 13 oo 10 10 2
COEF 38 3 13 oo 11 11 2
COEF 38 3 13 oo 13 13 -2
COEF 38 3 13 oo 18 18 4
COEF 38 3 13 oo 20 20 -1
COEF 38 3 13 oo 24 24 -1
COEF 38 3 13 oo 38 38 2
COEF 38 3 13 oo 44 44 -2
FORM 38 3 14 ?
COEF 38 3 14 oo 1 1 -2
COEF 38 3 14 oo 4 4 -2
COEF 38 3 14 oo 6 6 -2
COEF 38 3 14 oo 7 7 -2
COEF 38 3 14 oo 8 8 2
COEF 38 3 14 oo 12 12 2
COEF 38 3 14 oo 13 13 2
COEF 38 3 14 oo 14 14 2
COEF 38 3 14 oo 15 15 2
COEF 38 3 14 oo 16 16 -2
COEF 38 3 14 oo 18 18 -2
COEF 38 3 14 oo 57 57 2
FORM 38 3 15 ?
COEF 38 3 15 oo 1 1 -2
COEF 38 3 15 oo 2 2 2
COEF 38 3 15 oo 4 4 -4
COEF 38 3 15 oo 6 6 -4
COEF 38 3 15 oo 7 7 -4
COEF 38 3 15 oo 11 11 2
COEF 38 3 15 oo 13 13 -2
COEF 38 3 15 oo 14 14 2
COEF 38 3 15 oo 18 18 2
COEF 38 3 15 oo 23 23 2
COEF 38 3 15 oo 44 44 -2
COEF 38 3 15 oo 114 114 2
PREF 38 3 oo 1 0 1 1/2 1 4 80/57 240/361
LOCW 38 3 oo 1 0 2 0 -5/2
LOCW 38 3 oo 1 0 3 2 1
LOCW 38 3 oo 1 0 19 0 -1
PREF 38 3 oo 2 0 2 1/2 1 2 12/19 240/361
LOCW 38 3 oo 2 0 2 3/2 1
LOCW 38 3 oo 2 0 3 0 -1
LOCW 38 3 oo 2 0 19 2 1
PREF 38 3 oo 4 0 4 1 1 4 80/57 240/361
LOCW 38 3 oo 4 0 2 0 -13/4
LOCW 38 3 oo 4 0 3 2 1
LOCW 38 3 oo 4 0 19 0 -1
PREF 38 3 oo 5 0 5 1/2 2 2 40/57 1152/1805
LOCW 38 3 oo 5 0 2 1 1/2
LOCW 38 3 oo 5 0 3 0 -1
LOCW 38 3 oo 5 0 5 24/25 -2/25
LOCW 38 3 oo 5 0 19 0 -1
PREF 38 3 oo 6 0 6 1/2 2 2 20/19 240/361
LOCW 38 3 oo 6 0 2 3/2 1
LOCW 38 3 oo 6 0 3 2/3 -2/3
LOCW 38 3 oo 6 0 19 0 -1
PREF 38 3 oo 7 0 7 1 1 2 40/57 11520/17689
LOCW 38 3 oo 7 0 2 3/2 1
LOCW 38 3 oo 7 0 3 2 1
LOCW 38 3 oo 7 0 7 48/49 -2/49
LOCW 38 3 oo 7 0 19 0 -1
PREF 38 3 oo 8 0 8 1 1 2 12/19 240/361
LOCW 38 3 oo 8 0 2 3/4 0
LOCW 38 3 oo 8 0 3 0 -1
LOCW 38 3 oo 8 0 19 2 1
PREF 38 3 oo 10 0 10 1/2 2 2 24/19 1152/1805
LOCW 38 3 oo 10 0 2 3/2 1
LOCW 38 3 oo 10 0 3 2 1
LOCW 38 3 oo 10 0 5 24/25 -2/25
LOCW 38 3 oo 10 0 19 2 1
PREF 38 3 oo 11 0 11 1 1 2 20/19 28800/43681
LOCW 38 3 oo 11 0 2 3/2 1
LOCW 38 3 oo 11 0 3 0 -1
LOCW 38 3 oo 11 0 11 120/121 -2/121
LOCW 38 3 oo 11 0 19 0 -1
PREF 38 3 oo 12 0 12 2 1 6 27/19 240/361
LOCW 38 3 oo 12 0 2 3/4 0
LOCW 38 3 oo 12 0 3 2/3 -2/3
LOCW 38 3 oo 12 0 19 2 1
PREF 38 3 oo 13 0 13 1/2 2 2 24/19 40320/61009
LOCW 38 3 oo 13 0 2 1 1/2
LOCW 38 3 oo 13 0 3 2 1
LOCW 38 3 oo 13 0 13 168/169 -2/169
LOCW 38 3 oo 13 0 19 2 1
PREF 38 3 oo 14 0 14 1/2 4 2 12/19 11520/17689
LOCW 38 3 oo 14 0 2 3/2 1
LOCW 38 3 oo 14 0 3 0 -1
LOCW 38 3 oo 14 0 7 48/49 -2/49
LOCW 38 3 oo 14 0 19 2 1
PREF 38 3 oo 15 0 15 1 2 2 9/19 1152/1805
LOCW 38 3 oo 15 0 2 3/2 1
LOCW 38 3 oo 15 0 3 2/3 -2/3
LOCW 38 3 oo 15 0 5 24/25 -2/25
LOCW 38 3 oo 15 0 19 2 1
PREF 38 3 oo 16 0 16 2 1 4 80/57 240/361
LOCW 38 3 oo 16 0 2 0 -29/8
LOCW 38 3 oo 16 0 3 2 1
LOCW 38 3 oo 16 0 19 0 -1
PREF 38 3 oo 18 0 18 3/2 1 2 12/19 240/361
LOCW 38 3 oo 18 0 2 3/2 1
LOCW 38 3 oo 18 0 3 4/3 1/3
LOCW 38 3 oo 18 0 19 2 1
PREF 38 3 oo 20 0 20 1 2 2 40/57 1152/1805
LOCW 38 3 oo 20 0 2 1/2 -3/4
LOCW 38 3 oo 20 0 3 0 -1
LOCW 38 3 oo 20 0 5 24/25 -2/25
LOCW 38 3 oo 20 0 19 0 -1
PREF 38 3 oo 23 0 23 1 3 2 20/57 126720/190969
LOCW 38 3 oo 23 0 2 3/2 1
LOCW 38 3 oo 23 0 3 0 -1
LOCW 38 3 oo 23 0 19 0 -1
LOCW 38 3 oo 23 0 23 528/529 -2/529
PREF 38 3 oo 24 0 24 1 2 2 20/19 240/361
LOCW 38 3 oo 24 0 2 3/4 0
LOCW 38 3 oo 24 0 3 2/3 -2/3
LOCW 38 3 oo 24 0 19 0 -1
PREF 38 3 oo 38 0 38 1/2 6 2 2/3 240/361
LOCW 38 3 oo 38 0 2 3/2 1
LOCW 38 3 oo 38 0 3 0 -1
LOCW 38 3 oo 38 0 19 20/19 2/19
PREF 38 3 oo 44 0 44 2 1 2 20/19 28800/43681
LOCW 38 3 oo 44 0 2 3/4 0
LOCW 38 3 oo 44 0 3 0 -1
LOCW 38 3 oo 44 0 11 120/121 -2/121
LOCW 38 3 oo 44 0 19 0 -1
PREF 38 3 oo 57 0 57 1/2 4 2 1 240/361
LOCW 38 3 oo 57 0 2 0 -5/2
LOCW 38 3 oo 57 0 3 2/3 -2/3
LOCW 38 3 oo 57 0 19 20/19 2/19
PREF 38 3 oo 114 0 114 1/2 8 2 1 240/361
LOCW 38 3 oo 114 0 2 3/2 1
LOCW 38 3 oo 114 0 3 2/3 -2/3
LOCW 38 3 oo 114 0 19 20/19 2/19
DONE
