BASEINFO 6 17 204 20808
FORM 6 17 -2 ?
COEF 6 17 -2 oo 1 1 -1
COEF 6 17 -2 oo 2 2 -1
COEF 6 17 -2 oo 4 4 -1
COEF 6 17 -2 oo 8 8 1
COEF 6 17 -2 oo 15 15 -2
COEF 6 17 -2 oo 16 16 -2
COEF 6 17 -2 oo 43 43 1
FORM 6 17 -1 ?
COEF 6 17 -1 oo 1 1 1
COEF 6 17 -1 oo 2 2 -2
COEF 6 17 -1 oo 4 4 -1
COEF 6 17 -1 oo 9 9 -2
COEF 6 17 -1 oo 15 15 -2
COEF 6 17 -1 oo 16 16 -2
COEF 6 17 -1 oo 19 19 1
FORM 6 17 9 ?
COEF 6 17 9 oo 1 1 -2
COEF 6 17 9 oo 2 2 -2
COEF 6 17 9 oo 3 3 2
COEF 6 17 9 oo 4 4 -2
COEF 6 17 9 oo 5 5 2
COEF 6 17 9 oo 8 8 -6
COEF 6 17 9 oo 9 9 -4
COEF 6 17 9 oo 10 10 2
COEF 6 17 9 oo 12 12 -2
COEF 6 17 9 oo 14 14 2
COEF 6 17 9 oo 51 51 2
COEF 6 17 9 oo 102 102 2
FORM 6 17 10 ?
COEF 6 17 10 oo 2 2 -4
COEF 6 17 10 oo 3 3 2
COEF 6 17 10 oo 4 4 -4
COEF 6 17 10 oo 5 5 2
COEF 6 17 10 oo 6 6 2
COEF 6 17 10 oo 8 8 -2
COEF 6 17 10 oo 9 9 -4
COEF 6 17 10 oo 12 12 -2
COEF 6 17 10 oo 14 14 2
COEF 6 17 10 oo 15 15 -2
COEF 6 17 10 oo 16 16 -4
COEF 6 17 10 oo 34 34 2
COEF 6 17 10 oo 51 51 2
FORM 6 17 11 ?
COEF 6 17 11 oo 1 1 -2
COEF 6 17 11 oo 2 2 -2
COEF 6 17 11 oo 3 3 4
COEF 6 17 11 oo 4 4 -2
COEF 6 17 11 oo 5 5 6
COEF 6 17 11 oo 6 6 2
COEF 6 17 11 oo 7 7 2
COEF 6 17 11 oo 8 8 -4
COEF 6 17 11 oo 9 9 -4
COEF 6 17 11 oo 10 10 4
COEF 6 17 11 oo 11 11 -2
COEF 6 17 11 oo 12 12 -4
COEF 6 17 11 oo 14 14 4
COEF 6 17 11 oo 15 15 -2
COEF 6 17 11 oo 16 16 -4
COEF 6 17 11 oo 20 20 2
COEF 6 17 11 oo 34 34 2
COEF 6 17 11 oo 102 102 2
FORM 6 17 12 ?
COEF 6 17 12 oo 1 1 -2
COEF 6 17 12 oo 2 2 -4
COEF 6 17 12 oo 3 3 4
COEF 6 17 12 oo 4 4 -4
COEF 6 17 12 oo 5 5 5
COEF 6 17 12 oo 6 6 2
COEF 6 17 12 oo 7 7 1
COEF 6 17 12 oo 8 8 -6
COEF 6 17 12 oo 9 9 -6
COEF 6 17 12 oo 10 10 3
COEF 6 17 12 oo 11 11 -1
COEF 6 17 12 oo 12 12 -4
COEF 6 17 12 oo 14 14 4
COEF 6 17 12 oo 15 15 -2
COEF 6 17 12 oo 16 16 -4
COEF 6 17 12 oo 20 20 1
COEF 6 17 12 oo 34 34 2
COEF 6 17 12 oo 51 51 2
COEF 6 17 12 oo 102 102 2
FORM 6 17 13 ?
COEF 6 17 13 oo 2 2 -2
COEF 6 17 13 oo 3 3 2
COEF 6 17 13 oo 4 4 -2
COEF 6 17 13 oo 5 5 3
COEF 6 17 13 oo 6 6 2
COEF 6 17 13 oo 7 7 1
COEF 6 17 13 oo 9 9 -2
COEF 6 17 13 oo 10 10 1
COEF 6 17 13 oo 11 11 -1
COEF 6 17 13 oo 12 12 -2
COEF 6 17 13 oo 14 14 2
COEF 6 17 13 oo 15 15 -2
COEF 6 17 13 oo 16 16 -4
COEF 6 17 13 oo 20 20 1
COEF 6 17 13 oo 34 34 2
FORM 6 17 14 ?
COEF 6 17 14 oo 2 2 -2
COEF 6 17 14 oo 4 4 -2
COEF 6 17 14 oo 5 5 -1
COEF 6 17 14 oo 7 7 -1
COEF 6 17 14 oo 8 8 -2
COEF 6 17 14 oo 9 9 -2
COEF 6 17 14 oo 10 10 -1
COEF 6 17 14 oo 11 11 1
COEF 6 17 14 oo 20 20 -1
COEF 6 17 14 oo 51 51 2
FORM 6 17 15 ?
COEF 6 17 15 oo 1 1 -2
COEF 6 17 15 oo 3 3 2
COEF 6 17 15 oo 5 5 3
COEF 6 17 15 oo 7 7 1
COEF 6 17 15 oo 8 8 -4
COEF 6 17 15 oo 9 9 -2
COEF 6 17 15 oo 10 10 3
COEF 6 17 15 oo 11 11 -1
COEF 6 17 15 oo 12 12 -2
COEF 6 17 15 oo 14 14 2
COEF 6 17 15 oo 20 20 1
COEF 6 17 15 oo 102 102 2
PREF 6 17 oo 1 0 1 1/2 1 4 64/51 192/289
LOCW 6 17 oo 1 0 2 0 -5/2
LOCW 6 17 oo 1 0 3 0 -1
LOCW 6 17 oo 1 0 17 2 1
PREF 6 17 oo 2 0 2 1/2 1 2 32/51 192/289
LOCW 6 17 oo 2 0 2 3/2 1
LOCW 6 17 oo 2 0 3 2 1
LOCW 6 17 oo 2 0 17 2 1
PREF 6 17 oo 3 0 3 1 1 6 27/17 192/289
LOCW 6 17 oo 3 0 2 3/2 1
LOCW 6 17 oo 3 0 3 4/3 2/3
LOCW 6 17 oo 3 0 17 0 -1
PREF 6 17 oo 4 0 4 1 1 4 64/51 192/289
LOCW 6 17 oo 4 0 2 0 -13/4
LOCW 6 17 oo 4 0 3 0 -1
LOCW 6 17 oo 4 0 17 2 1
PREF 6 17 oo 5 0 5 1/2 2 2 12/17 4608/7225
LOCW 6 17 oo 5 0 2 1 1/2
LOCW 6 17 oo 5 0 3 2 1
LOCW 6 17 oo 5 0 5 24/25 -2/25
LOCW 6 17 oo 5 0 17 0 -1
PREF 6 17 oo 6 0 6 1/2 2 2 18/17 192/289
LOCW 6 17 oo 6 0 2 3/2 1
LOCW 6 17 oo 6 0 3 4/3 2/3
LOCW 6 17 oo 6 0 17 0 -1
PREF 6 17 oo 7 0 7 1 1 2 12/17 9216/14161
LOCW 6 17 oo 7 0 2 3/2 1
LOCW 6 17 oo 7 0 3 0 -1
LOCW 6 17 oo 7 0 7 48/49 -2/49
LOCW 6 17 oo 7 0 17 0 -1
PREF 6 17 oo 8 0 8 1 1 2 32/51 192/289
LOCW 6 17 oo 8 0 2 3/4 0
LOCW 6 17 oo 8 0 3 2 1
LOCW 6 17 oo 8 0 17 2 1
PREF 6 17 oo 9 0 9 3/2 1 4 64/51 192/289
LOCW 6 17 oo 9 0 2 0 -5/2
LOCW 6 17 oo 9 0 3 0 -7/3
LOCW 6 17 oo 9 0 17 2 1
PREF 6 17 oo 10 0 10 1/2 2 2 24/17 4608/7225
LOCW 6 17 oo 10 0 2 3/2 1
LOCW 6 17 oo 10 0 3 0 -1
LOCW 6 17 oo 10 0 5 24/25 -2/25
LOCW 6 17 oo 10 0 17 0 -1
PREF 6 17 oo 11 0 11 1 1 2 18/17 23040/34969
LOCW 6 17 oo 11 0 2 3/2 1
LOCW 6 17 oo 11 0 3 2 1
LOCW 6 17 oo 11 0 11 120/121 -2/121
LOCW 6 17 oo 11 0 17 0 -1
PREF 6 17 oo 12 0 12 2 1 6 27/17 192/289
LOCW 6 17 oo 12 0 2 3/4 0
LOCW 6 17 oo 12 0 3 4/3 2/3
LOCW 6 17 oo 12 0 17 0 -1
PREF 6 17 oo 14 0 14 1/2 4 2 12/17 9216/14161
LOCW 6 17 oo 14 0 2 3/2 1
LOCW 6 17 oo 14 0 3 2 1
LOCW 6 17 oo 14 0 7 48/49 -2/49
LOCW 6 17 oo 14 0 17 0 -1
PREF 6 17 oo 15 0 15 1 2 2 8/17 4608/7225
LOCW 6 17 oo 15 0 2 3/2 1
LOCW 6 17 oo 15 0 3 4/3 2/3
LOCW 6 17 oo 15 0 5 24/25 -2/25
LOCW 6 17 oo 15 0 17 2 1
PREF 6 17 oo 16 0 16 2 1 4 64/51 192/289
LOCW 6 17 oo 16 0 2 0 -29/8
LOCW 6 17 oo 16 0 3 0 -1
LOCW 6 17 oo 16 0 17 2 1
PREF 6 17 oo 19 0 19 1 1 2 32/17 69120/104329
LOCW 6 17 oo 19 0 2 3/2 1
LOCW 6 17 oo 19 0 3 0 -1
LOCW 6 17 oo 19 0 17 2 1
LOCW 6 17 oo 19 0 19 360/361 -2/361
PREF 6 17 oo 20 0 20 1 2 2 12/17 4608/7225
LOCW 6 17 oo 20 0 2 1/2 -3/4
LOCW 6 17 oo 20 0 3 2 1
LOCW 6 17 oo 20 0 5 24/25 -2/25
LOCW 6 17 oo 20 0 17 0 -1
PREF 6 17 oo 34 0 34 1/2 4 2 4/3 192/289
LOCW 6 17 oo 34 0 2 3/2 1
LOCW 6 17 oo 34 0 3 0 -1
LOCW 6 17 oo 34 0 17 16/17 -2/17
PREF 6 17 oo 43 0 43 1 1 2 32/17 354816/534361
LOCW 6 17 oo 43 0 2 3/2 1
LOCW 6 17 oo 43 0 3 0 -1
LOCW 6 17 oo 43 0 17 2 1
LOCW 6 17 oo 43 0 43 1848/1849 -2/1849
PREF 6 17 oo 51 0 51 1 2 2 3/2 192/289
LOCW 6 17 oo 51 0 2 3/2 1
LOCW 6 17 oo 51 0 3 4/3 2/3
LOCW 6 17 oo 51 0 17 16/17 -2/17
PREF 6 17 oo 102 0 102 1/2 4 2 1 192/289
LOCW 6 17 oo 102 0 2 3/2 1
LOCW 6 17 oo 102 0 3 4/3 2/3
LOCW 6 17 oo 102 0 17 16/17 -2/17
DONE
