BASEINFO 6 11 132 8712
FORM 6 11 -2 ?
COEF 6 11 -2 oo 2 2 -2
COEF 6 11 -2 oo 6 6 -2
COEF 6 11 -2 oo 7 7 3
COEF 6 11 -2 oo 10 10 1
FORM 6 11 -1 ?
COEF 6 11 -1 oo 2 2 -2
COEF 6 11 -1 oo 6 6 -2
COEF 6 11 -1 oo 7 7 2
COEF 6 11 -1 oo 19 19 1
FORM 6 11 9 ?
COEF 6 11 9 oo 2 2 -10
COEF 6 11 9 oo 3 3 -2
COEF 6 11 9 oo 4 4 -2
COEF 6 11 9 oo 5 5 -2
COEF 6 11 9 oo 6 6 -6
COEF 6 11 9 oo 7 7 6
COEF 6 11 9 oo 11 11 -2
COEF 6 11 9 oo 12 12 2
COEF 6 11 9 oo 33 33 2
COEF 6 11 9 oo 66 66 2
FORM 6 11 10 ?
COEF 6 11 10 oo 2 2 -6
COEF 6 11 10 oo 5 5 2
COEF 6 11 10 oo 6 6 -4
COEF 6 11 10 oo 9 9 2
COEF 6 11 10 oo 22 22 2
COEF 6 11 10 oo 33 33 2
FORM 6 11 11 ?
COEF 6 11 11 oo 1 1 4
COEF 6 11 11 oo 2 2 -4
COEF 6 11 11 oo 3 3 2
COEF 6 11 11 oo 4 4 2
COEF 6 11 11 oo 6 6 -6
COEF 6 11 11 oo 7 7 6
COEF 6 11 11 oo 9 9 2
COEF 6 11 11 oo 11 11 2
COEF 6 11 11 oo 12 12 -2
COEF 6 11 11 oo 22 22 2
COEF 6 11 11 oo 66 66 2
FORM 6 11 12 ?
COEF 6 11 12 oo 1 1 2
COEF 6 11 12 oo 2 2 -10
COEF 6 11 12 oo 6 6 -8
COEF 6 11 12 oo 7 7 6
COEF 6 11 12 oo 9 9 2
COEF 6 11 12 oo 22 22 2
COEF 6 11 12 oo 33 33 2
COEF 6 11 12 oo 66 66 2
FORM 6 11 13 ?
COEF 6 11 13 oo 1 1 2
COEF 6 11 13 oo 3 3 2
COEF 6 11 13 oo 4 4 2
COEF 6 11 13 oo 5 5 2
COEF 6 11 13 oo 6 6 -2
COEF 6 11 13 oo 9 9 2
COEF 6 11 13 oo 11 11 2
COEF 6 11 13 oo 12 12 -2
COEF 6 11 13 oo 22 22 2
FORM 6 11 14 ?
COEF 6 11 14 oo 1 1 -2
COEF 6 11 14 oo 2 2 -6
COEF 6 11 14 oo 3 3 -2
COEF 6 11 14 oo 4 4 -2
COEF 6 11 14 oo 6 6 -2
COEF 6 11 14 oo 11 11 -2
COEF 6 11 14 oo 12 12 2
COEF 6 11 14 oo 33 33 2
FORM 6 11 15 ?
COEF 6 11 15 oo 1 1 2
COEF 6 11 15 oo 2 2 -4
COEF 6 11 15 oo 5 5 -2
COEF 6 11 15 oo 6 6 -4
COEF 6 11 15 oo 7 7 6
COEF 6 11 15 oo 66 66 2
PREF 6 11 oo 1 0 1 1/2 1 4 16/11 80/121
LOCW 6 11 oo 1 0 2 0 -5/2
LOCW 6 11 oo 1 0 3 0 -1
LOCW 6 11 oo 1 0 11 2 1
PREF 6 11 oo 2 0 2 1/2 1 2 20/33 80/121
LOCW 6 11 oo 2 0 2 3/2 1
LOCW 6 11 oo 2 0 3 2 1
LOCW 6 11 oo 2 0 11 0 -1
PREF 6 11 oo 3 0 3 1 1 6 18/11 80/121
LOCW 6 11 oo 3 0 2 3/2 1
LOCW 6 11 oo 3 0 3 4/3 2/3
LOCW 6 11 oo 3 0 11 2 1
PREF 6 11 oo 4 0 4 1 1 4 16/11 80/121
LOCW 6 11 oo 4 0 2 0 -13/4
LOCW 6 11 oo 4 0 3 0 -1
LOCW 6 11 oo 4 0 11 2 1
PREF 6 11 oo 5 0 5 1/2 2 2 8/11 384/605
LOCW 6 11 oo 5 0 2 1 1/2
LOCW 6 11 oo 5 0 3 2 1
LOCW 6 11 oo 5 0 5 24/25 -2/25
LOCW 6 11 oo 5 0 11 2 1
PREF 6 11 oo 6 0 6 1/2 2 2 10/11 80/121
LOCW 6 11 oo 6 0 2 3/2 1
LOCW 6 11 oo 6 0 3 4/3 2/3
LOCW 6 11 oo 6 0 11 0 -1
PREF 6 11 oo 7 0 7 1 1 2 20/33 3840/5929
LOCW 6 11 oo 7 0 2 3/2 1
LOCW 6 11 oo 7 0 3 0 -1
LOCW 6 11 oo 7 0 7 48/49 -2/49
LOCW 6 11 oo 7 0 11 0 -1
PREF 6 11 oo 9 0 9 3/2 1 4 16/11 80/121
LOCW 6 11 oo 9 0 2 0 -5/2
LOCW 6 11 oo 9 0 3 0 -7/3
LOCW 6 11 oo 9 0 11 2 1
PREF 6 11 oo 10 0 10 1/2 2 2 40/33 384/605
LOCW 6 11 oo 10 0 2 3/2 1
LOCW 6 11 oo 10 0 3 0 -1
LOCW 6 11 oo 10 0 5 24/25 -2/25
LOCW 6 11 oo 10 0 11 0 -1
PREF 6 11 oo 11 0 11 1 1 2 1 80/121
LOCW 6 11 oo 11 0 2 3/2 1
LOCW 6 11 oo 11 0 3 2 1
LOCW 6 11 oo 11 0 11 10/11 -2/11
PREF 6 11 oo 12 0 12 2 1 6 18/11 80/121
LOCW 6 11 oo 12 0 2 3/4 0
LOCW 6 11 oo 12 0 3 4/3 2/3
LOCW 6 11 oo 12 0 11 2 1
PREF 6 11 oo 19 0 19 1 1 2 20/11 28800/43681
LOCW 6 11 oo 19 0 2 3/2 1
LOCW 6 11 oo 19 0 3 0 -1
LOCW 6 11 oo 19 0 11 0 -1
LOCW 6 11 oo 19 0 19 360/361 -2/361
PREF 6 11 oo 22 0 22 1/2 2 2 4/3 80/121
LOCW 6 11 oo 22 0 2 3/2 1
LOCW 6 11 oo 22 0 3 0 -1
LOCW 6 11 oo 22 0 11 10/11 -2/11
PREF 6 11 oo 33 0 33 1/2 4 2 1 80/121
LOCW 6 11 oo 33 0 2 0 -5/2
LOCW 6 11 oo 33 0 3 4/3 2/3
LOCW 6 11 oo 33 0 11 10/11 -2/11
PREF 6 11 oo 66 0 66 1/2 8 2 1 80/121
LOCW 6 11 oo 66 0 2 3/2 1
LOCW 6 11 oo 66 0 3 4/3 2/3
LOCW 6 11 oo 66 0 11 10/11 -2/11
DONE
