BASE 330_1: DN = 330, level 1320
dim M = 156, dim S = 133 (Eis 23)
E in M: true
definite structures: [ <165, 1>, <165, 2> ]
  built GROSS(165,1) disc 27225, 4 cls
  built GROSS(165,2) disc 108900, 4 cls
Gross-average+cusp span: rank 135 vs 135 -> E in span: true
E_eis =
        -2 * GROSS(165,1) disc 27225, 4 cls
         3 * GROSS(165,2) disc 108900, 4 cls
       -12 * CUSP_1
      36/5 * CUSP_2
     -48/5 * CUSP_3
        12 * CUSP_4
     -36/5 * CUSP_5
        12 * CUSP_6
      24/5 * CUSP_7
     108/5 * CUSP_8
       -12 * CUSP_9
      84/5 * CUSP_10
      36/5 * CUSP_12
      12/5 * CUSP_13
     -48/5 * CUSP_15
       -12 * CUSP_16
      36/5 * CUSP_17
     -36/5 * CUSP_18
     -72/5 * CUSP_20
        24 * CUSP_21
      18/5 * CUSP_22
     -36/5 * CUSP_23
       -12 * CUSP_24
        12 * CUSP_25
        12 * CUSP_27
      12/5 * CUSP_28
     -96/5 * CUSP_30
    -144/5 * CUSP_32
      54/5 * CUSP_33
       -24 * CUSP_34
     144/5 * CUSP_35
        12 * CUSP_36
     -12/5 * CUSP_37
     -72/5 * CUSP_38
        24 * CUSP_39
     -84/5 * CUSP_40
     -84/5 * CUSP_42
      36/5 * CUSP_45
       -24 * CUSP_46
      36/5 * CUSP_47
        12 * CUSP_48
        36 * CUSP_49
      36/5 * CUSP_50
     -12/5 * CUSP_52
      72/5 * CUSP_53
        12 * CUSP_54
     126/5 * CUSP_55
     -96/5 * CUSP_57
      48/5 * CUSP_58
       -12 * CUSP_60
     -48/5 * CUSP_63
        12 * CUSP_64
     -36/5 * CUSP_65
       -24 * CUSP_66
      36/5 * CUSP_67
     -36/5 * CUSP_68
       -24 * CUSP_69
     108/5 * CUSP_70
    -108/5 * CUSP_72
     -12/5 * CUSP_73
     -48/5 * CUSP_75
     -36/5 * CUSP_77
        12 * CUSP_78
       -48 * CUSP_79
     144/5 * CUSP_80
       -12 * CUSP_81
      36/5 * CUSP_82
    -144/5 * CUSP_83
       -24 * CUSP_84
    -228/5 * CUSP_85
     -72/5 * CUSP_87
     -42/5 * CUSP_88
      12/5 * CUSP_90
     216/5 * CUSP_92
     -84/5 * CUSP_93
        24 * CUSP_94
        12 * CUSP_96
     -24/5 * CUSP_97
      36/5 * CUSP_98
       -12 * CUSP_100
        12 * CUSP_102
      24/5 * CUSP_105
        72 * CUSP_106
     192/5 * CUSP_107
     -36/5 * CUSP_108
     -72/5 * CUSP_110
       -24 * CUSP_111
    -144/5 * CUSP_112
        48 * CUSP_113
     -24/5 * CUSP_114
      12/5 * CUSP_116
        48 * CUSP_119
       -12 * CUSP_120
      72/5 * CUSP_121
     -36/5 * CUSP_123
     336/5 * CUSP_125
    -192/5 * CUSP_127
      42/5 * CUSP_129
    -126/5 * CUSP_130
     -72/5 * CUSP_131
     -84/5 * CUSP_132
       -30 * CUSP_133
aliasing dim 0
