BASE 15 2  M = 60  |D| = 1800
level(Dbar) = 60
#cosets = 144
Dc/xc tables built (11 residues)
u=(-1.0000000,-1.5858711E-79)
STROMBERG vs FFT: 123 pass, 20 fail (up to a global 8th-root unit per word)
word-unit distribution <class, arg8(u)> -> count:
  <1, 0> -> 59
  <1, 4> -> 1
  <2, 0> -> 1
  <3, 0> -> 13
  <3, 4> -> 7
  <4, 0> -> 7
  <4, 4> -> 8
  <5, 0> -> 7
  <5, 4> -> 5
  <6, 4> -> 1
  <10, 4> -> 1
  <12, 4> -> 5
  <15, 0> -> 1
  <15, 4> -> 3
  <20, 4> -> 3
  <30, 4> -> 1
CANON g=1 (a,b,c,d)=(1,1,-1,0) m=103 n=-233 dp=233
  meas arg8 = 1.000000000   |meas| = 0.02357022604
  u = (1.000000000, 1.818529145E-79) arg8 2.315423221E-79
  eps = (-1.000000000, 0.0000000000) arg8 4.000000000;  g3 arg8 -3.000000000;  
gm arg8 -1.000000000;  gd arg8 1.000000000;  xi arg8 1.000000000
  fiberphase arg8 0.0000000000
CANON g=2 DEAD at eta*
CANON g=3 (a,b,c,d)=(1,0,-3,1) m=69 n=-238 dp=713
  meas arg8 = -1.000000000   |meas| = 0.07071067812
  u = (-1.000000000, -1.739462661E-79) arg8 -4.000000000
  eps = (1.000000000, -0.0000000000) arg8 -0.0000000000;  g3 arg8 -3.000000000; 
gm arg8 -3.000000000;  gd arg8 1.000000000;  xi arg8 3.000000000
  fiberphase arg8 0.0000000000
CANON g=4 DEAD at eta*
CANON g=5 (a,b,c,d)=(1,0,-5,1) m=35 n=-234 dp=1169
  meas arg8 = 1.000000000   |meas| = 0.1178511302
  u = (-1.000000000, -1.391570129E-79) arg8 -4.000000000
  eps = (-1.000000000, 0.0000000000) arg8 4.000000000;  g3 arg8 -3.000000000;  
gm arg8 3.000000000;  gd arg8 1.000000000;  xi arg8 -3.000000000
  fiberphase arg8 0.0000000000
CANON g=6 DEAD at eta*
CANON g=10 DEAD at eta*
CANON g=12 DEAD at eta*
CANON g=15 (a,b,c,d)=(1,0,-15,1) m=105 n=-238 dp=3569
  meas arg8 = 3.000000000   |meas| = 0.3535533906
  u = (-1.000000000, -2.108439589E-80) arg8 -4.000000000
  eps = (1.000000000, -0.0000000000) arg8 -0.0000000000;  g3 arg8 -3.000000000; 
gm arg8 1.000000000;  gd arg8 1.000000000;  xi arg8 -1.000000000
  fiberphase arg8 0.0000000000
CANON g=20 DEAD at eta*
CANON g=30 DEAD at eta*
