BASE 15 2  M = 60  |D| = 1800
level(Dbar) = 60
#cosets = 144
Dc/xc tables built (11 residues)
t0 = 61 (coords [ 0, 0, 1 ]), trivial correction iff t0 = identity: false
BAD-word table: wi (a,b,c,d) | v2(c) codd%8 a%8 d%8 | arg8(u) |u| u8dev | 
propdev | ksign conv | arg8(u/ks)
ANTI wi=2 (a,b,c,d)=(0,1,-1,0) v2c=0 codd8=1 a8=0 d8=0 ks=1 conv=1
BAD wi=63 (3,-1,-2,1) | 1 1 3 1 | -0.8000000000 1.000000000 1.175570505 | 
1.261975565E-80 | 1 1 | -0.8000000000
BAD wi=64 (5,-2,-2,1) | 1 1 5 1 | -1.066666667 1.000000000 0.4158233816 | 
1.383600727E-80 | 1 1 | -1.066666667
BAD wi=65 (7,-3,-2,1) | 1 1 7 1 | -0.8000000000 1.000000000 1.175570505 | 
1.637437859E-80 | 1 1 | -0.8000000000
BAD wi=66 (9,-4,-2,1) | 1 1 1 1 | -3.200000000 1.000000000 1.175570505 | 
2.216370194E-80 | 1 1 | -3.200000000
BAD wi=67 (11,-5,-2,1) | 1 1 3 1 | -1.866666667 1.000000000 0.8134732862 | 
3.577072779E-80 | 1 1 | -1.866666667
BAD wi=68 (13,-6,-2,1) | 1 1 5 1 | -3.200000000 1.000000000 1.175570505 | 
2.922490461E-80 | 1 1 | -3.200000000
BAD wi=69 (15,-7,-2,1) | 1 1 7 1 | -2.933333333 1.000000000 0.4158233816 | 
3.007219177E-80 | 1 1 | -2.933333333
BAD wi=70 (17,-8,-2,1) | 1 1 1 1 | -1.066666667 1.000000000 0.4158233816 | 
3.437548720E-80 | 1 1 | -1.066666667
BAD wi=71 (19,-9,-2,1) | 1 1 3 1 | -1.866666667 1.000000000 0.8134732862 | 
6.312347347E-80 | 1 1 | -1.866666667
BAD wi=72 (21,-10,-2,1) | 1 1 5 1 | -2.133333333 1.000000000 0.8134732862 | 
3.710887369E-80 | 1 1 | -2.133333333
BAD wi=73 (23,-11,-2,1) | 1 1 7 1 | -1.866666667 1.000000000 0.8134732862 | 
7.385748315E-80 | 1 1 | -1.866666667
BAD wi=74 (25,-12,-2,1) | 1 1 1 1 | 3.733333333 1.000000000 1.486289651 | 
4.913012783E-80 | 1 1 | 3.733333333
BAD wi=75 (27,-13,-2,1) | 1 1 3 1 | -2.933333333 1.000000000 0.4158233816 | 
5.235398154E-80 | 1 1 | -2.933333333
BAD wi=76 (29,-14,-2,1) | 1 1 5 1 | 3.733333333 1.000000000 1.486289651 | 
5.617369393E-80 | 1 1 | 3.733333333
BAD wi=125 (5,1,-6,-1) | 1 3 5 7 | 1.600000000 1.000000000 1.902113033 | 
5.053996232E-80 | 1 1 | 1.600000000
BAD wi=126 (7,-1,-6,1) | 1 3 7 1 | 1.600000000 1.000000000 1.902113033 | 
4.217756852E-80 | -1 1 | -2.400000000
BAD wi=127 (13,-2,-6,1) | 1 3 5 1 | 2.400000000 1.000000000 1.902113033 | 
4.235173146E-80 | -1 1 | -1.600000000
ANTI wi=128 (a,b,c,d)=(19,-3,-6,1) v2c=1 codd8=3 a8=3 d8=1 ks=-1 conv=1
ANTI wi=130 (a,b,c,d)=(3,1,-10,-3) v2c=1 codd8=5 a8=3 d8=5 ks=-1 conv=1
BAD wi=131 (11,-1,-10,1) | 1 5 3 1 | -2.666666667 1.000000000 1.732050808 | 
4.300389842E-80 | -1 1 | 1.333333333
SUMMARY: HIT 122  ANTI 3  BAD 18  skipped 1 (of 144)
