BASE 15 2  M = 60  |D| = 1800
level(Dbar) = 60
#cosets = 144
Dc/xc tables built (11 residues)
BAD-word table: wi (a,b,c,d) | v2(c) codd%8 a%8 d%8 | arg8(u) |u| u8dev | 
propdev | ksign conv | arg8(u/ks)
ANTI wi=2 (a,b,c,d)=(0,1,-1,0) v2c=0 codd8=1 a8=0 d8=0 ks=1 conv=1
BAD wi=63 (3,-1,-2,1) | 1 1 3 1 | -0.5333333333 1.000000000 1.989043791 | 
1.301553453E-80 | 1 1 | -0.5333333333
BAD wi=64 (5,-2,-2,1) | 1 1 5 1 | -0.5333333333 1.000000000 1.989043791 | 
1.898327586E-80 | 1 1 | -0.5333333333
BAD wi=66 (9,-4,-2,1) | 1 1 1 1 | -2.133333333 1.000000000 0.8134732862 | 
2.052516125E-80 | 1 1 | -2.133333333
BAD wi=67 (11,-5,-2,1) | 1 1 3 1 | -0.5333333333 1.000000000 1.989043791 | 
3.487400668E-80 | 1 1 | -0.5333333333
BAD wi=68 (13,-6,-2,1) | 1 1 5 1 | -1.600000000 1.000000000 1.902113033 | 
2.915827878E-80 | 1 1 | -1.600000000
BAD wi=69 (15,-7,-2,1) | 1 1 7 1 | -1.066666667 1.000000000 0.4158233816 | 
4.896147795E-80 | 1 1 | -1.066666667
BAD wi=70 (17,-8,-2,1) | 1 1 1 1 | 1.066666667 1.000000000 0.4158233816 | 
3.068576503E-80 | 1 1 | 1.066666667
BAD wi=71 (19,-9,-2,1) | 1 1 3 1 | 0.5333333333 1.000000000 1.989043791 | 
6.113111440E-80 | 1 1 | 0.5333333333
BAD wi=72 (21,-10,-2,1) | 1 1 5 1 | 0.5333333333 1.000000000 1.989043791 | 
3.736164470E-80 | 1 1 | 0.5333333333
BAD wi=73 (23,-11,-2,1) | 1 1 7 1 | 1.066666667 1.000000000 0.4158233816 | 
4.535902410E-80 | 1 1 | 1.066666667
BAD wi=74 (25,-12,-2,1) | 1 1 1 1 | -1.066666667 1.000000000 0.4158233816 | 
4.659439901E-80 | 1 1 | -1.066666667
BAD wi=75 (27,-13,-2,1) | 1 1 3 1 | 0.5333333333 1.000000000 1.989043791 | 
5.263714260E-80 | 1 1 | 0.5333333333
BAD wi=76 (29,-14,-2,1) | 1 1 5 1 | -0.5333333333 1.000000000 1.989043791 | 
9.051107787E-80 | 1 1 | -0.5333333333
BAD wi=125 (5,1,-6,-1) | 1 3 5 7 | 3.200000000 1.000000000 1.175570505 | 
4.477299401E-80 | 1 1 | 3.200000000
BAD wi=127 (13,-2,-6,1) | 1 3 5 1 | -0.8000000000 1.000000000 1.175570505 | 
4.217179026E-80 | -1 1 | 3.200000000
BAD wi=128 (19,-3,-6,1) | 1 3 3 1 | -0.8000000000 1.000000000 1.175570505 | 
4.850556810E-80 | -1 1 | 3.200000000
BAD wi=130 (3,1,-10,-3) | 1 5 3 5 | 1.333333333 1.000000000 1.732050808 | 
1.513449644E-80 | -1 1 | -2.666666667
SUMMARY: HIT 125  ANTI 1  BAD 17  skipped 1 (of 144)
