BASE 15 2  M = 60  |D| = 1800
level(Dbar) = 60
2-torsion: 8 elements

==== wi=63 (a,b,c,d)=(3,-1,-2,1)  #Dc=8  #xc-solutions=225
xc list (first 8): [ 61, 65, 69, 73, 77, 81, 85, 89 ];  pairwise diffs in cD? [ 
true, true, true, true, true, true, true ]
supports: |rv|=225 |sv|=225  rv-only=0 sv-only=0
z  60Q(z) ord(z)  |r|  levD*argfrac(r)  B(z,t2)*levD...
z=61 60Q=59 ord=30 |r|=1.0000000 ph*60=56.000000 B2=[ 0, 0, 30, 30, 30, 30, 0, 0
]
z=65 60Q=59 ord=30 |r|=1.0000000 ph*60=48.000000 B2=[ 0, 0, 30, 30, 30, 30, 0, 0
]
z=69 60Q=43 ord=30 |r|=1.0000000 ph*60=40.000000 B2=[ 0, 0, 30, 30, 30, 30, 0, 0
]
z=73 60Q=11 ord=30 |r|=1.0000000 ph*60=32.000000 B2=[ 0, 0, 30, 30, 30, 30, 0, 0
]
z=77 60Q=23 ord=30 |r|=1.0000000 ph*60=24.000000 B2=[ 0, 0, 30, 30, 30, 30, 0, 0
]
z=81 60Q=19 ord=30 |r|=1.0000000 ph*60=16.000000 B2=[ 0, 0, 30, 30, 30, 30, 0, 0
]
z=85 60Q=59 ord=30 |r|=1.0000000 ph*60=8.0000000 B2=[ 0, 0, 30, 30, 30, 30, 0, 0
]
z=89 60Q=23 ord=30 |r|=1.0000000 ph*60=2.3626300E-78 B2=[ 0, 0, 30, 30, 30, 30, 
0, 0 ]
z=93 60Q=31 ord=30 |r|=1.0000000 ph*60=52.000000 B2=[ 0, 0, 30, 30, 30, 30, 0, 0
]
z=97 60Q=23 ord=30 |r|=1.0000000 ph*60=44.000000 B2=[ 0, 0, 30, 30, 30, 30, 0, 0
]
z=101 60Q=59 ord=30 |r|=1.0000000 ph*60=36.000000 B2=[ 0, 0, 30, 30, 30, 30, 0, 
0 ]
z=105 60Q=19 ord=30 |r|=1.0000000 ph*60=28.000000 B2=[ 0, 0, 30, 30, 30, 30, 0, 
0 ]
z=109 60Q=23 ord=30 |r|=1.0000000 ph*60=20.000000 B2=[ 0, 0, 30, 30, 30, 30, 0, 
0 ]
z=113 60Q=11 ord=30 |r|=1.0000000 ph*60=12.000000 B2=[ 0, 0, 30, 30, 30, 30, 0, 
0 ]
z=117 60Q=43 ord=30 |r|=1.0000000 ph*60=4.0000000 B2=[ 0, 0, 30, 30, 30, 30, 0, 
0 ]
z=181 60Q=51 ord=10 |r|=1.0000000 ph*60=3.3877400E-78 B2=[ 0, 0, 30, 30, 30, 30,
0, 0 ]
z=185 60Q=7 ord=30 |r|=1.0000000 ph*60=52.000000 B2=[ 0, 0, 30, 30, 30, 30, 0, 0
]
z=189 60Q=7 ord=30 |r|=1.0000000 ph*60=44.000000 B2=[ 0, 0, 30, 30, 30, 30, 0, 0
]
z=193 60Q=51 ord=10 |r|=1.0000000 ph*60=36.000000 B2=[ 0, 0, 30, 30, 30, 30, 0, 
0 ]
z=197 60Q=19 ord=30 |r|=1.0000000 ph*60=28.000000 B2=[ 0, 0, 30, 30, 30, 30, 0, 
0 ]
z=201 60Q=31 ord=30 |r|=1.0000000 ph*60=20.000000 B2=[ 0, 0, 30, 30, 30, 30, 0, 
0 ]
z=205 60Q=27 ord=10 |r|=1.0000000 ph*60=12.000000 B2=[ 0, 0, 30, 30, 30, 30, 0, 
0 ]
z=209 60Q=7 ord=30 |r|=1.0000000 ph*60=4.0000000 B2=[ 0, 0, 30, 30, 30, 30, 0, 0
]
z=213 60Q=31 ord=30 |r|=1.0000000 ph*60=56.000000 B2=[ 0, 0, 30, 30, 30, 30, 0, 
0 ]
ratio census <60Q(z) mod 60, 60*argfrac(r)> -> count:
  <3, 0> -> 2
  <3, 24> -> 2
  <3, 48> -> 2
  <7, 4> -> 4
  <7, 16> -> 4
  <7, 32> -> 4
  <7, 44> -> 4
  <7, 52> -> 4
  <7, 56> -> 4
  <11, 0> -> 2
  <11, 8> -> 1
  <11, 12> -> 4
  <11, 16> -> 2
  <11, 20> -> 1
  <11, 28> -> 1
  <11, 32> -> 2
  <11, 36> -> 4
  <11, 40> -> 1
  <11, 48> -> 2
  <11, 52> -> 2
  <11, 56> -> 2
  <15, 24> -> 1
  <19, 8> -> 4
  <19, 16> -> 2
  <19, 20> -> 4
  <19, 28> -> 4
  <19, 32> -> 2
  <19, 40> -> 4
  <19, 52> -> 2
  <19, 56> -> 2
  <23, 0> -> 4
  <23, 4> -> 2
  <23, 8> -> 2
  <23, 20> -> 2
  <23, 24> -> 4
  <23, 28> -> 2
  <23, 40> -> 2
  <23, 44> -> 2
  <23, 48> -> 4
  <27, 12> -> 2
  <27, 24> -> 2
  <27, 36> -> 2
  <31, 8> -> 2
  <31, 16> -> 4
  <31, 20> -> 2
  <31, 28> -> 2
  <31, 32> -> 4
  <31, 40> -> 2
  <31, 52> -> 4
  <31, 56> -> 4
  <35, 4> -> 1
  <35, 24> -> 2
  <35, 44> -> 1
  <39, 0> -> 2
  <39, 12> -> 1
  <39, 36> -> 1
  <39, 48> -> 2
  <43, 4> -> 4
  <43, 8> -> 4
  <43, 20> -> 4
  <43, 28> -> 4
  <43, 40> -> 4
  <43, 44> -> 4
  <47, 4> -> 2
  <47, 12> -> 4
  <47, 16> -> 2
  <47, 24> -> 4
  <47, 32> -> 2
  <47, 36> -> 4
  <47, 44> -> 2
  <47, 52> -> 2
  <47, 56> -> 2
  <51, 0> -> 1
  <51, 12> -> 2
  <51, 36> -> 2
  <51, 48> -> 1
  <55, 4> -> 2
  <55, 44> -> 2
  <59, 0> -> 4
  <59, 8> -> 2
  <59, 12> -> 2
  <59, 16> -> 1
  <59, 20> -> 2
  <59, 28> -> 2
  <59, 32> -> 1
  <59, 36> -> 2
  <59, 40> -> 2
  <59, 48> -> 4
  <59, 52> -> 1
  <59, 56> -> 1

==== wi=126 (a,b,c,d)=(7,-1,-6,1)  #Dc=72  #xc-solutions=25
xc list (first 8): [ 181, 193, 205, 217, 229, 541, 553, 565 ];  pairwise diffs 
in cD? [ true, true, true, true, true, true, true ]
supports: |rv|=25 |sv|=25  rv-only=0 sv-only=0
z  60Q(z) ord(z)  |r|  levD*argfrac(r)  B(z,t2)*levD...
z=181 60Q=51 ord=10 |r|=1.0000000 ph*60=30.000000 B2=[ 0, 0, 30, 30, 30, 30, 0, 
0 ]
z=193 60Q=51 ord=10 |r|=1.0000000 ph*60=18.000000 B2=[ 0, 0, 30, 30, 30, 30, 0, 
0 ]
z=205 60Q=27 ord=10 |r|=1.0000000 ph*60=6.0000000 B2=[ 0, 0, 30, 30, 30, 30, 0, 
0 ]
z=217 60Q=39 ord=10 |r|=1.0000000 ph*60=54.000000 B2=[ 0, 0, 30, 30, 30, 30, 0, 
0 ]
z=229 60Q=27 ord=10 |r|=1.0000000 ph*60=42.000000 B2=[ 0, 0, 30, 30, 30, 30, 0, 
0 ]
z=541 60Q=39 ord=10 |r|=1.0000000 ph*60=6.0000000 B2=[ 0, 0, 30, 30, 30, 30, 0, 
0 ]
z=553 60Q=3 ord=10 |r|=1.0000000 ph*60=54.000000 B2=[ 0, 0, 30, 30, 30, 30, 0, 0
]
z=565 60Q=3 ord=10 |r|=1.0000000 ph*60=42.000000 B2=[ 0, 0, 30, 30, 30, 30, 0, 0
]
z=577 60Q=39 ord=10 |r|=1.0000000 ph*60=30.000000 B2=[ 0, 0, 30, 30, 30, 30, 0, 
0 ]
z=589 60Q=51 ord=10 |r|=1.0000000 ph*60=18.000000 B2=[ 0, 0, 30, 30, 30, 30, 0, 
0 ]
z=901 60Q=15 ord=2 |r|=1.0000000 ph*60=42.000000 B2=[ 0, 0, 30, 30, 30, 30, 0, 0
]
z=913 60Q=3 ord=10 |r|=1.0000000 ph*60=30.000000 B2=[ 0, 0, 30, 30, 30, 30, 0, 0
]
z=925 60Q=27 ord=10 |r|=1.0000000 ph*60=18.000000 B2=[ 0, 0, 30, 30, 30, 30, 0, 
0 ]
z=937 60Q=27 ord=10 |r|=1.0000000 ph*60=6.0000000 B2=[ 0, 0, 30, 30, 30, 30, 0, 
0 ]
z=949 60Q=3 ord=10 |r|=1.0000000 ph*60=54.000000 B2=[ 0, 0, 30, 30, 30, 30, 0, 0
]
z=1261 60Q=39 ord=10 |r|=1.0000000 ph*60=18.000000 B2=[ 0, 0, 30, 30, 30, 30, 0,
0 ]
z=1273 60Q=51 ord=10 |r|=1.0000000 ph*60=6.0000000 B2=[ 0, 0, 30, 30, 30, 30, 0,
0 ]
z=1285 60Q=39 ord=10 |r|=1.0000000 ph*60=54.000000 B2=[ 0, 0, 30, 30, 30, 30, 0,
0 ]
z=1297 60Q=3 ord=10 |r|=1.0000000 ph*60=42.000000 B2=[ 0, 0, 30, 30, 30, 30, 0, 
0 ]
z=1309 60Q=3 ord=10 |r|=1.0000000 ph*60=30.000000 B2=[ 0, 0, 30, 30, 30, 30, 0, 
0 ]
z=1621 60Q=51 ord=10 |r|=1.0000000 ph*60=54.000000 B2=[ 0, 0, 30, 30, 30, 30, 0,
0 ]
z=1633 60Q=27 ord=10 |r|=1.0000000 ph*60=42.000000 B2=[ 0, 0, 30, 30, 30, 30, 0,
0 ]
z=1645 60Q=39 ord=10 |r|=1.0000000 ph*60=30.000000 B2=[ 0, 0, 30, 30, 30, 30, 0,
0 ]
z=1657 60Q=27 ord=10 |r|=1.0000000 ph*60=18.000000 B2=[ 0, 0, 30, 30, 30, 30, 0,
0 ]
ratio census <60Q(z) mod 60, 60*argfrac(r)> -> count:
  <3, 30> -> 2
  <3, 42> -> 2
  <3, 54> -> 2
  <15, 42> -> 1
  <27, 6> -> 2
  <27, 18> -> 2
  <27, 42> -> 2
  <39, 6> -> 1
  <39, 18> -> 1
  <39, 30> -> 2
  <39, 54> -> 2
  <51, 6> -> 2
  <51, 18> -> 2
  <51, 30> -> 1
  <51, 54> -> 1

==== wi=131 (a,b,c,d)=(11,-1,-10,1)  #Dc=200  #xc-solutions=9
xc list (first 8): [ 301, 321, 341, 901, 921, 941, 1501, 1521 ];  pairwise diffs
in cD? [ true, true, true, true, true, true, true ]
supports: |rv|=9 |sv|=9  rv-only=0 sv-only=0
z  60Q(z) ord(z)  |r|  levD*argfrac(r)  B(z,t2)*levD...
z=301 60Q=35 ord=6 |r|=1.0000000 ph*60=30.000000 B2=[ 0, 0, 30, 30, 30, 30, 0, 0
]
z=321 60Q=35 ord=6 |r|=1.0000000 ph*60=10.000000 B2=[ 0, 0, 30, 30, 30, 30, 0, 0
]
z=341 60Q=55 ord=6 |r|=1.0000000 ph*60=50.000000 B2=[ 0, 0, 30, 30, 30, 30, 0, 0
]
z=901 60Q=15 ord=2 |r|=1.0000000 ph*60=10.000000 B2=[ 0, 0, 30, 30, 30, 30, 0, 0
]
z=921 60Q=55 ord=6 |r|=1.0000000 ph*60=50.000000 B2=[ 0, 0, 30, 30, 30, 30, 0, 0
]
z=941 60Q=55 ord=6 |r|=1.0000000 ph*60=30.000000 B2=[ 0, 0, 30, 30, 30, 30, 0, 0
]
z=1501 60Q=35 ord=6 |r|=1.0000000 ph*60=50.000000 B2=[ 0, 0, 30, 30, 30, 30, 0, 
0 ]
z=1521 60Q=55 ord=6 |r|=1.0000000 ph*60=30.000000 B2=[ 0, 0, 30, 30, 30, 30, 0, 
0 ]
z=1541 60Q=35 ord=6 |r|=1.0000000 ph*60=10.000000 B2=[ 0, 0, 30, 30, 30, 30, 0, 
0 ]
ratio census <60Q(z) mod 60, 60*argfrac(r)> -> count:
  <15, 10> -> 1
  <35, 10> -> 2
  <35, 30> -> 1
  <35, 50> -> 1
  <55, 30> -> 2
  <55, 50> -> 2

==== wi=3 (a,b,c,d)=(1,1,-1,0)  #Dc=1  #xc-solutions=1800
xc list (first 8): [ 1, 2, 3, 4, 5, 6, 7, 8 ];  pairwise diffs in cD? [ true, 
true, true, true, true, true, true ]
supports: |rv|=1800 |sv|=1800  rv-only=0 sv-only=0
z  60Q(z) ord(z)  |r|  levD*argfrac(r)  B(z,t2)*levD...
z=1 60Q=0 ord=1 |r|=1.0000000 ph*60=1.7365674E-78 B2=[ 0, 0, 0, 0, 0, 0, 0, 0 ]
z=2 60Q=0 ord=2 |r|=1.0000000 ph*60=1.7365674E-78 B2=[ 0, 0, 30, 30, 0, 0, 30, 
30 ]
z=3 60Q=13 ord=30 |r|=1.0000000 ph*60=2.0261540E-78 B2=[ 0, 30, 30, 0, 30, 0, 0,
30 ]
z=4 60Q=43 ord=30 |r|=1.0000000 ph*60=1.4934850E-78 B2=[ 0, 30, 0, 30, 30, 0, 
30, 0 ]
z=5 60Q=52 ord=15 |r|=1.0000000 ph*60=2.4768476E-78 B2=[ 0, 0, 0, 0, 0, 0, 0, 0 
]
z=6 60Q=52 ord=30 |r|=1.0000000 ph*60=2.4768476E-78 B2=[ 0, 0, 30, 30, 0, 0, 30,
30 ]
z=7 60Q=57 ord=10 |r|=1.0000000 ph*60=1.5090955E-78 B2=[ 0, 30, 30, 0, 30, 0, 0,
30 ]
z=8 60Q=27 ord=10 |r|=1.0000000 ph*60=1.8438954E-78 B2=[ 0, 30, 0, 30, 30, 0, 
30, 0 ]
z=9 60Q=28 ord=15 |r|=1.0000000 ph*60=1.8650684E-78 B2=[ 0, 0, 0, 0, 0, 0, 0, 0 
]
z=10 60Q=28 ord=30 |r|=1.0000000 ph*60=1.8650684E-78 B2=[ 0, 0, 30, 30, 0, 0, 
30, 30 ]
z=11 60Q=25 ord=6 |r|=1.0000000 ph*60=2.1644648E-78 B2=[ 0, 30, 30, 0, 30, 0, 0,
30 ]
z=12 60Q=55 ord=6 |r|=1.0000000 ph*60=1.3595844E-78 B2=[ 0, 30, 0, 30, 30, 0, 
30, 0 ]
z=13 60Q=48 ord=5 |r|=1.0000000 ph*60=2.0246501E-78 B2=[ 0, 0, 0, 0, 0, 0, 0, 0 
]
z=14 60Q=48 ord=10 |r|=1.0000000 ph*60=2.0246501E-78 B2=[ 0, 0, 30, 30, 0, 0, 
30, 30 ]
z=15 60Q=37 ord=30 |r|=1.0000000 ph*60=2.1969414E-78 B2=[ 0, 30, 30, 0, 30, 0, 
0, 30 ]
z=16 60Q=7 ord=30 |r|=1.0000000 ph*60=1.7848227E-78 B2=[ 0, 30, 0, 30, 30, 0, 
30, 0 ]
z=17 60Q=52 ord=15 |r|=1.0000000 ph*60=2.4768476E-78 B2=[ 0, 0, 0, 0, 0, 0, 0, 0
]
z=18 60Q=52 ord=30 |r|=1.0000000 ph*60=2.4768476E-78 B2=[ 0, 0, 30, 30, 0, 0, 
30, 30 ]
z=19 60Q=33 ord=10 |r|=1.0000000 ph*60=1.7849895E-78 B2=[ 0, 30, 30, 0, 30, 0, 
0, 30 ]
z=20 60Q=3 ord=10 |r|=1.0000000 ph*60=1.5462352E-78 B2=[ 0, 30, 0, 30, 30, 0, 
30, 0 ]
z=21 60Q=40 ord=3 |r|=1.0000000 ph*60=1.8771303E-78 B2=[ 0, 0, 0, 0, 0, 0, 0, 0 
]
z=22 60Q=40 ord=6 |r|=1.0000000 ph*60=1.8771303E-78 B2=[ 0, 0, 30, 30, 0, 0, 30,
30 ]
z=23 60Q=13 ord=30 |r|=1.0000000 ph*60=2.0261540E-78 B2=[ 0, 30, 30, 0, 30, 0, 
0, 30 ]
z=24 60Q=43 ord=30 |r|=1.0000000 ph*60=1.4934850E-78 B2=[ 0, 30, 0, 30, 30, 0, 
30, 0 ]
ratio census <60Q(z) mod 60, 60*argfrac(r)> -> count:
  <0, 0> -> 3
  <1, 0> -> 24
  <2, 0> -> 24
  <3, 0> -> 18
  <4, 0> -> 72
  <5, 0> -> 4
  <6, 0> -> 6
  <7, 0> -> 72
  <8, 0> -> 72
  <9, 0> -> 6
  <10, 0> -> 4
  <11, 0> -> 72
  <12, 0> -> 18
  <13, 0> -> 24
  <14, 0> -> 24
  <15, 0> -> 3
  <16, 0> -> 72
  <17, 0> -> 24
  <18, 0> -> 6
  <19, 0> -> 72
  <20, 0> -> 12
  <21, 0> -> 6
  <22, 0> -> 24
  <23, 0> -> 72
  <24, 0> -> 18
  <25, 0> -> 4
  <26, 0> -> 24
  <27, 0> -> 18
  <28, 0> -> 72
  <29, 0> -> 24
  <30, 0> -> 1
  <31, 0> -> 72
  <32, 0> -> 72
  <33, 0> -> 6
  <34, 0> -> 24
  <35, 0> -> 12
  <36, 0> -> 18
  <37, 0> -> 24
  <38, 0> -> 24
  <39, 0> -> 18
  <40, 0> -> 12
  <41, 0> -> 24
  <42, 0> -> 6
  <43, 0> -> 72
  <44, 0> -> 72
  <45, 0> -> 1
  <46, 0> -> 24
  <47, 0> -> 72
  <48, 0> -> 18
  <49, 0> -> 24
  <50, 0> -> 4
  <51, 0> -> 18
  <52, 0> -> 72
  <53, 0> -> 24
  <54, 0> -> 6
  <55, 0> -> 12
  <56, 0> -> 72
  <57, 0> -> 6
  <58, 0> -> 24
  <59, 0> -> 72
