BASE 15 2  M = 60  |D| = 1800
wi=62 (a,c,d)=(1,-2,1) ks=1  FIT w0=1 coords=[ 0, 0, 0 ] arg8(u0)=2.2163939E-79 
u0^8dev=4.4088586E-78 [3 wit]
wi=63 (a,c,d)=(3,-2,1) ks=1  FIT w0=841 coords=[ 0, 0, 14 ] arg8(u0)=3.2000000 
u0^8dev=1.1755705 [3 wit]
wi=64 (a,c,d)=(5,-2,1) ks=1  FIT w0=781 coords=[ 0, 0, 13 ] arg8(u0)=2.9333333 
u0^8dev=0.41582338 [3 wit]
wi=65 (a,c,d)=(7,-2,1) ks=1  FIT w0=721 coords=[ 0, 0, 12 ] arg8(u0)=3.2000000 
u0^8dev=1.1755705 [3 wit]
wi=66 (a,c,d)=(9,-2,1) ks=1  FIT w0=661 coords=[ 0, 0, 11 ] arg8(u0)=0.80000000 
u0^8dev=1.1755705 [3 wit]
wi=67 (a,c,d)=(11,-2,1) ks=1  FIT w0=601 coords=[ 0, 0, 10 ] arg8(u0)=2.1333333 
u0^8dev=0.81347328 [3 wit]
wi=68 (a,c,d)=(13,-2,1) ks=1  FIT w0=541 coords=[ 0, 0, 9 ] arg8(u0)=0.80000000 
u0^8dev=1.1755705 [3 wit]
wi=69 (a,c,d)=(15,-2,1) ks=1  FIT w0=481 coords=[ 0, 0, 8 ] arg8(u0)=1.0666667 
u0^8dev=0.41582338 [3 wit]
wi=70 (a,c,d)=(17,-2,1) ks=1  FIT w0=421 coords=[ 0, 0, 7 ] arg8(u0)=2.9333333 
u0^8dev=0.41582338 [3 wit]
wi=71 (a,c,d)=(19,-2,1) ks=1  FIT w0=361 coords=[ 0, 0, 6 ] arg8(u0)=2.1333333 
u0^8dev=0.81347328 [3 wit]
wi=72 (a,c,d)=(21,-2,1) ks=1  FIT w0=301 coords=[ 0, 0, 5 ] arg8(u0)=1.8666667 
u0^8dev=0.81347328 [3 wit]
wi=73 (a,c,d)=(23,-2,1) ks=1  FIT w0=241 coords=[ 0, 0, 4 ] arg8(u0)=2.1333333 
u0^8dev=0.81347328 [3 wit]
wi=74 (a,c,d)=(25,-2,1) ks=1  FIT w0=181 coords=[ 0, 0, 3 ] arg8(u0)=-0.26666667
u0^8dev=1.4862897 [3 wit]
wi=75 (a,c,d)=(27,-2,1) ks=1  FIT w0=121 coords=[ 0, 0, 2 ] arg8(u0)=1.0666667 
u0^8dev=0.41582338 [3 wit]
wi=76 (a,c,d)=(29,-2,1) ks=1  FIT w0=61 coords=[ 0, 0, 1 ] arg8(u0)=-0.26666667 
u0^8dev=1.4862897 [3 wit]
wi=97 (a,c,d)=(1,-4,1) ks=-1  FIT w0=1 coords=[ 0, 0, 0 ] arg8(u0)=-4.0000000 
u0^8dev=8.1064044E-78 [3 wit]
wi=98 (a,c,d)=(3,-4,-1) ks=1  FIT w0=1 coords=[ 0, 0, 0 ] 
arg8(u0)=-1.6583693E-79 u0^8dev=5.3648277E-78 [3 wit]
wi=99 (a,c,d)=(5,-4,1) ks=-1  FIT w0=1 coords=[ 0, 0, 0 ] arg8(u0)=-4.0000000 
u0^8dev=8.1136779E-78 [3 wit]
wi=100 (a,c,d)=(7,-4,-1) ks=1  FIT w0=1 coords=[ 0, 0, 0 ] 
arg8(u0)=-1.9620913E-79 u0^8dev=5.5366041E-78 [3 wit]
wi=101 (a,c,d)=(9,-4,1) ks=-1  FIT w0=1 coords=[ 0, 0, 0 ] arg8(u0)=-4.0000000 
u0^8dev=8.0826204E-78 [3 wit]
wi=102 (a,c,d)=(11,-4,-1) ks=1  FIT w0=1 coords=[ 0, 0, 0 ] 
arg8(u0)=-1.8102303E-79 u0^8dev=5.3841737E-78 [3 wit]
wi=103 (a,c,d)=(13,-4,1) ks=-1  FIT w0=1 coords=[ 0, 0, 0 ] arg8(u0)=-4.0000000 
u0^8dev=8.1303989E-78 [3 wit]
wi=104 (a,c,d)=(15,-4,-1) ks=1  FIT w0=1 coords=[ 0, 0, 0 ] 
arg8(u0)=-1.8861608E-79 u0^8dev=5.3944537E-78 [3 wit]
wi=105 (a,c,d)=(17,-4,1) ks=-1  FIT w0=1 coords=[ 0, 0, 0 ] arg8(u0)=-4.0000000 
u0^8dev=8.0635425E-78 [3 wit]
wi=106 (a,c,d)=(19,-4,-1) ks=1  FIT w0=1 coords=[ 0, 0, 0 ] 
arg8(u0)=-1.9620913E-79 u0^8dev=5.4051352E-78 [3 wit]
wi=107 (a,c,d)=(21,-4,1) ks=-1  FIT w0=1 coords=[ 0, 0, 0 ] arg8(u0)=-4.0000000 
u0^8dev=8.0826204E-78 [3 wit]
wi=108 (a,c,d)=(23,-4,-1) ks=1  FIT w0=1 coords=[ 0, 0, 0 ] 
arg8(u0)=-1.8102303E-79 u0^8dev=5.3841737E-78 [3 wit]
wi=109 (a,c,d)=(25,-4,1) ks=-1  FIT w0=1 coords=[ 0, 0, 0 ] arg8(u0)=-4.0000000 
u0^8dev=8.2950682E-78 [3 wit]
wi=110 (a,c,d)=(27,-4,-1) ks=1  FIT w0=1 coords=[ 0, 0, 0 ] 
arg8(u0)=-1.9620913E-79 u0^8dev=5.6682361E-78 [3 wit]
wi=111 (a,c,d)=(29,-4,1) ks=-1  FIT w0=1 coords=[ 0, 0, 0 ] arg8(u0)=-4.0000000 
u0^8dev=8.1790115E-78 [3 wit]
wi=124 (a,c,d)=(1,-6,1) ks=-1  FIT w0=1 coords=[ 0, 0, 0 ] arg8(u0)=-4.0000000 
u0^8dev=4.0405470E-78 [3 wit]
wi=125 (a,c,d)=(5,-6,-1) ks=1  FIT w0=181 coords=[ 0, 0, 3 ] arg8(u0)=-2.4000000
u0^8dev=1.9021130 [3 wit]
wi=126 (a,c,d)=(7,-6,1) ks=-1  FIT w0=121 coords=[ 0, 0, 2 ] arg8(u0)=-2.4000000
u0^8dev=1.9021130 [3 wit]
wi=127 (a,c,d)=(13,-6,1) ks=-1  FIT w0=241 coords=[ 0, 0, 4 ] arg8(u0)=2.4000000
u0^8dev=1.9021130 [3 wit]
wi=128 (a,c,d)=(19,-6,1) ks=-1  FIT w0=61 coords=[ 0, 0, 1 ] 
arg8(u0)=2.7452634E-79 u0^8dev=3.3174354E-78 [3 wit]
wi=129 (a,c,d)=(1,-10,1) ks=-1  FIT w0=1 coords=[ 0, 0, 0 ] arg8(u0)=-4.0000000 
u0^8dev=2.8571379E-78 [3 wit]
wi=130 (a,c,d)=(3,-10,-3) ks=-1  FIT w0=121 coords=[ 0, 0, 2 ] 
arg8(u0)=-4.0000000 u0^8dev=2.4312748E-78 [3 wit]
wi=131 (a,c,d)=(11,-10,1) ks=-1  FIT w0=61 coords=[ 0, 0, 1 ] 
arg8(u0)=-2.6666667 u0^8dev=1.7320508 [3 wit]
wi=132 (a,c,d)=(1,-12,1) ks=-1  FIT w0=1 coords=[ 0, 0, 0 ] arg8(u0)=-4.0000000 
u0^8dev=1.0383697E-78 [3 wit]
wi=133 (a,c,d)=(5,-12,5) ks=-1  FIT w0=1 coords=[ 0, 0, 0 ] arg8(u0)=-4.0000000 
u0^8dev=3.7905120E-78 [3 wit]
wi=134 (a,c,d)=(7,-12,-5) ks=-1  FIT w0=1 coords=[ 0, 0, 0 ] arg8(u0)=-4.0000000
u0^8dev=2.6202819E-78 [3 wit]
wi=135 (a,c,d)=(13,-12,1) ks=-1  FIT w0=1 coords=[ 0, 0, 0 ] arg8(u0)=4.0000000 
u0^8dev=9.0457873E-79 [3 wit]
wi=136 (a,c,d)=(19,-12,-5) ks=-1  FIT w0=1 coords=[ 0, 0, 0 ] 
arg8(u0)=-4.0000000 u0^8dev=2.3484739E-78 [3 wit]
wi=141 (a,c,d)=(1,-20,1) ks=-1  FIT w0=1 coords=[ 0, 0, 0 ] arg8(u0)=-4.0000000 
u0^8dev=2.9065739E-78 [3 wit]
wi=142 (a,c,d)=(3,-20,7) ks=-1  FIT w0=1 coords=[ 0, 0, 0 ] arg8(u0)=4.0000000 
u0^8dev=2.5640849E-78 [3 wit]
wi=143 (a,c,d)=(11,-20,-9) ks=-1  FIT w0=1 coords=[ 0, 0, 0 ] 
arg8(u0)=-4.0000000 u0^8dev=3.5565052E-78 [3 wit]
wi=144 (a,c,d)=(1,-30,1) ks=-1  FIT w0=1 coords=[ 0, 0, 0 ] arg8(u0)=4.0000000 
u0^8dev=3.1867057E-78 [3 wit]
