\BOOKMARK [1][-]{section.1}{\376\377\0001\000.\000\040\000I\000n\000t\000r\000o\000d\000u\000c\000t\000i\000o\000n}{}% 1
\BOOKMARK [2][-]{section*.1}{\376\377\000W\000h\000a\000t\000\040\000t\000h\000i\000s\000\040\000n\000o\000t\000e\000\040\000c\000o\000n\000t\000a\000i\000n\000s}{section.1}% 2
\BOOKMARK [1][-]{section.2}{\376\377\0002\000.\000\040\000T\000h\000e\000\040\000c\000h\000a\000i\000n\000,\000\040\000a\000n\000d\000\040\000t\000h\000e\000\040\000s\000c\000o\000p\000e\000\040\000o\000f\000\040\000i\000t\000s\000\040\000c\000e\000n\000t\000r\000a\000l\000\040\000s\000t\000e\000p}{}% 3
\BOOKMARK [1][-]{section.3}{\376\377\0003\000.\000\040\000T\000h\000e\000\040\000l\000o\000c\000a\000l\000\040\000W\000h\000i\000t\000t\000a\000k\000e\000r\000\040\000f\000a\000c\000t\000o\000r\000\040\000a\000t\000\040\000a\000\040\000s\000p\000l\000i\000t\000\040\000l\000e\000v\000e\000l\000\040\000p\000r\000i\000m\000e}{}% 4
\BOOKMARK [1][-]{section.4}{\376\377\0004\000.\000\040\000R\000e\000-\000r\000u\000n\000n\000i\000n\000g\000\040\000t\000h\000e\000\040\000c\000a\000s\000e\000\040\000a\000n\000a\000l\000y\000s\000i\000s}{}% 5
\BOOKMARK [1][-]{section.5}{\376\377\0005\000.\000\040\000T\000h\000e\000\040\000c\000o\000r\000r\000e\000c\000t\000i\000o\000n\000\040\000t\000h\000e\000\040\000C\000M\000\040\000v\000a\000l\000u\000e\000s\000\040\000r\000e\000q\000u\000i\000r\000e}{}% 6
\BOOKMARK [2][-]{section*.2}{\376\377\000G\000r\000o\000u\000n\000d\000\040\000t\000r\000u\000t\000h\000\040\000w\000i\000t\000h\000o\000u\000t\000\040\000a\000n\000\040\000E\000i\000s\000e\000n\000s\000t\000e\000i\000n\000\040\000c\000o\000m\000p\000u\000t\000a\000t\000i\000o\000n}{section.5}% 7
\BOOKMARK [1][-]{section.6}{\376\377\0006\000.\000\040\000E\000x\000p\000l\000a\000n\000a\000t\000i\000o\000n\000s\000\040\000e\000l\000i\000m\000i\000n\000a\000t\000e\000d}{}% 8
\BOOKMARK [1][-]{section.7}{\376\377\0007\000.\000\040\000T\000h\000e\000\040\000c\000o\000r\000r\000e\000c\000t\000i\000o\000n\000\040\000i\000d\000e\000n\000t\000i\000f\000i\000e\000d}{}% 9
\BOOKMARK [1][-]{section.8}{\376\377\0008\000.\000\040\000T\000h\000e\000\040\000c\000o\000n\000s\000t\000a\000n\000t\000\040\000t\000e\000r\000m\000\040\000e\000v\000a\000l\000u\000a\000t\000e\000d\000\040\000e\000x\000a\000c\000t\000l\000y\000,\000\040\000a\000n\000d\000\040\000t\000h\000e\000\040\000t\000w\000o\000\040\000c\000h\000a\000n\000n\000e\000l\000s\000\040\000o\000f\000\040\000t\000h\000e\000\040\000c\000o\000r\000r\000e\000c\000t\000i\000o\000n}{}% 10
\BOOKMARK [2][-]{section*.3}{\376\377\000T\000h\000e\000\040\000s\000e\000c\000o\000n\000d\000\040\000c\000h\000a\000n\000n\000e\000l}{section.8}% 11
\BOOKMARK [2][-]{section*.4}{\376\377\000T\000h\000e\000\040\000l\000e\000v\000e\000l\000\040\000c\000h\000a\000n\000n\000e\000l}{section.8}% 12
\BOOKMARK [2][-]{section*.5}{\376\377\000T\000h\000e\000\040\000c\000u\000s\000p\000-\000c\000l\000a\000s\000s\000\040\000a\000s\000s\000e\000m\000b\000l\000y}{section.8}% 13
\BOOKMARK [1][-]{section.9}{\376\377\0009\000.\000\040\000T\000h\000e\000\040\000E\000i\000s\000e\000n\000s\000t\000e\000i\000n\000\040\000p\000a\000r\000t\000\040\000a\000s\000\040\000t\000e\000r\000n\000a\000r\000y\000\040\000t\000h\000e\000t\000a\000\040\000a\000r\000i\000t\000h\000m\000e\000t\000i\000c\000:\000\040\000t\000h\000e\000\040\000s\000-\000l\000a\000w\000\040\000a\000n\000d\000\040\000i\000t\000s\000\040\000S\000i\000e\000g\000e\000l\040\023\000W\000e\000i\000l\000\040\000o\000r\000i\000g\000i\000n}{}% 14
\BOOKMARK [2][-]{section*.6}{\376\377\000E\000v\000e\000r\000y\000\040\000l\000e\000v\000e\000l\000\040\000a\000t\000\040\000o\000n\000c\000e}{section.9}% 15
\BOOKMARK [2][-]{section*.7}{\376\377\000T\000h\000e\000\040\000m\000u\000l\000t\000i\000p\000l\000i\000c\000i\000t\000y\000\040\000a\000s\000\040\000a\000\040\000r\000e\000s\000i\000d\000u\000e\000\040\000p\000a\000i\000r\000i\000n\000g}{section.9}% 16
\BOOKMARK [2][-]{section*.9}{\376\377\000T\000h\000e\000\040\000c\000o\000e\000f\000f\000i\000c\000i\000e\000n\000t\000s\000\040\000i\000n\000\040\000c\000l\000o\000s\000e\000d\000\040\000f\000o\000r\000m}{section.9}% 17
\BOOKMARK [1][-]{section.10}{\376\377\0001\0000\000.\000\040\000T\000h\000e\000\040\000o\000p\000e\000n\000\040\000q\000u\000e\000s\000t\000i\000o\000n}{}% 18
\BOOKMARK [1][-]{appendix.A}{\376\377\000A\000p\000p\000e\000n\000d\000i\000x\000\040\000A\000.\000\040\000R\000e\000p\000r\000o\000d\000u\000c\000i\000b\000i\000l\000i\000t\000y}{}% 19
\BOOKMARK [1][-]{section*.10}{\376\377\000R\000e\000f\000e\000r\000e\000n\000c\000e\000s}{}% 20
